mads 2.1.0 build 8 (23 Dec 19)
Source: antic_dmapattern.s
     1 				; Altirra Acid800 test suite
     2 				; Copyright (C) 2010 Avery Lee, All Rights Reserved.
     3 				;
     4 				; Permission is hereby granted, free of charge, to any person obtaining a copy
     5 				; of this software and associated documentation files (the "Software"), to deal
     6 				; in the Software without restriction, including without limitation the rights
     7 				; to use, copy, modify, merge, publish, distribute, sublicense, and/or sell
     8 				; copies of the Software, and to permit persons to whom the Software is
     9 				; furnished to do so, subject to the following conditions:
    10 				;
    11 				; The above copyright notice and this permission notice shall be included in
    12 				; all copies or substantial portions of the Software.
    13 				;
    14 				; THE SOFTWARE IS PROVIDED "AS IS", WITHOUT WARRANTY OF ANY KIND, EXPRESS OR
    15 				; IMPLIED, INCLUDING BUT NOT LIMITED TO THE WARRANTIES OF MERCHANTABILITY,
    16 				; FITNESS FOR A PARTICULAR PURPOSE AND NONINFRINGEMENT. IN NO EVENT SHALL THE
    17 				; AUTHORS OR COPYRIGHT HOLDERS BE LIABLE FOR ANY CLAIM, DAMAGES OR OTHER
    18 				; LIABILITY, WHETHER IN AN ACTION OF CONTRACT, TORT OR OTHERWISE, ARISING FROM,
    19 				; OUT OF OR IN CONNECTION WITH THE SOFTWARE OR THE USE OR OTHER DEALINGS IN THE
    20 				; SOFTWARE. 
    21
    22 FFFF0001					_SAP_HEADER "ANTIC: DMA pattern"
Macro: _SAP_HEADER [Source: library.s]
Source: antic_dmapattern.s
    23
    24 						opt		h+o+
    25
    26 						icl		'library.s'
Source: library.s
     1 				; Altirra Acid800 test suite
     2 				; Copyright (C) 2010 Avery Lee, All Rights Reserved.
     3 				;
     4 				; Permission is hereby granted, free of charge, to any person obtaining a copy
     5 				; of this software and associated documentation files (the "Software"), to deal
     6 				; in the Software without restriction, including without limitation the rights
     7 				; to use, copy, modify, merge, publish, distribute, sublicense, and/or sell
     8 				; copies of the Software, and to permit persons to whom the Software is
     9 				; furnished to do so, subject to the following conditions:
    10 				;
    11 				; The above copyright notice and this permission notice shall be included in
    12 				; all copies or substantial portions of the Software.
    13 				;
    14 				; THE SOFTWARE IS PROVIDED "AS IS", WITHOUT WARRANTY OF ANY KIND, EXPRESS OR
    15 				; IMPLIED, INCLUDING BUT NOT LIMITED TO THE WARRANTIES OF MERCHANTABILITY,
    16 				; FITNESS FOR A PARTICULAR PURPOSE AND NONINFRINGEMENT. IN NO EVENT SHALL THE
    17 				; AUTHORS OR COPYRIGHT HOLDERS BE LIABLE FOR ANY CLAIM, DAMAGES OR OTHER
    18 				; LIABILITY, WHETHER IN AN ACTION OF CONTRACT, TORT OR OTHERWISE, ARISING FROM,
    19 				; OUT OF OR IN CONNECTION WITH THE SOFTWARE OR THE USE OR OTHER DEALINGS IN THE
    20 				; SOFTWARE. 
    21
    22 				;==========================================================================
    23 				; MEMORY MAP (800)
    24 				;
    25 				;	$0000-007F		OS zero page
    26 				;	$0080-00BF		Module zero page
    27 				;	$00C0-00DF		Library zero page
    28 				;	$00E0-00EF		80-column zero page
    29 				;	$0100-01FF		6502 stack
    30 				;	$0200-03FF		OS database
    31 				;	$0400-09FF		Boot loader / unused
    32 				;	$0A00-0AFF		Boot loader / Veronica support resident page
    33 				;	$0B00-0BFF		Boot loader / sector load buffer
    34 				;	$0C00-0FFF		Boot loader / 16K display
    35 				;	$1000-18FF		Resident test driver (full suite only)
    36 				;	$1900-19FF		Segment tables (full suite only)
    37 				;	$1A00-1FFF		Library code
    38 				;	$2000-3FFF		Module run area
    39 				;	$4000-5FFF		Segment load area / Extended memory window
    40 				;	$6000-7FFF		80-column screen A / Extended memory window
    41 				;	$9000-9BFF		80-column driver
    42 				;	$9C00-9FFF		Unused (display list if cart)
    43 				;	$A000-BFFF		80-column screen B
    44 				;
    45 				; MEMORY MAP (5200)
    46 				;
    47 				;	$0000-001F		OS zero page
    48 				;	$0020-003F		Display zero page
    49 				;	$0080-00BF		Module zero page
    50 				;	$00C0-00DF		Library zero page
    51 				;	$0100-01FF		6502 stack
    52 				;	$0200-021F		OS database
    53 				;	$0220-027F		Unused
    54 				;	$0280-02FF		Library database
    55 				;	$0300-07FF		Display memory
    56 				;	$0800-0FFF		Unused
    57 				;	$1000-1FFF		LZ decompression history window
    58 				;	$2000-3FFF		Module run area
    59 				;	$4000-BFFF		Cartridge library code and module store
    60 				;
    61 				; MEMORY MAP (SAP)
    62 				;
    63 				;	$0080-00BF		Module zero page
    64 				;	$00C0-00DF		Library zero page
    65 				;	$0280-02FF		Library database
    66 				;	$0300-07FF		Display memory
    67 				;	$2000-3FFF		Module run area
    68 				;	$4000-BFFF		Module store
    69
    70 				;==========================================================================
    71 				; CONFIGURATION
    72 				;
    73 						.ifndef SYS800
    74 						SEGS_IN_ROM = 1
    75 						.else
    76 = 0001					SEGS_MIN_MEM = 1
    77 						.endif
    78 						
    79 						.ifdef SYS5200
    80 						SEGS_LZPACK = 1
    81 						.endif
    82
    83 				;==========================================================================
    84 				; HARDWARE INCLUDES
    85 				;
    86 				.ifdef SYS5200
    87 				;GTIA
    88 				gtia = $c000
    89 				m0pf	equ	$c000
    90 				m1pf	equ	$c001
    91 				m2pf	equ	$c002
    92 				m3pf	equ	$c003
    93 				p0pf	equ	$c004
    94 				p1pf	equ	$c005
    95 				p2pf	equ	$c006
    96 				p3pf	equ	$c007
    97 				m0pl	equ	$c008
    98 				m1pl	equ	$c009
    99 				m2pl	equ	$c00a
   100 				m3pl	equ	$c00b
   101 				p0pl	equ	$c00c
   102 				p1pl	equ	$c00d
   103 				p2pl	equ	$c00e
   104 				p3pl	equ	$c00f
   105 				hposp0	equ	$c000
   106 				hposp1	equ	$c001
   107 				hposp2	equ	$c002
   108 				hposp3	equ	$c003
   109 				hposm0	equ	$c004
   110 				hposm1	equ	$c005
   111 				hposm2	equ	$c006
   112 				hposm3	equ	$c007
   113 				sizep0	equ	$c008
   114 				sizep1	equ	$c009
   115 				sizep2	equ	$c00a
   116 				sizep3	equ	$c00b
   117 				sizem	equ	$c00c
   118 				grafp0	equ	$c00d
   119 				grafp1	equ	$c00e
   120 				grafp2	equ	$c00f
   121 				grafp3	equ	$c010
   122 				trig0	equ	$c010
   123 				grafm	equ	$c011
   124 				colpm0	equ	$c012
   125 				colpm1	equ	$c013
   126 				colpm2	equ	$c014
   127 				pal		equ	$c014
   128 				colpm3	equ	$c015
   129 				colpf0	equ	$c016
   130 				colpf1	equ	$c017
   131 				colpf2	equ	$c018
   132 				colpf3	equ	$c019
   133 				colbk	equ	$c01a
   134 				prior	equ	$c01b
   135 				vdelay	equ	$c01c
   136 				gractl	equ	$c01d
   137 				hitclr	equ	$c01e
   138 				consol	equ	$c01f
   139
   140 				;POKEY
   141 				pokey = $e800
   142 				audf1	equ	$e800
   143 				audc1	equ	$e801
   144 				audf2	equ	$e802
   145 				audc2	equ	$e803
   146 				audf3	equ	$e804
   147 				audc3	equ	$e805
   148 				audf4	equ	$e806
   149 				audc4	equ	$e807
   150 				audctl	equ	$e808
   151 				stimer	equ	$e809
   152 				random	equ	$e80a
   153 				skres	equ	$e80a
   154 				serin	equ	$e80d
   155 				serout	equ	$e80d
   156 				irqen	equ	$e80e
   157 				irqst	equ	$e80e
   158 				skctl	equ	$e80f
   159 				skstat	equ	$e80f
   160 				.else
   161 				;GTIA
   162 = D000			gtia = $d000
   163 = D000			m0pf	equ	$d000
   164 = D001			m1pf	equ	$d001
   165 = D002			m2pf	equ	$d002
   166 = D003			m3pf	equ	$d003
   167 = D004			p0pf	equ	$d004
   168 = D005			p1pf	equ	$d005
   169 = D006			p2pf	equ	$d006
   170 = D007			p3pf	equ	$d007
   171 = D008			m0pl	equ	$d008
   172 = D009			m1pl	equ	$d009
   173 = D00A			m2pl	equ	$d00a
   174 = D00B			m3pl	equ	$d00b
   175 = D00C			p0pl	equ	$d00c
   176 = D00D			p1pl	equ	$d00d
   177 = D00E			p2pl	equ	$d00e
   178 = D00F			p3pl	equ	$d00f
   179 = D000			hposp0	equ	$d000
   180 = D001			hposp1	equ	$d001
   181 = D002			hposp2	equ	$d002
   182 = D003			hposp3	equ	$d003
   183 = D004			hposm0	equ	$d004
   184 = D005			hposm1	equ	$d005
   185 = D006			hposm2	equ	$d006
   186 = D007			hposm3	equ	$d007
   187 = D008			sizep0	equ	$d008
   188 = D009			sizep1	equ	$d009
   189 = D00A			sizep2	equ	$d00a
   190 = D00B			sizep3	equ	$d00b
   191 = D00C			sizem	equ	$d00c
   192 = D00D			grafp0	equ	$d00d
   193 = D00E			grafp1	equ	$d00e
   194 = D00F			grafp2	equ	$d00f
   195 = D010			grafp3	equ	$d010
   196 = D010			trig0	equ	$d010
   197 = D011			grafm	equ	$d011
   198 = D012			colpm0	equ	$d012
   199 = D013			colpm1	equ	$d013
   200 = D014			colpm2	equ	$d014
   201 = D014			pal		equ	$d014
   202 = D015			colpm3	equ	$d015
   203 = D016			colpf0	equ	$d016
   204 = D017			colpf1	equ	$d017
   205 = D018			colpf2	equ	$d018
   206 = D019			colpf3	equ	$d019
   207 = D01A			colbk	equ	$d01a
   208 = D01B			prior	equ	$d01b
   209 = D01C			vdelay	equ	$d01c
   210 = D01D			gractl	equ	$d01d
   211 = D01E			hitclr	equ	$d01e
   212 = D01F			consol	equ	$d01f
   213
   214 				;POKEY
   215 = D200			pokey = $d200
   216 = D200			audf1	equ	$d200
   217 = D201			audc1	equ	$d201
   218 = D202			audf2	equ	$d202
   219 = D203			audc2	equ	$d203
   220 = D204			audf3	equ	$d204
   221 = D205			audc3	equ	$d205
   222 = D206			audf4	equ	$d206
   223 = D207			audc4	equ	$d207
   224 = D208			audctl	equ	$d208
   225 = D209			stimer	equ	$d209
   226 = D209			kbcode	equ	$d209
   227 = D20A			random	equ	$d20a
   228 = D20A			skres	equ	$d20a
   229 = D20D			serin	equ	$d20d
   230 = D20D			serout	equ	$d20d
   231 = D20E			irqen	equ	$d20e
   232 = D20E			irqst	equ	$d20e
   233 = D20F			skctl	equ	$d20f
   234 = D20F			skstat	equ	$d20f
   235
   236 				;PIA
   237 = D300			porta	equ	$d300
   238 = D301			portb	equ	$d301
   239 = D302			pactl	equ	$d302
   240 = D303			pbctl	equ	$d303
   241 				.endif
   242
   243 				;ANTIC
   244 = D400			dmactl	equ	$d400
   245 = D401			chactl	equ	$d401
   246 = D402			dlistl	equ	$d402
   247 = D403			dlisth	equ	$d403
   248 = D404			hscrol	equ	$d404
   249 = D405			vscrol	equ	$d405
   250 = D407			pmbase	equ	$d407
   251 = D409			chbase	equ	$d409
   252 = D40A			wsync	equ	$d40a
   253 = D40B			vcount	equ	$d40b
   254 = D40E			nmien	equ	$d40e
   255 = D40F			nmires	equ	$d40f
   256 = D40F			nmist	equ	$d40f
   257
   258 				;==========================================================================
   259 				; OS INCLUDES (5200)
   260 				;
   261 				.ifdef SYS5200
   262 				pokmsk	equ		$00
   263 				rtclok	equ		$01
   264 				;		equ		$02
   265 				critic	equ		$03
   266 				atract	equ		$04
   267 				sdlstl	equ		$05
   268 				sdlsth	equ		$06
   269 				sdmctl	equ		$07
   270 				pcolr0	equ		$08
   271 				pcolr1	equ		$09
   272 				pcolr2	equ		$0a
   273 				pcolr3	equ		$0b
   274 				color0	equ		$0c
   275 				color1	equ		$0d
   276 				color2	equ		$0e
   277 				color3	equ		$0f
   278 				color4	equ		$10
   279
   280 				vimirq	equ		$0200		;IRQ immediate vector
   281 				vvblki	equ		$0202		;VBI immediate vector
   282 				vvblkd	equ		$0204		;VBI deferred vector
   283 				vdslst	equ		$0206		;display list vector
   284 				vkybdi	equ		$0208		;keyboard immediate vector
   285 				vkybdf	equ		$020a		;keyboard deferred vector
   286 				.endif
   287
   288 				;==========================================================================
   289 				; OS INCLUDES (800)
   290 				;
   291 				.ifndef SYS5200
   292 = 0010			pokmsk	equ	$10
   293 = 0012			rtclok	equ	$12
   294 = 0058			savmsc	equ	$58
   295 = 006A			ramtop	equ	$6a
   296
   297 = 0200			vdslst	equ	$0200
   298 = 0208			vkeybd	equ	$0208
   299 = 0216			vimirq	equ	$0216
   300 = 0218			cdtmv1	equ	$0218
   301 = 0222			vvblki	equ	$0222
   302 = 0224			vvblkd	equ	$0224
   303 = 0226			cdtma1	equ	$0226
   304 = 022F			sdmctl	equ	$022f
   305 = 0230			sdlstl	equ	$0230
   306 = 0231			sdlsth	equ	$0231
   307 = 0232			sskctl	equ	$0232
   308 = 02E0			runad	equ	$02e0
   309 = 02E2			initad	equ	$02e2
   310 = 02E5			memtop	equ	$02e5
   311 = 02F2			ch1		equ	$02f2
   312 = 02FC			ch		equ	$02fc
   313
   314 = 0300			ddevic	equ	$0300
   315 = 0301			dunit	equ	$0301
   316 = 0302			dcomnd	equ	$0302
   317 = 0303			dstats	equ	$0303
   318 = 0304			dbuflo	equ	$0304
   319 = 0305			dbufhi	equ	$0305
   320 = 0306			dtimlo	equ	$0306
   321 = 0308			dbytlo	equ	$0308
   322 = 0309			dbythi	equ	$0309
   323 = 030A			daux1	equ	$030a
   324 = 030B			daux2	equ	$030b
   325
   326 = 0340			ichid	equ	$0340
   327 = 0342			iccmd	equ	$0342
   328 = 0344			icbal	equ	$0344
   329 = 0345			icbah	equ	$0345
   330 = 0346			icptl	equ	$0346
   331 = 0347			icpth	equ	$0347
   332 = 0348			icbll	equ	$0348
   333 = 0349			icblh	equ	$0349
   334 = 034A			icax1	equ	$034a
   335 = 034B			icax2	equ	$034b
   336
   337 = 03F8			basicf	equ	$03f8
   338
   339 = E453			dskinv	equ	$e453
   340 = E456			ciov	equ	$e456
   341 = E459			siov	equ	$e459
   342 = E462			xitvbv	equ	$e462
   343 				.endif
   344
   345 				;==========================================================================
   346 				; LIBRARY ZP
   347 				;
   348 = 00C0			a0		equ	$c0
   349 = 00C2			a1		equ	$c2
   350 = 00C4			a2		equ	$c4
   351 = 00C6			a3		equ	$c6
   352 = 00C8			d0		equ	$c8
   353 = 00C9			d1		equ	$c9
   354 = 00CA			d2		equ	$ca
   355 = 00CB			d3		equ	$cb
   356 = 00CC			d4		equ	$cc
   357 = 00CD			d5		equ	$cd
   358 = 00CE			d6		equ	$ce
   359 = 00CF			d7		equ	$cf
   360
   361 				;==========================================================================
   362 				; LIBRARY VARS
   363 				;
   364 						opt o-
   365
   366 				.ifdef SYS5200
   367 						opt f-
   368 				.else
   369 				.ifdef STANDALONE
   370 						opt o+
   371 				.endif
   372 				.ifdef GENLIBRARY
   373 						opt o+
   374 				.endif
   375 				.endif
   376
   377 						.ifdef SYSSAP
   378 						org	$0280
   379 						.endif
   380 						
   381 						.ifdef SYS5200
   382 						org	$0280
   383 						.endif
   384 						
   385 						.ifdef SYS800
   386 						org	$1a20
   387 						.endif		
   388 FFFF> 1A20-1F30> 00	_intsOff	dta		0
   389 1A21 00			_scrnOff	dta		0
   390 1A22 00 00		_prevIRQ	dta		a(0)
   391 1A24 00 00		_prevVBI	dta		a(0)
   392 1A26 00 00		_exitTest	dta		a(0)
   393 1A28 FF			_exitTestS	dta		$ff
   394 1A29 00 00		_vputchar	dta		a(0)
   395
   396 						.ifdef SYS800
   397 1A2B 00 00		_vputunhook	dta		a(0)
   398 						.endif
   399
   400 = 0000				CPUMODE_6502 = 0
   401 = 0001				CPUMODE_65C02 = 1
   402 = 0080				CPUMODE_65C816_16 = 0x80
   403 = 0081				CPUMODE_65C816_24 = 0x81
   404 1A2D 00			_cpuMode	dta		0
   405
   406 1A2E 00			_veronica	dta		0
   407
   408 						.ifdef SYS5200
   409 				sskctl		dta		0
   410 				ch			dta		0
   411 				keydel		dta		0
   412
   413 							org		$02e0
   414 				runad		dta		a(0)
   415 				initad		dta		a(0)
   416 						.endif
   417
   418 						.ifdef SEGS_IN_ROM
   419 				_lastMod	dta		0
   420 						.endif
   421 						.ifdef SEGS_MIN_MEM
   422 1A2F 00			_lastMod	dta		0
   423 						.endif
   424
   425 						.ifdef SYS5200
   426 						.ifdef STANDALONE
   427 						opt o+f+
   428 						.endif
   429 						.ifdef GENLIBRARY
   430 						opt o+f+
   431 						.endif
   432
   433 						.ifdef LIBBASE
   434 						org	LIBBASE
   435 						.else
   436 						org	$4000
   437 						.endif
   438 						.endif
   439 						
   440 						.ifdef SYSSAP
   441 						org		$4000
   442 						.endif
   443
   444 				;==========================================================================
   445 				; MACROS
   446 				;
   447 				.macro _INITTEST
   448 					jsr		_imTestInit
   449 					dta		:1,0
   450 				.endm
   451
   452 				.macro _ASSERT1
   453 					lda	:1
   454 					cmp	#:2
   455 					beq	pass
   456 					
   457 					sta	d1
   458 					jsr	_testFailed
   459 					dta	:3,0
   460 				pass:
   461 				.endm
   462
   463 				.macro _ASSERT1_DUAL
   464 					lda	:1
   465 					cmp	#:2
   466 					beq	pass
   467 					cmp	#:3
   468 					beq	pass
   469 					
   470 					sta	d1
   471 					jsr	_testFailed
   472 					dta	:4,0
   473 				pass:
   474 				.endm
   475
   476 				.macro _ASSERTA
   477 					cmp	#:1
   478 					beq	pass
   479 					
   480 					sta	d1
   481 					jsr	_testFailed
   482 					dta	:2,0
   483 				pass:
   484 				.endm
   485
   486 				.macro _ASSERTX
   487 					cpx	#:1
   488 					beq	pass
   489 					
   490 					stx	d1
   491 					jsr	_testFailed
   492 					dta	:2,0
   493 				pass:
   494 				.endm
   495
   496 				.macro _ASSERTY
   497 					cpy	#:1
   498 					beq	pass
   499 					
   500 					sty	d1
   501 					jsr	_testFailed
   502 					dta	:2,0
   503 				pass:
   504 				.endm
   505
   506 				.macro _FAIL
   507 					jsr		_testFailed
   508 					dta		:1,0
   509 				.endm
   510
   511 				.macro _SKIP
   512 					jsr		_testSkipped
   513 					dta		:1,0
   514 				.endm
   515
   516 				.macro _SAP_HEADER
   517 					.ifdef GENSAP
   518 						opt		o+h-f-
   519 						org		$0700
   520 						dta		c"SAP",$0d,$0a
   521 						dta		c"AUTHOR ",$22,c"Avery Lee",$22,$0d,$0a
   522 						dta		c"NAME ",$22,c":1",$22,$0d,$0a
   523 						dta		c"TYPE D",$0d,$0a
   524 						dta		c"INIT 2000",$0d,$0a
   525 						dta		c"TIME 00:",c"05",$0d,$0a
   526 						dta		a($ffff)
   527 					.endif
   528 				.endm
   529
   530 				;==========================================================================
   531 1A30			.nowarn .proc	_crt0init
   532 				.ifdef SYSSAP
   533 					jsr		_crt0init_sap
   534 				.endif
   535
   536 					;clear zero page and database
   537 				.ifdef SYS5200
   538 					ldx		#$20
   539 					lda		#0
   540 				zploop:
   541 					sta		0,x
   542 					inx
   543 					bne		zploop
   544 					ldx		#$80
   545 				dbloop:
   546 					sta		$0200,x
   547 					inx
   548 					bne		dbloop
   549 				.endif
   550
   551 					;clear options (keep in sync with options.s)
   552 1A30 A2 06			ldx		#6
   553 1A32 A9 00			lda		#0
   554 					.ifdef SYS5200
   555 					sta:rpl	$02f0,x-
   556 					.else
   557 1A34 9D 00 1A CA 10 FA		sta:rpl	$1a00,x-
   558 					.endif
   559 					
   560 					;detect CPU
   561 1A3A A0 00			ldy		#CPUMODE_6502
   562 1A3C F8				sed
   563 1A3D A9 99			lda		#$99
   564 1A3F 18				clc
   565 1A40 69 01			adc		#$01
   566 1A42 D8				cld
   567 1A43 D0 1E			bne		detdone
   568 					
   569 					;we have at least a 65C02... check for 65C816
   570 1A45 A0 01			ldy		#CPUMODE_65C02
   571
   572 1A47 38				sec
   573 					opt		c+
   574 1A48 C2 01			rep		#$01
   575 1A4A B0 17			bcs		detdone
   576 1A4C E2 01			sep		#$01
   577 1A4E 90 13			bcc		detdone
   578 					
   579 1A50 A0 80			ldy		#CPUMODE_65C816_16
   580 					
   581 					;check for 24-bit addressing
   582 1A52 AF CB 00 01			lda		d3+$10000
   583 1A56 AA				tax
   584 1A57 49 F5			eor		#$f5
   585 1A59 85 CB			sta		d3
   586 1A5B 8A				txa
   587 1A5C CF CB 00 01			cmp		d3+$10000
   588 1A60 D0 01			sne
   589 1A62 C8				iny
   590 					
   591 					opt		c-
   592 					
   593 1A63			detdone:
   594 1A63 8C 2D 1A			sty		_cpuMode
   595
   596 				.ifdef SYS5200
   597 					jsr		_crt0init_5200
   598 				.endif
   599
   600 				.ifdef SYS800
   601 					;init putchar handler
   602 1A66 AD 46 03 8D 29 1A + 	mwa		icptl _vputchar
   603 1A72 EE 29 1A D0 03 EE + 	inw		_vputchar
   604 				.endif
   605
   606 1A7A 60				rts
   607 				.endp
   608
   609 				;==========================================================================
   610 1A7B			.nowarn .proc	_interruptsOff
   611 1A7B AD 20 1A			lda	_intsOff
   612 1A7E 30 12			bmi	xit
   613 1A80 78				sei
   614 1A81 AD 16 02 8D 22 1A + 	mwa	vimirq _prevIRQ
   615 1A8D A9 FF 8D 20 1A		mva	#$ff _intsOff
   616 1A92			xit:
   617 1A92 60				rts
   618 				.endp
   619
   620 				;==========================================================================
   621 1A93			.nowarn .proc	_interruptsOn
   622 1A93 AD 20 1A			lda	_intsOff
   623 1A96 10 18			bpl	xit
   624 1A98 78				sei
   625 1A99 AD 22 1A 8D 16 02 + 	mwa	_prevIRQ vimirq
   626 1AA5 A5 10 8D 0E D2		mva	pokmsk irqen
   627 1AAA A9 00 8D 20 1A		mva	#$00 _intsOff
   628 1AAF 58				cli
   629 1AB0			xit:
   630 1AB0 60				rts
   631 				.endp
   632
   633 				;==========================================================================
   634 1AB1			.nowarn .proc _screenOn
   635 					.ifndef SYSSAP
   636 1AB1 AD 21 1A			lda	_scrnOff
   637 1AB4 10 40			bpl	xit
   638 					
   639 1AB6 20 1F 1B			jsr	_waitVBL
   640 					
   641 1AB9 78				sei
   642 1ABA A9 00			lda	#0
   643 1ABC 8D 0A D4			sta	wsync
   644 1ABF 8D 0E D4			sta	nmien
   645 1AC2 A9 22 8D 00 D4		mva	#$22 dmactl
   646 1AC7 AD 30 02 8D 02 D4 + 	mwa	sdlstl dlistl
   647 1AD3 AD 24 1A 8D 22 02 + 	mwa	_prevVBI vvblki
   648 1ADF A9 40			lda	#$40
   649 1AE1 8D 0E D4			sta	nmien
   650 1AE4 58				cli
   651 					
   652 1AE5 20 1F 1B			jsr	_waitVBL
   653 1AE8 8D 0A D4			sta	wsync
   654 1AEB 8D 0A D4			sta	wsync
   655 1AEE 20 1F 1B			jsr	_waitVBL
   656 					.endif
   657
   658 1AF1 A9 00 8D 21 1A		mva	#$00 _scrnOff
   659 1AF6			xit:
   660 1AF6 60				rts
   661 				.endp
   662
   663 				;==========================================================================
   664 1AF7			.nowarn .proc _screenOff
   665 					.ifndef SYSSAP
   666 1AF7 AD 21 1A			lda	_scrnOff
   667 1AFA 30 22			bmi	xit
   668 					
   669 1AFC 20 1F 1B			jsr	_waitVBL
   670 						
   671 1AFF 08				php
   672 1B00 78				sei
   673 1B01 A9 00			lda	#0
   674 1B03 8D 0A D4			sta	wsync
   675 1B06 8D 0E D4			sta	nmien
   676 1B09 8D 00 D4			sta	dmactl
   677 1B0C AD 22 02 8D 24 1A + 	mwa	vvblki _prevVBI
   678 1B18 28				plp
   679 					.endif
   680
   681 1B19 A9 FF 8D 21 1A		mva	#$ff _scrnOff
   682 1B1E			xit:
   683 1B1E 60				rts
   684 				.endp
   685
   686 				;==========================================================================
   687 1B1F			.nowarn .proc _waitVBL
   688 1B1F A9 7B			lda	#123
   689 1B21 CD 0B D4 D0 FB		cmp:rne vcount
   690 1B26 CD 0B D4 F0 FB		cmp:req vcount
   691 1B2B 60				rts
   692 				.endp
   693
   694 				;==========================================================================
   695 1B2C			.nowarn .proc _waitFrame
   696 1B2C EE 0A D4			inc	wsync
   697 1B2F EE 0A D4			inc	wsync
   698 1B32 4C 1F 1B			jmp	_waitVBL
   699 				.endp
   700
   701 				;==========================================================================
   702 1B35			.nowarn .proc _waitKeyPrompt
   703 1B35 20 7B 1B			jsr		_imprint
   704 1B38 50 72 65 73 73 20 + 	dta		c"Press a key...",0
   705 					.ifdef SYS5200
   706 					mva		#$ff ch
   707 					lda:rmi	ch
   708 					.else
   709 1B47 A9 00			lda		#0
   710 1B49 8D FC 02			sta		ch
   711 1B4C 8D F2 02			sta		ch1
   712 1B4F AD FC 02 F0 FB		lda:req	ch
   713 					.endif
   714 1B54 20 7B 1B			jsr		_imprint
   715 1B57 9C 00			dta		$9c,0
   716 1B59 60				rts
   717 				.endp
   718
   719 				;==========================================================================
   720 1B5A			.nowarn .proc _resetAV
   721 1B5A A9 00			lda	#0
   722 1B5C 8D 1D D0			sta	gractl
   723 1B5F 8D 0D D0			sta	grafp0
   724 1B62 8D 0E D0			sta	grafp1
   725 1B65 8D 0F D0			sta	grafp2
   726 1B68 8D 10 D0			sta	grafp3
   727 1B6B 8D 11 D0			sta	grafm
   728 1B6E 8D 01 D2			sta	audc1
   729 1B71 8D 03 D2			sta	audc2
   730 1B74 8D 05 D2			sta	audc3
   731 1B77 8D 07 D2			sta	audc4
   732 1B7A 60				rts
   733 				.endp
   734
   735 				;==========================================================================
   736 1B7B			.nowarn .proc _imprint
   737 1B7B 68				pla
   738 1B7C AA				tax
   739 1B7D 68				pla
   740 1B7E A8				tay
   741 1B7F E8				inx
   742 1B80 D0 01 C8			sne:iny
   743 1B83 8A				txa
   744 1B84 20 A1 1B			jsr	_print
   745 1B87 A5 C1			lda	a0+1
   746 1B89 48				pha
   747 1B8A A5 C0			lda	a0
   748 1B8C 48				pha
   749 1B8D 60				rts	
   750 				.endp
   751
   752 				;==========================================================================
   753 1B8E			.nowarn .proc _imprintf
   754 1B8E 68				pla
   755 1B8F AA				tax
   756 1B90 68				pla
   757 1B91 A8				tay
   758 1B92 E8				inx
   759 1B93 D0 01 C8			sne:iny
   760 1B96 8A				txa
   761 1B97 20 BE 1B			jsr	_printf
   762 1B9A A5 C1			lda	a0+1
   763 1B9C 48				pha
   764 1B9D A5 C0			lda	a0
   765 1B9F 48				pha
   766 1BA0 60				rts	
   767 				.endp
   768
   769 				;==========================================================================
   770 1BA1			.nowarn .proc _print
   771 1BA1 85 C0			sta	a0
   772 1BA3 84 C1			sty	a0+1
   773 1BA5			charloop:
   774 1BA5 A0 00			ldy	#0
   775 1BA7 B1 C0			lda	(a0),y
   776 1BA9 F0 0C			beq	done
   777 1BAB E6 C0 D0 02 E6 C1		inw	a0
   778 1BB1 20 0F 1D			jsr	_printf.putbyte
   779 1BB4 4C A5 1B			jmp	charloop
   780 1BB7			done:
   781 1BB7 60				rts
   782 				.endp
   783
   784 				;==========================================================================
   785 1BB8			.nowarn .proc _println
   786 1BB8 20 7B 1B			jsr		_imprint
   787 1BBB 9B 00			dta		$9b,0
   788 1BBD 60				rts
   789 				.endp
   790 				;==========================================================================
   791 1BBE			.nowarn .proc _printf
   792 1BBE 85 C0			sta	a0
   793 1BC0 84 C1			sty	a0+1
   794 1BC2 A0 00			ldy	#0
   795 1BC4 84 C8			sty	d0
   796 1BC6			charloop:
   797 1BC6 B1 C0			lda	(a0),y
   798 1BC8 F0 12			beq	done
   799 1BCA E6 C0 D0 02 E6 C1		inw	a0
   800 1BD0 C9 25			cmp	#'%'
   801 1BD2 F0 09			beq	special
   802 1BD4			escaped:
   803 1BD4 20 0F 1D			jsr	putbyte
   804 1BD7			nextchar:
   805 1BD7 A0 00			ldy	#0
   806 1BD9 4C C6 1B			jmp	charloop
   807 1BDC			done:
   808 1BDC 60				rts
   809 1BDD			special:
   810 1BDD E6 C8			inc	d0
   811 1BDF A6 C8			ldx	d0
   812 1BE1 B1 C0			lda	(a0),y
   813 1BE3 E6 C0 D0 02 E6 C1		inw	a0
   814 1BE9 C9 64			cmp #'d'
   815 1BEB D0 47			bne	notdec
   816 1BED 98				tya
   817 1BEE 84 C2			sty	a1
   818 1BF0 A0 06			ldy	#6
   819 1BF2 78				sei
   820 1BF3 F8				sed
   821 1BF4			decloop1:
   822 1BF4 36 C8			rol	d0,x
   823 1BF6 65 C2			adc	a1
   824 1BF8 85 C2			sta	a1
   825 1BFA 88				dey
   826 1BFB D0 F7			bne	decloop1
   827 1BFD 84 C3			sty	a1+1
   828 1BFF A0 02			ldy	#2
   829 1C01			decloop2:
   830 1C01 36 C8			rol	d0,x
   831 1C03 65 C2			adc	a1
   832 1C05 85 C2			sta	a1
   833 1C07 26 C3			rol	a1+1
   834 1C09 88				dey
   835 1C0A D0 F5			bne	decloop2
   836 1C0C D8				cld
   837 1C0D 58				cli
   838 1C0E A5 C3			lda	a1+1
   839 1C10 F0 0F			beq	decdigit2
   840 1C12 AA				tax
   841 1C13 BD 21 1F			lda	_hexdig,x
   842 1C16 20 0F 1D			jsr	putbyte
   843 1C19 A5 C2			lda	a1
   844 1C1B 20 F9 1C			jsr	puthex
   845 1C1E 4C D7 1B			jmp	nextchar
   846 1C21			decdigit2:
   847 1C21 A5 C2			lda	a1
   848 1C23 C9 10			cmp	#$10
   849 1C25 90 06			bcc	decdigit1
   850 1C27 20 F9 1C			jsr	puthex
   851 1C2A 4C D7 1B			jmp	nextchar
   852 1C2D			decdigit1:
   853 1C2D AA				tax
   854 1C2E BD 21 1F			lda	_hexdig,x
   855 1C31 4C D4 1B			jmp	escaped
   856
   857 1C34			notdec:
   858 1C34 C9 78			cmp	#'x'
   859 1C36 D0 08			bne	nothex
   860 1C38 B5 C8			lda	d0,x
   861 1C3A 20 F9 1C			jsr	puthex
   862 1C3D 4C D7 1B			jmp	nextchar
   863
   864 1C40			nothex:
   865 1C40 C9 58			cmp	#'X'
   866 1C42 D0 11			bne	nothexword
   867 1C44 E6 C8			inc	d0
   868 1C46 B5 C9			lda	d1,x
   869 1C48 20 F9 1C			jsr	puthex
   870 1C4B A6 C8			ldx	d0
   871 1C4D B5 C7			lda	d0-1,x
   872 1C4F 20 F9 1C			jsr	puthex
   873 1C52 4C D7 1B			jmp	nextchar
   874
   875 1C55			nothexword:
   876 1C55 C9 44			cmp #'D'
   877 1C57 D0 5F			bne	notdecword
   878
   879 1C59 A0 08			ldy	#8
   880 1C5B A9 00			lda	#0
   881 1C5D 85 C2			sta	a1
   882 1C5F 85 C3			sta a1+1
   883 1C61 85 C4			sta	a2
   884 1C63 78				sei
   885 1C64 F8				sed
   886 1C65			decword1:
   887 1C65 36 C9			rol	d1,x
   888 1C67 A5 C2			lda	a1
   889 1C69 65 C2			adc	a1
   890 1C6B 85 C2			sta	a1
   891 1C6D A5 C3			lda	a1+1
   892 1C6F 65 C3			adc	a1+1
   893 1C71 85 C3			sta	a1+1
   894 1C73 88				dey
   895 1C74 D0 EF			bne	decword1
   896 					
   897 1C76 A0 08			ldy	#8
   898 1C78			decword2:
   899 1C78 36 C8			rol	d0,x
   900 1C7A A5 C2			lda	a1
   901 1C7C 65 C2			adc	a1
   902 1C7E 85 C2			sta	a1
   903 1C80 A5 C3			lda	a1+1
   904 1C82 65 C3			adc	a1+1
   905 1C84 85 C3			sta	a1+1
   906 1C86 A5 C4			lda	a2
   907 1C88 65 C4			adc	a2
   908 1C8A 85 C4			sta	a2
   909 1C8C 88				dey
   910 1C8D D0 E9			bne	decword2
   911 1C8F D8				cld
   912 1C90 58				cli
   913 					
   914 1C91 AA				tax
   915 1C92 F0 10			beq	decword3
   916 1C94 20 EE 1C			jsr	puthexcond
   917 1C97 A5 C3			lda	a1+1
   918 1C99 20 F9 1C			jsr	puthex
   919 1C9C A5 C2			lda	a1
   920 1C9E 20 F9 1C			jsr	puthex
   921 1CA1 4C D7 1B			jmp	nextchar
   922
   923 1CA4			decword3:
   924 1CA4 A5 C3			lda	a1+1
   925 1CA6 F0 08			beq	decword4
   926 1CA8 A5 C2			lda	a1
   927 1CAA 20 F9 1C			jsr	puthex
   928 1CAD 4C D7 1B			jmp	nextchar
   929 					
   930 1CB0			decword4:
   931 1CB0 A5 C2			lda	a1
   932 1CB2 20 F9 1C			jsr	puthex
   933 1CB5 4C D7 1B			jmp	nextchar
   934
   935 1CB8			notdecword:
   936 1CB8 C9 63			cmp #'c'
   937 1CBA D0 0A			bne	notchar
   938 1CBC E6 C8			inc	d0
   939 1CBE B5 C8			lda	d0,x
   940 1CC0 20 0F 1D			jsr	putbyte
   941 1CC3 4C D7 1B			jmp	nextchar
   942 					
   943 1CC6			notchar:
   944 1CC6 C9 73			cmp #'s'
   945 1CC8 D0 1F			bne	notstr
   946 					
   947 1CCA E6 C8			inc	d0
   948 1CCC B5 C8			lda	d0,x
   949 1CCE 85 C2			sta	a1
   950 1CD0 B5 C9			lda	d0+1,x
   951 1CD2 85 C3			sta	a1+1
   952
   953 1CD4			strloop:
   954 1CD4 A0 00			ldy	#0
   955 1CD6 B1 C2			lda	(a1),y
   956 1CD8 F0 0C			beq	strdone
   957 1CDA 20 15 1D			jsr	putbyte2
   958 1CDD E6 C2 D0 02 E6 C3		inw	a1
   959 1CE3 4C D4 1C			jmp	strloop
   960
   961 1CE6			strdone:
   962 1CE6 4C D7 1B			jmp	nextchar
   963 					
   964 1CE9			notstr:
   965 1CE9 C6 C8			dec	d0
   966 1CEB 4C D4 1B			jmp	escaped
   967 					
   968 1CEE			puthexcond:
   969 1CEE C9 10			cmp	#$10
   970 1CF0 B0 07			bcs	puthex
   971 1CF2 AA				tax
   972 1CF3 BD 21 1F			lda	_hexdig,x
   973 1CF6 4C 0F 1D			jmp	putbyte	
   974 1CF9			puthex:	
   975 1CF9 48				pha
   976 1CFA 4A				lsr
   977 1CFB 4A				lsr
   978 1CFC 4A				lsr
   979 1CFD 4A				lsr
   980 1CFE AA				tax
   981 1CFF BD 21 1F			lda	_hexdig,x
   982 1D02 20 0F 1D			jsr	putbyte
   983 1D05 68				pla
   984 1D06 29 0F			and	#$0f
   985 1D08 AA				tax
   986 1D09 BD 21 1F			lda	_hexdig,x
   987 1D0C 4C 0F 1D			jmp	putbyte
   988
   989 1D0F			putbyte:
   990 1D0F AA				tax
   991 1D10 20 15 1D			jsr	putbyte2
   992 1D13 8A				txa
   993 1D14 60				rts
   994 					
   995 1D15			putbyte2:
   996 1D15 6C 29 1A			jmp	(_vputchar)
   997 				.endp
   998
   999 				;==========================================================================
  1000 1D18			.nowarn .proc	_jam
  1001 1D18			loop:
  1002 1D18 4C 18 1D			jmp	loop
  1003 				.endp
  1004
  1005 				;==========================================================================
  1006 1D1B			.nowarn .proc	_waitVCount
  1007 1D1B CD 0B D4 D0 FB		cmp:rne	vcount
  1008 1D20 60				rts
  1009 				.endp
  1010
  1011 				;=========================================================================
  1012 1D21			.nowarn .proc	_imTestInit
  1013 1D21 68				pla
  1014 1D22 85 C0			sta		a0
  1015 1D24 A8				tay
  1016 1D25 68				pla
  1017 1D26 85 C1			sta		a0+1
  1018 					
  1019 1D28 E6 C0 D0 02 E6 C1		inw		a0
  1020
  1021 1D2E A9 00 85 C2			mva		#0 a1
  1022 1D32 A5 C1 85 C3			mva		a0+1 a1+1	
  1023 1D36			skiploop:
  1024 1D36 B1 C2			lda		(a1),y
  1025 1D38 F0 08			beq		skipdone
  1026 1D3A C8				iny
  1027 1D3B D0 02 E6 C3			sne:inc a1+1
  1028 1D3F 4C 36 1D			jmp		skiploop
  1029 1D42			skipdone:
  1030 1D42 A5 C3			lda		a1+1
  1031 1D44 48				pha
  1032 1D45 98				tya
  1033 1D46 48				pha
  1034 1D47 A5 C0			lda		a0
  1035 1D49 A4 C1			ldy		a0+1
  1036 1D4B 4C 4E 1D			jmp		_testInit
  1037 				.endp
  1038
  1039 				;=========================================================================
  1040 1D4E			.nowarn .proc	_testInit
  1041 					.ifdef STANDALONE
  1042 1D4E 48				pha
  1043 1D4F 98				tya
  1044 1D50 48				pha
  1045
  1046 				.ifdef SYS800
  1047 					;MaxFlash carts run executables with E: closed. Check for this and
  1048 					;reopen it if necessary.
  1049 1D51 AD 40 03			lda		ichid
  1050 1D54 10 1C			bpl		iocb0_open
  1051
  1052 					;reopen IOCB 0
  1053 1D56 A9 03 8D 42 03		mva		#$03 iccmd
  1054 1D5B A9 91 8D 44 03 A9 + 	mwa		#e_name icbal
  1055 1D65 A2 00			ldx		#0
  1056 1D67 8E 4A 03			stx		icax1
  1057 1D6A A9 0C 8D 4B 03		mva		#$0c icax2
  1058 1D6F 20 56 E4			jsr		ciov
  1059 					
  1060 1D72			iocb0_open:
  1061 				.endif
  1062
  1063 1D72 20 30 1A			jsr		_crt0init
  1064 					
  1065 1D75 68				pla
  1066 1D76 A8				tay
  1067 1D77 68				pla
  1068 					.endif
  1069 					
  1070 1D78 20 A1 1B			jsr	_print
  1071 1D7B 20 7B 1B			jsr	_imprint
  1072 1D7E 2E 2E 2E 00			dta	c"...",0
  1073 					
  1074 					.ifdef STANDALONE
  1075 1D82 A9 93 8D 26 1A A9 + 	mwa	#_testEnd _exitTest
  1076 					.else
  1077 					:10 nop
  1078 					.endif
  1079 					
  1080 1D8C 60				rts
  1081 					
  1082 1D8D			msg:
  1083 1D8D 2E 2E 2E 00			dta	c"...",0
  1084 1D91			e_name:
  1085 1D91 45 9B			dta		'E',$9B
  1086 				.endp
  1087
  1088 				;=========================================================================
  1089 1D93			.nowarn .proc	_testEnd
  1090 					.ifdef SYSSAP
  1091 						.ifdef STANDALONE
  1092 							jmp	_sap_testEnd
  1093 						.else
  1094 							jmp	_jam
  1095 						.endif
  1096 					.else
  1097 						.ifdef SYS5200
  1098 							jmp	_jam
  1099 						.else
  1100 							;wait for key
  1101 1D93 78						sei
  1102 1D94 A9 00					lda		#0
  1103 1D96 8D 0E D4					sta		nmien
  1104 1D99 8D 0E D2					sta		irqen
  1105 1D9C A9 03 8D 0F D2				mva		#3 skctl
  1106 1DA1 A9 40 8D 0E D2				mva		#$40 irqen
  1107 1DA6 2C 0E D2 D0 FB				bit:rne	irqst
  1108 							
  1109 							;initiate soft reset
  1110 1DAB 6C FC FF					jmp		($fffc)
  1111 						.endif
  1112 					.endif
  1113 				.endp
  1114
  1115 				;=========================================================================
  1116 1DAE			.nowarn .proc	_testRestore
  1117 1DAE D8				cld
  1118 1DAF 08				php
  1119 1DB0 78				sei
  1120 					
  1121 					;check if the screen is off; if so, make sure we kill DLIs
  1122 1DB1 AD 21 1A			lda		_scrnOff
  1123 1DB4 F0 08			beq		scrnOK
  1124 					
  1125 1DB6 A9 00			lda		#0
  1126 1DB8 EE 0A D4			inc		wsync
  1127 1DBB 8D 0E D4			sta		nmien
  1128 					
  1129 1DBE			scrnOK:
  1130
  1131 1DBE AD 32 02 8D 0F D2		mva		sskctl skctl
  1132 						
  1133 					.ifdef SYSSAP
  1134 					;kill PIA port A interrupt
  1135 					mva		#$3c pactl
  1136 					
  1137 					;force kernel ROMs back _out_
  1138 					mva		#$38 pbctl
  1139 					mva		#$ff portb
  1140 					mva		#$3c pbctl
  1141 					mva		#$82 portb
  1142 					.endif
  1143 					
  1144 					.ifdef SYS5200
  1145 					mva		#$00 prior
  1146 					mva		#$f8 chbase
  1147 					mva		#$02 chactl
  1148 					mva		#$04 consol
  1149 					.endif
  1150 					
  1151 					.ifdef SYS800
  1152 					;kill PIA port A interrupt
  1153 1DC4 A9 3C 8D 02 D3		mva		#$3c pactl
  1154 					
  1155 					;force kernel ROMs back in	
  1156 1DC9 A9 38 8D 03 D3		mva		#$38 pbctl
  1157 1DCE A9 00 8D 01 D3		mva		#$00 portb
  1158 1DD3 A9 3C 8D 03 D3		mva		#$3c pbctl
  1159 1DD8 A9 83 8D 01 D3		mva		#$83 portb
  1160 					
  1161 					;kill OS timer 1
  1162 1DDD A2 FF			ldx		#$ff
  1163 1DDF 8E 0A D4			stx		wsync
  1164 1DE2 8E 18 02			stx		cdtmv1
  1165 1DE5 E8				inx
  1166 1DE6 8E 18 02			stx		cdtmv1
  1167 1DE9 8E 19 02			stx		cdtmv1+1
  1168 					.endif
  1169
  1170 1DEC 28				plp
  1171 1DED 20 93 1A			jsr	_interruptsOn
  1172 1DF0 20 B1 1A			jsr	_screenOn
  1173 1DF3 20 5A 1B			jsr	_resetAV
  1174 					
  1175 					;unmask interrupts
  1176 1DF6 58				cli
  1177 1DF7 60				rts
  1178 				.endp
  1179
  1180 				;=========================================================================
  1181 1DF8			.nowarn .proc	_testPassed
  1182 1DF8 20 AE 1D			jsr	_testRestore
  1183
  1184 1DFB 20 7B 1B			jsr	_imprint
  1185 1DFE 50 61 73 73 9B 00		dta	c"Pass",$9b,0
  1186 					
  1187 1E04 AE 28 1A			ldx	_exitTestS
  1188 1E07 9A				txs
  1189 1E08 A0 00			ldy	#0
  1190 1E0A 6C 26 1A			jmp	(_exitTest)
  1191 				.endp
  1192
  1193 				;=========================================================================
  1194 1E0D			.nowarn .proc	_testFailed
  1195 1E0D 20 AE 1D			jsr	_testRestore
  1196
  1197 1E10 20 7B 1B			jsr	_imprint
  1198 1E13 46 41 49 4C 2E 9B + 	dta	c"FAIL.",$9b,0
  1199
  1200 1E1A			nomsgentry:
  1201 1E1A 68				pla
  1202 1E1B AA				tax
  1203 1E1C 68				pla
  1204 1E1D A8				tay
  1205 1E1E E8				inx
  1206 1E1F D0 01 C8			sne:iny
  1207 1E22 8A				txa
  1208 1E23 20 BE 1B			jsr	_printf
  1209 1E26 20 B8 1B			jsr	_println
  1210 					
  1211 1E29 AE 28 1A			ldx	_exitTestS
  1212 1E2C 9A				txs
  1213 1E2D A0 80			ldy	#$80
  1214 1E2F 6C 26 1A			jmp	(_exitTest)
  1215
  1216 1E32			msg2:
  1217 1E32 9B 00			dta	$9b,0
  1218 				.endp
  1219
  1220 				;=========================================================================
  1221 1E34			.nowarn .proc	_testFailed2
  1222 1E34 20 AE 1D			jsr	_testRestore
  1223 1E37 4C 1A 1E			jmp	_testFailed.nomsgentry
  1224 				.endp
  1225
  1226 				;=========================================================================
  1227 1E3A			.nowarn .proc	_testSkipped
  1228 1E3A 20 AE 1D			jsr		_testRestore
  1229
  1230 1E3D 20 7B 1B			jsr		_imprint
  1231 1E40 53 6B 69 70 70 65 + 	dta		c"Skipped",$9b,0
  1232 					
  1233 1E49 68				pla
  1234 1E4A AA				tax
  1235 1E4B 68				pla
  1236 1E4C A8				tay
  1237 1E4D E8				inx
  1238 1E4E D0 01 C8			sne:iny
  1239 1E51 8A				txa
  1240 1E52 20 BE 1B			jsr		_printf
  1241 					
  1242 1E55 20 B8 1B			jsr		_println
  1243 					
  1244 1E58 AE 28 1A			ldx		_exitTestS
  1245 1E5B 9A				txs
  1246 1E5C A0 40			ldy		#$40
  1247 1E5E 6C 26 1A			jmp		(_exitTest)
  1248 				.endp
  1249
  1250 				;==========================================================================
  1251 				; _loadSeg()
  1252 				;
  1253 				; Module loader.
  1254 				;
  1255 				;	X = index of module to load
  1256 				;
  1257 				.ifdef SEGS_MIN_MEM
  1258 1E61			.nowarn .proc	_loadSeg
  1259 					;get starting sector
  1260 1E61 BD 00 19 8D 0A 03		mva		segaddrlo,x	daux1
  1261 1E67 BD 80 19 8D 0B 03		mva		segaddrhi,x	daux2
  1262 						
  1263 					;get ending sector
  1264 1E6D BD 01 19			lda		segaddrlo+1,x
  1265 1E70 38 ED 0A 03			sub		daux1
  1266 1E74 85 CF			sta		d7
  1267
  1268 					;setup sector load command and relocation
  1269 1E76 A9 52 8D 02 03		mva		#'R' dcomnd
  1270 1E7B A9 01 8D 01 03		mva		#1 dunit
  1271 1E80 A9 00			lda		#$00
  1272 1E82 8D 04 03			sta		dbuflo
  1273 1E85 85 C0			sta		a0
  1274 1E87 8D E1 02			sta		runad+1
  1275 1E8A A9 0B			lda		#$0b
  1276 1E8C 8D 05 03			sta		dbufhi
  1277 1E8F 85 C1			sta		a0+1
  1278 					
  1279 					;preload first two sectors
  1280 1E91 20 FE 1E			jsr		step_sector
  1281 1E94			relocloop:
  1282 					;load starting address
  1283 1E94 B1 C0 85 C2			mva		(a0),y a1
  1284 1E98 C8 D0 03 20 FE 1E		iny:sne:jsr step_sector
  1285 1E9E B1 C0 85 C3			mva		(a0),y a1+1
  1286 1EA2 C8 D0 03 20 FE 1E		iny:sne:jsr step_sector
  1287 					
  1288 					;skip $ffff words
  1289 1EA8 A5 C2			lda		a1
  1290 1EAA 25 C3			and		a1+1
  1291 1EAC C9 FF			cmp		#$ff
  1292 1EAE F0 E4			beq		relocloop
  1293 					
  1294 					;load ending address
  1295 1EB0 B1 C0 85 C4			mva		(a0),y a2
  1296 1EB4 C8 D0 03 20 FE 1E		iny:sne:jsr step_sector
  1297 1EBA B1 C0 85 C5			mva		(a0),y a2+1
  1298 1EBE C8 D0 03 20 FE 1E		iny:sne:jsr step_sector
  1299 1EC4 E6 C4 D0 02 E6 C5		inw		a2
  1300
  1301 1ECA A9 1D 8D E2 02 A9 + 	mwa		#definit initad
  1302 					
  1303 					;copy data (slow, but oh well)
  1304 1ED4 A2 00			ldx		#0
  1305 1ED6			copyloop:
  1306 1ED6 B1 C0			lda		(a0),y
  1307 1ED8 81 C2			sta		(a1,x)
  1308 1EDA C8 D0 03 20 FE 1E		iny:sne:jsr step_sector
  1309 1EE0 E6 C2 D0 02 E6 C3		inw		a1
  1310 1EE6 A5 C2			lda		a1
  1311 1EE8 C5 C4			cmp		a2
  1312 1EEA D0 EA			bne		copyloop
  1313 1EEC A5 C3			lda		a1+1
  1314 1EEE C5 C5			cmp		a2+1
  1315 1EF0 D0 E4			bne		copyloop
  1316 					
  1317 					;init a segment
  1318 1EF2 20 FB 1E			jsr		doinit
  1319 					
  1320 					;check if we're done
  1321 1EF5 AD E1 02			lda		runad+1
  1322 1EF8 F0 9A			beq		relocloop
  1323 1EFA 60				rts
  1324
  1325 1EFB			doinit:
  1326 1EFB 6C E2 02			jmp		(initad)
  1327 					
  1328 1EFE			step_sector:
  1329 1EFE A5 CF			lda		d7
  1330 1F00 F0 17			beq		no_sectors_left
  1331 1F02 20 53 E4			jsr		dskinv
  1332 1F05 C6 CF			dec		d7
  1333 1F07 EE 0A 03 D0 03 EE + 	inw		daux1
  1334 1F0F AD 04 03			lda		dbuflo
  1335 1F12 49 80			eor		#$80
  1336 1F14 8D 04 03			sta		dbuflo
  1337 1F17 D0 E5			bne		step_sector
  1338 1F19			no_sectors_left:
  1339 1F19 A0 00			ldy		#0
  1340 1F1B A2 00			ldx		#0
  1341 1F1D			definit:
  1342 1F1D 60				rts
  1343 				.endp
  1344 				.else
  1345 				.nowarn .proc	_loadSeg
  1346 				.ifdef SEGS_IN_ROM
  1347 					stx		_lastMod
  1348 					rts
  1349 				.else
  1350 					;get starting sector
  1351 					mva		segaddrlo,x	daux1
  1352 					mva		segaddrhi,x	daux2
  1353 						
  1354 					;get ending sector
  1355 					mva		segaddrlo+1,x	a0
  1356 					mva		segaddrhi+1,x	a0+1
  1357
  1358 					;load sectors starting at $4000
  1359 				sectorloop:
  1360 					mva		#'R' dcomnd
  1361 					mva		#1 dunit
  1362 					mwa		#$4000 dbuflo
  1363 						
  1364 					jsr		dskinv
  1365 					tya
  1366 					bmi		sectorloop
  1367 					
  1368 					lda		#$80
  1369 					eor		dbuflo
  1370 					sta		dbuflo
  1371 					sne:inc	dbufhi
  1372 					
  1373 					inc		daux1
  1374 					sne:inc	daux2
  1375 					
  1376 					lda		daux1
  1377 					cmp		a0
  1378 					bne		sectorloop
  1379 					lda		daux2
  1380 					cmp		a0+1
  1381 					bne		sectorloop
  1382 					rts
  1383 				.endif
  1384 				.endp
  1385 				.endif
  1386
  1387 				;==========================================================================
  1388 				; _runSeg()
  1389 				;
  1390 				; Module relocator and executor.
  1391 				;
  1392 				; The last segment loaded by _loadSeg() is relocated and executed.
  1393 				;
  1394
  1395 				.ifdef SEGS_MIN_MEM
  1396
  1397 				;-----------------------------------------------
  1398 				; Minimum memory implementation.
  1399 1F1E			.nowarn .proc _runSeg
  1400 1F1E 6C E0 02			jmp		(runad)
  1401 				.endp
  1402
  1403 				.else
  1404
  1405 				;-----------------------------------------------
  1406 				.nowarn .proc _runSeg
  1407 					
  1408 					;begin relocation
  1409 					mwa		#relocloop runad
  1410
  1411 					.ifdef SEGS_IN_ROM
  1412 					ldx		_lastMod
  1413 					mva		segaddrlo,x a0
  1414 					mva		segaddrhi,x a0+1
  1415 					.else
  1416 					mwa		#$4000 a0
  1417 					.endif
  1418 					
  1419 					.ifndef SEGS_LZPACK
  1420 					
  1421 					;==== uncompressed version
  1422
  1423 					ldy		#0
  1424 				relocloop:
  1425 					;load starting address
  1426 					mva		(a0),y a1
  1427 					inw		a0
  1428 					mva		(a0),y a1+1
  1429 					inw		a0
  1430 					
  1431 					;skip $ffff words
  1432 					lda		a1
  1433 					and		a1+1
  1434 					cmp		#$ff
  1435 					beq		relocloop
  1436 					
  1437 					;load ending address
  1438 					mva		(a0),y a2
  1439 					inw		a0
  1440 					mva		(a0),y a2+1
  1441 					inw		a0
  1442 					inw		a2
  1443 					
  1444 					;copy data (slow, but oh well)
  1445 				copyloop:
  1446 					lda		(a0),y
  1447 					sta		(a1),y
  1448 					inw		a0
  1449 					inw		a1
  1450 					lda		a1
  1451 					cmp		a2
  1452 					bne		copyloop
  1453 					lda		a1+1
  1454 					cmp		a2+1
  1455 					bne		copyloop
  1456 					
  1457 					;init a segment
  1458 					mwa		#definit initad
  1459 					jsr		doinit
  1460 					jmp		(runad)
  1461
  1462 				doinit:
  1463 					jmp		(initad)
  1464 					
  1465 				definit:
  1466 					rts
  1467
  1468 					.else
  1469 					
  1470 					;==== compressed version
  1471 					;
  1472 					;loader:
  1473 					;	a3		destination
  1474 					;	d6/d7	segment end address
  1475 					;
  1476 					;decompressor:
  1477 					;	a0		raw source stream
  1478 					;	a1		run source pointer
  1479 					;	a2		window pointer ($1000-1fff)
  1480 					;	d0		literal/run flag bits
  1481 					;	d1		remaining flag bits shifter
  1482 					;	d2		run length counter
  1483 					;	d3		temporary
  1484 					;	d4		superflag bits
  1485 					;	d5		superflag shifter
  1486
  1487 					lda		#0
  1488 					sta		d0
  1489 					sta		d1
  1490 					sta		d2
  1491 					sta		d5
  1492 					sta		a2
  1493 					lda		#$10
  1494 					sta		a2+1
  1495 				relocloop:
  1496 					ldy		#0
  1497 					;load starting address
  1498 					jsr		getbyte
  1499 					sta		a3
  1500 					jsr		getbyte
  1501 					sta		a3+1
  1502 					
  1503 					;skip $ffff words
  1504 					and		a3
  1505 					cmp		#$ff
  1506 					beq		relocloop
  1507 					
  1508 					;load ending address
  1509 					jsr		getbyte
  1510 					sta		d6
  1511 					jsr		getbyte
  1512 					sta		d7
  1513 					inw		d6
  1514 					
  1515 					;copy data (slow, but oh well)
  1516 				copyloop:
  1517 					jsr		getbyte
  1518 					sta		(a3),y
  1519 					inw		a3
  1520 					lda		a3
  1521 					cmp		d6
  1522 					bne		copyloop
  1523 					lda		a3+1
  1524 					cmp		d7
  1525 					bne		copyloop
  1526 					
  1527 					;init a segment
  1528 					mwa		#definit initad
  1529 					jsr		doinit
  1530 					jmp		(runad)
  1531
  1532 				doinit:
  1533 					jmp		(initad)
  1534 					
  1535 				getbyte:
  1536 					;check if we have a run in progress
  1537 					lda		d2
  1538 					bne		getrunbyte
  1539
  1540 					;check if we need to reload flag bits
  1541 					asl		d1
  1542 					bne		havebits
  1543 					
  1544 					;check if we need to reload superflag bits
  1545 					asl		d5
  1546 					bne		havesuperbits
  1547 					
  1548 					;load next superflag byte
  1549 					jsr		getrawbyte
  1550 					sta		d4
  1551 					lda		#$7f
  1552 					sta		d5
  1553 					
  1554 				havesuperbits:
  1555 					;pull next superflag and check if it's all literals (0)
  1556 					asl		d4
  1557 					bcc		all_literals
  1558 					
  1559 					;nope... read next byte as flags byte
  1560 					jsr		getrawbyte
  1561 					sta		d0
  1562
  1563 				all_literals:
  1564 					lda		#$7f
  1565 					sta		d1
  1566 				havebits:
  1567 					asl		d0
  1568 					bcs		isrun
  1569 					
  1570 					;store byte into window
  1571 					jsr		getrawbyte
  1572 					jmp		putwinbyte
  1573
  1574 				isrun:
  1575 					;load offset/run bytes
  1576 					jsr		getrawbyte
  1577 					sta		d3
  1578 					jsr		getrawbyte
  1579 					sta		d2
  1580 					
  1581 					;compute run source from current position and offset
  1582 					lda		a2
  1583 					clc
  1584 					sbc		d3
  1585 					sta		a1
  1586 					lda		a2+1
  1587 					sbc		d2
  1588 					and		#$0f
  1589 					ora		#$10
  1590 					sta		a1+1
  1591 					
  1592 					;compute length and stash run length
  1593 					lda		d2
  1594 					lsr
  1595 					lsr
  1596 					lsr
  1597 					lsr
  1598 					add		#3
  1599 					sta		d2
  1600 				getrunbyte:
  1601 					dec		d2
  1602 					ldy		#0
  1603 					lda		(a1),y
  1604 					inc		a1
  1605 					bne		putwinbyte
  1606 					inc		a1+1
  1607 					pha
  1608 					lda		a1+1
  1609 					and		#$0f
  1610 					ora		#$10
  1611 					sta		a1+1
  1612 					pla
  1613 					jmp		putwinbyte
  1614 					
  1615 				getrawbyte:
  1616 					lda		(a0),y
  1617 					inw		a0
  1618 					rts
  1619 					
  1620 				putwinbyte:
  1621 					sta		(a2),y
  1622 					inc		a2
  1623 					seq:rts
  1624 					ldy		a2+1
  1625 					iny
  1626 					cpy		#$20
  1627 					sne:ldy	#$10
  1628 					sty		a2+1
  1629 					ldy		#0
  1630 				definit:
  1631 					rts	
  1632 					
  1633 					.endif
  1634 				.endp
  1635 				.endif
  1636
  1637 				;==========================================================================
  1638 1F21 30 31 32 33 34 35 + _hexdig	dta		c"0123456789ABCDEF"
  1639
  1640 				;==========================================================================
  1641 				; segment table
  1642 				;
  1643 				.ifndef SYS800
  1644 				segaddrlo	equ	$bf00
  1645 				segaddrhi	equ	$bf80
  1646 				.else
  1647 = 1900			segaddrlo	equ	$1900
  1648 = 1980			segaddrhi	equ	$1980
  1649 				.endif
  1650
  1651 = 0900			_veronicaLaunch = $0900
  1652
  1653 				;==========================================================================
  1654 				; platform-specific library
  1655 				;
  1656 				.ifdef SYS5200
  1657 					icl		'lib5200.s'
  1658 				.endif
  1659 				.ifdef SYSSAP
  1660 					icl		'libsap.s'
  1661 				.endif
  1662
  1663 				;==========================================================================
  1664 				.ifndef STANDALONE
  1665 				.ifdef SYS5200
  1666 					opt	o+
  1667 				.else
  1668 					opt	h+o+
  1669 				.endif
  1670 				.endif
    27
    28 1F31					org		$0080
    29 0080			quickrs:
    30 0080-009A> 00 00 00 00 + 		:16 dta $00
    31 0090 00			rand1	dta		0			;first random value
    32 0091 00			rand2	dta		0			;second random value, 114 cycles past first
    33 0092 00 00		randpos	dta		a(0)		;random position index (1-511)
    34 0094 00 00		testptr	dta		a(0)		;pointer to current test data
    35
    36 0096 00			delyidx	dta		0			;profiling cycle delay (doubled; must be even)
    37 0097 00			profrdy	dta		0			;set when DLI handler should execute test
    38 0098 00			dispslc	dta		0			;display slice (0-3)
    39
    40 0099 00			xsave	dta		0			;DLI X register save
    41 009A 00			ysave	dta		0			;DLI Y register save
    42
    43 009B					org		$2000
    44
    45 				;==========================================================================
    46 				; ANTIC DMA pattern test
    47 				;
    48 				; This test involves quite a bit more trickery than usual, so it deserves
    49 				; some explanation.
    50 				;
    51 				; What we're trying to do is determine which cycles are blocked by ANTIC
    52 				; DMA during a scan line. However, the CPU can't monitor this directly
    53 				; since it's halted, and there isn't a convenient and reliable cycle
    54 				; timer on the A8. High-speed POTs *almost* work for this but have a glitch
    55 				; in HBLANK. Therefore, we use trusty RANDOM instead. In 9-bit mode, we
    56 				; can *almost* read the entire LFSR, but unfortunately we're short one bit.
    57 				; To determine the true position, we take two samples exactly one scanline
    58 				; apart. We can then look up through a series of carefully constructed
    59 				; tables:
    60 				;
    61 				;	lfsrtab		RANDOM values in cycle order (Pad byte + 511 entries).
    62 				;	lfsrlo/hi0	One-based index given RANDOM value, assuming high bit = 0.
    63 				;	lfsrlo/hi1	One-based index given RANDOM value, assuming high bit = 1.
    64 				;
    65 				; Given the first value, we can look up its two possible indices, and
    66 				; check the second value 114 cycles later in the sequence table to select
    67 				; the right once. We then walk down the expected bitmask and LFSR sequence
    68 				; in parallel, counting off the *unhalted* cycles, and checking the LFSR
    69 				; values against the recorded RANDOM values in the scanline. We can't
    70 				; just search the sequence, because all values except 00 occur twice, and
    71 				; the duplicates are sometimes very close (FF FF occurs in it).
    72 				;
    73 				; That leaves sampling RANDOM during the scanline. We can't possibly do it
    74 				; every cycle; the best that the 6502 can do is once every 7 cycles.
    75 				; To work around this we need seven sampling passes all skewed by one
    76 				; cycle apart.
    77 				;
    78 				; Optimizing the sampling passes
    79 				; ------------------------------
    80 				; We have 50 tests to do and 7 passes to do on each test. Older versions
    81 				; of this test used to do one pass a frame, which was annoyingly long
    82 				; at six seconds. The display list has been tightened up and four passes
    83 				; are now done a frame, speeding the test up to a second and a half.
    84 				; The main obstacle to further speedups is the LFSR scanning routine, which
    85 				; takes a few dozen scanlines to analyze the results of a pass.
    86
    87 2000			main:
    88 2000-20C1> A0 23				ldy		#>testname
    89 2002 A9 E4				lda		#<testname
    90 2004 20 4E 1D				jsr		_testInit
    91 						
    92 						;generate 9-bit LFSR tables
    93 2007 20 EC 21				jsr		genlfsr9
    94 						
    95 						;kill screen
    96 200A 20 F7 1A				jsr		_screenOff
    97 200D 20 7B 1A				jsr		_interruptsOff
    98
    99 						;wait for vertical blank and swap in new display list
   100 2010 20 1F 1B				jsr		_waitVBL
   101 						
   102 2013 A9 A0 8D 00 02 A9 + 		mwa		#dli vdslst
   103 201D A9 00 8D 02 D4 A9 + 		mwa		#dlist dlistl
   104 2027 A9 22 8D 00 D4			mva		#$22 dmactl
   105 202C A9 80 8D 0E D4			mva		#$80 nmien
   106
   107 						;switch to 9-bit lfsr
   108 2031 A9 80 8D 08 D2			mva		#$80 audctl
   109 						
   110 						;begin test loop
   111 2036 A9 00 85 94 A9 38 + 		mwa		#testdata testptr
   112 						
   113 						;============================ MODE LOOP =============================
   114 						;This is where we loop through each ANTIC mode in turn.
   115 203E			testloop:
   116 203E A2 00				ldx		#0
   117 						
   118 						;=========================== OFFSET LOOP ============================
   119 						;This is where we loop through unblocked cycle offsets 0-6 for the
   120 						;mode line.
   121 2040			offsetloop:
   122 2040 86 96				stx		delyidx
   123 						
   124 						;wait for scanline 16 every four display slices, as that's what fits
   125 2042 A5 98				lda		dispslc
   126 2044 E6 98				inc		dispslc
   127 2046 29 03				and		#3
   128 2048 D0 07				bne		nowaitvbl
   129 						
   130 204A A9 08				lda		#8
   131 204C CD 0B D4 D0 FB			cmp:rne	vcount
   132 						
   133 2051			nowaitvbl:
   134 						;turn off playfield and display list DMA
   135 2051 A9 00 8D 00 D4			mva		#0 dmactl
   136 						
   137 						;wait for end of scanline
   138 2056 8D 0A D4				sta		wsync
   139 						
   140 						;reset display list -- it's a little too tight to do this before the
   141 						;the display list read, so we safely wait past it and blow a scanline;
   142 						;this requires a minimum of 18 cycles of delay
   143 2059 48 68				pha:pla
   144 205B 48 68				pha:pla
   145 205D 68 68				pla:pla
   146 205F A9 00 8D 02 D4 A9 + 		mwa		#dlist dlistl
   147 						
   148 						;wait for wsync again and turn display DMA back on
   149 2069 A9 22				lda		#$22
   150 206B 8D 0A D4				sta		wsync
   151 206E 8D 00 D4				sta		dmactl
   152
   153 						;signal DLI handler to run
   154 2071 A9 FF 85 97				mva		#$ff profrdy
   155 						
   156 						;wait for DLI to occur
   157 2075 A5 97 D0 FC				lda:rne	profrdy
   158 						
   159 						;set up LFSR index to point to the right location -- we need to be four
   160 						;scanlines + 7 cycles past (106 -> 113) = 463 cycles ahead, but we need
   161 						;one cycle less since we increment at the start below
   162 2079 A5 C0				lda		a0
   163 207B 18					clc
   164 207C 69 5C				adc		#<[462-114]
   165 207E 85 C0				sta		a0
   166 2080 A5 C1				lda		a0+1
   167 2082 29 01				and		#$01
   168 2084 69 01				adc		#>[462-114]
   169 2086			lfsrptrnorm:
   170 2086 C9 02				cmp		#2
   171 2088 90 0B				bcc		lfsrptrok
   172 208A 29 01				and		#1
   173 208C E6 C0				inc		a0
   174 208E D0 05				bne		lfsrptrok
   175 2090 18					clc
   176 2091 69 01				adc		#1
   177 2093 90 F1				bcc		lfsrptrnorm
   178 2095			lfsrptrok:
   179 2095 09 30				ora		#>lfsrtab
   180 2097 85 C1				sta		a0+1
   181 						
   182 						;compute the initial index in unblocked cycles; we need to skip this many
   183 						;in the data.
   184 2099 A5 96				lda		delyidx
   185 209B 4A					lsr
   186 209C AA					tax
   187 209D E8					inx
   188 						
   189 						;============================ SCAN LOOP =============================
   190 						;Here we walk through the test data every 7 unblocked cycles, checking
   191 						;that LFSR values are as expected.
   192 						;
   193 						;	X		Number of unblocked cycles left to advance
   194 						;	Y		Index into test data
   195 						;	A0		Current LFSR data pointer
   196 						;	D0		Current test data; shifted left
   197 						;	D1		Bit counter ($01, $02, $04....)
   198 						;	D2		Temporary
   199 						;	D3		result index
   200 						
   201 						;reset result index
   202 209E A9 00 85 CB				mva		#0 d3
   203 						
   204 						;load first test byte and bit indicator
   205 20A2 A0 01				ldy		#1
   206 20A4 84 C9				sty		d1
   207 20A6 18 A5 94 69 02 8D + 		adw		testptr #2 testpt2
   208 20B5 B1 94 85 C8				mva		(testptr),y d0
   209 						
   210 20B9 A4 C0				ldy		a0
   211 20BB A9 00 85 C0				mva		#0 a0
   212 20BF 4C 26 21				jmp		sevenloop
   213 						
   214 20C2					.align	256
   215
   216 2100			lfsrinc2:
   217 2100-23F6> 48				pha
   218 2101 E6 C1				inc		a0+1
   219 2103 A5 C1				lda		a0+1
   220 2105 C9 32				cmp		#$32
   221 2107 68					pla
   222 2108 90 21				bcc		lfsrinc1
   223 210A C8					iny
   224 210B 48					pha
   225 210C A9 30 85 C1				mva		#>lfsrtab a0+1
   226 2110 68					pla
   227 2111 B0 18				bcs		lfsrinc1
   228
   229 2113			load_new_byte:		
   230 						;load next test byte
   231 2113 AD 00 00				lda.w	$0
   232 = 2114			testpt2 = *-2
   233
   234 2116 EE 14 21 D0 03 EE + 		inw		testpt2
   235 						
   236 						;check if we're done
   237 211E C9 A5				cmp		#$a5
   238 2120 F0 5C				beq		bitscancomplete
   239 						
   240 						;reset byte flag
   241 2122 E6 C9				inc		d1
   242 2124 D0 0C				bne		samebyte
   243
   244 2126			sevenloop:
   245 2126 A5 C8				lda		d0
   246 2128			bitloop:
   247 2128			isblocked:
   248 						;advance to next LFSR index
   249 2128 C8					iny
   250 2129 F0 D5				beq		lfsrinc2
   251 212B			lfsrinc1:
   252
   253 						;advance to next bit in test stream
   254 212B 2A					rol
   255 212C 26 CA				rol		d2
   256 212E 06 C9				asl		d1
   257 2130 B0 E1				bcs		load_new_byte		
   258 2132			samebyte:
   259 						;keep going if this is a blocked cycle
   260 2132 66 CA				ror		d2
   261 2134 B0 F2				bcs		isblocked
   262 						
   263 						;keep going if we still need to skip unblocked cycles
   264 2136 CA					dex
   265 2137 D0 EF				bne		bitloop
   266 						
   267 2139 85 C8				sta		d0
   268 						
   269 						;check if the LFSR value matches
   270 213B A6 CB				ldx		d3
   271 213D E6 CB				inc		d3
   272 213F B5 80				lda		quickrs,x
   273 2141 D1 C0				cmp		(a0),y
   274 2143 D0 05				bne		randfail
   275
   276 						;go back to check another value 7 unblocked cycles later
   277 2145 A2 07				ldx		#7
   278 2147 4C 26 21				jmp		sevenloop
   279 						
   280 214A			randfail:
   281 						;uh oh....
   282 214A A0 00				ldy		#0
   283 214C B1 94				lda		(testptr),y
   284 214E 4A					lsr
   285 214F 4A					lsr
   286 2150 85 C9				sta		d1
   287 2152 B1 94				lda		(testptr),y
   288 2154 29 03				and		#3
   289 2156 18					clc
   290 2157 69 61				adc		#'a'
   291 2159 85 CA				sta		d2
   292 215B					_FAIL	c"Incorrect timing for mode %x-%c"
Macro: _FAIL [Source: library.s]
     1 215B 20 0D 1E			jsr		_testFailed
     2 215E 49 6E 63 6F 72 72 + 	dta		c"Incorrect timing for mode %x-%c",0
Source: antic_dmapattern.s
   293 						
   294 217E			bitscancomplete:
   295 						;========================== END SCAN LOOP ===========================
   296 						
   297 						;continue until we've done all 7 offsets
   298 217E A6 96				ldx		delyidx
   299 2180 E8					inx
   300 2181 E8					inx
   301 2182 E0 0E				cpx		#14
   302 2184 F0 03 4C 40 20			seq:jmp	offsetloop
   303 						
   304 						;========================= END OFFSET LOOP ==========================
   305 						
   306 						;bump up test pointer by test size (16 bytes)
   307 2189 A5 94				lda		testptr
   308 218B 18					clc
   309 218C 69 10				adc		#16
   310 218E 85 94				sta		testptr
   311 2190 90 02 E6 95				scc:inc	testptr+1
   312 						
   313 						;continue if we still have tests
   314 2194 A0 00				ldy		#0
   315 2196 B1 94				lda		(testptr),y
   316 2198 F0 03				beq		done
   317 219A 4C 3E 20				jmp		testloop
   318 						
   319 219D			done:
   320 						;all done!
   321 219D 4C F8 1D				jmp		_testPassed
   322 					
   323 				;=========================================================================
   324 21A0			.proc	dli
   325 21A0 48					pha
   326 								
   327 						;check if we've should run
   328 21A1 A5 97				lda		profrdy
   329 21A3 F0 2C				beq		xit
   330 						
   331 						;immediately block to prevent recursion
   332 21A5 E6 97				inc		profrdy
   333 						
   334 						;save X/Y
   335 21A7 84 9A				sty		ysave
   336 21A9 86 99				stx		xsave
   337
   338 						;modify display list mode byte
   339 21AB A0 00				ldy		#0
   340 21AD B1 94				lda		(testptr),y
   341 21AF 4A					lsr
   342 21B0 08					php
   343 21B1 4A					lsr
   344 21B2 09 40				ora		#$40
   345 21B4 8D 02 28				sta		dlmode
   346 						
   347 21B7 A9 21				lda		#$21
   348 21B9 69 00				adc		#0
   349 21BB 8D 00 D4				sta		dmactl
   350 21BE 28					plp
   351 						
   352 						;check if we need to skip an extra line
   353 21BF 90 03				bcc		noxline
   354 21C1 8D 0A D4				sta		wsync			;end scanline 16
   355 21C4			noxline:
   356
   357 21C4 8D 0A D4				sta		wsync			;end scanline 16/17
   358
   359 						;dispatch to routine
   360 21C7 20 D3 21				jsr		doProfile
   361 						
   362 						;decode the starting offset
   363 21CA 20 68 22				jsr		unrand
   364
   365 21CD A6 99				ldx		xsave
   366 21CF A4 9A				ldy		ysave
   367
   368 21D1			xit:
   369 21D1 68					pla
   370 21D2 40					rti
   371
   372 21D3			doProfile:
   373 21D3 A6 96				ldx		delyidx
   374 21D5 BD DF 21				lda		routines+1,x
   375 21D8 48					pha
   376 21D9 BD DE 21				lda		routines,x
   377 21DC 48					pha
   378 21DD 60					rts
   379 						
   380 21DE			routines:
   381 21DE 2E 23				dta		a(profileDelay0-1)
   382 21E0 46 23				dta		a(profileDelay1-1)
   383 21E2 5E 23				dta		a(profileDelay2-1)
   384 21E4 77 23				dta		a(profileDelay3-1)
   385 21E6 91 23				dta		a(profileDelay4-1)
   386 21E8 AC 23				dta		a(profileDelay5-1)
   387 21EA C7 23				dta		a(profileDelay6-1)
   388 				.endp
   389
   390 				;=========================================================================	
   391 21EC			.proc genlfsr9
   392 21EC A9 00 85 CA				mva		#0 d2
   393 21F0 A0 01				ldy		#1
   394 21F2 A9 00 85 C0 A9 30 + 		mwa		#lfsrtab a0
   395 21FA A9 FF				lda		#$ff
   396 21FC 85 C8				sta		d0
   397 21FE 18					clc
   398 21FF 08					php
   399 2200			loop2:
   400 2200 28					plp
   401 2201			loop:
   402 2201 A5 C8 91 C0				mva		d0	(a0),y
   403 2205 AA					tax
   404 2206 98					tya
   405 2207 90 0A				bcc		low
   406 2209 9D 00 36				sta		lfsrlo1,x
   407 220C A5 CA 9D 00 37			mva		d2 lfsrhi1,x
   408 2211 B0 08				bcs		hi
   409 2213			low:
   410 2213 9D 00 34				sta		lfsrlo0,x
   411 2216 A5 CA 9D 00 35			mva		d2 lfsrhi0,x
   412 221B			hi:
   413 221B 66 C8				ror		d0
   414 221D 66 C9				ror		d1
   415 221F 8A					txa
   416 2220 2A					rol
   417 2221 2A					rol
   418 2222 45 C9				eor		d1
   419 2224 2A					rol
   420 2225 C8					iny
   421 2226 D0 D9				bne		loop
   422 2228 08					php
   423 2229 E6 C1				inc		a0+1
   424 222B E6 CA				inc		d2
   425 222D A5 CA				lda		d2
   426 222F C9 02				cmp		#2
   427 2231 D0 CD				bne		loop2
   428 2233 28					plp
   429 						
   430 						;add 114 to all values (needed by unrand)
   431 2234 A2 00				ldx		#0
   432 2236			addloop:
   433 2236 BD 00 34 85 92			mva		lfsrlo0,x randpos
   434 223B BD 00 35 85 93			mva		lfsrhi0,x randpos+1
   435 2240 20 BB 22				jsr		add114
   436 2243 A5 C0 9D 00 34			mva		a0 lfsrlo0,x
   437 2248 A5 C1 9D 00 35			mva		a0+1 lfsrhi0,x
   438
   439 224D BD 00 36 85 92			mva		lfsrlo1,x randpos
   440 2252 BD 00 37 85 93			mva		lfsrhi1,x randpos+1
   441 2257 20 BB 22				jsr		add114
   442 225A A5 C0 9D 00 36			mva		a0 lfsrlo1,x
   443 225F A5 C1 9D 00 37			mva		a0+1 lfsrhi1,x
   444 						
   445 2264 E8					inx
   446 2265 D0 CF				bne		addloop
   447 						
   448 2267 60					rts
   449 				.endp
   450
   451 				;=========================================================================
   452 				; unrand
   453 				;
   454 				; Converts rand1/rand2 pair into randpos index.
   455 				;
   456 2268			.proc	unrand
   457 						;try first with high bit = 0
   458 2268 A6 90				ldx		rand1
   459 226A BD 00 34 85 C0			mva		lfsrlo0,x a0
   460 226F BD 00 35 85 C1			mva		lfsrhi0,x a0+1
   461 2274 A0 00				ldy		#0
   462 2276 A5 91				lda		rand2
   463 2278 D1 C0				cmp		(a0),y
   464 227A F0 3E				beq		foundit
   465 						
   466 						;nope... try with high bit = 1
   467 227C A6 90				ldx		rand1
   468 227E BD 00 36 85 C0			mva		lfsrlo1,x a0
   469 2283 BD 00 37 85 C1			mva		lfsrhi1,x a0+1
   470 2288 A5 91				lda		rand2
   471 228A D1 C0				cmp		(a0),y
   472 228C F0 2C				beq		foundit
   473 						
   474 						;whoops... we can't decode this pair!
   475 228E A5 90 85 C9				mva		rand1 d1
   476 2292 A5 91 85 CA				mva		rand2 d2
   477 2296					_FAIL	c"Cannot decode random pair: %x %x"
Macro: _FAIL [Source: library.s]
     1 2296 20 0D 1E			jsr		_testFailed
     2 2299 43 61 6E 6E 6F 74 + 	dta		c"Cannot decode random pair: %x %x",0
Source: antic_dmapattern.s
   478 						
   479 22BA			foundit:
   480 22BA 60					rts
   481 				.endp
   482
   483 22BB			.proc add114
   484 22BB A5 92				lda		randpos
   485 22BD 18					clc
   486 22BE 69 72				adc		#114
   487 22C0 85 C0				sta		a0
   488 22C2 A5 93				lda		randpos+1
   489 22C4 69 00				adc		#0
   490 22C6 C9 02				cmp		#2
   491 22C8 90 08				bcc		add114_nocarry
   492 						
   493 						;whoops, we've wrapped... subtract 511.
   494 22CA A9 00				lda		#0
   495 22CC E6 C0				inc		a0
   496 22CE D0 02 A9 01				sne:lda	#1
   497 22D2			add114_nocarry:
   498 22D2 09 30				ora		#>lfsrtab
   499 22D4 85 C1				sta		a0+1
   500 22D6 60					rts
   501 				.endp
   502
   503 				;=========================================================================	
   504 22D7			.proc profile
   505 22D7 AD FF FF				lda		$ffff				;106, 107, 108, 109
   506 22DA AD 0A D2 85 80			mva		random quickrs+0	;110, 111, 112, [113]...
   507 22DF AD 0A D2 85 81			mva		random quickrs+1
   508 22E4 AD 0A D2 85 82			mva		random quickrs+2
   509 22E9 AD 0A D2 85 83			mva		random quickrs+3
   510 22EE AD 0A D2 85 84			mva		random quickrs+4
   511 22F3 AD 0A D2 85 85			mva		random quickrs+5
   512 22F8 AD 0A D2 85 86			mva		random quickrs+6
   513 22FD AD 0A D2 85 87			mva		random quickrs+7
   514 2302 AD 0A D2 85 88			mva		random quickrs+8
   515 2307 AD 0A D2 85 89			mva		random quickrs+9
   516 230C AD 0A D2 85 8A			mva		random quickrs+10
   517 2311 AD 0A D2 85 8B			mva		random quickrs+11
   518 2316 AD 0A D2 85 8C			mva		random quickrs+12
   519 231B AD 0A D2 85 8D			mva		random quickrs+13
   520 2320 AD 0A D2 85 8E			mva		random quickrs+14
   521 2325 AD 0A D2 85 8F			mva		random quickrs+15
   522 232A 86 90				stx		rand1
   523 232C 84 91				sty		rand2
   524 232E 60					rts
   525 				.endp
   526
   527 				;=========================================================================	
   528 232F			.proc profileDelay0
   529 232F 8D 0A D4				sta		wsync		;end of scanline 19/20
   530 2332 AE 0A D2				ldx		random
   531 2335 8D 0A D4				sta		wsync		;end of scanline 20/21
   532 2338 AC 0A D2				ldy		random
   533 233B 8D 0A D4				sta		wsync		;end of scanline 21/22
   534 233E 8D 0A D4				sta		wsync		;end of scanline 22/23
   535 2341 8D 0A D4				sta		wsync		;end of scanline 23/24
   536 2344 4C D7 22				jmp		profile		;*, 104, 105
   537 				.endp
   538
   539 				;=========================================================================	
   540 2347			.proc profileDelay1
   541 2347 8D 0A D4				sta		wsync
   542 234A AE 0A D2				ldx		random
   543 234D 8D 0A D4				sta		wsync
   544 2350 AC 0A D2				ldy		random
   545 2353 8D 0A D4				sta		wsync
   546 2356 8D 0A D4				sta		wsync
   547 2359 EE 0A D4				inc		wsync
   548 235C 4C D7 22				jmp		profile
   549 				.endp
   550
   551 				;=========================================================================	
   552 235F			.proc profileDelay2
   553 235F 8D 0A D4				sta		wsync
   554 2362 AE 0A D2				ldx		random
   555 2365 8D 0A D4				sta		wsync
   556 2368 AC 0A D2				ldy		random
   557 236B 8D 0A D4				sta		wsync
   558 236E 8D 0A D4				sta		wsync
   559 2371 8D 0A D4				sta		wsync
   560 2374 EA					nop
   561 2375 4C D7 22				jmp		profile
   562 				.endp
   563
   564 				;=========================================================================	
   565 2378			.proc profileDelay3
   566 2378 8D 0A D4				sta		wsync
   567 237B AE 0A D2				ldx		random
   568 237E 8D 0A D4				sta		wsync
   569 2381 AC 0A D2				ldy		random
   570 2384 8D 0A D4				sta		wsync
   571 2387 8D 0A D4				sta		wsync
   572 238A 8D 0A D4				sta		wsync
   573 238D A5 FF				lda		$ff
   574 238F 4C D7 22				jmp		profile
   575 				.endp
   576
   577 				;=========================================================================	
   578 2392			.proc profileDelay4
   579 2392 8D 0A D4				sta		wsync
   580 2395 AE 0A D2				ldx		random
   581 2398 8D 0A D4				sta		wsync
   582 239B AC 0A D2				ldy		random
   583 239E 8D 0A D4				sta		wsync
   584 23A1 8D 0A D4				sta		wsync
   585 23A4 8D 0A D4				sta		wsync
   586 23A7 AD FF FF				lda		$ffff
   587 23AA 4C D7 22				jmp		profile
   588 				.endp
   589
   590 				;=========================================================================	
   591 23AD			.proc profileDelay5
   592 23AD 8D 0A D4				sta		wsync
   593 23B0 AE 0A D2				ldx		random
   594 23B3 8D 0A D4				sta		wsync
   595 23B6 AC 0A D2				ldy		random
   596 23B9 8D 0A D4				sta		wsync
   597 23BC 8D 0A D4				sta		wsync
   598 23BF 8D 0A D4				sta		wsync
   599 23C2 A5 FF				lda		$ff
   600 23C4 EA					nop
   601 23C5 4C D7 22				jmp		profile
   602 				.endp
   603
   604 				;=========================================================================	
   605 23C8			.proc profileDelay6
   606 23C8 8D 0A D4				sta		wsync
   607 23CB AE 0A D2				ldx		random
   608 23CE 8D 0A D4				sta		wsync
   609 23D1 AC 0A D2				ldy		random
   610 23D4 8D 0A D4				sta		wsync
   611 23D7 8D 0A D4				sta		wsync
   612 23DA 8D 0A D4				sta		wsync
   613 23DD AD FF FF				lda		$ffff
   614 23E0 EA					nop
   615 23E1 4C D7 22				jmp		profile
   616 				.endp
   617
   618 				;=========================================================================	
   619 						
   620 23E4			testname:
   621 23E4 41 4E 54 49 43 3A + 		dta		c"ANTIC: DMA pattern",0	
   622
   623 23F7					org		$2800
   624 2800			dlist:
   625 2800-2807> 80				dta		$80
   626 2801 40					dta		$40
   627 2802			dlmode:
   628 2802 21 E4 23				dta		$21,a(testname)	;dummy data
   629 2805			dljam:
   630 						;we purposely use a jump here instead of JVB, as you can't break
   631 						;out of a JVB manually
   632 2805 01 05 28				dta		$01,a(dljam)
   633
   634 = 3000			lfsrtab	equ		$3000		;512 bytes (first byte is not used)
   635 = 3400			lfsrlo0	equ		$3400
   636 = 3500			lfsrhi0	equ		$3500
   637 = 3600			lfsrlo1	equ		$3600
   638 = 3700			lfsrhi1	equ		$3700
   639
   640 2808					org		$3800
   641
   642 				; Test data
   643 				;
   644 				; The first byte is mode*2 + second_line; the subsequent bytes are the
   645 				; DMA cycle pattern.
   646 3800			testdata:		
   647 				;narrow playfield
   648 				;				                                                                                                                                  1           1
   649 				;				                  1           2           3             4           5           6           7             8           9           0           1
   650 				;				      0123456  78901234  56789012  34567890  12345678  90123456  78901234  56789012  34567890  12345678  90123456  78901234  56789012  34567890
   651 3800-3B20> 08 43 00 00 + mode2a	dta		$08,%01000011,%00000000,%00000000,%01101111,%11111111,%11111111,%11111111,%11111111,%11111111,%11111111,%11111111,%11110000,%00000000,%00000000,$A5
   652 3810 09 00 00 00 47 77 + mode2b	dta		$09,%00000000,%00000000,%00000000,%01000111,%01110111,%01110111,%01110111,%01110101,%01010101,%01010101,%01010101,%01010000,%00000000,%00000000,$A5
   653 3820 0C 43 00 00 6F FF + mode3a	dta		$0c,%01000011,%00000000,%00000000,%01101111,%11111111,%11111111,%11111111,%11111111,%11111111,%11111111,%11111111,%11110000,%00000000,%00000000,$A5
   654 3830 0D 00 00 00 47 77 + mode3b	dta		$0d,%00000000,%00000000,%00000000,%01000111,%01110111,%01110111,%01110111,%01110101,%01010101,%01010101,%01010101,%01010000,%00000000,%00000000,$A5
   655 3840 10 43 00 00 6F FF + mode4a	dta		$10,%01000011,%00000000,%00000000,%01101111,%11111111,%11111111,%11111111,%11111111,%11111111,%11111111,%11111111,%11110000,%00000000,%00000000,$A5
   656 3850 11 00 00 00 47 77 + mode4b	dta		$11,%00000000,%00000000,%00000000,%01000111,%01110111,%01110111,%01110111,%01110101,%01010101,%01010101,%01010101,%01010000,%00000000,%00000000,$A5
   657 3860 10 43 00 00 6F FF + mode5a	dta		$10,%01000011,%00000000,%00000000,%01101111,%11111111,%11111111,%11111111,%11111111,%11111111,%11111111,%11111111,%11110000,%00000000,%00000000,$A5
   658 3870 11 00 00 00 47 77 + mode5b	dta		$11,%00000000,%00000000,%00000000,%01000111,%01110111,%01110111,%01110111,%01110101,%01010101,%01010101,%01010101,%01010000,%00000000,%00000000,$A5
   659 3880 18 43 00 00 67 77 + mode6a	dta		$18,%01000011,%00000000,%00000000,%01100111,%01110111,%01110111,%01110111,%01110110,%01100110,%01100110,%01100110,%01000000,%00000000,%00000000,$A5
   660 3890 19 00 00 00 46 66 + mode6b	dta		$19,%00000000,%00000000,%00000000,%01000110,%01100110,%01100110,%01100110,%01100100,%01000100,%01000100,%01000100,%01000000,%00000000,%00000000,$A5
   661 38A0 1C 43 00 00 67 77 + mode7a	dta		$1c,%01000011,%00000000,%00000000,%01100111,%01110111,%01110111,%01110111,%01110110,%01100110,%01100110,%01100110,%01000000,%00000000,%00000000,$A5
   662 38B0 1D 00 00 00 46 66 + mode7b	dta		$1d,%00000000,%00000000,%00000000,%01000110,%01100110,%01100110,%01100110,%01100100,%01000100,%01000100,%01000100,%01000000,%00000000,%00000000,$A5
   663 38C0 20 43 00 00 4C 4C + mode8a	dta		$20,%01000011,%00000000,%00000000,%01001100,%01001100,%01001100,%01001100,%01001000,%00001000,%00001000,%00001000,%00000000,%00000000,%00000000,$A5
   664 38D0 21 00 00 00 44 44 + mode8b	dta		$21,%00000000,%00000000,%00000000,%01000100,%01000100,%01000100,%01000100,%01000000,%00000000,%00000000,%00000000,%00000000,%00000000,%00000000,$A5
   665 38E0 24 43 00 00 4C 4C + mode9a	dta		$24,%01000011,%00000000,%00000000,%01001100,%01001100,%01001100,%01001100,%01001000,%00001000,%00001000,%00001000,%00000000,%00000000,%00000000,$A5
   666 38F0 25 00 00 00 44 44 + mode9b	dta		$25,%00000000,%00000000,%00000000,%01000100,%01000100,%01000100,%01000100,%01000000,%00000000,%00000000,%00000000,%00000000,%00000000,%00000000,$A5
   667 3900 28 43 00 00 4C CC + modeaa	dta		$28,%01000011,%00000000,%00000000,%01001100,%11001100,%11001100,%11001100,%11001000,%10001000,%10001000,%10001000,%10000000,%00000000,%00000000,$A5
   668 3910 29 00 00 00 44 44 + modeab	dta		$29,%00000000,%00000000,%00000000,%01000100,%01000100,%01000100,%01000100,%01000000,%00000000,%00000000,%00000000,%00000000,%00000000,%00000000,$A5
   669 3920 2C 43 00 00 4C CC + modeba	dta		$2c,%01000011,%00000000,%00000000,%01001100,%11001100,%11001100,%11001100,%11001000,%10001000,%10001000,%10001000,%10000000,%00000000,%00000000,$A5
   670 3930 2D 00 00 00 44 44 + modebb	dta		$2d,%00000000,%00000000,%00000000,%01000100,%01000100,%01000100,%01000100,%01000000,%00000000,%00000000,%00000000,%00000000,%00000000,%00000000,$A5
   671 3940 30 43 00 00 4C CC + modeca	dta		$30,%01000011,%00000000,%00000000,%01001100,%11001100,%11001100,%11001100,%11001000,%10001000,%10001000,%10001000,%10000000,%00000000,%00000000,$A5
   672 3950 34 43 00 00 4E EE + modeda	dta		$34,%01000011,%00000000,%00000000,%01001110,%11101110,%11101110,%11101110,%11101010,%10101010,%10101010,%10101010,%10100000,%00000000,%00000000,$A5
   673 3960 35 00 00 00 44 44 + modedb	dta		$35,%00000000,%00000000,%00000000,%01000100,%01000100,%01000100,%01000100,%01000000,%00000000,%00000000,%00000000,%00000000,%00000000,%00000000,$A5
   674 3970 38 43 00 00 4E EE + modeea	dta		$38,%01000011,%00000000,%00000000,%01001110,%11101110,%11101110,%11101110,%11101010,%10101010,%10101010,%10101010,%10100000,%00000000,%00000000,$A5
   675 3980 3C 43 00 00 4E EE + modefa	dta		$3c,%01000011,%00000000,%00000000,%01001110,%11101110,%11101110,%11101110,%11101010,%10101010,%10101010,%10101010,%10100000,%00000000,%00000000,$A5
   676 				;normal playfield
   677 				;				                                                                                                                                  1           1
   678 				;				                  1           2           3             4           5           6           7             8           9           0           1
   679 				;				      0123456  78901234  56789012  34567890  12345678  90123456  78901234  56789012  34567890  12345678  90123456  78901234  56789012  34567890    
   680 3990 0A 43 00 2F FF FF + mode2c	dta		$0a,%01000011,%00000000,%00101111,%11111111,%11111111,%11111111,%11111111,%11111111,%11111111,%11111111,%11111111,%11111111,%11110000,%00000000,$A5
   681 39A0 0B 00 00 05 77 77 + mode2d	dta		$0b,%00000000,%00000000,%00000101,%01110111,%01110111,%01110111,%01110111,%01110101,%01010101,%01010101,%01010101,%01010101,%01010000,%00000000,$A5
   682 39B0 0E 43 00 2F FF FF + mode3c	dta		$0e,%01000011,%00000000,%00101111,%11111111,%11111111,%11111111,%11111111,%11111111,%11111111,%11111111,%11111111,%11111111,%11110000,%00000000,$A5
   683 39C0 0F 00 00 05 77 77 + mode3d	dta		$0f,%00000000,%00000000,%00000101,%01110111,%01110111,%01110111,%01110111,%01110101,%01010101,%01010101,%01010101,%01010101,%01010000,%00000000,$A5
   684 39D0 12 43 00 2F FF FF + mode4c	dta		$12,%01000011,%00000000,%00101111,%11111111,%11111111,%11111111,%11111111,%11111111,%11111111,%11111111,%11111111,%11111111,%11110000,%00000000,$A5
   685 39E0 13 00 00 05 77 77 + mode4d	dta		$13,%00000000,%00000000,%00000101,%01110111,%01110111,%01110111,%01110111,%01110101,%01010101,%01010101,%01010101,%01010101,%01010000,%00000000,$A5
   686 39F0 16 43 00 2F FF FF + mode5c	dta		$16,%01000011,%00000000,%00101111,%11111111,%11111111,%11111111,%11111111,%11111111,%11111111,%11111111,%11111111,%11111111,%11110000,%00000000,$A5
   687 3A00 17 00 00 05 77 77 + mode5d	dta		$17,%00000000,%00000000,%00000101,%01110111,%01110111,%01110111,%01110111,%01110101,%01010101,%01010101,%01010101,%01010101,%01010000,%00000000,$A5
   688 3A10 1A 43 00 26 77 77 + mode6c	dta		$1a,%01000011,%00000000,%00100110,%01110111,%01110111,%01110111,%01110111,%01110110,%01100110,%01100110,%01100110,%01100110,%01000000,%00000000,$A5
   689 3A20 1B 00 00 04 66 66 + mode6d	dta		$1b,%00000000,%00000000,%00000100,%01100110,%01100110,%01100110,%01100110,%01100100,%01000100,%01000100,%01000100,%01000100,%01000000,%00000000,$A5
   690 3A30 1E 43 00 26 77 77 + mode7c	dta		$1e,%01000011,%00000000,%00100110,%01110111,%01110111,%01110111,%01110111,%01110110,%01100110,%01100110,%01100110,%01100110,%01000000,%00000000,$A5
   691 3A40 1F 00 00 04 66 66 + mode7d	dta		$1f,%00000000,%00000000,%00000100,%01100110,%01100110,%01100110,%01100110,%01100100,%01000100,%01000100,%01000100,%01000100,%01000000,%00000000,$A5
   692 3A50 22 43 00 08 4C 4C + mode8c	dta		$22,%01000011,%00000000,%00001000,%01001100,%01001100,%01001100,%01001100,%01001000,%00001000,%00001000,%00001000,%00001000,%00000000,%00000000,$A5
   693 3A60 23 00 00 00 44 44 + mode8d	dta		$23,%00000000,%00000000,%00000000,%01000100,%01000100,%01000100,%01000100,%01000000,%00000000,%00000000,%00000000,%00000000,%00000000,%00000000,$A5
   694 3A70 26 43 00 08 4C 4C + mode9c	dta		$26,%01000011,%00000000,%00001000,%01001100,%01001100,%01001100,%01001100,%01001000,%00001000,%00001000,%00001000,%00001000,%00000000,%00000000,$A5
   695 3A80 27 00 00 00 44 44 + mode9d	dta		$27,%00000000,%00000000,%00000000,%01000100,%01000100,%01000100,%01000100,%01000000,%00000000,%00000000,%00000000,%00000000,%00000000,%00000000,$A5
   696 3A90 2A 43 00 08 CC CC + modeac	dta		$2a,%01000011,%00000000,%00001000,%11001100,%11001100,%11001100,%11001100,%11001000,%10001000,%10001000,%10001000,%10001000,%10000000,%00000000,$A5
   697 3AA0 2B 00 00 00 44 44 + modead	dta		$2b,%00000000,%00000000,%00000000,%01000100,%01000100,%01000100,%01000100,%01000000,%00000000,%00000000,%00000000,%00000000,%00000000,%00000000,$A5
   698 3AB0 2E 43 00 08 CC CC + modebc	dta		$2e,%01000011,%00000000,%00001000,%11001100,%11001100,%11001100,%11001100,%11001000,%10001000,%10001000,%10001000,%10001000,%10000000,%00000000,$A5
   699 3AC0 2F 00 00 00 44 44 + modebd	dta		$2f,%00000000,%00000000,%00000000,%01000100,%01000100,%01000100,%01000100,%01000000,%00000000,%00000000,%00000000,%00000000,%00000000,%00000000,$A5
   700 3AD0 32 43 00 08 CC CC + modecc	dta		$32,%01000011,%00000000,%00001000,%11001100,%11001100,%11001100,%11001100,%11001000,%10001000,%10001000,%10001000,%10001000,%10000000,%00000000,$A5
   701 3AE0 36 43 00 0A EE EE + modedc	dta		$36,%01000011,%00000000,%00001010,%11101110,%11101110,%11101110,%11101110,%11101010,%10101010,%10101010,%10101010,%10101010,%10100000,%00000000,$A5
   702 3AF0 37 00 00 00 44 44 + modedd	dta		$37,%00000000,%00000000,%00000000,%01000100,%01000100,%01000100,%01000100,%01000000,%00000000,%00000000,%00000000,%00000000,%00000000,%00000000,$A5
   703 3B00 3A 43 00 0A EE EE + modeec	dta		$3a,%01000011,%00000000,%00001010,%11101110,%11101110,%11101110,%11101110,%11101010,%10101010,%10101010,%10101010,%10101010,%10100000,%00000000,$A5
   704 3B10 3E 43 00 0A EE EE + modefc	dta		$3e,%01000011,%00000000,%00001010,%11101110,%11101110,%11101110,%11101110,%11101010,%10101010,%10101010,%10101010,%10101010,%10100000,%00000000,$A5
   705 3B20 00					dta		$00
   706
   707 02E0-02E1> 00 20				run		$2000
   708 						end
