
///////////////////////////////////
// Efinity Synthesis Started 
// May 07, 2026 11:39:37
///////////////////////////////////

[EFX-0011 VERI-WARNING] parameter '**' becomes localparam in '**' with formal parameter declaration list (VERI-1199) (/home/simon/src/efinity/project/ip_project/ip/hyperram/hyperram.sv:4950)
[EFX-0011 VERI-WARNING] parameter '**' becomes localparam in '**' with formal parameter declaration list (VERI-1199) (/home/simon/src/efinity/project/ip_project/ip/hyperram/hyperram.sv:5283)
[EFX-0011 VERI-WARNING] port 'ram_clk_cal_2' is not connected on this instance (VERI-2435) (/home/simon/src/efinity/project/ip_project/ip/hyperram/hyperram.sv:174)
[EFX-0011 VERI-WARNING] port 'io_axi_clk' remains unconnected for this instance (VERI-1927) (/home/simon/src/efinity/project/ip_project/ip/hyperram/hyperram.sv:174)
[EFX-0011 VERI-WARNING] port '**' remains unconnected for this instance (VERI-1927) (/home/simon/src/efinity/project/ip_project/ip/hyperram/hyperram.sv:4950)
[EFX-0011 VERI-WARNING] expression size 32 truncated to fit in target size 5 (VERI-1209) (/home/simon/src/efinity/project/ip_project/ip/hyperram/hyperram.sv:5765)
[EFX-0011 VERI-WARNING] expression size 32 truncated to fit in target size 7 (VERI-1209) (/home/simon/src/efinity/project/ip_project/ip/hyperram/hyperram.sv:5766)
[EFX-0011 VERI-WARNING] expression size 32 truncated to fit in target size 5 (VERI-1209) (/home/simon/src/efinity/project/ip_project/ip/hyperram/hyperram.sv:5780)
[EFX-0011 VERI-WARNING] expression size 32 truncated to fit in target size 3 (VERI-1209) (/home/simon/src/efinity/project/ip_project/ip/hyperram/hyperram.sv:5781)
[EFX-0011 VERI-WARNING] expression size ** truncated to fit in target size ** (VERI-1209) (/home/simon/src/efinity/project/ip_project/ip/hyperram/hyperram.sv:4950)
[EFX-0011 VERI-WARNING] expression size ** truncated to fit in target size ** (VERI-1209) (/home/simon/src/efinity/project/ip_project/ip/hyperram/hyperram.sv:3519)
[EFX-0011 VERI-WARNING] actual bit length ** differs from formal bit length *** for port '**' (VERI-1330) (/home/simon/src/efinity/project/ip_project/ip/hyperram/hyperram.sv:2325)
[EFX-0011 VERI-WARNING] expression size ** truncated to fit in target size ** (VERI-1209) (/home/simon/src/efinity/project/ip_project/ip/hyperram/hyperram.sv:4565)
[EFX-0011 VERI-WARNING] input port 'ram_clk_cal_2' remains unconnected for this instance (VDB-1053) (/home/simon/src/efinity/project/ip_project/ip/hyperram/hyperram.sv:134)
[EFX-0011 VERI-WARNING] input port 'io_axi_clk' is not connected on this instance (VDB-1013) (/home/simon/src/efinity/project/ip_project/ip/hyperram/hyperram.sv:134)
[EFX-0200 WARNING] Removing redundant signal : bit_xor. (/home/simon/src/efinity/project/ip_project/ip/hyperram/hyperram.sv:5399)
[EFX-0200 WARNING] Removing redundant signal : bit_xor.nex_bit[31]. (/home/simon/src/efinity/project/ip_project/ip/hyperram/hyperram.sv:5400)
[EFX-0200 WARNING] Removing redundant signal : bit_xor.nex_bit[30]. (/home/simon/src/efinity/project/ip_project/ip/hyperram/hyperram.sv:5400)
[EFX-0200 WARNING] Removing redundant signal : bit_xor.nex_bit[29]. (/home/simon/src/efinity/project/ip_project/ip/hyperram/hyperram.sv:5400)
[EFX-0200 WARNING] Removing redundant signal : bit_xor.nex_bit[28]. (/home/simon/src/efinity/project/ip_project/ip/hyperram/hyperram.sv:5400)
[EFX-0200 WARNING] Removing redundant signal : bit_xor.nex_bit[27]. (/home/simon/src/efinity/project/ip_project/ip/hyperram/hyperram.sv:5400)
[EFX-0200 WARNING] Removing redundant signal : bit_xor.nex_bit[26]. (/home/simon/src/efinity/project/ip_project/ip/hyperram/hyperram.sv:5400)
[EFX-0200 WARNING] Removing redundant signal : bit_xor.nex_bit[25]. (/home/simon/src/efinity/project/ip_project/ip/hyperram/hyperram.sv:5400)
[EFX-0200 WARNING] Removing redundant signal : bit_xor.nex_bit[24]. (/home/simon/src/efinity/project/ip_project/ip/hyperram/hyperram.sv:5400)
[EFX-0200 WARNING] Removing redundant signal : bit_xor.nex_bit[23]. (/home/simon/src/efinity/project/ip_project/ip/hyperram/hyperram.sv:5400)
[EFX-0200 WARNING] Removing redundant signal : bit_xor.nex_bit[22]. (/home/simon/src/efinity/project/ip_project/ip/hyperram/hyperram.sv:5400)
[EFX-0200 WARNING] Removing redundant signal : bit_xor.nex_bit[21]. (/home/simon/src/efinity/project/ip_project/ip/hyperram/hyperram.sv:5400)
[EFX-0200 WARNING] Removing redundant signal : bit_xor.nex_bit[20]. (/home/simon/src/efinity/project/ip_project/ip/hyperram/hyperram.sv:5400)
[EFX-0200 WARNING] Removing redundant signal : bit_xor.nex_bit[19]. (/home/simon/src/efinity/project/ip_project/ip/hyperram/hyperram.sv:5400)
[EFX-0200 WARNING] Removing redundant signal : bit_xor.nex_bit[18]. (/home/simon/src/efinity/project/ip_project/ip/hyperram/hyperram.sv:5400)
[EFX-0200 WARNING] Removing redundant signal : bit_xor.nex_bit[17]. (/home/simon/src/efinity/project/ip_project/ip/hyperram/hyperram.sv:5400)
[EFX-0200 WARNING] Removing redundant signal : bit_xor.nex_bit[16]. (/home/simon/src/efinity/project/ip_project/ip/hyperram/hyperram.sv:5400)
[EFX-0200 WARNING] Removing redundant signal : bit_xor.nex_bit[15]. (/home/simon/src/efinity/project/ip_project/ip/hyperram/hyperram.sv:5400)
[EFX-0200 WARNING] Removing redundant signal : bit_xor.nex_bit[14]. (/home/simon/src/efinity/project/ip_project/ip/hyperram/hyperram.sv:5400)
[EFX-0200 WARNING] Removing redundant signal : bit_xor.nex_bit[13]. (/home/simon/src/efinity/project/ip_project/ip/hyperram/hyperram.sv:5400)
[EFX-0201 WARNING] Re-wiring to GND non-driven net 'u_hbram_top.ram_clk_cal_2'. (/home/simon/src/efinity/project/ip_project/ip/hyperram/hyperram.sv:134)
[EFX-0201 WARNING] Re-wiring to GND non-driven net 'u_hbram_top.io_axi_clk'. (/home/simon/src/efinity/project/ip_project/ip/hyperram/hyperram.sv:134)
[EFX-0201 WARNING] Re-wiring to GND non-driven net 'u_hbram_top.io_arw_valid'. (/home/simon/src/efinity/project/ip_project/ip/hyperram/hyperram.sv:134)
[EFX-0201 WARNING] Re-wiring to GND non-driven net 'u_hbram_top.io_arw_payload_addr[31]'. (/home/simon/src/efinity/project/ip_project/ip/hyperram/hyperram.sv:134)
[EFX-0201 WARNING] Re-wiring to GND non-driven net 'u_hbram_top.io_arw_payload_addr[30]'. (/home/simon/src/efinity/project/ip_project/ip/hyperram/hyperram.sv:134)
[EFX-0201 WARNING] Re-wiring to GND non-driven net 'u_hbram_top.io_arw_payload_addr[29]'. (/home/simon/src/efinity/project/ip_project/ip/hyperram/hyperram.sv:134)
[EFX-0201 WARNING] Re-wiring to GND non-driven net 'u_hbram_top.io_arw_payload_addr[28]'. (/home/simon/src/efinity/project/ip_project/ip/hyperram/hyperram.sv:134)
[EFX-0201 WARNING] Re-wiring to GND non-driven net 'u_hbram_top.io_arw_payload_addr[27]'. (/home/simon/src/efinity/project/ip_project/ip/hyperram/hyperram.sv:134)
[EFX-0201 WARNING] Re-wiring to GND non-driven net 'u_hbram_top.io_arw_payload_addr[26]'. (/home/simon/src/efinity/project/ip_project/ip/hyperram/hyperram.sv:134)
[EFX-0201 WARNING] Re-wiring to GND non-driven net 'u_hbram_top.io_arw_payload_addr[25]'. (/home/simon/src/efinity/project/ip_project/ip/hyperram/hyperram.sv:134)
[EFX-0011 VERI-WARNING] Input/inout port native_ram_address[31] is unconnected. Place and route may remove this unconnected port. (VDB-8003) (/home/simon/src/efinity/project/ip_project/ip/hyperram/hyperram.sv:66)
[EFX-0011 VERI-WARNING] Input/inout port dyn_pll_phase_sel[2] is unconnected. Place and route may remove this unconnected port. (VDB-8003) (/home/simon/src/efinity/project/ip_project/ip/hyperram/hyperram.sv:87)
[EFX-0011 VERI-WARNING] Input/inout port dyn_pll_phase_en is unconnected. Place and route may remove this unconnected port. (VDB-8003) (/home/simon/src/efinity/project/ip_project/ip/hyperram/hyperram.sv:88)
[EFX-0011 VERI-WARNING] Net u_hbram_top/hbc_dq_OE_2[0] is dangling. (VDB-8009) 
[EFX-0011 VERI-WARNING] Net u_hbram_top/hbc_dq_OE_2[1] is dangling. (VDB-8009) 
[EFX-0011 VERI-WARNING] Net u_hbram_top/hbc_dq_OE_2[2] is dangling. (VDB-8009) 
[EFX-0011 VERI-WARNING] Net u_hbram_top/hbc_dq_OE_2[3] is dangling. (VDB-8009) 
[EFX-0011 VERI-WARNING] Net u_hbram_top/hbc_dq_OE_2[4] is dangling. (VDB-8009) 
[EFX-0011 VERI-WARNING] Net u_hbram_top/hbc_dq_OE_2[5] is dangling. (VDB-8009) 
[EFX-0011 VERI-WARNING] Net u_hbram_top/hbc_dq_OE_2[6] is dangling. (VDB-8009) 
[EFX-0011 VERI-WARNING] Net u_hbram_top/hbc_dq_OE_2[7] is dangling. (VDB-8009) 
[EFX-0011 VERI-WARNING] Found 14 warnings in the post-synthesis netlist. 
