
///////////////////////////////////
// Efinity Synthesis Started 
// May 07, 2026 11:39:37
///////////////////////////////////

[EFX-0012 VERI-INFO] default VHDL library search path is now "/home/simon/efinity/2025.2/sim_models/vhdl/packages/vhdl_2008" (VHDL-1504) 
[EFX-0012 VERI-INFO] undeclared symbol '**', assumed default net type '**' (VERI-2561) (/home/simon/src/efinity/project/ip_project/ip/hyperram/hyperram.sv:1920)
[EFX-0012 VERI-INFO] undeclared symbol '**', assumed default net type '**' (VERI-2561) (/home/simon/src/efinity/project/ip_project/ip/hyperram/hyperram.sv:1920)
[EFX-0012 VERI-INFO] undeclared symbol '**', assumed default net type '**' (VERI-2561) (/home/simon/src/efinity/project/ip_project/ip/hyperram/hyperram.sv:2325)
[EFX-0012 VERI-INFO] undeclared symbol '**', assumed default net type '**' (VERI-2561) (/home/simon/src/efinity/project/ip_project/ip/hyperram/hyperram.sv:3827)
[EFX-0012 VERI-INFO] undeclared symbol '**', assumed default net type '**' (VERI-2561) (/home/simon/src/efinity/project/ip_project/ip/hyperram/hyperram.sv:4950)
[EFX-0011 VERI-WARNING] parameter '**' becomes localparam in '**' with formal parameter declaration list (VERI-1199) (/home/simon/src/efinity/project/ip_project/ip/hyperram/hyperram.sv:4950)
[EFX-0011 VERI-WARNING] parameter '**' becomes localparam in '**' with formal parameter declaration list (VERI-1199) (/home/simon/src/efinity/project/ip_project/ip/hyperram/hyperram.sv:5283)
[EFX-0011 VERI-WARNING] port 'ram_clk_cal_2' is not connected on this instance (VERI-2435) (/home/simon/src/efinity/project/ip_project/ip/hyperram/hyperram.sv:174)
[EFX-0011 VERI-WARNING] port 'io_axi_clk' remains unconnected for this instance (VERI-1927) (/home/simon/src/efinity/project/ip_project/ip/hyperram/hyperram.sv:174)
[EFX-0012 VERI-INFO] compiling module 'hyperram' (VERI-1018) (/home/simon/src/efinity/project/ip_project/ip/hyperram/hyperram.sv:49)
[EFX-0012 VERI-INFO] compiling module 'hbram_top_2d715ebddfec4a2289c485ca66dd30eb(RAM_DBW=8,RAM_ABW=24,CR0_ODS=0,CR0_ILC=2,CR0_WBL=3,CR1_HSE=1'b0,CR1_PAR=0,AXI_IF=1'b0,AXI_DBW=64,AXI_SBW=8,AXI_W_DEPTH=16,AXI_R_DEPTH=16,DDIN_MODE=1'b0,CAL_CLK_CH=4,CAL_CLK_CH_LO=4,CAL_CLK_CH_HI=8,CAL_BYTES=100,RECAL_DAYS=7,RWDS_OUT_MODE=1)' (VERI-1018) (/home/simon/src/efinity/project/ip_project/ip/hyperram/hyperram.sv:177)
[EFX-0012 VERI-INFO] compiling module '**' (VERI-1018) (/home/simon/src/efinity/project/ip_project/ip/hyperram/hyperram.sv:1920)
[EFX-0012 VERI-INFO] compiling module 'efx_resetsync_2d715ebddfec4a2289c485ca66dd30eb' (VERI-1018) (/home/simon/src/efinity/project/ip_project/ip/hyperram/hyperram.sv:6809)
[EFX-0012 VERI-INFO] compiling module 'efx_asyncreg_2d715ebddfec4a2289c485ca66dd30eb(WIDTH=1)' (VERI-1018) (/home/simon/src/efinity/project/ip_project/ip/hyperram/hyperram.sv:6625)
[EFX-0011 VERI-WARNING] port '**' remains unconnected for this instance (VERI-1927) (/home/simon/src/efinity/project/ip_project/ip/hyperram/hyperram.sv:4950)
[EFX-0012 VERI-INFO] compiling module '**' (VERI-1018) (/home/simon/src/efinity/project/ip_project/ip/hyperram/hyperram.sv:4950)
[EFX-0012 VERI-INFO] compiling module 'efx_fifo_top_2d715ebddfec4a2289c485ca66dd30eb(DEPTH=4,DATA_WIDTH=44,OPTIONAL_FLAGS=0,PROGRAMMABLE_FULL="NONE",PROGRAMMABLE_EMPTY="NONE")' (VERI-1018) (/home/simon/src/efinity/project/ip_project/ip/hyperram/hyperram.sv:6316)
[EFX-0012 VERI-INFO] compiling module 'efx_resetsync_2d715ebddfec4a2289c485ca66dd30eb(ACTIVE_LOW=0)' (VERI-1018) (/home/simon/src/efinity/project/ip_project/ip/hyperram/hyperram.sv:6809)
[EFX-0012 VERI-INFO] compiling module 'efx_asyncreg_2d715ebddfec4a2289c485ca66dd30eb(WIDTH=1,ACTIVE_LOW=0,RST_VALUE=1)' (VERI-1018) (/home/simon/src/efinity/project/ip_project/ip/hyperram/hyperram.sv:6625)
[EFX-0012 VERI-INFO] compiling module 'efx_fifo_ram_2d715ebddfec4a2289c485ca66dd30eb(WR_DEPTH=4,RD_DEPTH=4,WDATA_WIDTH=44,RDATA_WIDTH=44,WADDR_WIDTH=2,RADDR_WIDTH=2,OUTPUT_REG=0,RAM_MUX_RATIO=1)' (VERI-1018) (/home/simon/src/efinity/project/ip_project/ip/hyperram/hyperram.sv:6004)
[EFX-0012 VERI-INFO] extracting RAM for identifier 'ram' (VERI-2571) (/home/simon/src/efinity/project/ip_project/ip/hyperram/hyperram.sv:6041)
[EFX-0012 VERI-INFO] compiling module 'efx_fifo_ctl_2d715ebddfec4a2289c485ca66dd30eb(SYNC_CLK=0,WR_DEPTH=4,WADDR_WIDTH=2,RADDR_WIDTH=2,ALMOST_FLAG=0,PROG_FULL_ASSERT=27,PROG_FULL_NEGATE=23,PROG_EMPTY_ASSERT=5,PROG_EMPTY_NEGATE=7,HANDSHAKE_FLAG=0,OVERFLOW_PROTECT=1,UNDERFLOW_PROTECT=1)' (VERI-1018) (/home/simon/src/efinity/project/ip_project/ip/hyperram/hyperram.sv:5477)
[EFX-0012 VERI-INFO] compiling module 'efx_fifo_bin2gray_2d715ebddfec4a2289c485ca66dd30eb(WIDTH=3)' (VERI-1018) (/home/simon/src/efinity/project/ip_project/ip/hyperram/hyperram.sv:5388)
[EFX-0012 VERI-INFO] compiling module 'efx_asyncreg_2d715ebddfec4a2289c485ca66dd30eb(WIDTH=3,ACTIVE_LOW=0,OFF_ASSERTION=1)' (VERI-1018) (/home/simon/src/efinity/project/ip_project/ip/hyperram/hyperram.sv:6625)
[EFX-0012 VERI-INFO] compiling module 'efx_fifo_gray2bin_2d715ebddfec4a2289c485ca66dd30eb(WIDTH=3)' (VERI-1018) (/home/simon/src/efinity/project/ip_project/ip/hyperram/hyperram.sv:5920)
[EFX-0012 VERI-INFO] compiling module 'efx_fifo_gray2bin_2d715ebddfec4a2289c485ca66dd30eb(WIDTH=2)' (VERI-1018) (/home/simon/src/efinity/project/ip_project/ip/hyperram/hyperram.sv:5920)
[EFX-0012 VERI-INFO] compiling module 'efx_fifo_top_2d715ebddfec4a2289c485ca66dd30eb(FAMILY="TITANIUM",DEPTH=16,DATA_WIDTH=72,OPTIONAL_FLAGS=0,PROGRAMMABLE_FULL="NONE",PROGRAMMABLE_EMPTY="NONE",ASYM_WIDTH_RATIO=2)' (VERI-1018) (/home/simon/src/efinity/project/ip_project/ip/hyperram/hyperram.sv:6316)
[EFX-0012 VERI-INFO] compiling module 'efx_fifo_ram_2d715ebddfec4a2289c485ca66dd30eb(FAMILY="TITANIUM",WR_DEPTH=16,RD_DEPTH=64,WDATA_WIDTH=72,RDATA_WIDTH=18,WADDR_WIDTH=4,RADDR_WIDTH=6,OUTPUT_REG=0)' (VERI-1018) (/home/simon/src/efinity/project/ip_project/ip/hyperram/hyperram.sv:6004)
[EFX-0012 VERI-INFO] extracting RAM for identifier 'ram' (VERI-2571) (/home/simon/src/efinity/project/ip_project/ip/hyperram/hyperram.sv:6041)
[EFX-0012 VERI-INFO] compiling module 'efx_fifo_ctl_2d715ebddfec4a2289c485ca66dd30eb(SYNC_CLK=0,WR_DEPTH=16,WADDR_WIDTH=4,RADDR_WIDTH=6,ASYM_WIDTH_RATIO=2,RAM_MUX_RATIO=4,ALMOST_FLAG=0,PROG_FULL_ASSERT=27,PROG_FULL_NEGATE=23,PROG_EMPTY_ASSERT=5,PROG_EMPTY_NEGATE=7,HANDSHAKE_FLAG=0,OVERFLOW_PROTECT=1,UNDERFLOW_PROTECT=1)' (VERI-1018) (/home/simon/src/efinity/project/ip_project/ip/hyperram/hyperram.sv:5477)
[EFX-0011 VERI-WARNING] expression size 32 truncated to fit in target size 5 (VERI-1209) (/home/simon/src/efinity/project/ip_project/ip/hyperram/hyperram.sv:5765)
[EFX-0011 VERI-WARNING] expression size 32 truncated to fit in target size 7 (VERI-1209) (/home/simon/src/efinity/project/ip_project/ip/hyperram/hyperram.sv:5766)
[EFX-0012 VERI-INFO] compiling module 'efx_fifo_bin2gray_2d715ebddfec4a2289c485ca66dd30eb(WIDTH=7)' (VERI-1018) (/home/simon/src/efinity/project/ip_project/ip/hyperram/hyperram.sv:5388)
[EFX-0012 VERI-INFO] compiling module 'efx_asyncreg_2d715ebddfec4a2289c485ca66dd30eb(WIDTH=7,ACTIVE_LOW=0,OFF_ASSERTION=1)' (VERI-1018) (/home/simon/src/efinity/project/ip_project/ip/hyperram/hyperram.sv:6625)
[EFX-0012 VERI-INFO] compiling module 'efx_fifo_gray2bin_2d715ebddfec4a2289c485ca66dd30eb(WIDTH=7)' (VERI-1018) (/home/simon/src/efinity/project/ip_project/ip/hyperram/hyperram.sv:5920)
[EFX-0012 VERI-INFO] compiling module 'efx_fifo_gray2bin_2d715ebddfec4a2289c485ca66dd30eb(WIDTH=6)' (VERI-1018) (/home/simon/src/efinity/project/ip_project/ip/hyperram/hyperram.sv:5920)
[EFX-0012 VERI-INFO] compiling module 'efx_fifo_gray2bin_2d715ebddfec4a2289c485ca66dd30eb' (VERI-1018) (/home/simon/src/efinity/project/ip_project/ip/hyperram/hyperram.sv:5920)
[EFX-0012 VERI-INFO] compiling module 'efx_fifo_gray2bin_2d715ebddfec4a2289c485ca66dd30eb(WIDTH=4)' (VERI-1018) (/home/simon/src/efinity/project/ip_project/ip/hyperram/hyperram.sv:5920)
[EFX-0012 VERI-INFO] compiling module 'efx_fifo_bin2gray_2d715ebddfec4a2289c485ca66dd30eb' (VERI-1018) (/home/simon/src/efinity/project/ip_project/ip/hyperram/hyperram.sv:5388)
[EFX-0012 VERI-INFO] compiling module 'efx_asyncreg_2d715ebddfec4a2289c485ca66dd30eb(WIDTH=5,ACTIVE_LOW=0,OFF_ASSERTION=1)' (VERI-1018) (/home/simon/src/efinity/project/ip_project/ip/hyperram/hyperram.sv:6625)
[EFX-0012 VERI-INFO] compiling module 'efx_fifo_top_2d715ebddfec4a2289c485ca66dd30eb(FAMILY="TITANIUM",DEPTH=16,DATA_WIDTH=16,OPTIONAL_FLAGS=0,PROGRAMMABLE_FULL="NONE",PROGRAMMABLE_EMPTY="NONE",ASYM_WIDTH_RATIO=6,UNDERFLOW_PROTECT=0)' (VERI-1018) (/home/simon/src/efinity/project/ip_project/ip/hyperram/hyperram.sv:6316)
[EFX-0012 VERI-INFO] compiling module 'efx_fifo_ram_2d715ebddfec4a2289c485ca66dd30eb(FAMILY="TITANIUM",WR_DEPTH=16,RD_DEPTH=4,WDATA_WIDTH=16,RDATA_WIDTH=64,WADDR_WIDTH=4,RADDR_WIDTH=2,OUTPUT_REG=0)' (VERI-1018) (/home/simon/src/efinity/project/ip_project/ip/hyperram/hyperram.sv:6004)
[EFX-0012 VERI-INFO] extracting RAM for identifier 'ram' (VERI-2571) (/home/simon/src/efinity/project/ip_project/ip/hyperram/hyperram.sv:6041)
[EFX-0012 VERI-INFO] compiling module 'efx_fifo_ctl_2d715ebddfec4a2289c485ca66dd30eb(SYNC_CLK=0,WR_DEPTH=16,WADDR_WIDTH=4,RADDR_WIDTH=2,ASYM_WIDTH_RATIO=6,RAM_MUX_RATIO=4,ALMOST_FLAG=0,PROG_FULL_ASSERT=27,PROG_FULL_NEGATE=23,PROG_EMPTY_ASSERT=5,PROG_EMPTY_NEGATE=7,HANDSHAKE_FLAG=0,OVERFLOW_PROTECT=1)' (VERI-1018) (/home/simon/src/efinity/project/ip_project/ip/hyperram/hyperram.sv:5477)
[EFX-0011 VERI-WARNING] expression size 32 truncated to fit in target size 5 (VERI-1209) (/home/simon/src/efinity/project/ip_project/ip/hyperram/hyperram.sv:5780)
[EFX-0011 VERI-WARNING] expression size 32 truncated to fit in target size 3 (VERI-1209) (/home/simon/src/efinity/project/ip_project/ip/hyperram/hyperram.sv:5781)
[EFX-0011 VERI-WARNING] expression size ** truncated to fit in target size ** (VERI-1209) (/home/simon/src/efinity/project/ip_project/ip/hyperram/hyperram.sv:4950)
[EFX-0012 VERI-INFO] compiling module '**' (VERI-1018) (/home/simon/src/efinity/project/ip_project/ip/hyperram/hyperram.sv:2325)
[EFX-0012 VERI-INFO] compiling module '**' (VERI-1018) (/home/simon/src/efinity/project/ip_project/ip/hyperram/hyperram.sv:3519)
[EFX-0011 VERI-WARNING] expression size ** truncated to fit in target size ** (VERI-1209) (/home/simon/src/efinity/project/ip_project/ip/hyperram/hyperram.sv:3519)
[EFX-0012 VERI-INFO] compiling module 'efx_asyncreg_2d715ebddfec4a2289c485ca66dd30eb(ASYNC_STAGE=8,WIDTH=1)' (VERI-1018) (/home/simon/src/efinity/project/ip_project/ip/hyperram/hyperram.sv:6625)
[EFX-0012 VERI-INFO] compiling module 'efx_fifo_top_2d715ebddfec4a2289c485ca66dd30eb(DEPTH=16,DATA_WIDTH=16,PROGRAMMABLE_FULL="NONE",PROGRAMMABLE_EMPTY="NONE",UNDERFLOW_PROTECT=0)' (VERI-1018) (/home/simon/src/efinity/project/ip_project/ip/hyperram/hyperram.sv:6316)
[EFX-0012 VERI-INFO] compiling module 'efx_fifo_ram_2d715ebddfec4a2289c485ca66dd30eb(WR_DEPTH=16,RD_DEPTH=16,WDATA_WIDTH=16,RDATA_WIDTH=16,WADDR_WIDTH=4,RADDR_WIDTH=4,OUTPUT_REG=0,RAM_MUX_RATIO=1)' (VERI-1018) (/home/simon/src/efinity/project/ip_project/ip/hyperram/hyperram.sv:6004)
[EFX-0012 VERI-INFO] extracting RAM for identifier 'ram' (VERI-2571) (/home/simon/src/efinity/project/ip_project/ip/hyperram/hyperram.sv:6041)
[EFX-0012 VERI-INFO] compiling module 'efx_fifo_ctl_2d715ebddfec4a2289c485ca66dd30eb(SYNC_CLK=0,WR_DEPTH=16,WADDR_WIDTH=4,RADDR_WIDTH=4,PROG_FULL_ASSERT=27,PROG_FULL_NEGATE=23,PROG_EMPTY_ASSERT=5,PROG_EMPTY_NEGATE=7,OVERFLOW_PROTECT=1)' (VERI-1018) (/home/simon/src/efinity/project/ip_project/ip/hyperram/hyperram.sv:5477)
[EFX-0012 VERI-INFO] compiling module '**' (VERI-1018) (/home/simon/src/efinity/project/ip_project/ip/hyperram/hyperram.sv:3827)
[EFX-0011 VERI-WARNING] actual bit length ** differs from formal bit length *** for port '**' (VERI-1330) (/home/simon/src/efinity/project/ip_project/ip/hyperram/hyperram.sv:2325)
[EFX-0012 VERI-INFO] compiling module '**' (VERI-1018) (/home/simon/src/efinity/project/ip_project/ip/hyperram/hyperram.sv:4565)
[EFX-0011 VERI-WARNING] expression size ** truncated to fit in target size ** (VERI-1209) (/home/simon/src/efinity/project/ip_project/ip/hyperram/hyperram.sv:4565)
[EFX-0011 VERI-WARNING] input port 'ram_clk_cal_2' remains unconnected for this instance (VDB-1053) (/home/simon/src/efinity/project/ip_project/ip/hyperram/hyperram.sv:134)
[EFX-0011 VERI-WARNING] input port 'io_axi_clk' is not connected on this instance (VDB-1013) (/home/simon/src/efinity/project/ip_project/ip/hyperram/hyperram.sv:134)
[EFX-0000 INFO] ... Setting Synthesis Option: mode=speed
[EFX-0012 VERI-INFO] compiling module 'EFX_ADD' (VERI-1018) (/home/simon/efinity/2025.2/sim_models/maplib/efinix_maplib.v:8)
[EFX-0012 VERI-INFO] compiling module 'EFX_FF' (VERI-1018) (/home/simon/efinity/2025.2/sim_models/maplib/efinix_maplib.v:21)
[EFX-0012 VERI-INFO] compiling module 'EFX_COMB4' (VERI-1018) (/home/simon/efinity/2025.2/sim_models/maplib/efinix_maplib.v:38)
[EFX-0012 VERI-INFO] compiling module 'EFX_GBUFCE' (VERI-1018) (/home/simon/efinity/2025.2/sim_models/maplib/efinix_maplib.v:48)
[EFX-0012 VERI-INFO] compiling module 'EFX_LUT4' (VERI-1018) (/home/simon/efinity/2025.2/sim_models/maplib/efinix_maplib.v:57)
[EFX-0012 VERI-INFO] compiling module 'EFX_MULT' (VERI-1018) (/home/simon/efinity/2025.2/sim_models/maplib/efinix_maplib.v:65)
[EFX-0012 VERI-INFO] compiling module 'EFX_DSP48' (VERI-1018) (/home/simon/efinity/2025.2/sim_models/maplib/efinix_maplib.v:100)
[EFX-0012 VERI-INFO] compiling module 'EFX_DSP24' (VERI-1018) (/home/simon/efinity/2025.2/sim_models/maplib/efinix_maplib.v:156)
[EFX-0012 VERI-INFO] compiling module 'EFX_DSP12' (VERI-1018) (/home/simon/efinity/2025.2/sim_models/maplib/efinix_maplib.v:209)
[EFX-0012 VERI-INFO] compiling module 'EFX_RAM_4K' (VERI-1018) (/home/simon/efinity/2025.2/sim_models/maplib/efinix_maplib.v:262)
[EFX-0012 VERI-INFO] compiling module 'EFX_RAM_5K' (VERI-1018) (/home/simon/efinity/2025.2/sim_models/maplib/efinix_maplib.v:322)
[EFX-0012 VERI-INFO] compiling module 'EFX_DPRAM_5K' (VERI-1018) (/home/simon/efinity/2025.2/sim_models/maplib/efinix_maplib.v:394)
[EFX-0012 VERI-INFO] compiling module 'RAMB5' (VERI-1018) (/home/simon/efinity/2025.2/sim_models/maplib/efinix_maplib.v:499)
[EFX-0012 VERI-INFO] compiling module 'EFX_RAM_10K' (VERI-1018) (/home/simon/efinity/2025.2/sim_models/maplib/efinix_maplib.v:561)
[EFX-0012 VERI-INFO] compiling module 'EFX_RAM10' (VERI-1018) (/home/simon/efinity/2025.2/sim_models/maplib/efinix_maplib.v:653)
[EFX-0012 VERI-INFO] compiling module 'EFX_DPRAM10' (VERI-1018) (/home/simon/efinity/2025.2/sim_models/maplib/efinix_maplib.v:754)
[EFX-0012 VERI-INFO] compiling module 'EFX_SRL8' (VERI-1018) (/home/simon/efinity/2025.2/sim_models/maplib/efinix_maplib.v:884)
[EFX-0000 INFO] ... Pre-synthesis checks begin
[EFX-0266 INFO] Module Instance 'active_low.efx_resetsync_active_low' input pin 'd_i[0]' is tied to constant (=1).
[EFX-0266 INFO] Module Instance 'active_high.efx_resetsync_active_high' input pin 'd_i[0]' is tied to constant (=0).
[EFX-0677 INFO] ... Memory 'ram' is not initialized, assuming empty initial contents. (/home/simon/src/efinity/project/ip_project/ip/hyperram/hyperram.sv:6041)
[EFX-0200 WARNING] Removing redundant signal : bit_xor. (/home/simon/src/efinity/project/ip_project/ip/hyperram/hyperram.sv:5399)
[EFX-0200 WARNING] Removing redundant signal : bit_xor.nex_bit[31]. (/home/simon/src/efinity/project/ip_project/ip/hyperram/hyperram.sv:5400)
[EFX-0200 WARNING] Removing redundant signal : bit_xor.nex_bit[30]. (/home/simon/src/efinity/project/ip_project/ip/hyperram/hyperram.sv:5400)
[EFX-0200 WARNING] Removing redundant signal : bit_xor.nex_bit[29]. (/home/simon/src/efinity/project/ip_project/ip/hyperram/hyperram.sv:5400)
[EFX-0200 WARNING] Removing redundant signal : bit_xor.nex_bit[28]. (/home/simon/src/efinity/project/ip_project/ip/hyperram/hyperram.sv:5400)
[EFX-0200 WARNING] Removing redundant signal : bit_xor.nex_bit[27]. (/home/simon/src/efinity/project/ip_project/ip/hyperram/hyperram.sv:5400)
[EFX-0200 WARNING] Removing redundant signal : bit_xor.nex_bit[26]. (/home/simon/src/efinity/project/ip_project/ip/hyperram/hyperram.sv:5400)
[EFX-0200 WARNING] Removing redundant signal : bit_xor.nex_bit[25]. (/home/simon/src/efinity/project/ip_project/ip/hyperram/hyperram.sv:5400)
[EFX-0200 WARNING] Removing redundant signal : bit_xor.nex_bit[24]. (/home/simon/src/efinity/project/ip_project/ip/hyperram/hyperram.sv:5400)
[EFX-0200 WARNING] Removing redundant signal : bit_xor.nex_bit[23]. (/home/simon/src/efinity/project/ip_project/ip/hyperram/hyperram.sv:5400)
[EFX-0200 WARNING] Removing redundant signal : bit_xor.nex_bit[22]. (/home/simon/src/efinity/project/ip_project/ip/hyperram/hyperram.sv:5400)
[EFX-0200 WARNING] Removing redundant signal : bit_xor.nex_bit[21]. (/home/simon/src/efinity/project/ip_project/ip/hyperram/hyperram.sv:5400)
[EFX-0200 WARNING] Removing redundant signal : bit_xor.nex_bit[20]. (/home/simon/src/efinity/project/ip_project/ip/hyperram/hyperram.sv:5400)
[EFX-0200 WARNING] Removing redundant signal : bit_xor.nex_bit[19]. (/home/simon/src/efinity/project/ip_project/ip/hyperram/hyperram.sv:5400)
[EFX-0200 WARNING] Removing redundant signal : bit_xor.nex_bit[18]. (/home/simon/src/efinity/project/ip_project/ip/hyperram/hyperram.sv:5400)
[EFX-0200 WARNING] Removing redundant signal : bit_xor.nex_bit[17]. (/home/simon/src/efinity/project/ip_project/ip/hyperram/hyperram.sv:5400)
[EFX-0200 WARNING] Removing redundant signal : bit_xor.nex_bit[16]. (/home/simon/src/efinity/project/ip_project/ip/hyperram/hyperram.sv:5400)
[EFX-0200 WARNING] Removing redundant signal : bit_xor.nex_bit[15]. (/home/simon/src/efinity/project/ip_project/ip/hyperram/hyperram.sv:5400)
[EFX-0200 WARNING] Removing redundant signal : bit_xor.nex_bit[14]. (/home/simon/src/efinity/project/ip_project/ip/hyperram/hyperram.sv:5400)
[EFX-0200 WARNING] Removing redundant signal : bit_xor.nex_bit[13]. (/home/simon/src/efinity/project/ip_project/ip/hyperram/hyperram.sv:5400)
[EFX-0677 INFO] ... Memory 'ram' is not initialized, assuming empty initial contents. (/home/simon/src/efinity/project/ip_project/ip/hyperram/hyperram.sv:6041)
[EFX-0677 INFO] ... Memory 'ram' is not initialized, assuming empty initial contents. (/home/simon/src/efinity/project/ip_project/ip/hyperram/hyperram.sv:6041)
[EFX-0266 INFO] Module Instance 'user2ram_fifo' input pin 'a_rd_rst_i' is tied to constant (=1).
[EFX-0266 INFO] Module Instance 'user2ram_fifo' input pin 'a_wr_rst_i' is tied to constant (=1).
[EFX-0266 INFO] Module Instance 'user2ram_fifo' input pin 'clk_i' is tied to constant (=0).
[EFX-0266 INFO] Module Instance 'w_data_inst' input pin 'a_wr_rst_i' is tied to constant (=0).
[EFX-0266 INFO] Module Instance 'w_data_inst' input pin 'a_rd_rst_i' is tied to constant (=0).
[EFX-0266 INFO] Module Instance 'w_data_inst' input pin 'clk_i' is tied to constant (=0).
[EFX-0266 INFO] Module Instance 'r_data_inst' input pin 'a_rd_rst_i' is tied to constant (=1).
[EFX-0266 INFO] Module Instance 'r_data_inst' input pin 'a_wr_rst_i' is tied to constant (=1).
[EFX-0266 INFO] Module Instance 'r_data_inst' input pin 'clk_i' is tied to constant (=0).
[EFX-0677 INFO] ... Memory 'ram' is not initialized, assuming empty initial contents. (/home/simon/src/efinity/project/ip_project/ip/hyperram/hyperram.sv:6041)
[EFX-0266 INFO] Module Instance 'fifo_rden_block.genblk1.rd_data_fifo' input pin 'a_rd_rst_i' is tied to constant (=1).
[EFX-0266 INFO] Module Instance 'fifo_rden_block.genblk1.rd_data_fifo' input pin 'a_wr_rst_i' is tied to constant (=1).
[EFX-0266 INFO] Module Instance 'fifo_rden_block.genblk1.rd_data_fifo' input pin 'clk_i' is tied to constant (=0).
[EFX-0266 INFO] Module Instance 'pll_mode_block.genblk1.hbram_cal_mst_inst' input pin 'prd_cal_wrdy' is tied to constant (=0).
[EFX-0266 INFO] Module Instance 'pll_mode_block.genblk1.hbram_cal_mst_inst' input pin 'prd_cal_rdav' is tied to constant (=0).
[EFX-0266 INFO] Module Instance 'pll_mode_block.genblk1.hbram_cal_mst_inst' input pin 'prd_user_ack' is tied to constant (=0).
[EFX-0266 INFO] Module Instance 'pll_mode_block.genblk1.hbram_cal_mst_inst' input pin 'cal_ctrl_ready' is tied to constant (=0).
[EFX-0266 INFO] Module Instance 'pll_mode_block.genblk1.hbram_cal_mst_inst' input pin 'cal_ctrl_idle' is tied to constant (=0).
[EFX-0201 WARNING] Re-wiring to GND non-driven net 'u_hbram_top.ram_clk_cal_2'. (/home/simon/src/efinity/project/ip_project/ip/hyperram/hyperram.sv:134)
[EFX-0201 WARNING] Re-wiring to GND non-driven net 'u_hbram_top.io_axi_clk'. (/home/simon/src/efinity/project/ip_project/ip/hyperram/hyperram.sv:134)
[EFX-0201 WARNING] Re-wiring to GND non-driven net 'u_hbram_top.io_arw_valid'. (/home/simon/src/efinity/project/ip_project/ip/hyperram/hyperram.sv:134)
[EFX-0201 WARNING] Re-wiring to GND non-driven net 'u_hbram_top.io_arw_payload_addr[31]'. (/home/simon/src/efinity/project/ip_project/ip/hyperram/hyperram.sv:134)
[EFX-0201 WARNING] Re-wiring to GND non-driven net 'u_hbram_top.io_arw_payload_addr[30]'. (/home/simon/src/efinity/project/ip_project/ip/hyperram/hyperram.sv:134)
[EFX-0201 WARNING] Re-wiring to GND non-driven net 'u_hbram_top.io_arw_payload_addr[29]'. (/home/simon/src/efinity/project/ip_project/ip/hyperram/hyperram.sv:134)
[EFX-0201 WARNING] Re-wiring to GND non-driven net 'u_hbram_top.io_arw_payload_addr[28]'. (/home/simon/src/efinity/project/ip_project/ip/hyperram/hyperram.sv:134)
[EFX-0201 WARNING] Re-wiring to GND non-driven net 'u_hbram_top.io_arw_payload_addr[27]'. (/home/simon/src/efinity/project/ip_project/ip/hyperram/hyperram.sv:134)
[EFX-0201 WARNING] Re-wiring to GND non-driven net 'u_hbram_top.io_arw_payload_addr[26]'. (/home/simon/src/efinity/project/ip_project/ip/hyperram/hyperram.sv:134)
[EFX-0201 WARNING] Re-wiring to GND non-driven net 'u_hbram_top.io_arw_payload_addr[25]'. (/home/simon/src/efinity/project/ip_project/ip/hyperram/hyperram.sv:134)
[EFX-0000 INFO] ... Pre-synthesis checks end (Real time : 0s CPU user time : 0s CPU sys time : 0s MEM : 523156KB)
[EFX-0000 INFO] ... NameSpace init begin
[EFX-0000 INFO] ... NameSpace init end (Real time : 0s CPU user time : 0s CPU sys time : 0s MEM : 523156KB)
[EFX-0000 INFO] ... Mapping design "hyperram"
[EFX-0000 INFO] ... Hierarchical pre-synthesis "efx_asyncreg_2d715ebddfec4a2289c485ca66dd30eb(WIDTH=1)" begin
[EFX-0000 INFO] ... Hierarchical pre-synthesis "efx_asyncreg_2d715ebddfec4a2289c485ca66dd30eb(WIDTH=1)" end (Real time : 0s CPU user time : 0s CPU sys time : 0s MEM : 523156KB)
[EFX-0000 INFO] ... Hierarchical pre-synthesis "efx_resetsync_2d715ebddfec4a2289c485ca66dd30eb" begin
[EFX-0000 INFO] ... Hierarchical pre-synthesis "efx_resetsync_2d715ebddfec4a2289c485ca66dd30eb" end (Real time : 0s CPU user time : 0s CPU sys time : 0s MEM : 523156KB)
[EFX-0000 INFO] ... Hierarchical pre-synthesis "efx_asyncreg_2d715ebddfec4a2289c485ca66dd30eb(WIDTH=1,ACTIVE_LOW=0,RST_VALUE=1)" begin
[EFX-0000 INFO] ... Hierarchical pre-synthesis "efx_asyncreg_2d715ebddfec4a2289c485ca66dd30eb(WIDTH=1,ACTIVE_LOW=0,RST_VALUE=1)" end (Real time : 0s CPU user time : 0s CPU sys time : 0s MEM : 523156KB)
[EFX-0000 INFO] ... Hierarchical pre-synthesis "efx_resetsync_2d715ebddfec4a2289c485ca66dd30eb(ACTIVE_LOW=0)" begin
[EFX-0000 INFO] ... Hierarchical pre-synthesis "efx_resetsync_2d715ebddfec4a2289c485ca66dd30eb(ACTIVE_LOW=0)" end (Real time : 0s CPU user time : 0s CPU sys time : 0s MEM : 523156KB)
[EFX-0000 INFO] ... Hierarchical pre-synthesis "efx_fifo_ram_2d715ebddfec4a2289c485ca66dd30eb(WR_DEPTH=4,RD_DEPTH=4,WDATA_WIDTH=44,RDATA_WIDTH=44,WADDR_WIDTH=2,RADDR_WIDTH=2,OUTPUT_REG=0,RAM_MUX_RATIO=1)" begin
[EFX-0000 INFO] ... Hierarchical pre-synthesis "efx_fifo_ram_2d715ebddfec4a2289c485ca66dd30eb(WR_DEPTH=4,RD_DEPTH=4,WDATA_WIDTH=44,RDATA_WIDTH=44,WADDR_WIDTH=2,RADDR_WIDTH=2,OUTPUT_REG=0,RAM_MUX_RATIO=1)" end (Real time : 0s CPU user time : 0s CPU sys time : 0s MEM : 523156KB)
[EFX-0000 INFO] ... Hierarchical pre-synthesis "efx_fifo_bin2gray_2d715ebddfec4a2289c485ca66dd30eb(WIDTH=3)" begin
[EFX-0000 INFO] ... Hierarchical pre-synthesis "efx_fifo_bin2gray_2d715ebddfec4a2289c485ca66dd30eb(WIDTH=3)" end (Real time : 0s CPU user time : 0s CPU sys time : 0s MEM : 523156KB)
[EFX-0000 INFO] ... Hierarchical pre-synthesis "efx_asyncreg_2d715ebddfec4a2289c485ca66dd30eb(WIDTH=3,ACTIVE_LOW=0,OFF_ASSERTION=1)" begin
[EFX-0000 INFO] ... Hierarchical pre-synthesis "efx_asyncreg_2d715ebddfec4a2289c485ca66dd30eb(WIDTH=3,ACTIVE_LOW=0,OFF_ASSERTION=1)" end (Real time : 0s CPU user time : 0s CPU sys time : 0s MEM : 523156KB)
[EFX-0000 INFO] ... Hierarchical pre-synthesis "efx_fifo_gray2bin_2d715ebddfec4a2289c485ca66dd30eb(WIDTH=2)" begin
[EFX-0000 INFO] ... Hierarchical pre-synthesis "efx_fifo_gray2bin_2d715ebddfec4a2289c485ca66dd30eb(WIDTH=2)" end (Real time : 0s CPU user time : 0s CPU sys time : 0s MEM : 523156KB)
[EFX-0000 INFO] ... Hierarchical pre-synthesis "efx_fifo_gray2bin_2d715ebddfec4a2289c485ca66dd30eb(WIDTH=3)" begin
[EFX-0000 INFO] ... Hierarchical pre-synthesis "efx_fifo_gray2bin_2d715ebddfec4a2289c485ca66dd30eb(WIDTH=3)" end (Real time : 0s CPU user time : 0s CPU sys time : 0s MEM : 523156KB)
[EFX-0000 INFO] ... Hierarchical pre-synthesis "efx_fifo_ctl_2d715ebddfec4a2289c485ca66dd30eb(SYNC_CLK=0,WR_DEPTH=4,WADDR_WIDTH=2,RADDR_WIDTH=2,ALMOST_FLAG=0,PROG_FULL_ASSERT=27,PROG_FULL_NEGATE=23,PROG_EMPTY_ASSERT=5,PROG_EMPTY_NEGATE=7,HANDSHAKE_FLAG=0,OVERFLOW_PROTECT=1,UNDERFLOW_PROTECT=1)" begin
[EFX-0000 INFO] ... Hierarchical pre-synthesis "efx_fifo_ctl_2d715ebddfec4a2289c485ca66dd30eb(SYNC_CLK=0,WR_DEPTH=4,WADDR_WIDTH=2,RADDR_WIDTH=2,ALMOST_FLAG=0,PROG_FULL_ASSERT=27,PROG_FULL_NEGATE=23,PROG_EMPTY_ASSERT=5,PROG_EMPTY_NEGATE=7,HANDSHAKE_FLAG=0,OVERFLOW_PROTECT=1,UNDERFLOW_PROTECT=1)" end (Real time : 0s CPU user time : 0s CPU sys time : 0s MEM : 523156KB)
[EFX-0000 INFO] ... Hierarchical pre-synthesis "efx_fifo_top_2d715ebddfec4a2289c485ca66dd30eb(DEPTH=4,DATA_WIDTH=44,OPTIONAL_FLAGS=0,PROGRAMMABLE_FULL="NONE",PROGRAMMABLE_EMPTY="NONE")" begin
[EFX-0000 INFO] ... Hierarchical pre-synthesis "efx_fifo_top_2d715ebddfec4a2289c485ca66dd30eb(DEPTH=4,DATA_WIDTH=44,OPTIONAL_FLAGS=0,PROGRAMMABLE_FULL="NONE",PROGRAMMABLE_EMPTY="NONE")" end (Real time : 0s CPU user time : 0s CPU sys time : 0s MEM : 523156KB)
[EFX-0000 INFO] ... Hierarchical pre-synthesis "efx_fifo_ram_2d715ebddfec4a2289c485ca66dd30eb(FAMILY="TITANIUM",WR_DEPTH=16,RD_DEPTH=64,WDATA_WIDTH=72,RDATA_WIDTH=18,WADDR_WIDTH=4,RADDR_WIDTH=6,OUTPUT_REG=0)" begin
[EFX-0000 INFO] ... Hierarchical pre-synthesis "efx_fifo_ram_2d715ebddfec4a2289c485ca66dd30eb(FAMILY="TITANIUM",WR_DEPTH=16,RD_DEPTH=64,WDATA_WIDTH=72,RDATA_WIDTH=18,WADDR_WIDTH=4,RADDR_WIDTH=6,OUTPUT_REG=0)" end (Real time : 0s CPU user time : 0s CPU sys time : 0s MEM : 523156KB)
[EFX-0000 INFO] ... Hierarchical pre-synthesis "efx_fifo_bin2gray_2d715ebddfec4a2289c485ca66dd30eb(WIDTH=7)" begin
[EFX-0000 INFO] ... Hierarchical pre-synthesis "efx_fifo_bin2gray_2d715ebddfec4a2289c485ca66dd30eb(WIDTH=7)" end (Real time : 0s CPU user time : 0s CPU sys time : 0s MEM : 523156KB)
[EFX-0000 INFO] ... Hierarchical pre-synthesis "efx_asyncreg_2d715ebddfec4a2289c485ca66dd30eb(WIDTH=7,ACTIVE_LOW=0,OFF_ASSERTION=1)" begin
[EFX-0000 INFO] ... Hierarchical pre-synthesis "efx_asyncreg_2d715ebddfec4a2289c485ca66dd30eb(WIDTH=7,ACTIVE_LOW=0,OFF_ASSERTION=1)" end (Real time : 0s CPU user time : 0s CPU sys time : 0s MEM : 523156KB)
[EFX-0000 INFO] ... Hierarchical pre-synthesis "efx_fifo_gray2bin_2d715ebddfec4a2289c485ca66dd30eb(WIDTH=4)" begin
[EFX-0000 INFO] ... Hierarchical pre-synthesis "efx_fifo_gray2bin_2d715ebddfec4a2289c485ca66dd30eb(WIDTH=4)" end (Real time : 0s CPU user time : 0s CPU sys time : 0s MEM : 523156KB)
[EFX-0000 INFO] ... Hierarchical pre-synthesis "efx_fifo_gray2bin_2d715ebddfec4a2289c485ca66dd30eb" begin
[EFX-0000 INFO] ... Hierarchical pre-synthesis "efx_fifo_gray2bin_2d715ebddfec4a2289c485ca66dd30eb" end (Real time : 0s CPU user time : 0s CPU sys time : 0s MEM : 523156KB)
[EFX-0000 INFO] ... Hierarchical pre-synthesis "efx_fifo_gray2bin_2d715ebddfec4a2289c485ca66dd30eb(WIDTH=6)" begin
[EFX-0000 INFO] ... Hierarchical pre-synthesis "efx_fifo_gray2bin_2d715ebddfec4a2289c485ca66dd30eb(WIDTH=6)" end (Real time : 0s CPU user time : 0s CPU sys time : 0s MEM : 523156KB)
[EFX-0000 INFO] ... Hierarchical pre-synthesis "efx_fifo_gray2bin_2d715ebddfec4a2289c485ca66dd30eb(WIDTH=7)" begin
[EFX-0000 INFO] ... Hierarchical pre-synthesis "efx_fifo_gray2bin_2d715ebddfec4a2289c485ca66dd30eb(WIDTH=7)" end (Real time : 0s CPU user time : 0s CPU sys time : 0s MEM : 523156KB)
[EFX-0000 INFO] ... Hierarchical pre-synthesis "efx_fifo_bin2gray_2d715ebddfec4a2289c485ca66dd30eb" begin
[EFX-0000 INFO] ... Hierarchical pre-synthesis "efx_fifo_bin2gray_2d715ebddfec4a2289c485ca66dd30eb" end (Real time : 0s CPU user time : 0s CPU sys time : 0s MEM : 523156KB)
[EFX-0000 INFO] ... Hierarchical pre-synthesis "efx_asyncreg_2d715ebddfec4a2289c485ca66dd30eb(WIDTH=5,ACTIVE_LOW=0,OFF_ASSERTION=1)" begin
[EFX-0000 INFO] ... Hierarchical pre-synthesis "efx_asyncreg_2d715ebddfec4a2289c485ca66dd30eb(WIDTH=5,ACTIVE_LOW=0,OFF_ASSERTION=1)" end (Real time : 0s CPU user time : 0s CPU sys time : 0s MEM : 523156KB)
[EFX-0000 INFO] ... Hierarchical pre-synthesis "efx_fifo_ctl_2d715ebddfec4a2289c485ca66dd30eb(SYNC_CLK=0,WR_DEPTH=16,WADDR_WIDTH=4,RADDR_WIDTH=6,ASYM_WIDTH_RATIO=2,RAM_MUX_RATIO=4,ALMOST_FLAG=0,PROG_FULL_ASSERT=27,PROG_FULL_NEGATE=23,PROG_EMPTY_ASSERT=5,PROG_EMPTY_NEGATE=7,HANDSHAKE_FLAG=0,OVERFLOW_PROTECT=1,UNDERFLOW_PROTECT=1)" begin
[EFX-0000 INFO] ... Hierarchical pre-synthesis "efx_fifo_ctl_2d715ebddfec4a2289c485ca66dd30eb(SYNC_CLK=0,WR_DEPTH=16,WADDR_WIDTH=4,RADDR_WIDTH=6,ASYM_WIDTH_RATIO=2,RAM_MUX_RATIO=4,ALMOST_FLAG=0,PROG_FULL_ASSERT=27,PROG_FULL_NEGATE=23,PROG_EMPTY_ASSERT=5,PROG_EMPTY_NEGATE=7,HANDSHAKE_FLAG=0,OVERFLOW_PROTECT=1,UNDERFLOW_PROTECT=1)" end (Real time : 0s CPU user time : 0s CPU sys time : 0s MEM : 523156KB)
[EFX-0000 INFO] ... Hierarchical pre-synthesis "efx_fifo_top_2d715ebddfec4a2289c485ca66dd30eb(FAMILY="TITANIUM",DEPTH=16,DATA_WIDTH=72,OPTIONAL_FLAGS=0,PROGRAMMABLE_FULL="NONE",PROGRAMMABLE_EMPTY="NONE",ASYM_WIDTH_RATIO=2)" begin
[EFX-0000 INFO] ... Hierarchical pre-synthesis "efx_fifo_top_2d715ebddfec4a2289c485ca66dd30eb(FAMILY="TITANIUM",DEPTH=16,DATA_WIDTH=72,OPTIONAL_FLAGS=0,PROGRAMMABLE_FULL="NONE",PROGRAMMABLE_EMPTY="NONE",ASYM_WIDTH_RATIO=2)" end (Real time : 0s CPU user time : 0s CPU sys time : 0s MEM : 523156KB)
[EFX-0000 INFO] ... Hierarchical pre-synthesis "efx_fifo_ram_2d715ebddfec4a2289c485ca66dd30eb(FAMILY="TITANIUM",WR_DEPTH=16,RD_DEPTH=4,WDATA_WIDTH=16,RDATA_WIDTH=64,WADDR_WIDTH=4,RADDR_WIDTH=2,OUTPUT_REG=0)" begin
[EFX-0000 INFO] ... Hierarchical pre-synthesis "efx_fifo_ram_2d715ebddfec4a2289c485ca66dd30eb(FAMILY="TITANIUM",WR_DEPTH=16,RD_DEPTH=4,WDATA_WIDTH=16,RDATA_WIDTH=64,WADDR_WIDTH=4,RADDR_WIDTH=2,OUTPUT_REG=0)" end (Real time : 0s CPU user time : 0s CPU sys time : 0s MEM : 523156KB)
[EFX-0000 INFO] ... Hierarchical pre-synthesis "efx_fifo_ctl_2d715ebddfec4a2289c485ca66dd30eb(SYNC_CLK=0,WR_DEPTH=16,WADDR_WIDTH=4,RADDR_WIDTH=2,ASYM_WIDTH_RATIO=6,RAM_MUX_RATIO=4,ALMOST_FLAG=0,PROG_FULL_ASSERT=27,PROG_FULL_NEGATE=23,PROG_EMPTY_ASSERT=5,PROG_EMPTY_NEGATE=7,HANDSHAKE_FLAG=0,OVERFLOW_PROTECT=1)" begin
[EFX-0000 INFO] ... Hierarchical pre-synthesis "efx_fifo_ctl_2d715ebddfec4a2289c485ca66dd30eb(SYNC_CLK=0,WR_DEPTH=16,WADDR_WIDTH=4,RADDR_WIDTH=2,ASYM_WIDTH_RATIO=6,RAM_MUX_RATIO=4,ALMOST_FLAG=0,PROG_FULL_ASSERT=27,PROG_FULL_NEGATE=23,PROG_EMPTY_ASSERT=5,PROG_EMPTY_NEGATE=7,HANDSHAKE_FLAG=0,OVERFLOW_PROTECT=1)" end (Real time : 0s CPU user time : 0s CPU sys time : 0s MEM : 523156KB)
[EFX-0000 INFO] ... Hierarchical pre-synthesis "efx_fifo_top_2d715ebddfec4a2289c485ca66dd30eb(FAMILY="TITANIUM",DEPTH=16,DATA_WIDTH=16,OPTIONAL_FLAGS=0,PROGRAMMABLE_FULL="NONE",PROGRAMMABLE_EMPTY="NONE",ASYM_WIDTH_RATIO=6,UNDERFLOW_PROTECT=0)" begin
[EFX-0000 INFO] ... Hierarchical pre-synthesis "efx_fifo_top_2d715ebddfec4a2289c485ca66dd30eb(FAMILY="TITANIUM",DEPTH=16,DATA_WIDTH=16,OPTIONAL_FLAGS=0,PROGRAMMABLE_FULL="NONE",PROGRAMMABLE_EMPTY="NONE",ASYM_WIDTH_RATIO=6,UNDERFLOW_PROTECT=0)" end (Real time : 0s CPU user time : 0s CPU sys time : 0s MEM : 523156KB)
[EFX-0000 INFO] ... Hierarchical pre-synthesis "hbram_native_if_2d715ebddfec4a2289c485ca66dd30eb(USER_DBW=64,USER_WFD=16,USER_RFD=16,RAM_DBW=8,RAM_ABW=24)" begin
[EFX-0000 INFO] ... Hierarchical pre-synthesis "hbram_native_if_2d715ebddfec4a2289c485ca66dd30eb(USER_DBW=64,USER_WFD=16,USER_RFD=16,RAM_DBW=8,RAM_ABW=24)" end (Real time : 0s CPU user time : 0s CPU sys time : 0s MEM : 523156KB)
[EFX-0000 INFO] ... Hierarchical pre-synthesis "efx_asyncreg_2d715ebddfec4a2289c485ca66dd30eb(ASYNC_STAGE=8,WIDTH=1)" begin
[EFX-0000 INFO] ... Hierarchical pre-synthesis "efx_asyncreg_2d715ebddfec4a2289c485ca66dd30eb(ASYNC_STAGE=8,WIDTH=1)" end (Real time : 0s CPU user time : 0s CPU sys time : 0s MEM : 523156KB)
[EFX-0000 INFO] ... Hierarchical pre-synthesis "efx_fifo_ram_2d715ebddfec4a2289c485ca66dd30eb(WR_DEPTH=16,RD_DEPTH=16,WDATA_WIDTH=16,RDATA_WIDTH=16,WADDR_WIDTH=4,RADDR_WIDTH=4,OUTPUT_REG=0,RAM_MUX_RATIO=1)" begin
[EFX-0000 INFO] ... Hierarchical pre-synthesis "efx_fifo_ram_2d715ebddfec4a2289c485ca66dd30eb(WR_DEPTH=16,RD_DEPTH=16,WDATA_WIDTH=16,RDATA_WIDTH=16,WADDR_WIDTH=4,RADDR_WIDTH=4,OUTPUT_REG=0,RAM_MUX_RATIO=1)" end (Real time : 0s CPU user time : 0s CPU sys time : 0s MEM : 523156KB)
[EFX-0000 INFO] ... Hierarchical pre-synthesis "efx_fifo_ctl_2d715ebddfec4a2289c485ca66dd30eb(SYNC_CLK=0,WR_DEPTH=16,WADDR_WIDTH=4,RADDR_WIDTH=4,PROG_FULL_ASSERT=27,PROG_FULL_NEGATE=23,PROG_EMPTY_ASSERT=5,PROG_EMPTY_NEGATE=7,OVERFLOW_PROTECT=1)" begin
[EFX-0000 INFO] ... Hierarchical pre-synthesis "efx_fifo_ctl_2d715ebddfec4a2289c485ca66dd30eb(SYNC_CLK=0,WR_DEPTH=16,WADDR_WIDTH=4,RADDR_WIDTH=4,PROG_FULL_ASSERT=27,PROG_FULL_NEGATE=23,PROG_EMPTY_ASSERT=5,PROG_EMPTY_NEGATE=7,OVERFLOW_PROTECT=1)" end (Real time : 0s CPU user time : 1s CPU sys time : 0s MEM : 523156KB)
[EFX-0000 INFO] ... Hierarchical pre-synthesis "efx_fifo_top_2d715ebddfec4a2289c485ca66dd30eb(DEPTH=16,DATA_WIDTH=16,PROGRAMMABLE_FULL="NONE",PROGRAMMABLE_EMPTY="NONE",UNDERFLOW_PROTECT=0)" begin
[EFX-0000 INFO] ... Hierarchical pre-synthesis "efx_fifo_top_2d715ebddfec4a2289c485ca66dd30eb(DEPTH=16,DATA_WIDTH=16,PROGRAMMABLE_FULL="NONE",PROGRAMMABLE_EMPTY="NONE",UNDERFLOW_PROTECT=0)" end (Real time : 0s CPU user time : 1s CPU sys time : 0s MEM : 523156KB)
[EFX-0000 INFO] ... Hierarchical pre-synthesis "hbram_cal_ctrl_2d715ebddfec4a2289c485ca66dd30eb(CAL_MODE=2,RAM_ABW=24,CFG_CR0=16'b1000111100101111,CFG_CR1=16'b1111111111000001,CR0W_CA=48'b010000000001100000,CR1W_CA=48'b010000000000000000000000010000000001100000,TCYC=5000,DUAL_RAM=0,INDIVI_DUAL_CAL=0,RWDS_OUT_MODE=1)" begin
[EFX-0000 INFO] ... Hierarchical pre-synthesis "hbram_cal_ctrl_2d715ebddfec4a2289c485ca66dd30eb(CAL_MODE=2,RAM_ABW=24,CFG_CR0=16'b1000111100101111,CFG_CR1=16'b1111111111000001,CR0W_CA=48'b010000000001100000,CR1W_CA=48'b010000000000000000000000010000000001100000,TCYC=5000,DUAL_RAM=0,INDIVI_DUAL_CAL=0,RWDS_OUT_MODE=1)" end (Real time : 0s CPU user time : 1s CPU sys time : 0s MEM : 523156KB)
[EFX-0000 INFO] ... Hierarchical pre-synthesis "hbram_cal_mst_2d715ebddfec4a2289c485ca66dd30eb(ONE_SEC=200000000,ONE_DAY=24,RECAL_DAYS=7,CAL_BYTES=100,DUAL_RAM=0)" begin
[EFX-0000 INFO] ... Hierarchical pre-synthesis "hbram_cal_mst_2d715ebddfec4a2289c485ca66dd30eb(ONE_SEC=200000000,ONE_DAY=24,RECAL_DAYS=7,CAL_BYTES=100,DUAL_RAM=0)" end (Real time : 0s CPU user time : 1s CPU sys time : 0s MEM : 523156KB)
[EFX-0000 INFO] ... Hierarchical pre-synthesis "hbram_cal_slv_2d715ebddfec4a2289c485ca66dd30eb(CAL_BYTES=100,RAM_ABW=24,DUAL_RAM=0,INDIVI_DUAL_CAL=0)" begin
[EFX-0000 INFO] ... Hierarchical pre-synthesis "hbram_cal_slv_2d715ebddfec4a2289c485ca66dd30eb(CAL_BYTES=100,RAM_ABW=24,DUAL_RAM=0,INDIVI_DUAL_CAL=0)" end (Real time : 0s CPU user time : 1s CPU sys time : 0s MEM : 523156KB)
[EFX-0000 INFO] ... Hierarchical pre-synthesis "hbram_cal_controller_top_2d715ebddfec4a2289c485ca66dd30eb(CAL_MODE=2,CAL_BYTES=100,RAM_ABW=24,CFG_CR0=16'b1000111100101111,CFG_CR1=16'b1111111111000001,CR0W_CA=48'b010000000001100000,CR1W_CA=48'b010000000000000000000000010000000001100000,DQIN_MODE="RESYNC",TCYC=5000,DUAL_RAM=0,INDIVI_DUAL_CAL=0,ONE_SEC=200000000,RECAL_DAYS=7,RWDS_OUT_MODE=1)" begin
[EFX-0000 INFO] ... Hierarchical pre-synthesis "hbram_cal_controller_top_2d715ebddfec4a2289c485ca66dd30eb(CAL_MODE=2,CAL_BYTES=100,RAM_ABW=24,CFG_CR0=16'b1000111100101111,CFG_CR1=16'b1111111111000001,CR0W_CA=48'b010000000001100000,CR1W_CA=48'b010000000000000000000000010000000001100000,DQIN_MODE="RESYNC",TCYC=5000,DUAL_RAM=0,INDIVI_DUAL_CAL=0,ONE_SEC=200000000,RECAL_DAYS=7,RWDS_OUT_MODE=1)" end (Real time : 1s CPU user time : 1s CPU sys time : 0s MEM : 523156KB)
[EFX-0000 INFO] ... Hierarchical pre-synthesis "hbram_cal_axi_top_2d715ebddfec4a2289c485ca66dd30eb_renamed_due_excessive_length_1" begin
[EFX-0000 INFO] ... Hierarchical pre-synthesis "hbram_cal_axi_top_2d715ebddfec4a2289c485ca66dd30eb_renamed_due_excessive_length_1" end (Real time : 0s CPU user time : 1s CPU sys time : 0s MEM : 523156KB)
[EFX-0000 INFO] ... Hierarchical pre-synthesis "hbram_top_2d715ebddfec4a2289c485ca66dd30eb(RAM_DBW=8,RAM_ABW=24,CR0_ODS=0,CR0_ILC=2,CR0_WBL=3,CR1_HSE=1'b0,CR1_PAR=0,AXI_IF=1'b0,AXI_DBW=64,AXI_SBW=8,AXI_W_DEPTH=16,AXI_R_DEPTH=16,DDIN_MODE=1'b0,CAL_CLK_CH=4,CAL_CLK_CH_LO=4,CAL_CLK_CH_HI=8,CAL_BYTES=100,RECAL_DAYS=7,RWDS_OUT_MODE=1)" begin
[EFX-0000 INFO] ... Hierarchical pre-synthesis "hbram_top_2d715ebddfec4a2289c485ca66dd30eb(RAM_DBW=8,RAM_ABW=24,CR0_ODS=0,CR0_ILC=2,CR0_WBL=3,CR1_HSE=1'b0,CR1_PAR=0,AXI_IF=1'b0,AXI_DBW=64,AXI_SBW=8,AXI_W_DEPTH=16,AXI_R_DEPTH=16,DDIN_MODE=1'b0,CAL_CLK_CH=4,CAL_CLK_CH_LO=4,CAL_CLK_CH_HI=8,CAL_BYTES=100,RECAL_DAYS=7,RWDS_OUT_MODE=1)" end (Real time : 0s CPU user time : 1s CPU sys time : 0s MEM : 523156KB)
[EFX-0000 INFO] ... Hierarchical pre-synthesis "hyperram" begin
[EFX-0000 INFO] ... Clock Enable Synthesis Performed on 204 flops.
[EFX-0000 INFO] ... Hierarchical pre-synthesis "hyperram" end (Real time : 0s CPU user time : 1s CPU sys time : 0s MEM : 523156KB)
[EFX-0000 INFO] ... Flat optimizations begin
[EFX-0000 INFO] ... Flat optimizations end (Real time : 0s CPU user time : 1s CPU sys time : 0s MEM : 523156KB)
[EFX-0000 INFO] ... Flat synthesis begin
[EFX-0000 INFO] ... Flat synthesis end (Real time : 0s CPU user time : 1s CPU sys time : 0s MEM : 523156KB)
[EFX-0000 INFO] ... Flat optimizations begin
[EFX-0000 INFO] ... Flat optimizations end (Real time : 0s CPU user time : 1s CPU sys time : 0s MEM : 523156KB)
[EFX-0000 INFO] ... Check and break combinational loops begin
[EFX-0000 INFO] ... Check and break combinational loops end (Real time : 0s CPU user time : 1s CPU sys time : 0s MEM : 523156KB)
[EFX-0000 INFO] ... Sequential Optimization begin
[EFX-0000 INFO] ... Clock Network 'ram_clk' with 412 loads will be considered for sequential optimization.
[EFX-0000 INFO] ... Clock Network 'native_clk' with 68 loads will be considered for sequential optimization.
[EFX-0000 INFO] ... Clock Network 'ram_clk_cal' with 64 loads will be considered for sequential optimization.
[EFX-0000 INFO] ... Sequential Optimization deduced 175 equivalent points.
[EFX-0000 INFO] ... Sequential Optimization end (Real time : 1s CPU user time : 2s CPU sys time : 0s MEM : 523156KB)
[EFX-0000 INFO] ... Setup for logic synthesis begin
[EFX-0000 INFO] ... Setup for logic synthesis end (Real time : 0s CPU user time : 2s CPU sys time : 0s MEM : 523156KB)
[EFX-0000 INFO] ... LUT mapping begin
[EFX-0000 INFO] ... LS, strategy: 3, nd: 640, ed: 1905, lv: 5, pw: 1487.32
[EFX-0000 INFO] ... LUT mapping end (Real time : 2s CPU user time : 4s CPU sys time : 0s MEM : 523156KB)
[EFX-0000 INFO] ... Post-synthesis Verific netlist creation begin
[EFX-0000 INFO] ... Post-synthesis Verific netlist creation end (Real time : 0s CPU user time : 4s CPU sys time : 0s MEM : 523156KB)
[EFX-0000 INFO] ... Postmap Retiming Optimization begin
[EFX-0000 INFO] ... Clock Network 'ram_clk~ram_clk' with 392 loads will be considered for retiming optimization.
[EFX-0000 INFO] ... Clock Network 'native_clk~native_clk' with 68 loads will be considered for retiming optimization.
[EFX-0000 INFO] ... Clock Network 'ram_clk_cal~ram_clk_cal' with 64 loads will be considered for retiming optimization.
[EFX-0000 INFO] ... Performed 1 retime moves.
[EFX-0000 INFO] ... Postmap Retiming Optimization end (Real time : 0s CPU user time : 4s CPU sys time : 0s MEM : 523156KB)
[EFX-0011 VERI-WARNING] Input/inout port native_ram_address[31] is unconnected. Place and route may remove this unconnected port. (VDB-8003) (/home/simon/src/efinity/project/ip_project/ip/hyperram/hyperram.sv:66)
[EFX-0011 VERI-WARNING] Input/inout port dyn_pll_phase_sel[2] is unconnected. Place and route may remove this unconnected port. (VDB-8003) (/home/simon/src/efinity/project/ip_project/ip/hyperram/hyperram.sv:87)
[EFX-0011 VERI-WARNING] Input/inout port dyn_pll_phase_en is unconnected. Place and route may remove this unconnected port. (VDB-8003) (/home/simon/src/efinity/project/ip_project/ip/hyperram/hyperram.sv:88)
[EFX-0011 VERI-WARNING] Net u_hbram_top/hbc_dq_OE_2[0] is dangling. (VDB-8009) 
[EFX-0011 VERI-WARNING] Net u_hbram_top/hbc_dq_OE_2[1] is dangling. (VDB-8009) 
[EFX-0011 VERI-WARNING] Net u_hbram_top/hbc_dq_OE_2[2] is dangling. (VDB-8009) 
[EFX-0011 VERI-WARNING] Net u_hbram_top/hbc_dq_OE_2[3] is dangling. (VDB-8009) 
[EFX-0011 VERI-WARNING] Net u_hbram_top/hbc_dq_OE_2[4] is dangling. (VDB-8009) 
[EFX-0011 VERI-WARNING] Net u_hbram_top/hbc_dq_OE_2[5] is dangling. (VDB-8009) 
[EFX-0011 VERI-WARNING] Net u_hbram_top/hbc_dq_OE_2[6] is dangling. (VDB-8009) 
[EFX-0011 VERI-WARNING] Net u_hbram_top/hbc_dq_OE_2[7] is dangling. (VDB-8009) 
[EFX-0011 VERI-WARNING] Found 14 warnings in the post-synthesis netlist. 
[EFX-0000 INFO] Resource Summary 
[EFX-0000 INFO] =============================== 
[EFX-0000 INFO] EFX_ADD         : 	107
[EFX-0000 INFO] EFX_LUT4        : 	647
[EFX-0000 INFO] EFX_FF          : 	522
[EFX-0000 INFO] EFX_RAM10       : 	13
[EFX-0000 INFO] =============================== 
