mads 2.1.0 build 8 (23 Dec 19)
Source: cpu_illegal.s
     1 				; Altirra Acid800 test suite
     2 				; Copyright (C) 2010 Avery Lee, All Rights Reserved.
     3 				;
     4 				; Permission is hereby granted, free of charge, to any person obtaining a copy
     5 				; of this software and associated documentation files (the "Software"), to deal
     6 				; in the Software without restriction, including without limitation the rights
     7 				; to use, copy, modify, merge, publish, distribute, sublicense, and/or sell
     8 				; copies of the Software, and to permit persons to whom the Software is
     9 				; furnished to do so, subject to the following conditions:
    10 				;
    11 				; The above copyright notice and this permission notice shall be included in
    12 				; all copies or substantial portions of the Software.
    13 				;
    14 				; THE SOFTWARE IS PROVIDED "AS IS", WITHOUT WARRANTY OF ANY KIND, EXPRESS OR
    15 				; IMPLIED, INCLUDING BUT NOT LIMITED TO THE WARRANTIES OF MERCHANTABILITY,
    16 				; FITNESS FOR A PARTICULAR PURPOSE AND NONINFRINGEMENT. IN NO EVENT SHALL THE
    17 				; AUTHORS OR COPYRIGHT HOLDERS BE LIABLE FOR ANY CLAIM, DAMAGES OR OTHER
    18 				; LIABILITY, WHETHER IN AN ACTION OF CONTRACT, TORT OR OTHERWISE, ARISING FROM,
    19 				; OUT OF OR IN CONNECTION WITH THE SOFTWARE OR THE USE OR OTHER DEALINGS IN THE
    20 				; SOFTWARE. 
    21
    22 FFFF0001					_SAP_HEADER "CPU: Illegal instructions"
Macro: _SAP_HEADER [Source: library.s]
Source: cpu_illegal.s
    23
    24 						opt		h+o+
    25
    26 						icl		'library.s'
Source: library.s
     1 				; Altirra Acid800 test suite
     2 				; Copyright (C) 2010 Avery Lee, All Rights Reserved.
     3 				;
     4 				; Permission is hereby granted, free of charge, to any person obtaining a copy
     5 				; of this software and associated documentation files (the "Software"), to deal
     6 				; in the Software without restriction, including without limitation the rights
     7 				; to use, copy, modify, merge, publish, distribute, sublicense, and/or sell
     8 				; copies of the Software, and to permit persons to whom the Software is
     9 				; furnished to do so, subject to the following conditions:
    10 				;
    11 				; The above copyright notice and this permission notice shall be included in
    12 				; all copies or substantial portions of the Software.
    13 				;
    14 				; THE SOFTWARE IS PROVIDED "AS IS", WITHOUT WARRANTY OF ANY KIND, EXPRESS OR
    15 				; IMPLIED, INCLUDING BUT NOT LIMITED TO THE WARRANTIES OF MERCHANTABILITY,
    16 				; FITNESS FOR A PARTICULAR PURPOSE AND NONINFRINGEMENT. IN NO EVENT SHALL THE
    17 				; AUTHORS OR COPYRIGHT HOLDERS BE LIABLE FOR ANY CLAIM, DAMAGES OR OTHER
    18 				; LIABILITY, WHETHER IN AN ACTION OF CONTRACT, TORT OR OTHERWISE, ARISING FROM,
    19 				; OUT OF OR IN CONNECTION WITH THE SOFTWARE OR THE USE OR OTHER DEALINGS IN THE
    20 				; SOFTWARE. 
    21
    22 				;==========================================================================
    23 				; MEMORY MAP (800)
    24 				;
    25 				;	$0000-007F		OS zero page
    26 				;	$0080-00BF		Module zero page
    27 				;	$00C0-00DF		Library zero page
    28 				;	$00E0-00EF		80-column zero page
    29 				;	$0100-01FF		6502 stack
    30 				;	$0200-03FF		OS database
    31 				;	$0400-09FF		Boot loader / unused
    32 				;	$0A00-0AFF		Boot loader / Veronica support resident page
    33 				;	$0B00-0BFF		Boot loader / sector load buffer
    34 				;	$0C00-0FFF		Boot loader / 16K display
    35 				;	$1000-18FF		Resident test driver (full suite only)
    36 				;	$1900-19FF		Segment tables (full suite only)
    37 				;	$1A00-1FFF		Library code
    38 				;	$2000-3FFF		Module run area
    39 				;	$4000-5FFF		Segment load area / Extended memory window
    40 				;	$6000-7FFF		80-column screen A / Extended memory window
    41 				;	$9000-9BFF		80-column driver
    42 				;	$9C00-9FFF		Unused (display list if cart)
    43 				;	$A000-BFFF		80-column screen B
    44 				;
    45 				; MEMORY MAP (5200)
    46 				;
    47 				;	$0000-001F		OS zero page
    48 				;	$0020-003F		Display zero page
    49 				;	$0080-00BF		Module zero page
    50 				;	$00C0-00DF		Library zero page
    51 				;	$0100-01FF		6502 stack
    52 				;	$0200-021F		OS database
    53 				;	$0220-027F		Unused
    54 				;	$0280-02FF		Library database
    55 				;	$0300-07FF		Display memory
    56 				;	$0800-0FFF		Unused
    57 				;	$1000-1FFF		LZ decompression history window
    58 				;	$2000-3FFF		Module run area
    59 				;	$4000-BFFF		Cartridge library code and module store
    60 				;
    61 				; MEMORY MAP (SAP)
    62 				;
    63 				;	$0080-00BF		Module zero page
    64 				;	$00C0-00DF		Library zero page
    65 				;	$0280-02FF		Library database
    66 				;	$0300-07FF		Display memory
    67 				;	$2000-3FFF		Module run area
    68 				;	$4000-BFFF		Module store
    69
    70 				;==========================================================================
    71 				; CONFIGURATION
    72 				;
    73 						.ifndef SYS800
    74 = 0001					SEGS_IN_ROM = 1
    75 						.else
    76 						SEGS_MIN_MEM = 1
    77 						.endif
    78 						
    79 						.ifdef SYS5200
    80 = 0001					SEGS_LZPACK = 1
    81 						.endif
    82
    83 				;==========================================================================
    84 				; HARDWARE INCLUDES
    85 				;
    86 				.ifdef SYS5200
    87 				;GTIA
    88 = C000			gtia = $c000
    89 = C000			m0pf	equ	$c000
    90 = C001			m1pf	equ	$c001
    91 = C002			m2pf	equ	$c002
    92 = C003			m3pf	equ	$c003
    93 = C004			p0pf	equ	$c004
    94 = C005			p1pf	equ	$c005
    95 = C006			p2pf	equ	$c006
    96 = C007			p3pf	equ	$c007
    97 = C008			m0pl	equ	$c008
    98 = C009			m1pl	equ	$c009
    99 = C00A			m2pl	equ	$c00a
   100 = C00B			m3pl	equ	$c00b
   101 = C00C			p0pl	equ	$c00c
   102 = C00D			p1pl	equ	$c00d
   103 = C00E			p2pl	equ	$c00e
   104 = C00F			p3pl	equ	$c00f
   105 = C000			hposp0	equ	$c000
   106 = C001			hposp1	equ	$c001
   107 = C002			hposp2	equ	$c002
   108 = C003			hposp3	equ	$c003
   109 = C004			hposm0	equ	$c004
   110 = C005			hposm1	equ	$c005
   111 = C006			hposm2	equ	$c006
   112 = C007			hposm3	equ	$c007
   113 = C008			sizep0	equ	$c008
   114 = C009			sizep1	equ	$c009
   115 = C00A			sizep2	equ	$c00a
   116 = C00B			sizep3	equ	$c00b
   117 = C00C			sizem	equ	$c00c
   118 = C00D			grafp0	equ	$c00d
   119 = C00E			grafp1	equ	$c00e
   120 = C00F			grafp2	equ	$c00f
   121 = C010			grafp3	equ	$c010
   122 = C010			trig0	equ	$c010
   123 = C011			grafm	equ	$c011
   124 = C012			colpm0	equ	$c012
   125 = C013			colpm1	equ	$c013
   126 = C014			colpm2	equ	$c014
   127 = C014			pal		equ	$c014
   128 = C015			colpm3	equ	$c015
   129 = C016			colpf0	equ	$c016
   130 = C017			colpf1	equ	$c017
   131 = C018			colpf2	equ	$c018
   132 = C019			colpf3	equ	$c019
   133 = C01A			colbk	equ	$c01a
   134 = C01B			prior	equ	$c01b
   135 = C01C			vdelay	equ	$c01c
   136 = C01D			gractl	equ	$c01d
   137 = C01E			hitclr	equ	$c01e
   138 = C01F			consol	equ	$c01f
   139
   140 				;POKEY
   141 = E800			pokey = $e800
   142 = E800			audf1	equ	$e800
   143 = E801			audc1	equ	$e801
   144 = E802			audf2	equ	$e802
   145 = E803			audc2	equ	$e803
   146 = E804			audf3	equ	$e804
   147 = E805			audc3	equ	$e805
   148 = E806			audf4	equ	$e806
   149 = E807			audc4	equ	$e807
   150 = E808			audctl	equ	$e808
   151 = E809			stimer	equ	$e809
   152 = E80A			random	equ	$e80a
   153 = E80A			skres	equ	$e80a
   154 = E80D			serin	equ	$e80d
   155 = E80D			serout	equ	$e80d
   156 = E80E			irqen	equ	$e80e
   157 = E80E			irqst	equ	$e80e
   158 = E80F			skctl	equ	$e80f
   159 = E80F			skstat	equ	$e80f
   160 				.else
   161 				;GTIA
   162 				gtia = $d000
   163 				m0pf	equ	$d000
   164 				m1pf	equ	$d001
   165 				m2pf	equ	$d002
   166 				m3pf	equ	$d003
   167 				p0pf	equ	$d004
   168 				p1pf	equ	$d005
   169 				p2pf	equ	$d006
   170 				p3pf	equ	$d007
   171 				m0pl	equ	$d008
   172 				m1pl	equ	$d009
   173 				m2pl	equ	$d00a
   174 				m3pl	equ	$d00b
   175 				p0pl	equ	$d00c
   176 				p1pl	equ	$d00d
   177 				p2pl	equ	$d00e
   178 				p3pl	equ	$d00f
   179 				hposp0	equ	$d000
   180 				hposp1	equ	$d001
   181 				hposp2	equ	$d002
   182 				hposp3	equ	$d003
   183 				hposm0	equ	$d004
   184 				hposm1	equ	$d005
   185 				hposm2	equ	$d006
   186 				hposm3	equ	$d007
   187 				sizep0	equ	$d008
   188 				sizep1	equ	$d009
   189 				sizep2	equ	$d00a
   190 				sizep3	equ	$d00b
   191 				sizem	equ	$d00c
   192 				grafp0	equ	$d00d
   193 				grafp1	equ	$d00e
   194 				grafp2	equ	$d00f
   195 				grafp3	equ	$d010
   196 				trig0	equ	$d010
   197 				grafm	equ	$d011
   198 				colpm0	equ	$d012
   199 				colpm1	equ	$d013
   200 				colpm2	equ	$d014
   201 				pal		equ	$d014
   202 				colpm3	equ	$d015
   203 				colpf0	equ	$d016
   204 				colpf1	equ	$d017
   205 				colpf2	equ	$d018
   206 				colpf3	equ	$d019
   207 				colbk	equ	$d01a
   208 				prior	equ	$d01b
   209 				vdelay	equ	$d01c
   210 				gractl	equ	$d01d
   211 				hitclr	equ	$d01e
   212 				consol	equ	$d01f
   213
   214 				;POKEY
   215 				pokey = $d200
   216 				audf1	equ	$d200
   217 				audc1	equ	$d201
   218 				audf2	equ	$d202
   219 				audc2	equ	$d203
   220 				audf3	equ	$d204
   221 				audc3	equ	$d205
   222 				audf4	equ	$d206
   223 				audc4	equ	$d207
   224 				audctl	equ	$d208
   225 				stimer	equ	$d209
   226 				kbcode	equ	$d209
   227 				random	equ	$d20a
   228 				skres	equ	$d20a
   229 				serin	equ	$d20d
   230 				serout	equ	$d20d
   231 				irqen	equ	$d20e
   232 				irqst	equ	$d20e
   233 				skctl	equ	$d20f
   234 				skstat	equ	$d20f
   235
   236 				;PIA
   237 				porta	equ	$d300
   238 				portb	equ	$d301
   239 				pactl	equ	$d302
   240 				pbctl	equ	$d303
   241 				.endif
   242
   243 				;ANTIC
   244 = D400			dmactl	equ	$d400
   245 = D401			chactl	equ	$d401
   246 = D402			dlistl	equ	$d402
   247 = D403			dlisth	equ	$d403
   248 = D404			hscrol	equ	$d404
   249 = D405			vscrol	equ	$d405
   250 = D407			pmbase	equ	$d407
   251 = D409			chbase	equ	$d409
   252 = D40A			wsync	equ	$d40a
   253 = D40B			vcount	equ	$d40b
   254 = D40E			nmien	equ	$d40e
   255 = D40F			nmires	equ	$d40f
   256 = D40F			nmist	equ	$d40f
   257
   258 				;==========================================================================
   259 				; OS INCLUDES (5200)
   260 				;
   261 				.ifdef SYS5200
   262 = 0000			pokmsk	equ		$00
   263 = 0001			rtclok	equ		$01
   264 				;		equ		$02
   265 = 0003			critic	equ		$03
   266 = 0004			atract	equ		$04
   267 = 0005			sdlstl	equ		$05
   268 = 0006			sdlsth	equ		$06
   269 = 0007			sdmctl	equ		$07
   270 = 0008			pcolr0	equ		$08
   271 = 0009			pcolr1	equ		$09
   272 = 000A			pcolr2	equ		$0a
   273 = 000B			pcolr3	equ		$0b
   274 = 000C			color0	equ		$0c
   275 = 000D			color1	equ		$0d
   276 = 000E			color2	equ		$0e
   277 = 000F			color3	equ		$0f
   278 = 0010			color4	equ		$10
   279
   280 = 0200			vimirq	equ		$0200		;IRQ immediate vector
   281 = 0202			vvblki	equ		$0202		;VBI immediate vector
   282 = 0204			vvblkd	equ		$0204		;VBI deferred vector
   283 = 0206			vdslst	equ		$0206		;display list vector
   284 = 0208			vkybdi	equ		$0208		;keyboard immediate vector
   285 = 020A			vkybdf	equ		$020a		;keyboard deferred vector
   286 				.endif
   287
   288 				;==========================================================================
   289 				; OS INCLUDES (800)
   290 				;
   291 				.ifndef SYS5200
   292 				pokmsk	equ	$10
   293 				rtclok	equ	$12
   294 				savmsc	equ	$58
   295 				ramtop	equ	$6a
   296
   297 				vdslst	equ	$0200
   298 				vkeybd	equ	$0208
   299 				vimirq	equ	$0216
   300 				cdtmv1	equ	$0218
   301 				vvblki	equ	$0222
   302 				vvblkd	equ	$0224
   303 				cdtma1	equ	$0226
   304 				sdmctl	equ	$022f
   305 				sdlstl	equ	$0230
   306 				sdlsth	equ	$0231
   307 				sskctl	equ	$0232
   308 				runad	equ	$02e0
   309 				initad	equ	$02e2
   310 				memtop	equ	$02e5
   311 				ch1		equ	$02f2
   312 				ch		equ	$02fc
   313
   314 				ddevic	equ	$0300
   315 				dunit	equ	$0301
   316 				dcomnd	equ	$0302
   317 				dstats	equ	$0303
   318 				dbuflo	equ	$0304
   319 				dbufhi	equ	$0305
   320 				dtimlo	equ	$0306
   321 				dbytlo	equ	$0308
   322 				dbythi	equ	$0309
   323 				daux1	equ	$030a
   324 				daux2	equ	$030b
   325
   326 				ichid	equ	$0340
   327 				iccmd	equ	$0342
   328 				icbal	equ	$0344
   329 				icbah	equ	$0345
   330 				icptl	equ	$0346
   331 				icpth	equ	$0347
   332 				icbll	equ	$0348
   333 				icblh	equ	$0349
   334 				icax1	equ	$034a
   335 				icax2	equ	$034b
   336
   337 				basicf	equ	$03f8
   338
   339 				dskinv	equ	$e453
   340 				ciov	equ	$e456
   341 				siov	equ	$e459
   342 				xitvbv	equ	$e462
   343 				.endif
   344
   345 				;==========================================================================
   346 				; LIBRARY ZP
   347 				;
   348 = 00C0			a0		equ	$c0
   349 = 00C2			a1		equ	$c2
   350 = 00C4			a2		equ	$c4
   351 = 00C6			a3		equ	$c6
   352 = 00C8			d0		equ	$c8
   353 = 00C9			d1		equ	$c9
   354 = 00CA			d2		equ	$ca
   355 = 00CB			d3		equ	$cb
   356 = 00CC			d4		equ	$cc
   357 = 00CD			d5		equ	$cd
   358 = 00CE			d6		equ	$ce
   359 = 00CF			d7		equ	$cf
   360
   361 				;==========================================================================
   362 				; LIBRARY VARS
   363 				;
   364 						opt o-
   365
   366 				.ifdef SYS5200
   367 						opt f-
   368 				.else
   369 				.ifdef STANDALONE
   370 						opt o+
   371 				.endif
   372 				.ifdef GENLIBRARY
   373 						opt o+
   374 				.endif
   375 				.endif
   376
   377 						.ifdef SYSSAP
   378 						org	$0280
   379 						.endif
   380 						
   381 						.ifdef SYS5200
   382 						org	$0280
   383 						.endif
   384 						
   385 						.ifdef SYS800
   386 						org	$1a20
   387 						.endif		
   388 				_intsOff	dta		0
   389 				_scrnOff	dta		0
   390 				_prevIRQ	dta		a(0)
   391 				_prevVBI	dta		a(0)
   392 				_exitTest	dta		a(0)
   393 				_exitTestS	dta		$ff
   394 				_vputchar	dta		a(0)
   395
   396 						.ifdef SYS800
   397 				_vputunhook	dta		a(0)
   398 						.endif
   399
   400 = 0000				CPUMODE_6502 = 0
   401 = 0001				CPUMODE_65C02 = 1
   402 = 0080				CPUMODE_65C816_16 = 0x80
   403 = 0081				CPUMODE_65C816_24 = 0x81
   404 				_cpuMode	dta		0
   405
   406 				_veronica	dta		0
   407
   408 						.ifdef SYS5200
   409 				sskctl		dta		0
   410 				ch			dta		0
   411 				keydel		dta		0
   412
   413 							org		$02e0
   414 				runad		dta		a(0)
   415 				initad		dta		a(0)
   416 						.endif
   417
   418 						.ifdef SEGS_IN_ROM
   419 				_lastMod	dta		0
   420 						.endif
   421 						.ifdef SEGS_MIN_MEM
   422 				_lastMod	dta		0
   423 						.endif
   424
   425 						.ifdef SYS5200
   426 						.ifdef STANDALONE
   427 						opt o+f+
   428 						.endif
   429 						.ifdef GENLIBRARY
   430 						opt o+f+
   431 						.endif
   432
   433 						.ifdef LIBBASE
   434 						org	LIBBASE
   435 						.else
   436 						org	$4000
   437 						.endif
   438 						.endif
   439 						
   440 						.ifdef SYSSAP
   441 						org		$4000
   442 						.endif
   443
   444 				;==========================================================================
   445 				; MACROS
   446 				;
   447 				.macro _INITTEST
   448 					jsr		_imTestInit
   449 					dta		:1,0
   450 				.endm
   451
   452 				.macro _ASSERT1
   453 					lda	:1
   454 					cmp	#:2
   455 					beq	pass
   456 					
   457 					sta	d1
   458 					jsr	_testFailed
   459 					dta	:3,0
   460 				pass:
   461 				.endm
   462
   463 				.macro _ASSERT1_DUAL
   464 					lda	:1
   465 					cmp	#:2
   466 					beq	pass
   467 					cmp	#:3
   468 					beq	pass
   469 					
   470 					sta	d1
   471 					jsr	_testFailed
   472 					dta	:4,0
   473 				pass:
   474 				.endm
   475
   476 				.macro _ASSERTA
   477 					cmp	#:1
   478 					beq	pass
   479 					
   480 					sta	d1
   481 					jsr	_testFailed
   482 					dta	:2,0
   483 				pass:
   484 				.endm
   485
   486 				.macro _ASSERTX
   487 					cpx	#:1
   488 					beq	pass
   489 					
   490 					stx	d1
   491 					jsr	_testFailed
   492 					dta	:2,0
   493 				pass:
   494 				.endm
   495
   496 				.macro _ASSERTY
   497 					cpy	#:1
   498 					beq	pass
   499 					
   500 					sty	d1
   501 					jsr	_testFailed
   502 					dta	:2,0
   503 				pass:
   504 				.endm
   505
   506 				.macro _FAIL
   507 					jsr		_testFailed
   508 					dta		:1,0
   509 				.endm
   510
   511 				.macro _SKIP
   512 					jsr		_testSkipped
   513 					dta		:1,0
   514 				.endm
   515
   516 				.macro _SAP_HEADER
   517 					.ifdef GENSAP
   518 						opt		o+h-f-
   519 						org		$0700
   520 						dta		c"SAP",$0d,$0a
   521 						dta		c"AUTHOR ",$22,c"Avery Lee",$22,$0d,$0a
   522 						dta		c"NAME ",$22,c":1",$22,$0d,$0a
   523 						dta		c"TYPE D",$0d,$0a
   524 						dta		c"INIT 2000",$0d,$0a
   525 						dta		c"TIME 00:",c"05",$0d,$0a
   526 						dta		a($ffff)
   527 					.endif
   528 				.endm
   529
   530 				;==========================================================================
   531 				.nowarn .proc	_crt0init
   532 				.ifdef SYSSAP
   533 					jsr		_crt0init_sap
   534 				.endif
   535
   536 					;clear zero page and database
   537 				.ifdef SYS5200
   538 					ldx		#$20
   539 					lda		#0
   540 				zploop:
   541 					sta		0,x
   542 					inx
   543 					bne		zploop
   544 					ldx		#$80
   545 				dbloop:
   546 					sta		$0200,x
   547 					inx
   548 					bne		dbloop
   549 				.endif
   550
   551 					;clear options (keep in sync with options.s)
   552 					ldx		#6
   553 					lda		#0
   554 					.ifdef SYS5200
   555 					sta:rpl	$02f0,x-
   556 					.else
   557 					sta:rpl	$1a00,x-
   558 					.endif
   559 					
   560 					;detect CPU
   561 					ldy		#CPUMODE_6502
   562 					sed
   563 					lda		#$99
   564 					clc
   565 					adc		#$01
   566 					cld
   567 					bne		detdone
   568 					
   569 					;we have at least a 65C02... check for 65C816
   570 					ldy		#CPUMODE_65C02
   571
   572 					sec
   573 					opt		c+
   574 					rep		#$01
   575 					bcs		detdone
   576 					sep		#$01
   577 					bcc		detdone
   578 					
   579 					ldy		#CPUMODE_65C816_16
   580 					
   581 					;check for 24-bit addressing
   582 					lda		d3+$10000
   583 					tax
   584 					eor		#$f5
   585 					sta		d3
   586 					txa
   587 					cmp		d3+$10000
   588 					sne
   589 					iny
   590 					
   591 					opt		c-
   592 					
   593 				detdone:
   594 					sty		_cpuMode
   595
   596 				.ifdef SYS5200
   597 					jsr		_crt0init_5200
   598 				.endif
   599
   600 				.ifdef SYS800
   601 					;init putchar handler
   602 					mwa		icptl _vputchar
   603 					inw		_vputchar
   604 				.endif
   605
   606 					rts
   607 				.endp
   608
   609 				;==========================================================================
   610 				.nowarn .proc	_interruptsOff
   611 					lda	_intsOff
   612 					bmi	xit
   613 					sei
   614 					mwa	vimirq _prevIRQ
   615 					mva	#$ff _intsOff
   616 				xit:
   617 					rts
   618 				.endp
   619
   620 				;==========================================================================
   621 				.nowarn .proc	_interruptsOn
   622 					lda	_intsOff
   623 					bpl	xit
   624 					sei
   625 					mwa	_prevIRQ vimirq
   626 					mva	pokmsk irqen
   627 					mva	#$00 _intsOff
   628 					cli
   629 				xit:
   630 					rts
   631 				.endp
   632
   633 				;==========================================================================
   634 				.nowarn .proc _screenOn
   635 					.ifndef SYSSAP
   636 					lda	_scrnOff
   637 					bpl	xit
   638 					
   639 					jsr	_waitVBL
   640 					
   641 					sei
   642 					lda	#0
   643 					sta	wsync
   644 					sta	nmien
   645 					mva	#$22 dmactl
   646 					mwa	sdlstl dlistl
   647 					mwa	_prevVBI vvblki
   648 					lda	#$40
   649 					sta	nmien
   650 					cli
   651 					
   652 					jsr	_waitVBL
   653 					sta	wsync
   654 					sta	wsync
   655 					jsr	_waitVBL
   656 					.endif
   657
   658 					mva	#$00 _scrnOff
   659 				xit:
   660 					rts
   661 				.endp
   662
   663 				;==========================================================================
   664 				.nowarn .proc _screenOff
   665 					.ifndef SYSSAP
   666 					lda	_scrnOff
   667 					bmi	xit
   668 					
   669 					jsr	_waitVBL
   670 						
   671 					php
   672 					sei
   673 					lda	#0
   674 					sta	wsync
   675 					sta	nmien
   676 					sta	dmactl
   677 					mwa	vvblki _prevVBI
   678 					plp
   679 					.endif
   680
   681 					mva	#$ff _scrnOff
   682 				xit:
   683 					rts
   684 				.endp
   685
   686 				;==========================================================================
   687 				.nowarn .proc _waitVBL
   688 					lda	#123
   689 					cmp:rne vcount
   690 					cmp:req vcount
   691 					rts
   692 				.endp
   693
   694 				;==========================================================================
   695 				.nowarn .proc _waitFrame
   696 					inc	wsync
   697 					inc	wsync
   698 					jmp	_waitVBL
   699 				.endp
   700
   701 				;==========================================================================
   702 				.nowarn .proc _waitKeyPrompt
   703 					jsr		_imprint
   704 					dta		c"Press a key...",0
   705 					.ifdef SYS5200
   706 					mva		#$ff ch
   707 					lda:rmi	ch
   708 					.else
   709 					lda		#0
   710 					sta		ch
   711 					sta		ch1
   712 					lda:req	ch
   713 					.endif
   714 					jsr		_imprint
   715 					dta		$9c,0
   716 					rts
   717 				.endp
   718
   719 				;==========================================================================
   720 				.nowarn .proc _resetAV
   721 					lda	#0
   722 					sta	gractl
   723 					sta	grafp0
   724 					sta	grafp1
   725 					sta	grafp2
   726 					sta	grafp3
   727 					sta	grafm
   728 					sta	audc1
   729 					sta	audc2
   730 					sta	audc3
   731 					sta	audc4
   732 					rts
   733 				.endp
   734
   735 				;==========================================================================
   736 				.nowarn .proc _imprint
   737 					pla
   738 					tax
   739 					pla
   740 					tay
   741 					inx
   742 					sne:iny
   743 					txa
   744 					jsr	_print
   745 					lda	a0+1
   746 					pha
   747 					lda	a0
   748 					pha
   749 					rts	
   750 				.endp
   751
   752 				;==========================================================================
   753 				.nowarn .proc _imprintf
   754 					pla
   755 					tax
   756 					pla
   757 					tay
   758 					inx
   759 					sne:iny
   760 					txa
   761 					jsr	_printf
   762 					lda	a0+1
   763 					pha
   764 					lda	a0
   765 					pha
   766 					rts	
   767 				.endp
   768
   769 				;==========================================================================
   770 				.nowarn .proc _print
   771 					sta	a0
   772 					sty	a0+1
   773 				charloop:
   774 					ldy	#0
   775 					lda	(a0),y
   776 					beq	done
   777 					inw	a0
   778 					jsr	_printf.putbyte
   779 					jmp	charloop
   780 				done:
   781 					rts
   782 				.endp
   783
   784 				;==========================================================================
   785 				.nowarn .proc _println
   786 					jsr		_imprint
   787 					dta		$9b,0
   788 					rts
   789 				.endp
   790 				;==========================================================================
   791 				.nowarn .proc _printf
   792 					sta	a0
   793 					sty	a0+1
   794 					ldy	#0
   795 					sty	d0
   796 				charloop:
   797 					lda	(a0),y
   798 					beq	done
   799 					inw	a0
   800 					cmp	#'%'
   801 					beq	special
   802 				escaped:
   803 					jsr	putbyte
   804 				nextchar:
   805 					ldy	#0
   806 					jmp	charloop
   807 				done:
   808 					rts
   809 				special:
   810 					inc	d0
   811 					ldx	d0
   812 					lda	(a0),y
   813 					inw	a0
   814 					cmp #'d'
   815 					bne	notdec
   816 					tya
   817 					sty	a1
   818 					ldy	#6
   819 					sei
   820 					sed
   821 				decloop1:
   822 					rol	d0,x
   823 					adc	a1
   824 					sta	a1
   825 					dey
   826 					bne	decloop1
   827 					sty	a1+1
   828 					ldy	#2
   829 				decloop2:
   830 					rol	d0,x
   831 					adc	a1
   832 					sta	a1
   833 					rol	a1+1
   834 					dey
   835 					bne	decloop2
   836 					cld
   837 					cli
   838 					lda	a1+1
   839 					beq	decdigit2
   840 					tax
   841 					lda	_hexdig,x
   842 					jsr	putbyte
   843 					lda	a1
   844 					jsr	puthex
   845 					jmp	nextchar
   846 				decdigit2:
   847 					lda	a1
   848 					cmp	#$10
   849 					bcc	decdigit1
   850 					jsr	puthex
   851 					jmp	nextchar
   852 				decdigit1:
   853 					tax
   854 					lda	_hexdig,x
   855 					jmp	escaped
   856
   857 				notdec:
   858 					cmp	#'x'
   859 					bne	nothex
   860 					lda	d0,x
   861 					jsr	puthex
   862 					jmp	nextchar
   863
   864 				nothex:
   865 					cmp	#'X'
   866 					bne	nothexword
   867 					inc	d0
   868 					lda	d1,x
   869 					jsr	puthex
   870 					ldx	d0
   871 					lda	d0-1,x
   872 					jsr	puthex
   873 					jmp	nextchar
   874
   875 				nothexword:
   876 					cmp #'D'
   877 					bne	notdecword
   878
   879 					ldy	#8
   880 					lda	#0
   881 					sta	a1
   882 					sta a1+1
   883 					sta	a2
   884 					sei
   885 					sed
   886 				decword1:
   887 					rol	d1,x
   888 					lda	a1
   889 					adc	a1
   890 					sta	a1
   891 					lda	a1+1
   892 					adc	a1+1
   893 					sta	a1+1
   894 					dey
   895 					bne	decword1
   896 					
   897 					ldy	#8
   898 				decword2:
   899 					rol	d0,x
   900 					lda	a1
   901 					adc	a1
   902 					sta	a1
   903 					lda	a1+1
   904 					adc	a1+1
   905 					sta	a1+1
   906 					lda	a2
   907 					adc	a2
   908 					sta	a2
   909 					dey
   910 					bne	decword2
   911 					cld
   912 					cli
   913 					
   914 					tax
   915 					beq	decword3
   916 					jsr	puthexcond
   917 					lda	a1+1
   918 					jsr	puthex
   919 					lda	a1
   920 					jsr	puthex
   921 					jmp	nextchar
   922
   923 				decword3:
   924 					lda	a1+1
   925 					beq	decword4
   926 					lda	a1
   927 					jsr	puthex
   928 					jmp	nextchar
   929 					
   930 				decword4:
   931 					lda	a1
   932 					jsr	puthex
   933 					jmp	nextchar
   934
   935 				notdecword:
   936 					cmp #'c'
   937 					bne	notchar
   938 					inc	d0
   939 					lda	d0,x
   940 					jsr	putbyte
   941 					jmp	nextchar
   942 					
   943 				notchar:
   944 					cmp #'s'
   945 					bne	notstr
   946 					
   947 					inc	d0
   948 					lda	d0,x
   949 					sta	a1
   950 					lda	d0+1,x
   951 					sta	a1+1
   952
   953 				strloop:
   954 					ldy	#0
   955 					lda	(a1),y
   956 					beq	strdone
   957 					jsr	putbyte2
   958 					inw	a1
   959 					jmp	strloop
   960
   961 				strdone:
   962 					jmp	nextchar
   963 					
   964 				notstr:
   965 					dec	d0
   966 					jmp	escaped
   967 					
   968 				puthexcond:
   969 					cmp	#$10
   970 					bcs	puthex
   971 					tax
   972 					lda	_hexdig,x
   973 					jmp	putbyte	
   974 				puthex:	
   975 					pha
   976 					lsr
   977 					lsr
   978 					lsr
   979 					lsr
   980 					tax
   981 					lda	_hexdig,x
   982 					jsr	putbyte
   983 					pla
   984 					and	#$0f
   985 					tax
   986 					lda	_hexdig,x
   987 					jmp	putbyte
   988
   989 				putbyte:
   990 					tax
   991 					jsr	putbyte2
   992 					txa
   993 					rts
   994 					
   995 				putbyte2:
   996 					jmp	(_vputchar)
   997 				.endp
   998
   999 				;==========================================================================
  1000 				.nowarn .proc	_jam
  1001 				loop:
  1002 					jmp	loop
  1003 				.endp
  1004
  1005 				;==========================================================================
  1006 				.nowarn .proc	_waitVCount
  1007 					cmp:rne	vcount
  1008 					rts
  1009 				.endp
  1010
  1011 				;=========================================================================
  1012 				.nowarn .proc	_imTestInit
  1013 					pla
  1014 					sta		a0
  1015 					tay
  1016 					pla
  1017 					sta		a0+1
  1018 					
  1019 					inw		a0
  1020
  1021 					mva		#0 a1
  1022 					mva		a0+1 a1+1	
  1023 				skiploop:
  1024 					lda		(a1),y
  1025 					beq		skipdone
  1026 					iny
  1027 					sne:inc a1+1
  1028 					jmp		skiploop
  1029 				skipdone:
  1030 					lda		a1+1
  1031 					pha
  1032 					tya
  1033 					pha
  1034 					lda		a0
  1035 					ldy		a0+1
  1036 					jmp		_testInit
  1037 				.endp
  1038
  1039 				;=========================================================================
  1040 				.nowarn .proc	_testInit
  1041 					.ifdef STANDALONE
  1042 					pha
  1043 					tya
  1044 					pha
  1045
  1046 				.ifdef SYS800
  1047 					;MaxFlash carts run executables with E: closed. Check for this and
  1048 					;reopen it if necessary.
  1049 					lda		ichid
  1050 					bpl		iocb0_open
  1051
  1052 					;reopen IOCB 0
  1053 					mva		#$03 iccmd
  1054 					mwa		#e_name icbal
  1055 					ldx		#0
  1056 					stx		icax1
  1057 					mva		#$0c icax2
  1058 					jsr		ciov
  1059 					
  1060 				iocb0_open:
  1061 				.endif
  1062
  1063 					jsr		_crt0init
  1064 					
  1065 					pla
  1066 					tay
  1067 					pla
  1068 					.endif
  1069 					
  1070 					jsr	_print
  1071 					jsr	_imprint
  1072 					dta	c"...",0
  1073 					
  1074 					.ifdef STANDALONE
  1075 					mwa	#_testEnd _exitTest
  1076 					.else
  1077 					:10 nop
  1078 					.endif
  1079 					
  1080 					rts
  1081 					
  1082 				msg:
  1083 					dta	c"...",0
  1084 				e_name:
  1085 					dta		'E',$9B
  1086 				.endp
  1087
  1088 				;=========================================================================
  1089 				.nowarn .proc	_testEnd
  1090 					.ifdef SYSSAP
  1091 						.ifdef STANDALONE
  1092 							jmp	_sap_testEnd
  1093 						.else
  1094 							jmp	_jam
  1095 						.endif
  1096 					.else
  1097 						.ifdef SYS5200
  1098 							jmp	_jam
  1099 						.else
  1100 							;wait for key
  1101 							sei
  1102 							lda		#0
  1103 							sta		nmien
  1104 							sta		irqen
  1105 							mva		#3 skctl
  1106 							mva		#$40 irqen
  1107 							bit:rne	irqst
  1108 							
  1109 							;initiate soft reset
  1110 							jmp		($fffc)
  1111 						.endif
  1112 					.endif
  1113 				.endp
  1114
  1115 				;=========================================================================
  1116 				.nowarn .proc	_testRestore
  1117 					cld
  1118 					php
  1119 					sei
  1120 					
  1121 					;check if the screen is off; if so, make sure we kill DLIs
  1122 					lda		_scrnOff
  1123 					beq		scrnOK
  1124 					
  1125 					lda		#0
  1126 					inc		wsync
  1127 					sta		nmien
  1128 					
  1129 				scrnOK:
  1130
  1131 					mva		sskctl skctl
  1132 						
  1133 					.ifdef SYSSAP
  1134 					;kill PIA port A interrupt
  1135 					mva		#$3c pactl
  1136 					
  1137 					;force kernel ROMs back _out_
  1138 					mva		#$38 pbctl
  1139 					mva		#$ff portb
  1140 					mva		#$3c pbctl
  1141 					mva		#$82 portb
  1142 					.endif
  1143 					
  1144 					.ifdef SYS5200
  1145 					mva		#$00 prior
  1146 					mva		#$f8 chbase
  1147 					mva		#$02 chactl
  1148 					mva		#$04 consol
  1149 					.endif
  1150 					
  1151 					.ifdef SYS800
  1152 					;kill PIA port A interrupt
  1153 					mva		#$3c pactl
  1154 					
  1155 					;force kernel ROMs back in	
  1156 					mva		#$38 pbctl
  1157 					mva		#$00 portb
  1158 					mva		#$3c pbctl
  1159 					mva		#$83 portb
  1160 					
  1161 					;kill OS timer 1
  1162 					ldx		#$ff
  1163 					stx		wsync
  1164 					stx		cdtmv1
  1165 					inx
  1166 					stx		cdtmv1
  1167 					stx		cdtmv1+1
  1168 					.endif
  1169
  1170 					plp
  1171 					jsr	_interruptsOn
  1172 					jsr	_screenOn
  1173 					jsr	_resetAV
  1174 					
  1175 					;unmask interrupts
  1176 					cli
  1177 					rts
  1178 				.endp
  1179
  1180 				;=========================================================================
  1181 				.nowarn .proc	_testPassed
  1182 					jsr	_testRestore
  1183
  1184 					jsr	_imprint
  1185 					dta	c"Pass",$9b,0
  1186 					
  1187 					ldx	_exitTestS
  1188 					txs
  1189 					ldy	#0
  1190 					jmp	(_exitTest)
  1191 				.endp
  1192
  1193 				;=========================================================================
  1194 				.nowarn .proc	_testFailed
  1195 					jsr	_testRestore
  1196
  1197 					jsr	_imprint
  1198 					dta	c"FAIL.",$9b,0
  1199
  1200 				nomsgentry:
  1201 					pla
  1202 					tax
  1203 					pla
  1204 					tay
  1205 					inx
  1206 					sne:iny
  1207 					txa
  1208 					jsr	_printf
  1209 					jsr	_println
  1210 					
  1211 					ldx	_exitTestS
  1212 					txs
  1213 					ldy	#$80
  1214 					jmp	(_exitTest)
  1215
  1216 				msg2:
  1217 					dta	$9b,0
  1218 				.endp
  1219
  1220 				;=========================================================================
  1221 				.nowarn .proc	_testFailed2
  1222 					jsr	_testRestore
  1223 					jmp	_testFailed.nomsgentry
  1224 				.endp
  1225
  1226 				;=========================================================================
  1227 				.nowarn .proc	_testSkipped
  1228 					jsr		_testRestore
  1229
  1230 					jsr		_imprint
  1231 					dta		c"Skipped",$9b,0
  1232 					
  1233 					pla
  1234 					tax
  1235 					pla
  1236 					tay
  1237 					inx
  1238 					sne:iny
  1239 					txa
  1240 					jsr		_printf
  1241 					
  1242 					jsr		_println
  1243 					
  1244 					ldx		_exitTestS
  1245 					txs
  1246 					ldy		#$40
  1247 					jmp		(_exitTest)
  1248 				.endp
  1249
  1250 				;==========================================================================
  1251 				; _loadSeg()
  1252 				;
  1253 				; Module loader.
  1254 				;
  1255 				;	X = index of module to load
  1256 				;
  1257 				.ifdef SEGS_MIN_MEM
  1258 				.nowarn .proc	_loadSeg
  1259 					;get starting sector
  1260 					mva		segaddrlo,x	daux1
  1261 					mva		segaddrhi,x	daux2
  1262 						
  1263 					;get ending sector
  1264 					lda		segaddrlo+1,x
  1265 					sub		daux1
  1266 					sta		d7
  1267
  1268 					;setup sector load command and relocation
  1269 					mva		#'R' dcomnd
  1270 					mva		#1 dunit
  1271 					lda		#$00
  1272 					sta		dbuflo
  1273 					sta		a0
  1274 					sta		runad+1
  1275 					lda		#$0b
  1276 					sta		dbufhi
  1277 					sta		a0+1
  1278 					
  1279 					;preload first two sectors
  1280 					jsr		step_sector
  1281 				relocloop:
  1282 					;load starting address
  1283 					mva		(a0),y a1
  1284 					iny:sne:jsr step_sector
  1285 					mva		(a0),y a1+1
  1286 					iny:sne:jsr step_sector
  1287 					
  1288 					;skip $ffff words
  1289 					lda		a1
  1290 					and		a1+1
  1291 					cmp		#$ff
  1292 					beq		relocloop
  1293 					
  1294 					;load ending address
  1295 					mva		(a0),y a2
  1296 					iny:sne:jsr step_sector
  1297 					mva		(a0),y a2+1
  1298 					iny:sne:jsr step_sector
  1299 					inw		a2
  1300
  1301 					mwa		#definit initad
  1302 					
  1303 					;copy data (slow, but oh well)
  1304 					ldx		#0
  1305 				copyloop:
  1306 					lda		(a0),y
  1307 					sta		(a1,x)
  1308 					iny:sne:jsr step_sector
  1309 					inw		a1
  1310 					lda		a1
  1311 					cmp		a2
  1312 					bne		copyloop
  1313 					lda		a1+1
  1314 					cmp		a2+1
  1315 					bne		copyloop
  1316 					
  1317 					;init a segment
  1318 					jsr		doinit
  1319 					
  1320 					;check if we're done
  1321 					lda		runad+1
  1322 					beq		relocloop
  1323 					rts
  1324
  1325 				doinit:
  1326 					jmp		(initad)
  1327 					
  1328 				step_sector:
  1329 					lda		d7
  1330 					beq		no_sectors_left
  1331 					jsr		dskinv
  1332 					dec		d7
  1333 					inw		daux1
  1334 					lda		dbuflo
  1335 					eor		#$80
  1336 					sta		dbuflo
  1337 					bne		step_sector
  1338 				no_sectors_left:
  1339 					ldy		#0
  1340 					ldx		#0
  1341 				definit:
  1342 					rts
  1343 				.endp
  1344 				.else
  1345 				.nowarn .proc	_loadSeg
  1346 				.ifdef SEGS_IN_ROM
  1347 					stx		_lastMod
  1348 					rts
  1349 				.else
  1350 					;get starting sector
  1351 					mva		segaddrlo,x	daux1
  1352 					mva		segaddrhi,x	daux2
  1353 						
  1354 					;get ending sector
  1355 					mva		segaddrlo+1,x	a0
  1356 					mva		segaddrhi+1,x	a0+1
  1357
  1358 					;load sectors starting at $4000
  1359 				sectorloop:
  1360 					mva		#'R' dcomnd
  1361 					mva		#1 dunit
  1362 					mwa		#$4000 dbuflo
  1363 						
  1364 					jsr		dskinv
  1365 					tya
  1366 					bmi		sectorloop
  1367 					
  1368 					lda		#$80
  1369 					eor		dbuflo
  1370 					sta		dbuflo
  1371 					sne:inc	dbufhi
  1372 					
  1373 					inc		daux1
  1374 					sne:inc	daux2
  1375 					
  1376 					lda		daux1
  1377 					cmp		a0
  1378 					bne		sectorloop
  1379 					lda		daux2
  1380 					cmp		a0+1
  1381 					bne		sectorloop
  1382 					rts
  1383 				.endif
  1384 				.endp
  1385 				.endif
  1386
  1387 				;==========================================================================
  1388 				; _runSeg()
  1389 				;
  1390 				; Module relocator and executor.
  1391 				;
  1392 				; The last segment loaded by _loadSeg() is relocated and executed.
  1393 				;
  1394
  1395 				.ifdef SEGS_MIN_MEM
  1396
  1397 				;-----------------------------------------------
  1398 				; Minimum memory implementation.
  1399 				.nowarn .proc _runSeg
  1400 					jmp		(runad)
  1401 				.endp
  1402
  1403 				.else
  1404
  1405 				;-----------------------------------------------
  1406 				.nowarn .proc _runSeg
  1407 					
  1408 					;begin relocation
  1409 					mwa		#relocloop runad
  1410
  1411 					.ifdef SEGS_IN_ROM
  1412 					ldx		_lastMod
  1413 					mva		segaddrlo,x a0
  1414 					mva		segaddrhi,x a0+1
  1415 					.else
  1416 					mwa		#$4000 a0
  1417 					.endif
  1418 					
  1419 					.ifndef SEGS_LZPACK
  1420 					
  1421 					;==== uncompressed version
  1422
  1423 					ldy		#0
  1424 				relocloop:
  1425 					;load starting address
  1426 					mva		(a0),y a1
  1427 					inw		a0
  1428 					mva		(a0),y a1+1
  1429 					inw		a0
  1430 					
  1431 					;skip $ffff words
  1432 					lda		a1
  1433 					and		a1+1
  1434 					cmp		#$ff
  1435 					beq		relocloop
  1436 					
  1437 					;load ending address
  1438 					mva		(a0),y a2
  1439 					inw		a0
  1440 					mva		(a0),y a2+1
  1441 					inw		a0
  1442 					inw		a2
  1443 					
  1444 					;copy data (slow, but oh well)
  1445 				copyloop:
  1446 					lda		(a0),y
  1447 					sta		(a1),y
  1448 					inw		a0
  1449 					inw		a1
  1450 					lda		a1
  1451 					cmp		a2
  1452 					bne		copyloop
  1453 					lda		a1+1
  1454 					cmp		a2+1
  1455 					bne		copyloop
  1456 					
  1457 					;init a segment
  1458 					mwa		#definit initad
  1459 					jsr		doinit
  1460 					jmp		(runad)
  1461
  1462 				doinit:
  1463 					jmp		(initad)
  1464 					
  1465 				definit:
  1466 					rts
  1467
  1468 					.else
  1469 					
  1470 					;==== compressed version
  1471 					;
  1472 					;loader:
  1473 					;	a3		destination
  1474 					;	d6/d7	segment end address
  1475 					;
  1476 					;decompressor:
  1477 					;	a0		raw source stream
  1478 					;	a1		run source pointer
  1479 					;	a2		window pointer ($1000-1fff)
  1480 					;	d0		literal/run flag bits
  1481 					;	d1		remaining flag bits shifter
  1482 					;	d2		run length counter
  1483 					;	d3		temporary
  1484 					;	d4		superflag bits
  1485 					;	d5		superflag shifter
  1486
  1487 					lda		#0
  1488 					sta		d0
  1489 					sta		d1
  1490 					sta		d2
  1491 					sta		d5
  1492 					sta		a2
  1493 					lda		#$10
  1494 					sta		a2+1
  1495 				relocloop:
  1496 					ldy		#0
  1497 					;load starting address
  1498 					jsr		getbyte
  1499 					sta		a3
  1500 					jsr		getbyte
  1501 					sta		a3+1
  1502 					
  1503 					;skip $ffff words
  1504 					and		a3
  1505 					cmp		#$ff
  1506 					beq		relocloop
  1507 					
  1508 					;load ending address
  1509 					jsr		getbyte
  1510 					sta		d6
  1511 					jsr		getbyte
  1512 					sta		d7
  1513 					inw		d6
  1514 					
  1515 					;copy data (slow, but oh well)
  1516 				copyloop:
  1517 					jsr		getbyte
  1518 					sta		(a3),y
  1519 					inw		a3
  1520 					lda		a3
  1521 					cmp		d6
  1522 					bne		copyloop
  1523 					lda		a3+1
  1524 					cmp		d7
  1525 					bne		copyloop
  1526 					
  1527 					;init a segment
  1528 					mwa		#definit initad
  1529 					jsr		doinit
  1530 					jmp		(runad)
  1531
  1532 				doinit:
  1533 					jmp		(initad)
  1534 					
  1535 				getbyte:
  1536 					;check if we have a run in progress
  1537 					lda		d2
  1538 					bne		getrunbyte
  1539
  1540 					;check if we need to reload flag bits
  1541 					asl		d1
  1542 					bne		havebits
  1543 					
  1544 					;check if we need to reload superflag bits
  1545 					asl		d5
  1546 					bne		havesuperbits
  1547 					
  1548 					;load next superflag byte
  1549 					jsr		getrawbyte
  1550 					sta		d4
  1551 					lda		#$7f
  1552 					sta		d5
  1553 					
  1554 				havesuperbits:
  1555 					;pull next superflag and check if it's all literals (0)
  1556 					asl		d4
  1557 					bcc		all_literals
  1558 					
  1559 					;nope... read next byte as flags byte
  1560 					jsr		getrawbyte
  1561 					sta		d0
  1562
  1563 				all_literals:
  1564 					lda		#$7f
  1565 					sta		d1
  1566 				havebits:
  1567 					asl		d0
  1568 					bcs		isrun
  1569 					
  1570 					;store byte into window
  1571 					jsr		getrawbyte
  1572 					jmp		putwinbyte
  1573
  1574 				isrun:
  1575 					;load offset/run bytes
  1576 					jsr		getrawbyte
  1577 					sta		d3
  1578 					jsr		getrawbyte
  1579 					sta		d2
  1580 					
  1581 					;compute run source from current position and offset
  1582 					lda		a2
  1583 					clc
  1584 					sbc		d3
  1585 					sta		a1
  1586 					lda		a2+1
  1587 					sbc		d2
  1588 					and		#$0f
  1589 					ora		#$10
  1590 					sta		a1+1
  1591 					
  1592 					;compute length and stash run length
  1593 					lda		d2
  1594 					lsr
  1595 					lsr
  1596 					lsr
  1597 					lsr
  1598 					add		#3
  1599 					sta		d2
  1600 				getrunbyte:
  1601 					dec		d2
  1602 					ldy		#0
  1603 					lda		(a1),y
  1604 					inc		a1
  1605 					bne		putwinbyte
  1606 					inc		a1+1
  1607 					pha
  1608 					lda		a1+1
  1609 					and		#$0f
  1610 					ora		#$10
  1611 					sta		a1+1
  1612 					pla
  1613 					jmp		putwinbyte
  1614 					
  1615 				getrawbyte:
  1616 					lda		(a0),y
  1617 					inw		a0
  1618 					rts
  1619 					
  1620 				putwinbyte:
  1621 					sta		(a2),y
  1622 					inc		a2
  1623 					seq:rts
  1624 					ldy		a2+1
  1625 					iny
  1626 					cpy		#$20
  1627 					sne:ldy	#$10
  1628 					sty		a2+1
  1629 					ldy		#0
  1630 				definit:
  1631 					rts	
  1632 					
  1633 					.endif
  1634 				.endp
  1635 				.endif
  1636
  1637 				;==========================================================================
  1638 				_hexdig	dta		c"0123456789ABCDEF"
  1639
  1640 				;==========================================================================
  1641 				; segment table
  1642 				;
  1643 				.ifndef SYS800
  1644 = BF00			segaddrlo	equ	$bf00
  1645 = BF80			segaddrhi	equ	$bf80
  1646 				.else
  1647 				segaddrlo	equ	$1900
  1648 				segaddrhi	equ	$1980
  1649 				.endif
  1650
  1651 = 0900			_veronicaLaunch = $0900
  1652
  1653 				;==========================================================================
  1654 				; platform-specific library
  1655 				;
  1656 				.ifdef SYS5200
  1657 					icl		'lib5200.s'
Source: lib5200.s
     1 				; Altirra Acid800 test suite
     2 				; Copyright (C) 2010 Avery Lee, All Rights Reserved.
     3 				;
     4 				; Permission is hereby granted, free of charge, to any person obtaining a copy
     5 				; of this software and associated documentation files (the "Software"), to deal
     6 				; in the Software without restriction, including without limitation the rights
     7 				; to use, copy, modify, merge, publish, distribute, sublicense, and/or sell
     8 				; copies of the Software, and to permit persons to whom the Software is
     9 				; furnished to do so, subject to the following conditions:
    10 				;
    11 				; The above copyright notice and this permission notice shall be included in
    12 				; all copies or substantial portions of the Software.
    13 				;
    14 				; THE SOFTWARE IS PROVIDED "AS IS", WITHOUT WARRANTY OF ANY KIND, EXPRESS OR
    15 				; IMPLIED, INCLUDING BUT NOT LIMITED TO THE WARRANTIES OF MERCHANTABILITY,
    16 				; FITNESS FOR A PARTICULAR PURPOSE AND NONINFRINGEMENT. IN NO EVENT SHALL THE
    17 				; AUTHORS OR COPYRIGHT HOLDERS BE LIABLE FOR ANY CLAIM, DAMAGES OR OTHER
    18 				; LIABILITY, WHETHER IN AN ACTION OF CONTRACT, TORT OR OTHERWISE, ARISING FROM,
    19 				; OUT OF OR IN CONNECTION WITH THE SOFTWARE OR THE USE OR OTHER DEALINGS IN THE
    20 				; SOFTWARE. 
    21
    22 				.proc _crt0init_5200
    23 					lda		#$02
    24 					sta		sskctl
    25 					sta		skctl
    26 					
    27 					mva		#$04 consol
    28 					mva		#$00 keydel
    29 					
    30 					php
    31 					sei
    32 					
    33 					lda		pokmsk
    34 					ora		#$c0
    35 					sta		pokmsk
    36 					sta		irqen
    37
    38 					mwa		#_kybd_handler vkybdf
    39 					mwa		#_vbd_handler vvblkd
    40 					
    41 					plp
    42 					rts
    43 				.endp
    44
    45 				;==========================================================================
    46 				.proc _kybd_handler
    47 					;The bass-ackward design of the 5200 keyboard causes an IRQ to occur
    48 					;every 32 scanlines while a key is held down. We require keys to be
    49 					;released for at least one full frame before we recognize another
    50 					;one.
    51 					ldx		keydel
    52 					sne:sta	ch
    53 					lda		#2
    54 					sta		keydel
    55 					pla
    56 					tay
    57 					pla
    58 					tax
    59 					pla
    60 					rti
    61 				.endp
    62
    63 				;==========================================================================
    64 				.proc _vbd_handler
    65 					lda		keydel
    66 					seq:dec	keydel
    67 					
    68 					plr
    69 					rti
    70 				.endp
    71
  1658 				.endif
  1659 				.ifdef SYSSAP
  1660 					icl		'libsap.s'
  1661 				.endif
  1662
  1663 				;==========================================================================
  1664 				.ifndef STANDALONE
  1665 				.ifdef SYS5200
  1666 					opt	o+
  1667 				.else
  1668 					opt	h+o+
  1669 				.endif
  1670 				.endif
    27 						
    28 						opt		o-
    29 						icl		'options.s'
Source: options.s
     1 				; Altirra Acid800 test suite
     2 				; Copyright (C) 2010-2011 Avery Lee, All Rights Reserved.
     3 				;
     4 				; Permission is hereby granted, free of charge, to any person obtaining a copy
     5 				; of this software and associated documentation files (the "Software"), to deal
     6 				; in the Software without restriction, including without limitation the rights
     7 				; to use, copy, modify, merge, publish, distribute, sublicense, and/or sell
     8 				; copies of the Software, and to permit persons to whom the Software is
     9 				; furnished to do so, subject to the following conditions:
    10 				;
    11 				; The above copyright notice and this permission notice shall be included in
    12 				; all copies or substantial portions of the Software.
    13 				;
    14 				; THE SOFTWARE IS PROVIDED "AS IS", WITHOUT WARRANTY OF ANY KIND, EXPRESS OR
    15 				; IMPLIED, INCLUDING BUT NOT LIMITED TO THE WARRANTIES OF MERCHANTABILITY,
    16 				; FITNESS FOR A PARTICULAR PURPOSE AND NONINFRINGEMENT. IN NO EVENT SHALL THE
    17 				; AUTHORS OR COPYRIGHT HOLDERS BE LIABLE FOR ANY CLAIM, DAMAGES OR OTHER
    18 				; LIABILITY, WHETHER IN AN ACTION OF CONTRACT, TORT OR OTHERWISE, ARISING FROM,
    19 				; OUT OF OR IN CONNECTION WITH THE SOFTWARE OR THE USE OR OTHER DEALINGS IN THE
    20 				; SOFTWARE. 
    21
    22
    23 				.ifndef SYS800
    24 = A53A				_savepc = *
    25 				.endif
    26
    27 				;note: library.s also has this address
    28 				.ifdef SYS5200
    29 						opt		o-f-
    30 						org		$02f0
    31 				.else
    32 						org		$1a00
    33 				.endif
    34
    35 				testidx			dta		0
    36 				passed			dta		0
    37 				failed			dta		0
    38 				skipped			dta		0
    39 				opt_wait		dta		0
    40 				opt_waitfail	dta		0
    41 				opt_noillinsn	dta		0
    42
    43 				.ifndef SYS800
    44 						org		_savepc
    45 				.endif
    46 						
    47 				.ifdef SYS5200
    48 				.ifdef GENLIBRARY
    49 						opt		o+f+
    50 				.else
    51 						opt		o+
    52 				.endif
    53 				.endif
    30 						opt		o+
    31
    32 						org		$2000
    33 				main:
    34 2000					_INITTEST	c"CPU: Illegal instructions"
Macro: _INITTEST [Source: library.s]
     1 FFFF> 2000-2F4D> 20 EC + 	jsr		_imTestInit
     2 2003 43 50 55 3A 20 49 + 	dta		c"CPU: Illegal instructions",0
Source: cpu_illegal.s
    35 						
    36 201D AD F6 02				lda		opt_noillinsn
    37 2020 F0 29				beq		illok
    38 						
    39 2022					_SKIP	c"Illegal instructions option disabled."
Macro: _SKIP [Source: library.s]
     1 2022 20 AF A3			jsr		_testSkipped
     2 2025 49 6C 6C 65 67 61 + 	dta		c"Illegal instructions option disabled.",0
Source: cpu_illegal.s
    40 						
    41 204B			illok:
    42 						;skip if we're running on a CMOS CPU
    43 204B AD 8B 02				lda		_cpuMode
    44 204E F0 1A				beq		is6502
    45
    46 2050					_SKIP	c"65C02/65C816 detected."
Macro: _SKIP [Source: library.s]
     1 2050 20 AF A3			jsr		_testSkipped
     2 2053 36 35 43 30 32 2F + 	dta		c"65C02/65C816 detected.",0
Source: cpu_illegal.s
    47 						
    48 206A			is6502:
    49 206A A9 B2 85 C0 A9 21 + 		mwa		#test_start a0
    50
    51 2072			loop_start:
    52 						;load instruction
    53 2072 A0 00				ldy		#0
    54 2074 B1 C0 8D 00 3F			mva		(a0),y insn
    55 2079 C8					iny
    56 207A B1 C0 8D 01 3F			mva		(a0),y insn+1
    57 207F C8					iny
    58 2080 B1 C0 8D 02 3F			mva		(a0),y insn+2
    59 2085 C8					iny
    60 						
    61 						;setup temp registers
    62 2086 A9 CD 85 C2 A9 00 + 		mwa		#d5 a1
    63 208E A9 CC 85 C4 A9 00 + 		mwa		#d4 a2
    64 2096 A9 CE 85 C6 A9 FF + 		mwa		#d5-$ff a3
    65 						
    66 						;TEMP -- display opcode
    67 				.if 0
    68 						lda		insn
    69 						lsr
    70 						lsr
    71 						lsr
    72 						lsr
    73 						tax
    74 						lda		hexdig2,x
    75 						ldy		#2
    76 						sta		($58),y
    77 						iny
    78 						lda		insn
    79 						and		#$0f
    80 						tax
    81 						lda		hexdig2,x
    82 						sta		($58),y
    83 						
    84 						ldy		#3
    85 				.endif
    86 						
    87 						;stash A
    88 209E B1 C0 85 C8				mva		(a0),y d0
    89 20A2 C8					iny
    90 						
    91 						;load X
    92 20A3 B1 C0				lda		(a0),y
    93 20A5 AA					tax
    94 20A6 C8					iny
    95 						
    96 						;stash Y
    97 20A7 B1 C0 85 C9				mva		(a0),y d1
    98 20AB C8					iny
    99 						
   100 						;stash P
   101 20AC B1 C0				lda		(a0),y
   102 20AE C8					iny
   103 20AF 48					pha
   104 						
   105 						;load d5
   106 20B0 B1 C0 85 CD				mva		(a0),y d5
   107 20B4 C8					iny
   108 						;load Y
   109 20B5 A4 C9				ldy		d1
   110 						
   111 						;load A
   112 20B7 A5 C8				lda		d0
   113 						
   114 						;load P
   115 20B9 28					plp
   116 						
   117 						;execute insn
   118 20BA 20 00 3F				jsr		insn
   119
   120 						;store registers
   121 20BD 85 C9				sta		d1
   122 20BF 86 CA				stx		d2
   123 20C1 84 CB				sty		d3
   124 20C3 08					php
   125 20C4 68					pla
   126 20C5 09 30				ora		#$30
   127 20C7 85 CC				sta		d4
   128 						
   129 						;reset flags
   130 20C9 58					cli
   131 20CA D8					cld
   132 						
   133 						;compare registers
   134 20CB A0 08				ldy		#8
   135 20CD B1 C0				lda		(a0),y
   136 20CF C5 C9				cmp		d1
   137 20D1 D0 37				bne		fail
   138 20D3 C8					iny
   139 20D4 B1 C0				lda		(a0),y
   140 20D6 C5 CA				cmp		d2
   141 20D8 D0 30				bne		fail
   142 20DA C8					iny
   143 20DB B1 C0				lda		(a0),y
   144 20DD C5 CB				cmp		d3
   145 20DF D0 29				bne		fail
   146 20E1 C8					iny
   147 20E2 B1 C0				lda		(a0),y
   148 20E4 C8					iny
   149 20E5 C5 CC				cmp		d4
   150 20E7 D0 21				bne		fail
   151 20E9 B1 C0				lda		(a0),y
   152 20EB C5 CD				cmp		d5
   153 20ED D0 1B				bne		fail
   154 						
   155 						;go another round
   156 20EF A5 C0				lda		a0
   157 20F1 18					clc
   158 20F2 69 0D				adc		#13
   159 20F4 85 C0				sta		a0
   160 20F6 90 02 E6 C1				scc:inc	a0+1
   161 						
   162 20FA C9 4E				cmp		#<test_end
   163 20FC D0 06				bne		loop_end
   164 20FE A5 C1				lda		a0+1
   165 2100 C9 2F				cmp		#>test_end
   166 2102 F0 03				beq		loop_exit
   167 2104			loop_end:
   168 2104 4C 72 20				jmp		loop_start
   169 2107			loop_exit:
   170 2107 4C 6D A3				jmp		_testPassed
   171
   172 210A			fail:
   173 210A D8					cld
   174 210B 58					cli
   175
   176 						;save off A0 (it'll be stomped by imprintf)
   177 210C A5 C1				lda		a0+1
   178 210E 48					pha
   179 210F A5 C0				lda		a0
   180 2111 48					pha
   181
   182 2112 20 59 A1				jsr		_imprintf
   183 2115 46 41 49 4C 2E 9B + 		dta		c"FAIL.",$9b,c"Test failed: A=%x X=%x Y=%x P=%x M=%x",$9b,0
   184
   185 2142 68					pla
   186 2143 85 C0				sta		a0
   187 2145 68					pla
   188 2146 85 C1				sta		a0+1
   189
   190 2148 A0 07				ldy		#7
   191 214A A2 04				ldx		#4
   192 214C B1 C0 88 95 C9 CA + 		mva:rpl	(a0),y- d1,x-
   193
   194 2154 20 59 A1				jsr		_imprintf
   195 2157 20 20 49 6E 70 75 + 		dta		c"  Inputs: A=%x X=%x Y=%x P=%x M=%x",$9b,0
   196
   197 217B AD 00 3F 85 C9			mva		insn d1
   198 2180 AD 01 3F 85 CA			mva		insn+1 d2
   199 2185 AD 02 3F 85 CB			mva		insn+2 d3
   200 						
   201 218A A0 21				ldy		#>failmsg
   202 218C A9 91				lda		#<failmsg
   203 218E 20 A9 A3				jsr		_testFailed2
   204 2191			failmsg:
   205 2191 20 20 49 6E 73 6E + 		dta		c"  Insn: %x %x %x",0
   206
   207 21A2			hexdig2:
   208 21A2 10 11 12 13 14 15 + 		dta		d"0123456789ABCDEF"
   209
   210 				;============================================================================
   211 21B2			test_start:
   212 						;       insn          A   X   Y   P   M    A   X   Y   P   M
   213 						;SLO (zp,X) (ASL + ORA)
   214 21B2 03 C0 60 00 02 00 + 		dta		$03,<a0,$60, $00,$02,$00,$30,$81, $02,$02,$00,$31,$02
   215 21BF 03 C0 60 F0 02 00 + 		dta		$03,<a0,$60, $f0,$02,$00,$30,$81, $f2,$02,$00,$b1,$02
   216 						
   217 						;NOP zp
   218 21CC 04 CD 60 00 00 00 + 		dta		$04,<d5,$60, $00,$00,$00,$30,$00, $00,$00,$00,$30,$00
   219 21D9 04 CD 60 FF FF FF + 		dta		$04,<d5,$60, $FF,$FF,$FF,$FB,$FF, $FF,$FF,$FF,$FB,$FF
   220 						
   221 						;SLO zp (ASL + ORA)
   222 21E6 07 CD 60 00 00 00 + 		dta		$07,<d5,$60, $00,$00,$00,$30,$81, $02,$00,$00,$31,$02
   223 21F3 07 CD 60 F0 00 00 + 		dta		$07,<d5,$60, $f0,$00,$00,$30,$81, $f2,$00,$00,$b1,$02
   224 						
   225 						;AAC #imm (modified AND)
   226 2200 0B 00 60 00 00 00 + 		dta		$0b,$00,$60, $00,$00,$00,$30,$00, $00,$00,$00,$32,$00
   227 220D 0B 55 60 FF 00 00 + 		dta		$0b,$55,$60, $ff,$00,$00,$30,$00, $55,$00,$00,$30,$00
   228 221A 0B A0 60 F0 00 00 + 		dta		$0b,$a0,$60, $f0,$00,$00,$30,$00, $a0,$00,$00,$b1,$00
   229 2227 0B 55 60 AA 00 00 + 		dta		$0b,$55,$60, $aa,$00,$00,$30,$00, $00,$00,$00,$32,$00
   230
   231 						;NOP abs
   232 2234 0C CD 00 00 00 00 + 		dta		$0c,<d5,>d5, $00,$00,$00,$30,$00, $00,$00,$00,$30,$00
   233 2241 0C CD 00 FF FF FF + 		dta		$0c,<d5,>d5, $FF,$FF,$FF,$FB,$FF, $FF,$FF,$FF,$FB,$FF
   234 						
   235 						;SLO abs (ASL + ORA)
   236 224E 0F CD 00 00 00 00 + 		dta		$0f,<d5,>d5, $00,$00,$00,$30,$81, $02,$00,$00,$31,$02
   237 225B 0F CD 00 F0 00 00 + 		dta		$0f,<d5,>d5, $f0,$00,$00,$30,$81, $f2,$00,$00,$b1,$02
   238
   239 						;SLO (zp),Y (ASL + ORA)
   240 2268 13 C4 60 00 00 01 + 		dta		$13,<a2,$60, $00,$00,$01,$30,$81, $02,$00,$01,$31,$02
   241 2275 13 C4 60 F0 00 01 + 		dta		$13,<a2,$60, $f0,$00,$01,$30,$81, $f2,$00,$01,$b1,$02
   242 						
   243 						;NOP zp,X
   244 2282 14 CD 60 00 00 00 + 		dta		$14,<d5,$60, $00,$00,$00,$30,$00, $00,$00,$00,$30,$00
   245 228F 14 CD 60 FF FF FF + 		dta		$14,<d5,$60, $FF,$FF,$FF,$FB,$FF, $FF,$FF,$FF,$FB,$FF
   246 						
   247 						;SLO zp,X (ASL + ORA)
   248 229C 17 CC 60 00 01 00 + 		dta		$17,<d4,$60, $00,$01,$00,$30,$81, $02,$01,$00,$31,$02
   249 22A9 17 CC 60 F0 01 00 + 		dta		$17,<d4,$60, $f0,$01,$00,$30,$81, $f2,$01,$00,$b1,$02
   250 						
   251 						;NOP
   252 22B6 1A 60 60 00 00 00 + 		dta		$1A,$60,$60, $00,$00,$00,$30,$00, $00,$00,$00,$30,$00
   253 22C3 1A 60 60 FF FF FF + 		dta		$1A,$60,$60, $FF,$FF,$FF,$FB,$FF, $FF,$FF,$FF,$FB,$FF
   254 						
   255 						;SLO abs,Y (ASL + ORA)
   256 22D0 1B CA 00 00 00 03 + 		dta		$1B,<d2,>d2, $00,$00,$03,$30,$81, $02,$00,$03,$31,$02
   257 22DD 1B CA 00 F0 00 03 + 		dta		$1B,<d2,>d2, $f0,$00,$03,$30,$81, $f2,$00,$03,$b1,$02
   258 						
   259 						;NOP abs,X
   260 22EA 1C CD 00 00 00 00 + 		dta		$1C,<d5,>d5, $00,$00,$00,$30,$00, $00,$00,$00,$30,$00
   261 22F7 1C CD 00 FF FF FF + 		dta		$1C,<d5,>d5, $FF,$FF,$FF,$FB,$FF, $FF,$FF,$FF,$FB,$FF
   262 						
   263 						;SLO abs,X (ASL + ORA)
   264 2304 1F CB 00 00 02 03 + 		dta		$1F,<d3,>d3, $00,$02,$03,$30,$81, $02,$02,$03,$31,$02
   265 2311 1F CB 00 F0 02 03 + 		dta		$1F,<d3,>d3, $f0,$02,$03,$30,$81, $f2,$02,$03,$b1,$02
   266 						
   267 						;RLA (zp,X) (ROL + AND)
   268 231E 23 C0 60 FF 02 00 + 		dta		$23,<a0,$60, $ff,$02,$00,$31,$81, $03,$02,$00,$31,$03
   269 						
   270 						;RLA zp (ROL + AND)
   271 232B 27 CD 60 FF 00 00 + 		dta		$27,<d5,$60, $ff,$00,$00,$31,$81, $03,$00,$00,$31,$03
   272
   273 						;RLA abs (ROL + AND)
   274 2338 2F CD 00 FF 00 00 + 		dta		$2F,<d5,>d5, $ff,$00,$00,$31,$81, $03,$00,$00,$31,$03
   275 						
   276 						;RLA (zp),Y (ROL + AND)
   277 2345 33 C4 60 FF 00 01 + 		dta		$33,<a2,$60, $ff,$00,$01,$31,$81, $03,$00,$01,$31,$03
   278 						
   279 						;NOP zp,X
   280 2352 34 CD 60 00 00 00 + 		dta		$34,<d5,$60, $00,$00,$00,$30,$00, $00,$00,$00,$30,$00
   281 235F 34 CD 60 FF FF FF + 		dta		$34,<d5,$60, $FF,$FF,$FF,$FB,$FF, $FF,$FF,$FF,$FB,$FF
   282 						
   283 						;RLA zp,X (ROL + AND)
   284 236C 37 CC 60 FF 01 00 + 		dta		$37,<d4,$60, $ff,$01,$00,$31,$81, $03,$01,$00,$31,$03
   285 						
   286 						;NOP
   287 2379 3A 60 60 00 00 00 + 		dta		$3A,$60,$60, $00,$00,$00,$30,$00, $00,$00,$00,$30,$00
   288 2386 3A 60 60 FF FF FF + 		dta		$3A,$60,$60, $FF,$FF,$FF,$FB,$FF, $FF,$FF,$FF,$FB,$FF
   289 						
   290 						;RLA abs,Y (ROL + AND)
   291 2393 3B CC 00 FF 00 01 + 		dta		$3B,<d4,>d4, $ff,$00,$01,$31,$81, $03,$00,$01,$31,$03
   292 						
   293 						;NOP abs,X
   294 23A0 3C CD 00 00 00 00 + 		dta		$3C,<d5,>d5, $00,$00,$00,$30,$00, $00,$00,$00,$30,$00
   295 23AD 3C CD 00 FF FF FF + 		dta		$3C,<d5,>d5, $FF,$FF,$FF,$FB,$FF, $FF,$FF,$FF,$FB,$FF
   296 						
   297 						;RLA abs,X (ROL + AND)
   298 23BA 3F CC 00 FF 01 00 + 		dta		$3F,<d4,>d4, $ff,$01,$00,$31,$81, $03,$01,$00,$31,$03
   299 						
   300 						;SRE (zp,X) (LSR + EOR)
   301 23C7 43 C0 60 0F 02 00 + 		dta		$43,<a0,$60, $0f,$02,$00,$30,$55, $25,$02,$00,$31,$2a
   302 						
   303 						;NOP zp
   304 23D4 44 CD 60 00 00 00 + 		dta		$44,<d5,$60, $00,$00,$00,$30,$00, $00,$00,$00,$30,$00
   305 23E1 44 CD 60 FF FF FF + 		dta		$44,<d5,$60, $FF,$FF,$FF,$FB,$FF, $FF,$FF,$FF,$FB,$FF
   306 						
   307 						;SRE zp (LSR + EOR)
   308 23EE 47 CD 60 0F 00 00 + 		dta		$47,<d5,$60, $0f,$00,$00,$30,$55, $25,$00,$00,$31,$2a
   309 						
   310 						;ASR #imm (AND + LSR)
   311 23FB 4B 55 60 FF 00 00 + 		dta		$4B,$55,$60, $ff,$00,$00,$30,$55, $2a,$00,$00,$31,$55
   312 						
   313 						;SRE abs (LSR + EOR)
   314 2408 4F CD 00 0F 00 00 + 		dta		$4F,<d5,>d5, $0f,$00,$00,$30,$55, $25,$00,$00,$31,$2a
   315 						
   316 						;SRE (zp),Y (LSR + EOR)
   317 2415 53 C4 60 0F 00 01 + 		dta		$53,<a2,$60, $0f,$00,$01,$30,$55, $25,$00,$01,$31,$2a
   318 						
   319 						;NOP zp,X
   320 2422 54 CD 60 00 00 00 + 		dta		$54,<d5,$60, $00,$00,$00,$30,$00, $00,$00,$00,$30,$00
   321 242F 54 CD 60 FF FF FF + 		dta		$54,<d5,$60, $FF,$FF,$FF,$FB,$FF, $FF,$FF,$FF,$FB,$FF
   322 						
   323 						;SRE zp,X (LSR + EOR)
   324 243C 57 CA 60 0F 03 00 + 		dta		$57,<d2,$60, $0f,$03,$00,$30,$55, $25,$03,$00,$31,$2a
   325 						
   326 						;NOP
   327 2449 5A 60 60 00 00 00 + 		dta		$5A,$60,$60, $00,$00,$00,$30,$00, $00,$00,$00,$30,$00
   328 2456 5A 60 60 FF FF FF + 		dta		$5A,$60,$60, $FF,$FF,$FF,$FB,$FF, $FF,$FF,$FF,$FB,$FF
   329 						
   330 						;SRE abs,Y (LSR + EOR)
   331 2463 5B C9 00 0F 00 04 + 		dta		$5B,<d1,>d1, $0f,$00,$04,$30,$55, $25,$00,$04,$31,$2a
   332 						
   333 						;NOP abs,X
   334 2470 5C CD 00 00 00 00 + 		dta		$5C,<d5,>d5, $00,$00,$00,$30,$00, $00,$00,$00,$30,$00
   335 247D 5C CD 00 FF FF FF + 		dta		$5C,<d5,>d5, $FF,$FF,$FF,$FB,$FF, $FF,$FF,$FF,$FB,$FF
   336 						
   337 						;SRE abs,X (LSR + EOR)
   338 248A 5F C9 00 0F 04 00 + 		dta		$5F,<d1,>d1, $0f,$04,$00,$30,$55, $25,$04,$00,$31,$2a
   339 						
   340 						;RRA (zp,X) (ROR + ADC)
   341 2497 63 C0 60 05 02 00 + 		dta		$63,<a0,$60, $05,$02,$00,$31,$01, $86,$02,$00,$b0,$80
   342 						
   343 						;NOP zp
   344 24A4 64 CD 60 00 00 00 + 		dta		$64,<d5,$60, $00,$00,$00,$30,$00, $00,$00,$00,$30,$00
   345 24B1 64 CD 60 FF FF FF + 		dta		$64,<d5,$60, $FF,$FF,$FF,$FB,$FF, $FF,$FF,$FF,$FB,$FF
   346 						
   347 						;RRA zp (ROR + ADC)
   348 24BE 67 CD 60 05 00 00 + 		dta		$67,<d5,$60, $05,$00,$00,$31,$01, $86,$00,$00,$b0,$80
   349 						
   350 						;ARR #imm (AND + ROR + N/V fiddling)
   351 24CB 6B 2A 60 F0 00 00 + 		dta		$6B,$2a,$60, $f0,$00,$00,$31,$01, $90,$00,$00,$b0,$01
   352 24D8 6B 6A 60 F0 00 00 + 		dta		$6B,$6a,$60, $f0,$00,$00,$31,$01, $b0,$00,$00,$f0,$01
   353 24E5 6B AA 60 F0 00 00 + 		dta		$6B,$aa,$60, $f0,$00,$00,$31,$01, $d0,$00,$00,$f1,$01
   354 24F2 6B EA 60 F0 00 00 + 		dta		$6B,$ea,$60, $f0,$00,$00,$31,$01, $f0,$00,$00,$b1,$01
   355
   356 						;RRA abs (ROR + ADC)
   357 24FF 6F CD 00 05 00 00 + 		dta		$6F,<d5,>d5, $05,$00,$00,$31,$01, $86,$00,$00,$b0,$80
   358 						
   359 						;RRA (zp),Y (ROR + ADC)
   360 250C 73 C4 60 05 00 01 + 		dta		$73,<a2,$60, $05,$00,$01,$31,$01, $86,$00,$01,$b0,$80
   361 						
   362 						;NOP zp,X
   363 2519 74 CD 60 00 00 00 + 		dta		$74,<d5,$60, $00,$00,$00,$30,$00, $00,$00,$00,$30,$00
   364 2526 74 CD 60 FF FF FF + 		dta		$74,<d5,$60, $FF,$FF,$FF,$FB,$FF, $FF,$FF,$FF,$FB,$FF
   365 						
   366 						;RRA zp,X (ROR + ADC)
   367 2533 77 CC 60 05 01 00 + 		dta		$77,<d4,$60, $05,$01,$00,$31,$01, $86,$01,$00,$b0,$80
   368 						
   369 						;NOP
   370 2540 7A 60 60 00 00 00 + 		dta		$7A,$60,$60, $00,$00,$00,$30,$00, $00,$00,$00,$30,$00
   371 254D 7A 60 60 FF FF FF + 		dta		$7A,$60,$60, $FF,$FF,$FF,$FB,$FF, $FF,$FF,$FF,$FB,$FF
   372 						
   373 						;RRA abs,Y (ROR + ADC)
   374 255A 7B CC 00 05 00 01 + 		dta		$7B,<d4,>d4, $05,$00,$01,$31,$01, $86,$00,$01,$b0,$80
   375 						
   376 						;NOP abs,X
   377 2567 7C CD 00 00 00 00 + 		dta		$7C,<d5,>d5, $00,$00,$00,$30,$00, $00,$00,$00,$30,$00
   378 2574 7C CD 00 FF FF FF + 		dta		$7C,<d5,>d5, $FF,$FF,$FF,$FB,$FF, $FF,$FF,$FF,$FB,$FF
   379 						
   380 						;RRA abs,X (ROR + ADC)
   381 2581 7F CC 00 05 01 00 + 		dta		$7F,<d4,>d4, $05,$01,$00,$31,$01, $86,$01,$00,$b0,$80
   382 						
   383 						;NOP #imm
   384 258E 80 00 60 00 00 00 + 		dta		$80,$00,$60, $00,$00,$00,$30,$00, $00,$00,$00,$30,$00
   385 259B 80 00 60 FF FF FF + 		dta		$80,$00,$60, $FF,$FF,$FF,$FB,$FF, $FF,$FF,$FF,$FB,$FF
   386 						
   387 						;NOP #imm
   388 25A8 82 00 60 00 00 00 + 		dta		$82,$00,$60, $00,$00,$00,$30,$00, $00,$00,$00,$30,$00
   389 25B5 82 00 60 FF FF FF + 		dta		$82,$00,$60, $FF,$FF,$FF,$FB,$FF, $FF,$FF,$FF,$FB,$FF
   390 						
   391 						;SAX (zp,X) (store A&X)
   392 25C2 83 C3 60 FF FF 00 + 		dta		$83,<(a1-$ff),$60, $ff,$ff,$00,$31,$00, $ff,$ff,$00,$31,$ff
   393 25CF 83 6D 60 FF 55 00 + 		dta		$83,<(a1-$55),$60, $ff,$55,$00,$31,$00, $ff,$55,$00,$31,$55
   394 25DC 83 C3 60 AA FF 00 + 		dta		$83,<(a1-$ff),$60, $aa,$ff,$00,$31,$00, $aa,$ff,$00,$31,$aa
   395 25E9 83 C2 60 00 00 00 + 		dta		$83,<(a1-$00),$60, $00,$00,$00,$31,$00, $00,$00,$00,$31,$00
   396 						
   397 						;SAX zp (store A&X)
   398 25F6 87 CD 60 FF FF 00 + 		dta		$87,<d5,$60, $ff,$ff,$00,$31,$00, $ff,$ff,$00,$31,$ff
   399 2603 87 CD 60 FF 55 00 + 		dta		$87,<d5,$60, $ff,$55,$00,$31,$00, $ff,$55,$00,$31,$55
   400 2610 87 CD 60 AA FF 00 + 		dta		$87,<d5,$60, $aa,$ff,$00,$31,$00, $aa,$ff,$00,$31,$aa
   401 261D 87 CD 60 00 00 00 + 		dta		$87,<d5,$60, $00,$00,$00,$31,$00, $00,$00,$00,$31,$00
   402 						
   403 						;XAA **** ($8B)
   404 						
   405 						;SAX abs (store A&X)
   406 262A 8F CD 00 FF FF 00 + 		dta		$8F,<d5,>d5, $ff,$ff,$00,$31,$00, $ff,$ff,$00,$31,$ff
   407 2637 8F CD 00 FF 55 00 + 		dta		$8F,<d5,>d5, $ff,$55,$00,$31,$00, $ff,$55,$00,$31,$55
   408 2644 8F CD 00 AA FF 00 + 		dta		$8F,<d5,>d5, $aa,$ff,$00,$31,$00, $aa,$ff,$00,$31,$aa
   409 2651 8F CD 00 00 00 00 + 		dta		$8F,<d5,>d5, $00,$00,$00,$31,$00, $00,$00,$00,$31,$00
   410
   411 						;NOP #imm
   412 265E 89 00 60 00 00 00 + 		dta		$89,$00,$60, $00,$00,$00,$30,$00, $00,$00,$00,$30,$00
   413 266B 89 00 60 FF FF FF + 		dta		$89,$00,$60, $FF,$FF,$FF,$FB,$FF, $FF,$FF,$FF,$FB,$FF
   414 						
   415 						;SHA (zp),Y
   416 						; Test disabled -- AND mask is unstable on different CPUs.
   417 						;dta		$93,<a2,$60, $00,$00,$01,$30,$55, $00,$00,$01,$30,$00
   418 						;dta		$93,<a2,$60, $33,$55,$01,$30,$55, $33,$55,$01,$30,$01
   419 						;dta		$93,<a3,$60, $ff,$55,$ff,$30,$55, $ff,$55,$ff,$30,$00
   420 						
   421 						;SAX zp,Y (store A&X)
   422 2678 97 CC 60 FF FF 01 + 		dta		$97,<d4,$60, $ff,$ff,$01,$31,$00, $ff,$ff,$01,$31,$ff
   423 2685 97 CC 60 FF 55 01 + 		dta		$97,<d4,$60, $ff,$55,$01,$31,$00, $ff,$55,$01,$31,$55
   424 2692 97 CC 60 AA FF 01 + 		dta		$97,<d4,$60, $aa,$ff,$01,$31,$00, $aa,$ff,$01,$31,$aa
   425 269F 97 CC 60 00 00 01 + 		dta		$97,<d4,$60, $00,$00,$01,$31,$00, $00,$00,$01,$31,$00
   426 						
   427 						;**** XAS $9B
   428 						
   429 						;SHY abs,X
   430 26AC 9C CB 00 00 02 00 + 		dta		$9C,<d3,>d3, $00,$02,$00,$30,$aa, $00,$02,$00,$30,$00
   431 26B9 9C CB 00 00 02 01 + 		dta		$9C,<d3,>d3, $00,$02,$01,$30,$aa, $00,$02,$01,$30,$01
   432 26C6 9C CB 00 00 02 FF + 		dta		$9C,<d3,>d3, $00,$02,$ff,$30,$aa, $00,$02,$ff,$30,$01
   433 26D3 9C CD 3F 00 02 BF + 		dta		$9C,<d5,$3f, $00,$02,$bf,$30,$aa, $00,$02,$bf,$30,$aa
   434 26E0 9C CE 3F 00 FF BF + 		dta		$9C,<d6,$3f, $00,$ff,$bf,$30,$aa, $00,$ff,$bf,$30,$00
   435 						
   436 						;SHX abs,Y
   437 26ED 9E CB 00 00 00 02 + 		dta		$9E,<d3,>d3, $00,$00,$02,$30,$aa, $00,$00,$02,$30,$00
   438 26FA 9E CB 00 00 01 02 + 		dta		$9E,<d3,>d3, $00,$01,$02,$30,$aa, $00,$01,$02,$30,$01
   439 2707 9E CB 00 00 FF 02 + 		dta		$9E,<d3,>d3, $00,$ff,$02,$30,$aa, $00,$ff,$02,$30,$01
   440 2714 9E CD 3F 00 BF 00 + 		dta		$9E,<d5,$3f, $00,$bf,$00,$30,$aa, $00,$bf,$00,$30,$aa
   441 2721 9E CE 3F 00 BF FF + 		dta		$9E,<d6,$3f, $00,$bf,$ff,$30,$aa, $00,$bf,$ff,$30,$00
   442 						
   443 						;LAX (zp,X) (load A&X)
   444 272E A3 C0 60 AA 02 00 + 		dta		$A3,<a0,$60, $aa,$02,$00,$31,$00, $00,$00,$00,$33,$00
   445 273B A3 C0 60 AA 02 00 + 		dta		$A3,<a0,$60, $aa,$02,$00,$31,$01, $01,$01,$00,$31,$01
   446 2748 A3 C0 60 AA 02 00 + 		dta		$A3,<a0,$60, $aa,$02,$00,$31,$ff, $ff,$ff,$00,$b1,$ff
   447 						
   448 						;LAX zp (load A&X)
   449 2755 A7 CD 60 AA 55 00 + 		dta		$A7,<d5,$60, $aa,$55,$00,$31,$00, $00,$00,$00,$33,$00
   450 2762 A7 CD 60 AA 55 00 + 		dta		$A7,<d5,$60, $aa,$55,$00,$31,$01, $01,$01,$00,$31,$01
   451 276F A7 CD 60 AA 55 00 + 		dta		$A7,<d5,$60, $aa,$55,$00,$31,$ff, $ff,$ff,$00,$b1,$ff
   452 						
   453 						;ATX #imm (AND + TAX)
   454 						; Test disabled - reported unable on an Atari 800. The second test
   455 						; resulted in A,X=$55 instead of $11.
   456 						;dta		$AB,$00,$60, $00,$ff,$00,$30,$00, $00,$00,$00,$32,$00
   457 						;dta		$AB,$55,$60, $33,$ff,$00,$30,$00, $11,$11,$00,$30,$00
   458 						;dta		$AB,$80,$60, $ff,$ff,$00,$30,$00, $80,$80,$00,$b0,$00
   459 						
   460 						;LAX abs (load A&X)
   461 277C AF CD 00 AA 55 00 + 		dta		$AF,<d5,>d5, $aa,$55,$00,$31,$00, $00,$00,$00,$33,$00
   462 2789 AF CD 00 AA 55 00 + 		dta		$AF,<d5,>d5, $aa,$55,$00,$31,$01, $01,$01,$00,$31,$01
   463 2796 AF CD 00 AA 55 00 + 		dta		$AF,<d5,>d5, $aa,$55,$00,$31,$ff, $ff,$ff,$00,$b1,$ff
   464 						
   465 						;LAX (zp),Y (load A&X)
   466 27A3 B3 C4 60 AA 55 01 + 		dta		$B3,<a2,$60, $aa,$55,$01,$31,$00, $00,$00,$01,$33,$00
   467 27B0 B3 C4 60 AA 55 01 + 		dta		$B3,<a2,$60, $aa,$55,$01,$31,$01, $01,$01,$01,$31,$01
   468 27BD B3 C4 60 AA 55 01 + 		dta		$B3,<a2,$60, $aa,$55,$01,$31,$ff, $ff,$ff,$01,$b1,$ff
   469 						
   470 						;LAX zp,Y (load A&X)
   471 27CA B7 CB 60 AA 55 02 + 		dta		$B7,<d3,$60, $aa,$55,$02,$31,$00, $00,$00,$02,$33,$00
   472 27D7 B7 CB 60 AA 55 02 + 		dta		$B7,<d3,$60, $aa,$55,$02,$31,$01, $01,$01,$02,$31,$01
   473 27E4 B7 CB 60 AA 55 02 + 		dta		$B7,<d3,$60, $aa,$55,$02,$31,$ff, $ff,$ff,$02,$b1,$ff
   474 						
   475 						;*** LAS $BB
   476 						
   477 						;LAX abs,Y (load A&X)
   478 27F1 BF CC 00 AA 55 01 + 		dta		$BF,<d4,>d4, $aa,$55,$01,$31,$00, $00,$00,$01,$33,$00
   479 27FE BF CC 00 AA 55 01 + 		dta		$BF,<d4,>d4, $aa,$55,$01,$31,$01, $01,$01,$01,$31,$01
   480 280B BF CC 00 AA 55 01 + 		dta		$BF,<d4,>d4, $aa,$55,$01,$31,$ff, $ff,$ff,$01,$b1,$ff
   481 						
   482 						;NOP #imm
   483 2818 C2 00 60 00 00 00 + 		dta		$C2,$00,$60, $00,$00,$00,$30,$00, $00,$00,$00,$30,$00
   484 2825 C2 00 60 FF FF FF + 		dta		$C2,$00,$60, $FF,$FF,$FF,$FB,$FF, $FF,$FF,$FF,$FB,$FF
   485 						
   486 						;DCP (zp,X) (DEC + CMP)
   487 2832 C3 C0 60 F0 02 00 + 		dta		$C3,<a0,$60, $f0,$02,$00,$31,$01, $f0,$02,$00,$b1,$00
   488 283F C3 C0 60 F0 02 00 + 		dta		$C3,<a0,$60, $f0,$02,$00,$31,$00, $f0,$02,$00,$b0,$ff
   489 284C C3 C0 60 FF 02 00 + 		dta		$C3,<a0,$60, $ff,$02,$00,$31,$01, $ff,$02,$00,$b1,$00
   490 2859 C3 C0 60 00 02 00 + 		dta		$C3,<a0,$60, $00,$02,$00,$31,$00, $00,$02,$00,$30,$ff
   491 						
   492 						;DCP zp (DEC + CMP)
   493 2866 C7 CD 60 F0 55 00 + 		dta		$C7,<d5,$60, $f0,$55,$00,$31,$01, $f0,$55,$00,$b1,$00
   494 2873 C7 CD 60 F0 55 00 + 		dta		$C7,<d5,$60, $f0,$55,$00,$31,$00, $f0,$55,$00,$b0,$ff
   495 2880 C7 CD 60 FF 55 00 + 		dta		$C7,<d5,$60, $ff,$55,$00,$31,$01, $ff,$55,$00,$b1,$00
   496 288D C7 CD 60 00 55 00 + 		dta		$C7,<d5,$60, $00,$55,$00,$31,$00, $00,$55,$00,$30,$ff
   497 						
   498 						;SBX #imm (A&X -> X, X-imm -> X)
   499 289A CB 00 60 FF FF 00 + 		dta		$CB,$00,$60, $ff,$ff,$00,$31,$01, $ff,$ff,$00,$b1,$01
   500 28A7 CB 00 60 AA 55 00 + 		dta		$CB,$00,$60, $aa,$55,$00,$31,$01, $aa,$00,$00,$33,$01
   501 28B4 CB 00 60 F0 55 00 + 		dta		$CB,$00,$60, $f0,$55,$00,$31,$01, $f0,$50,$00,$31,$01
   502 28C1 CB 05 60 F0 55 00 + 		dta		$CB,$05,$60, $f0,$55,$00,$31,$01, $f0,$4b,$00,$31,$01
   503 28CE CB 85 60 F0 55 00 + 		dta		$CB,$85,$60, $f0,$55,$00,$31,$01, $f0,$cb,$00,$b0,$01
   504 28DB CB 50 60 F0 55 00 + 		dta		$CB,$50,$60, $f0,$55,$00,$31,$01, $f0,$00,$00,$33,$01
   505
   506 						;DCP abs (DEC + CMP)
   507 28E8 CF CD 00 F0 55 00 + 		dta		$CF,<d5,>d5, $f0,$55,$00,$31,$01, $f0,$55,$00,$b1,$00
   508 28F5 CF CD 00 F0 55 00 + 		dta		$CF,<d5,>d5, $f0,$55,$00,$31,$00, $f0,$55,$00,$b0,$ff
   509 2902 CF CD 00 FF 55 00 + 		dta		$CF,<d5,>d5, $ff,$55,$00,$31,$01, $ff,$55,$00,$b1,$00
   510 290F CF CD 00 00 55 00 + 		dta		$CF,<d5,>d5, $00,$55,$00,$31,$00, $00,$55,$00,$30,$ff
   511 						
   512 						;DCP (zp),Y (DEC + CMP)
   513 291C D3 C4 60 F0 55 01 + 		dta		$D3,<a2,$60, $f0,$55,$01,$31,$01, $f0,$55,$01,$b1,$00
   514 2929 D3 C4 60 F0 55 01 + 		dta		$D3,<a2,$60, $f0,$55,$01,$31,$00, $f0,$55,$01,$b0,$ff
   515 2936 D3 C4 60 FF 55 01 + 		dta		$D3,<a2,$60, $ff,$55,$01,$31,$01, $ff,$55,$01,$b1,$00
   516 2943 D3 C4 60 00 55 01 + 		dta		$D3,<a2,$60, $00,$55,$01,$31,$00, $00,$55,$01,$30,$ff
   517 						
   518 						;NOP zp,X
   519 2950 D4 CD 60 00 00 00 + 		dta		$D4,<d5,$60, $00,$00,$00,$30,$00, $00,$00,$00,$30,$00
   520 295D D4 CD 60 FF FF FF + 		dta		$D4,<d5,$60, $FF,$FF,$FF,$FB,$FF, $FF,$FF,$FF,$FB,$FF
   521 						
   522 						;DCP zp,X (DEC + CMP)
   523 296A D7 CB 60 F0 02 00 + 		dta		$D7,<d3,$60, $f0,$02,$00,$31,$01, $f0,$02,$00,$b1,$00
   524 2977 D7 CB 60 F0 02 00 + 		dta		$D7,<d3,$60, $f0,$02,$00,$31,$00, $f0,$02,$00,$b0,$ff
   525 2984 D7 CB 60 FF 02 00 + 		dta		$D7,<d3,$60, $ff,$02,$00,$31,$01, $ff,$02,$00,$b1,$00
   526 2991 D7 CB 60 00 02 00 + 		dta		$D7,<d3,$60, $00,$02,$00,$31,$00, $00,$02,$00,$30,$ff
   527 						
   528 						;NOP
   529 299E DA 60 60 00 00 00 + 		dta		$DA,$60,$60, $00,$00,$00,$30,$00, $00,$00,$00,$30,$00
   530 29AB DA 60 60 FF FF FF + 		dta		$DA,$60,$60, $FF,$FF,$FF,$FB,$FF, $FF,$FF,$FF,$FB,$FF
   531 						
   532 						;DCP abs,Y (DEC + CMP)
   533 29B8 DB CC 00 F0 55 01 + 		dta		$DB,<d4,>d4, $f0,$55,$01,$31,$01, $f0,$55,$01,$b1,$00
   534 29C5 DB CC 00 F0 55 01 + 		dta		$DB,<d4,>d4, $f0,$55,$01,$31,$00, $f0,$55,$01,$b0,$ff
   535 29D2 DB CC 00 FF 55 01 + 		dta		$DB,<d4,>d4, $ff,$55,$01,$31,$01, $ff,$55,$01,$b1,$00
   536 29DF DB CC 00 00 55 01 + 		dta		$DB,<d4,>d4, $00,$55,$01,$31,$00, $00,$55,$01,$30,$ff
   537 						
   538 						;NOP abs,X
   539 29EC DC CD 00 00 00 00 + 		dta		$DC,<d5,>d5, $00,$00,$00,$30,$00, $00,$00,$00,$30,$00
   540 29F9 DC CD 00 FF FF FF + 		dta		$DC,<d5,>d5, $FF,$FF,$FF,$FB,$FF, $FF,$FF,$FF,$FB,$FF
   541 						
   542 						;DCP abs,X (DEC + CMP)
   543 2A06 DF CC 00 F0 01 55 + 		dta		$DF,<d4,>d4, $f0,$01,$55,$31,$01, $f0,$01,$55,$b1,$00
   544 2A13 DF CC 00 F0 01 55 + 		dta		$DF,<d4,>d4, $f0,$01,$55,$31,$00, $f0,$01,$55,$b0,$ff
   545 2A20 DF CC 00 FF 01 55 + 		dta		$DF,<d4,>d4, $ff,$01,$55,$31,$01, $ff,$01,$55,$b1,$00
   546 2A2D DF CC 00 00 01 55 + 		dta		$DF,<d4,>d4, $00,$01,$55,$31,$00, $00,$01,$55,$30,$ff
   547 						
   548 						;NOP #imm
   549 2A3A E2 00 60 00 00 00 + 		dta		$E2,$00,$60, $00,$00,$00,$30,$00, $00,$00,$00,$30,$00
   550 2A47 E2 00 60 FF FF FF + 		dta		$E2,$00,$60, $FF,$FF,$FF,$FB,$FF, $FF,$FF,$FF,$FB,$FF
   551 						
   552 						;ISB (zp,X) (INC + SBC)
   553 2A54 E3 C0 60 00 02 00 + 		dta		$E3,<a0,$60, $00,$02,$00,$31,$00, $ff,$02,$00,$b0,$01
   554 2A61 E3 C0 60 00 02 00 + 		dta		$E3,<a0,$60, $00,$02,$00,$31,$7f, $80,$02,$00,$f0,$80
   555 2A6E E3 C0 60 00 02 00 + 		dta		$E3,<a0,$60, $00,$02,$00,$31,$ff, $00,$02,$00,$33,$00
   556 2A7B E3 C0 60 00 02 00 + 		dta		$E3,<a0,$60, $00,$02,$00,$30,$00, $fe,$02,$00,$b0,$01
   557 2A88 E3 C0 60 00 02 00 + 		dta		$E3,<a0,$60, $00,$02,$00,$30,$7f, $7f,$02,$00,$30,$80
   558 2A95 E3 C0 60 00 02 00 + 		dta		$E3,<a0,$60, $00,$02,$00,$30,$ff, $ff,$02,$00,$b0,$00
   559 2AA2 E3 C0 60 55 02 00 + 		dta		$E3,<a0,$60, $55,$02,$00,$31,$00, $54,$02,$00,$31,$01
   560 2AAF E3 C0 60 55 02 00 + 		dta		$E3,<a0,$60, $55,$02,$00,$31,$7f, $d5,$02,$00,$f0,$80
   561 2ABC E3 C0 60 55 02 00 + 		dta		$E3,<a0,$60, $55,$02,$00,$31,$ff, $55,$02,$00,$31,$00
   562 2AC9 E3 C0 60 55 02 00 + 		dta		$E3,<a0,$60, $55,$02,$00,$30,$00, $53,$02,$00,$31,$01
   563 2AD6 E3 C0 60 55 02 00 + 		dta		$E3,<a0,$60, $55,$02,$00,$30,$7f, $d4,$02,$00,$f0,$80
   564 2AE3 E3 C0 60 55 02 00 + 		dta		$E3,<a0,$60, $55,$02,$00,$30,$ff, $54,$02,$00,$31,$00
   565 						
   566 						;ISB zp (INC + SBC)
   567 2AF0 E7 CD 60 00 00 00 + 		dta		$E7,<d5,$60, $00,$00,$00,$31,$00, $ff,$00,$00,$b0,$01
   568 2AFD E7 CD 60 00 00 00 + 		dta		$E7,<d5,$60, $00,$00,$00,$31,$7f, $80,$00,$00,$f0,$80
   569 2B0A E7 CD 60 00 00 00 + 		dta		$E7,<d5,$60, $00,$00,$00,$31,$ff, $00,$00,$00,$33,$00
   570 2B17 E7 CD 60 00 00 00 + 		dta		$E7,<d5,$60, $00,$00,$00,$30,$00, $fe,$00,$00,$b0,$01
   571 2B24 E7 CD 60 00 00 00 + 		dta		$E7,<d5,$60, $00,$00,$00,$30,$7f, $7f,$00,$00,$30,$80
   572 2B31 E7 CD 60 00 00 00 + 		dta		$E7,<d5,$60, $00,$00,$00,$30,$ff, $ff,$00,$00,$b0,$00
   573 2B3E E7 CD 60 55 00 00 + 		dta		$E7,<d5,$60, $55,$00,$00,$31,$00, $54,$00,$00,$31,$01
   574 2B4B E7 CD 60 55 00 00 + 		dta		$E7,<d5,$60, $55,$00,$00,$31,$7f, $d5,$00,$00,$f0,$80
   575 2B58 E7 CD 60 55 00 00 + 		dta		$E7,<d5,$60, $55,$00,$00,$31,$ff, $55,$00,$00,$31,$00
   576 2B65 E7 CD 60 55 00 00 + 		dta		$E7,<d5,$60, $55,$00,$00,$30,$00, $53,$00,$00,$31,$01
   577 2B72 E7 CD 60 55 00 00 + 		dta		$E7,<d5,$60, $55,$00,$00,$30,$7f, $d4,$00,$00,$f0,$80
   578 2B7F E7 CD 60 55 00 00 + 		dta		$E7,<d5,$60, $55,$00,$00,$30,$ff, $54,$00,$00,$31,$00
   579 						
   580 						;SBC #imm
   581 2B8C EB 00 60 00 00 00 + 		dta		$EB,$00,$60, $00,$00,$00,$31,$00, $00,$00,$00,$33,$00
   582 2B99 EB 01 60 00 00 00 + 		dta		$EB,$01,$60, $00,$00,$00,$31,$00, $ff,$00,$00,$b0,$00
   583 2BA6 EB 80 60 00 00 00 + 		dta		$EB,$80,$60, $00,$00,$00,$31,$00, $80,$00,$00,$f0,$00
   584 2BB3 EB FF 60 00 00 00 + 		dta		$EB,$ff,$60, $00,$00,$00,$31,$00, $01,$00,$00,$30,$00
   585 2BC0 EB 00 60 55 00 00 + 		dta		$EB,$00,$60, $55,$00,$00,$30,$00, $54,$00,$00,$31,$00
   586 2BCD EB 01 60 55 00 00 + 		dta		$EB,$01,$60, $55,$00,$00,$30,$00, $53,$00,$00,$31,$00
   587 2BDA EB 80 60 55 00 00 + 		dta		$EB,$80,$60, $55,$00,$00,$30,$00, $d4,$00,$00,$f0,$00
   588 2BE7 EB FF 60 55 00 00 + 		dta		$EB,$ff,$60, $55,$00,$00,$30,$00, $55,$00,$00,$30,$00
   589 						
   590 						;ISB abs (INC + SBC)
   591 2BF4 EF CD 00 00 00 00 + 		dta		$EF,<d5,>d5, $00,$00,$00,$31,$00, $ff,$00,$00,$b0,$01
   592 2C01 EF CD 00 00 00 00 + 		dta		$EF,<d5,>d5, $00,$00,$00,$31,$7f, $80,$00,$00,$f0,$80
   593 2C0E EF CD 00 00 00 00 + 		dta		$EF,<d5,>d5, $00,$00,$00,$31,$ff, $00,$00,$00,$33,$00
   594 2C1B EF CD 00 00 00 00 + 		dta		$EF,<d5,>d5, $00,$00,$00,$30,$00, $fe,$00,$00,$b0,$01
   595 2C28 EF CD 00 00 00 00 + 		dta		$EF,<d5,>d5, $00,$00,$00,$30,$7f, $7f,$00,$00,$30,$80
   596 2C35 EF CD 00 00 00 00 + 		dta		$EF,<d5,>d5, $00,$00,$00,$30,$ff, $ff,$00,$00,$b0,$00
   597 2C42 EF CD 00 55 00 00 + 		dta		$EF,<d5,>d5, $55,$00,$00,$31,$00, $54,$00,$00,$31,$01
   598 2C4F EF CD 00 55 00 00 + 		dta		$EF,<d5,>d5, $55,$00,$00,$31,$7f, $d5,$00,$00,$f0,$80
   599 2C5C EF CD 00 55 00 00 + 		dta		$EF,<d5,>d5, $55,$00,$00,$31,$ff, $55,$00,$00,$31,$00
   600 2C69 EF CD 00 55 00 00 + 		dta		$EF,<d5,>d5, $55,$00,$00,$30,$00, $53,$00,$00,$31,$01
   601 2C76 EF CD 00 55 00 00 + 		dta		$EF,<d5,>d5, $55,$00,$00,$30,$7f, $d4,$00,$00,$f0,$80
   602 2C83 EF CD 00 55 00 00 + 		dta		$EF,<d5,>d5, $55,$00,$00,$30,$ff, $54,$00,$00,$31,$00
   603
   604 						;ISB (zp),Y (INC + SBC)
   605 2C90 F3 C4 60 00 02 01 + 		dta		$F3,<a2,$60, $00,$02,$01,$31,$00, $ff,$02,$01,$b0,$01
   606 2C9D F3 C4 60 00 02 01 + 		dta		$F3,<a2,$60, $00,$02,$01,$31,$7f, $80,$02,$01,$f0,$80
   607 2CAA F3 C4 60 00 02 01 + 		dta		$F3,<a2,$60, $00,$02,$01,$31,$ff, $00,$02,$01,$33,$00
   608 2CB7 F3 C4 60 00 02 01 + 		dta		$F3,<a2,$60, $00,$02,$01,$30,$00, $fe,$02,$01,$b0,$01
   609 2CC4 F3 C4 60 00 02 01 + 		dta		$F3,<a2,$60, $00,$02,$01,$30,$7f, $7f,$02,$01,$30,$80
   610 2CD1 F3 C4 60 00 02 01 + 		dta		$F3,<a2,$60, $00,$02,$01,$30,$ff, $ff,$02,$01,$b0,$00
   611 2CDE F3 C4 60 55 02 01 + 		dta		$F3,<a2,$60, $55,$02,$01,$31,$00, $54,$02,$01,$31,$01
   612 2CEB F3 C4 60 55 02 01 + 		dta		$F3,<a2,$60, $55,$02,$01,$31,$7f, $d5,$02,$01,$f0,$80
   613 2CF8 F3 C4 60 55 02 01 + 		dta		$F3,<a2,$60, $55,$02,$01,$31,$ff, $55,$02,$01,$31,$00
   614 2D05 F3 C4 60 55 02 01 + 		dta		$F3,<a2,$60, $55,$02,$01,$30,$00, $53,$02,$01,$31,$01
   615 2D12 F3 C4 60 55 02 01 + 		dta		$F3,<a2,$60, $55,$02,$01,$30,$7f, $d4,$02,$01,$f0,$80
   616 2D1F F3 C4 60 55 02 01 + 		dta		$F3,<a2,$60, $55,$02,$01,$30,$ff, $54,$02,$01,$31,$00
   617
   618 						;NOP zp,X
   619 2D2C F4 CD 60 00 00 00 + 		dta		$F4,<d5,$60, $00,$00,$00,$30,$00, $00,$00,$00,$30,$00
   620 2D39 F4 CD 60 FF FF FF + 		dta		$F4,<d5,$60, $FF,$FF,$FF,$FB,$FF, $FF,$FF,$FF,$FB,$FF
   621
   622 						;ISB zp,X (INC + SBC)
   623 2D46 F7 CB 60 00 02 00 + 		dta		$F7,<d3,$60, $00,$02,$00,$31,$00, $ff,$02,$00,$b0,$01
   624 2D53 F7 CB 60 00 02 00 + 		dta		$F7,<d3,$60, $00,$02,$00,$31,$7f, $80,$02,$00,$f0,$80
   625 2D60 F7 CB 60 00 02 00 + 		dta		$F7,<d3,$60, $00,$02,$00,$31,$ff, $00,$02,$00,$33,$00
   626 2D6D F7 CB 60 00 02 00 + 		dta		$F7,<d3,$60, $00,$02,$00,$30,$00, $fe,$02,$00,$b0,$01
   627 2D7A F7 CB 60 00 02 00 + 		dta		$F7,<d3,$60, $00,$02,$00,$30,$7f, $7f,$02,$00,$30,$80
   628 2D87 F7 CB 60 00 02 00 + 		dta		$F7,<d3,$60, $00,$02,$00,$30,$ff, $ff,$02,$00,$b0,$00
   629 2D94 F7 CB 60 55 02 00 + 		dta		$F7,<d3,$60, $55,$02,$00,$31,$00, $54,$02,$00,$31,$01
   630 2DA1 F7 CB 60 55 02 00 + 		dta		$F7,<d3,$60, $55,$02,$00,$31,$7f, $d5,$02,$00,$f0,$80
   631 2DAE F7 CB 60 55 02 00 + 		dta		$F7,<d3,$60, $55,$02,$00,$31,$ff, $55,$02,$00,$31,$00
   632 2DBB F7 CB 60 55 02 00 + 		dta		$F7,<d3,$60, $55,$02,$00,$30,$00, $53,$02,$00,$31,$01
   633 2DC8 F7 CB 60 55 02 00 + 		dta		$F7,<d3,$60, $55,$02,$00,$30,$7f, $d4,$02,$00,$f0,$80
   634 2DD5 F7 CB 60 55 02 00 + 		dta		$F7,<d3,$60, $55,$02,$00,$30,$ff, $54,$02,$00,$31,$00
   635
   636 						;NOP
   637 2DE2 FA 60 60 00 00 00 + 		dta		$FA,$60,$60, $00,$00,$00,$30,$00, $00,$00,$00,$30,$00
   638 2DEF FA 60 60 FF FF FF + 		dta		$FA,$60,$60, $FF,$FF,$FF,$FB,$FF, $FF,$FF,$FF,$FB,$FF
   639 						
   640 						;ISB abs,Y (INC + SBC)
   641 2DFC FB CB 00 00 00 02 + 		dta		$FB,<d3,>d3, $00,$00,$02,$31,$00, $ff,$00,$02,$b0,$01
   642 2E09 FB CB 00 00 00 02 + 		dta		$FB,<d3,>d3, $00,$00,$02,$31,$7f, $80,$00,$02,$f0,$80
   643 2E16 FB CB 00 00 00 02 + 		dta		$FB,<d3,>d3, $00,$00,$02,$31,$ff, $00,$00,$02,$33,$00
   644 2E23 FB CB 00 00 00 02 + 		dta		$FB,<d3,>d3, $00,$00,$02,$30,$00, $fe,$00,$02,$b0,$01
   645 2E30 FB CB 00 00 00 02 + 		dta		$FB,<d3,>d3, $00,$00,$02,$30,$7f, $7f,$00,$02,$30,$80
   646 2E3D FB CB 00 00 00 02 + 		dta		$FB,<d3,>d3, $00,$00,$02,$30,$ff, $ff,$00,$02,$b0,$00
   647 2E4A FB CB 00 55 00 02 + 		dta		$FB,<d3,>d3, $55,$00,$02,$31,$00, $54,$00,$02,$31,$01
   648 2E57 FB CB 00 55 00 02 + 		dta		$FB,<d3,>d3, $55,$00,$02,$31,$7f, $d5,$00,$02,$f0,$80
   649 2E64 FB CB 00 55 00 02 + 		dta		$FB,<d3,>d3, $55,$00,$02,$31,$ff, $55,$00,$02,$31,$00
   650 2E71 FB CB 00 55 00 02 + 		dta		$FB,<d3,>d3, $55,$00,$02,$30,$00, $53,$00,$02,$31,$01
   651 2E7E FB CB 00 55 00 02 + 		dta		$FB,<d3,>d3, $55,$00,$02,$30,$7f, $d4,$00,$02,$f0,$80
   652 2E8B FB CB 00 55 00 02 + 		dta		$FB,<d3,>d3, $55,$00,$02,$30,$ff, $54,$00,$02,$31,$00
   653 						
   654 						;NOP abs,X
   655 2E98 FC CD 00 00 00 00 + 		dta		$FC,<d5,>d5, $00,$00,$00,$30,$00, $00,$00,$00,$30,$00
   656 2EA5 FC CD 00 FF FF FF + 		dta		$FC,<d5,>d5, $FF,$FF,$FF,$FB,$FF, $FF,$FF,$FF,$FB,$FF
   657
   658 						;ISB abs,X (INC + SBC)
   659 2EB2 FF CB 00 00 02 00 + 		dta		$FF,<d3,>d3, $00,$02,$00,$31,$00, $ff,$02,$00,$b0,$01
   660 2EBF FF CB 00 00 02 00 + 		dta		$FF,<d3,>d3, $00,$02,$00,$31,$7f, $80,$02,$00,$f0,$80
   661 2ECC FF CB 00 00 02 00 + 		dta		$FF,<d3,>d3, $00,$02,$00,$31,$ff, $00,$02,$00,$33,$00
   662 2ED9 FF CB 00 00 02 00 + 		dta		$FF,<d3,>d3, $00,$02,$00,$30,$00, $fe,$02,$00,$b0,$01
   663 2EE6 FF CB 00 00 02 00 + 		dta		$FF,<d3,>d3, $00,$02,$00,$30,$7f, $7f,$02,$00,$30,$80
   664 2EF3 FF CB 00 00 02 00 + 		dta		$FF,<d3,>d3, $00,$02,$00,$30,$ff, $ff,$02,$00,$b0,$00
   665 2F00 FF CB 00 55 02 00 + 		dta		$FF,<d3,>d3, $55,$02,$00,$31,$00, $54,$02,$00,$31,$01
   666 2F0D FF CB 00 55 02 00 + 		dta		$FF,<d3,>d3, $55,$02,$00,$31,$7f, $d5,$02,$00,$f0,$80
   667 2F1A FF CB 00 55 02 00 + 		dta		$FF,<d3,>d3, $55,$02,$00,$31,$ff, $55,$02,$00,$31,$00
   668 2F27 FF CB 00 55 02 00 + 		dta		$FF,<d3,>d3, $55,$02,$00,$30,$00, $53,$02,$00,$31,$01
   669 2F34 FF CB 00 55 02 00 + 		dta		$FF,<d3,>d3, $55,$02,$00,$30,$7f, $d4,$02,$00,$f0,$80
   670 2F41 FF CB 00 55 02 00 + 		dta		$FF,<d3,>d3, $55,$02,$00,$30,$ff, $54,$02,$00,$31,$00
   671 2F4E			test_end:
   672
   673 				;============================================================================
   674 2F4E					org		$3f00
   675 3F00			insn:
   676 3F00-3F03> EA				nop
   677 3F01 EA					nop
   678 3F02 EA					nop
   679 3F03 60					rts
   680
   681 02E0-02E1> 00 20				run		main
   682 						end
