mads 2.1.0 build 8 (23 Dec 19)
Source: gtia_collision2.s
     1 				; Altirra Acid800 test suite
     2 				; Copyright (C) 2010 Avery Lee, All Rights Reserved.
     3 				;
     4 				; Permission is hereby granted, free of charge, to any person obtaining a copy
     5 				; of this software and associated documentation files (the "Software"), to deal
     6 				; in the Software without restriction, including without limitation the rights
     7 				; to use, copy, modify, merge, publish, distribute, sublicense, and/or sell
     8 				; copies of the Software, and to permit persons to whom the Software is
     9 				; furnished to do so, subject to the following conditions:
    10 				;
    11 				; The above copyright notice and this permission notice shall be included in
    12 				; all copies or substantial portions of the Software.
    13 				;
    14 				; THE SOFTWARE IS PROVIDED "AS IS", WITHOUT WARRANTY OF ANY KIND, EXPRESS OR
    15 				; IMPLIED, INCLUDING BUT NOT LIMITED TO THE WARRANTIES OF MERCHANTABILITY,
    16 				; FITNESS FOR A PARTICULAR PURPOSE AND NONINFRINGEMENT. IN NO EVENT SHALL THE
    17 				; AUTHORS OR COPYRIGHT HOLDERS BE LIABLE FOR ANY CLAIM, DAMAGES OR OTHER
    18 				; LIABILITY, WHETHER IN AN ACTION OF CONTRACT, TORT OR OTHERWISE, ARISING FROM,
    19 				; OUT OF OR IN CONNECTION WITH THE SOFTWARE OR THE USE OR OTHER DEALINGS IN THE
    20 				; SOFTWARE. 
    21
    22 FFFF0001					_SAP_HEADER "GTIA: Special modes collision test"
Macro: _SAP_HEADER [Source: library.s]
Source: gtia_collision2.s
    23
    24 						opt		h+o+
    25
    26 						icl		'library.s'
Source: library.s
     1 				; Altirra Acid800 test suite
     2 				; Copyright (C) 2010 Avery Lee, All Rights Reserved.
     3 				;
     4 				; Permission is hereby granted, free of charge, to any person obtaining a copy
     5 				; of this software and associated documentation files (the "Software"), to deal
     6 				; in the Software without restriction, including without limitation the rights
     7 				; to use, copy, modify, merge, publish, distribute, sublicense, and/or sell
     8 				; copies of the Software, and to permit persons to whom the Software is
     9 				; furnished to do so, subject to the following conditions:
    10 				;
    11 				; The above copyright notice and this permission notice shall be included in
    12 				; all copies or substantial portions of the Software.
    13 				;
    14 				; THE SOFTWARE IS PROVIDED "AS IS", WITHOUT WARRANTY OF ANY KIND, EXPRESS OR
    15 				; IMPLIED, INCLUDING BUT NOT LIMITED TO THE WARRANTIES OF MERCHANTABILITY,
    16 				; FITNESS FOR A PARTICULAR PURPOSE AND NONINFRINGEMENT. IN NO EVENT SHALL THE
    17 				; AUTHORS OR COPYRIGHT HOLDERS BE LIABLE FOR ANY CLAIM, DAMAGES OR OTHER
    18 				; LIABILITY, WHETHER IN AN ACTION OF CONTRACT, TORT OR OTHERWISE, ARISING FROM,
    19 				; OUT OF OR IN CONNECTION WITH THE SOFTWARE OR THE USE OR OTHER DEALINGS IN THE
    20 				; SOFTWARE. 
    21
    22 				;==========================================================================
    23 				; MEMORY MAP (800)
    24 				;
    25 				;	$0000-007F		OS zero page
    26 				;	$0080-00BF		Module zero page
    27 				;	$00C0-00DF		Library zero page
    28 				;	$00E0-00EF		80-column zero page
    29 				;	$0100-01FF		6502 stack
    30 				;	$0200-03FF		OS database
    31 				;	$0400-09FF		Boot loader / unused
    32 				;	$0A00-0AFF		Boot loader / Veronica support resident page
    33 				;	$0B00-0BFF		Boot loader / sector load buffer
    34 				;	$0C00-0FFF		Boot loader / 16K display
    35 				;	$1000-18FF		Resident test driver (full suite only)
    36 				;	$1900-19FF		Segment tables (full suite only)
    37 				;	$1A00-1FFF		Library code
    38 				;	$2000-3FFF		Module run area
    39 				;	$4000-5FFF		Segment load area / Extended memory window
    40 				;	$6000-7FFF		80-column screen A / Extended memory window
    41 				;	$9000-9BFF		80-column driver
    42 				;	$9C00-9FFF		Unused (display list if cart)
    43 				;	$A000-BFFF		80-column screen B
    44 				;
    45 				; MEMORY MAP (5200)
    46 				;
    47 				;	$0000-001F		OS zero page
    48 				;	$0020-003F		Display zero page
    49 				;	$0080-00BF		Module zero page
    50 				;	$00C0-00DF		Library zero page
    51 				;	$0100-01FF		6502 stack
    52 				;	$0200-021F		OS database
    53 				;	$0220-027F		Unused
    54 				;	$0280-02FF		Library database
    55 				;	$0300-07FF		Display memory
    56 				;	$0800-0FFF		Unused
    57 				;	$1000-1FFF		LZ decompression history window
    58 				;	$2000-3FFF		Module run area
    59 				;	$4000-BFFF		Cartridge library code and module store
    60 				;
    61 				; MEMORY MAP (SAP)
    62 				;
    63 				;	$0080-00BF		Module zero page
    64 				;	$00C0-00DF		Library zero page
    65 				;	$0280-02FF		Library database
    66 				;	$0300-07FF		Display memory
    67 				;	$2000-3FFF		Module run area
    68 				;	$4000-BFFF		Module store
    69
    70 				;==========================================================================
    71 				; CONFIGURATION
    72 				;
    73 						.ifndef SYS800
    74 = 0001					SEGS_IN_ROM = 1
    75 						.else
    76 						SEGS_MIN_MEM = 1
    77 						.endif
    78 						
    79 						.ifdef SYS5200
    80 = 0001					SEGS_LZPACK = 1
    81 						.endif
    82
    83 				;==========================================================================
    84 				; HARDWARE INCLUDES
    85 				;
    86 				.ifdef SYS5200
    87 				;GTIA
    88 = C000			gtia = $c000
    89 = C000			m0pf	equ	$c000
    90 = C001			m1pf	equ	$c001
    91 = C002			m2pf	equ	$c002
    92 = C003			m3pf	equ	$c003
    93 = C004			p0pf	equ	$c004
    94 = C005			p1pf	equ	$c005
    95 = C006			p2pf	equ	$c006
    96 = C007			p3pf	equ	$c007
    97 = C008			m0pl	equ	$c008
    98 = C009			m1pl	equ	$c009
    99 = C00A			m2pl	equ	$c00a
   100 = C00B			m3pl	equ	$c00b
   101 = C00C			p0pl	equ	$c00c
   102 = C00D			p1pl	equ	$c00d
   103 = C00E			p2pl	equ	$c00e
   104 = C00F			p3pl	equ	$c00f
   105 = C000			hposp0	equ	$c000
   106 = C001			hposp1	equ	$c001
   107 = C002			hposp2	equ	$c002
   108 = C003			hposp3	equ	$c003
   109 = C004			hposm0	equ	$c004
   110 = C005			hposm1	equ	$c005
   111 = C006			hposm2	equ	$c006
   112 = C007			hposm3	equ	$c007
   113 = C008			sizep0	equ	$c008
   114 = C009			sizep1	equ	$c009
   115 = C00A			sizep2	equ	$c00a
   116 = C00B			sizep3	equ	$c00b
   117 = C00C			sizem	equ	$c00c
   118 = C00D			grafp0	equ	$c00d
   119 = C00E			grafp1	equ	$c00e
   120 = C00F			grafp2	equ	$c00f
   121 = C010			grafp3	equ	$c010
   122 = C010			trig0	equ	$c010
   123 = C011			grafm	equ	$c011
   124 = C012			colpm0	equ	$c012
   125 = C013			colpm1	equ	$c013
   126 = C014			colpm2	equ	$c014
   127 = C014			pal		equ	$c014
   128 = C015			colpm3	equ	$c015
   129 = C016			colpf0	equ	$c016
   130 = C017			colpf1	equ	$c017
   131 = C018			colpf2	equ	$c018
   132 = C019			colpf3	equ	$c019
   133 = C01A			colbk	equ	$c01a
   134 = C01B			prior	equ	$c01b
   135 = C01C			vdelay	equ	$c01c
   136 = C01D			gractl	equ	$c01d
   137 = C01E			hitclr	equ	$c01e
   138 = C01F			consol	equ	$c01f
   139
   140 				;POKEY
   141 = E800			pokey = $e800
   142 = E800			audf1	equ	$e800
   143 = E801			audc1	equ	$e801
   144 = E802			audf2	equ	$e802
   145 = E803			audc2	equ	$e803
   146 = E804			audf3	equ	$e804
   147 = E805			audc3	equ	$e805
   148 = E806			audf4	equ	$e806
   149 = E807			audc4	equ	$e807
   150 = E808			audctl	equ	$e808
   151 = E809			stimer	equ	$e809
   152 = E80A			random	equ	$e80a
   153 = E80A			skres	equ	$e80a
   154 = E80D			serin	equ	$e80d
   155 = E80D			serout	equ	$e80d
   156 = E80E			irqen	equ	$e80e
   157 = E80E			irqst	equ	$e80e
   158 = E80F			skctl	equ	$e80f
   159 = E80F			skstat	equ	$e80f
   160 				.else
   161 				;GTIA
   162 				gtia = $d000
   163 				m0pf	equ	$d000
   164 				m1pf	equ	$d001
   165 				m2pf	equ	$d002
   166 				m3pf	equ	$d003
   167 				p0pf	equ	$d004
   168 				p1pf	equ	$d005
   169 				p2pf	equ	$d006
   170 				p3pf	equ	$d007
   171 				m0pl	equ	$d008
   172 				m1pl	equ	$d009
   173 				m2pl	equ	$d00a
   174 				m3pl	equ	$d00b
   175 				p0pl	equ	$d00c
   176 				p1pl	equ	$d00d
   177 				p2pl	equ	$d00e
   178 				p3pl	equ	$d00f
   179 				hposp0	equ	$d000
   180 				hposp1	equ	$d001
   181 				hposp2	equ	$d002
   182 				hposp3	equ	$d003
   183 				hposm0	equ	$d004
   184 				hposm1	equ	$d005
   185 				hposm2	equ	$d006
   186 				hposm3	equ	$d007
   187 				sizep0	equ	$d008
   188 				sizep1	equ	$d009
   189 				sizep2	equ	$d00a
   190 				sizep3	equ	$d00b
   191 				sizem	equ	$d00c
   192 				grafp0	equ	$d00d
   193 				grafp1	equ	$d00e
   194 				grafp2	equ	$d00f
   195 				grafp3	equ	$d010
   196 				trig0	equ	$d010
   197 				grafm	equ	$d011
   198 				colpm0	equ	$d012
   199 				colpm1	equ	$d013
   200 				colpm2	equ	$d014
   201 				pal		equ	$d014
   202 				colpm3	equ	$d015
   203 				colpf0	equ	$d016
   204 				colpf1	equ	$d017
   205 				colpf2	equ	$d018
   206 				colpf3	equ	$d019
   207 				colbk	equ	$d01a
   208 				prior	equ	$d01b
   209 				vdelay	equ	$d01c
   210 				gractl	equ	$d01d
   211 				hitclr	equ	$d01e
   212 				consol	equ	$d01f
   213
   214 				;POKEY
   215 				pokey = $d200
   216 				audf1	equ	$d200
   217 				audc1	equ	$d201
   218 				audf2	equ	$d202
   219 				audc2	equ	$d203
   220 				audf3	equ	$d204
   221 				audc3	equ	$d205
   222 				audf4	equ	$d206
   223 				audc4	equ	$d207
   224 				audctl	equ	$d208
   225 				stimer	equ	$d209
   226 				kbcode	equ	$d209
   227 				random	equ	$d20a
   228 				skres	equ	$d20a
   229 				serin	equ	$d20d
   230 				serout	equ	$d20d
   231 				irqen	equ	$d20e
   232 				irqst	equ	$d20e
   233 				skctl	equ	$d20f
   234 				skstat	equ	$d20f
   235
   236 				;PIA
   237 				porta	equ	$d300
   238 				portb	equ	$d301
   239 				pactl	equ	$d302
   240 				pbctl	equ	$d303
   241 				.endif
   242
   243 				;ANTIC
   244 = D400			dmactl	equ	$d400
   245 = D401			chactl	equ	$d401
   246 = D402			dlistl	equ	$d402
   247 = D403			dlisth	equ	$d403
   248 = D404			hscrol	equ	$d404
   249 = D405			vscrol	equ	$d405
   250 = D407			pmbase	equ	$d407
   251 = D409			chbase	equ	$d409
   252 = D40A			wsync	equ	$d40a
   253 = D40B			vcount	equ	$d40b
   254 = D40E			nmien	equ	$d40e
   255 = D40F			nmires	equ	$d40f
   256 = D40F			nmist	equ	$d40f
   257
   258 				;==========================================================================
   259 				; OS INCLUDES (5200)
   260 				;
   261 				.ifdef SYS5200
   262 = 0000			pokmsk	equ		$00
   263 = 0001			rtclok	equ		$01
   264 				;		equ		$02
   265 = 0003			critic	equ		$03
   266 = 0004			atract	equ		$04
   267 = 0005			sdlstl	equ		$05
   268 = 0006			sdlsth	equ		$06
   269 = 0007			sdmctl	equ		$07
   270 = 0008			pcolr0	equ		$08
   271 = 0009			pcolr1	equ		$09
   272 = 000A			pcolr2	equ		$0a
   273 = 000B			pcolr3	equ		$0b
   274 = 000C			color0	equ		$0c
   275 = 000D			color1	equ		$0d
   276 = 000E			color2	equ		$0e
   277 = 000F			color3	equ		$0f
   278 = 0010			color4	equ		$10
   279
   280 = 0200			vimirq	equ		$0200		;IRQ immediate vector
   281 = 0202			vvblki	equ		$0202		;VBI immediate vector
   282 = 0204			vvblkd	equ		$0204		;VBI deferred vector
   283 = 0206			vdslst	equ		$0206		;display list vector
   284 = 0208			vkybdi	equ		$0208		;keyboard immediate vector
   285 = 020A			vkybdf	equ		$020a		;keyboard deferred vector
   286 				.endif
   287
   288 				;==========================================================================
   289 				; OS INCLUDES (800)
   290 				;
   291 				.ifndef SYS5200
   292 				pokmsk	equ	$10
   293 				rtclok	equ	$12
   294 				savmsc	equ	$58
   295 				ramtop	equ	$6a
   296
   297 				vdslst	equ	$0200
   298 				vkeybd	equ	$0208
   299 				vimirq	equ	$0216
   300 				cdtmv1	equ	$0218
   301 				vvblki	equ	$0222
   302 				vvblkd	equ	$0224
   303 				cdtma1	equ	$0226
   304 				sdmctl	equ	$022f
   305 				sdlstl	equ	$0230
   306 				sdlsth	equ	$0231
   307 				sskctl	equ	$0232
   308 				runad	equ	$02e0
   309 				initad	equ	$02e2
   310 				memtop	equ	$02e5
   311 				ch1		equ	$02f2
   312 				ch		equ	$02fc
   313
   314 				ddevic	equ	$0300
   315 				dunit	equ	$0301
   316 				dcomnd	equ	$0302
   317 				dstats	equ	$0303
   318 				dbuflo	equ	$0304
   319 				dbufhi	equ	$0305
   320 				dtimlo	equ	$0306
   321 				dbytlo	equ	$0308
   322 				dbythi	equ	$0309
   323 				daux1	equ	$030a
   324 				daux2	equ	$030b
   325
   326 				ichid	equ	$0340
   327 				iccmd	equ	$0342
   328 				icbal	equ	$0344
   329 				icbah	equ	$0345
   330 				icptl	equ	$0346
   331 				icpth	equ	$0347
   332 				icbll	equ	$0348
   333 				icblh	equ	$0349
   334 				icax1	equ	$034a
   335 				icax2	equ	$034b
   336
   337 				basicf	equ	$03f8
   338
   339 				dskinv	equ	$e453
   340 				ciov	equ	$e456
   341 				siov	equ	$e459
   342 				xitvbv	equ	$e462
   343 				.endif
   344
   345 				;==========================================================================
   346 				; LIBRARY ZP
   347 				;
   348 = 00C0			a0		equ	$c0
   349 = 00C2			a1		equ	$c2
   350 = 00C4			a2		equ	$c4
   351 = 00C6			a3		equ	$c6
   352 = 00C8			d0		equ	$c8
   353 = 00C9			d1		equ	$c9
   354 = 00CA			d2		equ	$ca
   355 = 00CB			d3		equ	$cb
   356 = 00CC			d4		equ	$cc
   357 = 00CD			d5		equ	$cd
   358 = 00CE			d6		equ	$ce
   359 = 00CF			d7		equ	$cf
   360
   361 				;==========================================================================
   362 				; LIBRARY VARS
   363 				;
   364 						opt o-
   365
   366 				.ifdef SYS5200
   367 						opt f-
   368 				.else
   369 				.ifdef STANDALONE
   370 						opt o+
   371 				.endif
   372 				.ifdef GENLIBRARY
   373 						opt o+
   374 				.endif
   375 				.endif
   376
   377 						.ifdef SYSSAP
   378 						org	$0280
   379 						.endif
   380 						
   381 						.ifdef SYS5200
   382 						org	$0280
   383 						.endif
   384 						
   385 						.ifdef SYS800
   386 						org	$1a20
   387 						.endif		
   388 				_intsOff	dta		0
   389 				_scrnOff	dta		0
   390 				_prevIRQ	dta		a(0)
   391 				_prevVBI	dta		a(0)
   392 				_exitTest	dta		a(0)
   393 				_exitTestS	dta		$ff
   394 				_vputchar	dta		a(0)
   395
   396 						.ifdef SYS800
   397 				_vputunhook	dta		a(0)
   398 						.endif
   399
   400 = 0000				CPUMODE_6502 = 0
   401 = 0001				CPUMODE_65C02 = 1
   402 = 0080				CPUMODE_65C816_16 = 0x80
   403 = 0081				CPUMODE_65C816_24 = 0x81
   404 				_cpuMode	dta		0
   405
   406 				_veronica	dta		0
   407
   408 						.ifdef SYS5200
   409 				sskctl		dta		0
   410 				ch			dta		0
   411 				keydel		dta		0
   412
   413 							org		$02e0
   414 				runad		dta		a(0)
   415 				initad		dta		a(0)
   416 						.endif
   417
   418 						.ifdef SEGS_IN_ROM
   419 				_lastMod	dta		0
   420 						.endif
   421 						.ifdef SEGS_MIN_MEM
   422 				_lastMod	dta		0
   423 						.endif
   424
   425 						.ifdef SYS5200
   426 						.ifdef STANDALONE
   427 						opt o+f+
   428 						.endif
   429 						.ifdef GENLIBRARY
   430 						opt o+f+
   431 						.endif
   432
   433 						.ifdef LIBBASE
   434 						org	LIBBASE
   435 						.else
   436 						org	$4000
   437 						.endif
   438 						.endif
   439 						
   440 						.ifdef SYSSAP
   441 						org		$4000
   442 						.endif
   443
   444 				;==========================================================================
   445 				; MACROS
   446 				;
   447 				.macro _INITTEST
   448 					jsr		_imTestInit
   449 					dta		:1,0
   450 				.endm
   451
   452 				.macro _ASSERT1
   453 					lda	:1
   454 					cmp	#:2
   455 					beq	pass
   456 					
   457 					sta	d1
   458 					jsr	_testFailed
   459 					dta	:3,0
   460 				pass:
   461 				.endm
   462
   463 				.macro _ASSERT1_DUAL
   464 					lda	:1
   465 					cmp	#:2
   466 					beq	pass
   467 					cmp	#:3
   468 					beq	pass
   469 					
   470 					sta	d1
   471 					jsr	_testFailed
   472 					dta	:4,0
   473 				pass:
   474 				.endm
   475
   476 				.macro _ASSERTA
   477 					cmp	#:1
   478 					beq	pass
   479 					
   480 					sta	d1
   481 					jsr	_testFailed
   482 					dta	:2,0
   483 				pass:
   484 				.endm
   485
   486 				.macro _ASSERTX
   487 					cpx	#:1
   488 					beq	pass
   489 					
   490 					stx	d1
   491 					jsr	_testFailed
   492 					dta	:2,0
   493 				pass:
   494 				.endm
   495
   496 				.macro _ASSERTY
   497 					cpy	#:1
   498 					beq	pass
   499 					
   500 					sty	d1
   501 					jsr	_testFailed
   502 					dta	:2,0
   503 				pass:
   504 				.endm
   505
   506 				.macro _FAIL
   507 					jsr		_testFailed
   508 					dta		:1,0
   509 				.endm
   510
   511 				.macro _SKIP
   512 					jsr		_testSkipped
   513 					dta		:1,0
   514 				.endm
   515
   516 				.macro _SAP_HEADER
   517 					.ifdef GENSAP
   518 						opt		o+h-f-
   519 						org		$0700
   520 						dta		c"SAP",$0d,$0a
   521 						dta		c"AUTHOR ",$22,c"Avery Lee",$22,$0d,$0a
   522 						dta		c"NAME ",$22,c":1",$22,$0d,$0a
   523 						dta		c"TYPE D",$0d,$0a
   524 						dta		c"INIT 2000",$0d,$0a
   525 						dta		c"TIME 00:",c"05",$0d,$0a
   526 						dta		a($ffff)
   527 					.endif
   528 				.endm
   529
   530 				;==========================================================================
   531 				.nowarn .proc	_crt0init
   532 				.ifdef SYSSAP
   533 					jsr		_crt0init_sap
   534 				.endif
   535
   536 					;clear zero page and database
   537 				.ifdef SYS5200
   538 					ldx		#$20
   539 					lda		#0
   540 				zploop:
   541 					sta		0,x
   542 					inx
   543 					bne		zploop
   544 					ldx		#$80
   545 				dbloop:
   546 					sta		$0200,x
   547 					inx
   548 					bne		dbloop
   549 				.endif
   550
   551 					;clear options (keep in sync with options.s)
   552 					ldx		#6
   553 					lda		#0
   554 					.ifdef SYS5200
   555 					sta:rpl	$02f0,x-
   556 					.else
   557 					sta:rpl	$1a00,x-
   558 					.endif
   559 					
   560 					;detect CPU
   561 					ldy		#CPUMODE_6502
   562 					sed
   563 					lda		#$99
   564 					clc
   565 					adc		#$01
   566 					cld
   567 					bne		detdone
   568 					
   569 					;we have at least a 65C02... check for 65C816
   570 					ldy		#CPUMODE_65C02
   571
   572 					sec
   573 					opt		c+
   574 					rep		#$01
   575 					bcs		detdone
   576 					sep		#$01
   577 					bcc		detdone
   578 					
   579 					ldy		#CPUMODE_65C816_16
   580 					
   581 					;check for 24-bit addressing
   582 					lda		d3+$10000
   583 					tax
   584 					eor		#$f5
   585 					sta		d3
   586 					txa
   587 					cmp		d3+$10000
   588 					sne
   589 					iny
   590 					
   591 					opt		c-
   592 					
   593 				detdone:
   594 					sty		_cpuMode
   595
   596 				.ifdef SYS5200
   597 					jsr		_crt0init_5200
   598 				.endif
   599
   600 				.ifdef SYS800
   601 					;init putchar handler
   602 					mwa		icptl _vputchar
   603 					inw		_vputchar
   604 				.endif
   605
   606 					rts
   607 				.endp
   608
   609 				;==========================================================================
   610 				.nowarn .proc	_interruptsOff
   611 					lda	_intsOff
   612 					bmi	xit
   613 					sei
   614 					mwa	vimirq _prevIRQ
   615 					mva	#$ff _intsOff
   616 				xit:
   617 					rts
   618 				.endp
   619
   620 				;==========================================================================
   621 				.nowarn .proc	_interruptsOn
   622 					lda	_intsOff
   623 					bpl	xit
   624 					sei
   625 					mwa	_prevIRQ vimirq
   626 					mva	pokmsk irqen
   627 					mva	#$00 _intsOff
   628 					cli
   629 				xit:
   630 					rts
   631 				.endp
   632
   633 				;==========================================================================
   634 				.nowarn .proc _screenOn
   635 					.ifndef SYSSAP
   636 					lda	_scrnOff
   637 					bpl	xit
   638 					
   639 					jsr	_waitVBL
   640 					
   641 					sei
   642 					lda	#0
   643 					sta	wsync
   644 					sta	nmien
   645 					mva	#$22 dmactl
   646 					mwa	sdlstl dlistl
   647 					mwa	_prevVBI vvblki
   648 					lda	#$40
   649 					sta	nmien
   650 					cli
   651 					
   652 					jsr	_waitVBL
   653 					sta	wsync
   654 					sta	wsync
   655 					jsr	_waitVBL
   656 					.endif
   657
   658 					mva	#$00 _scrnOff
   659 				xit:
   660 					rts
   661 				.endp
   662
   663 				;==========================================================================
   664 				.nowarn .proc _screenOff
   665 					.ifndef SYSSAP
   666 					lda	_scrnOff
   667 					bmi	xit
   668 					
   669 					jsr	_waitVBL
   670 						
   671 					php
   672 					sei
   673 					lda	#0
   674 					sta	wsync
   675 					sta	nmien
   676 					sta	dmactl
   677 					mwa	vvblki _prevVBI
   678 					plp
   679 					.endif
   680
   681 					mva	#$ff _scrnOff
   682 				xit:
   683 					rts
   684 				.endp
   685
   686 				;==========================================================================
   687 				.nowarn .proc _waitVBL
   688 					lda	#123
   689 					cmp:rne vcount
   690 					cmp:req vcount
   691 					rts
   692 				.endp
   693
   694 				;==========================================================================
   695 				.nowarn .proc _waitFrame
   696 					inc	wsync
   697 					inc	wsync
   698 					jmp	_waitVBL
   699 				.endp
   700
   701 				;==========================================================================
   702 				.nowarn .proc _waitKeyPrompt
   703 					jsr		_imprint
   704 					dta		c"Press a key...",0
   705 					.ifdef SYS5200
   706 					mva		#$ff ch
   707 					lda:rmi	ch
   708 					.else
   709 					lda		#0
   710 					sta		ch
   711 					sta		ch1
   712 					lda:req	ch
   713 					.endif
   714 					jsr		_imprint
   715 					dta		$9c,0
   716 					rts
   717 				.endp
   718
   719 				;==========================================================================
   720 				.nowarn .proc _resetAV
   721 					lda	#0
   722 					sta	gractl
   723 					sta	grafp0
   724 					sta	grafp1
   725 					sta	grafp2
   726 					sta	grafp3
   727 					sta	grafm
   728 					sta	audc1
   729 					sta	audc2
   730 					sta	audc3
   731 					sta	audc4
   732 					rts
   733 				.endp
   734
   735 				;==========================================================================
   736 				.nowarn .proc _imprint
   737 					pla
   738 					tax
   739 					pla
   740 					tay
   741 					inx
   742 					sne:iny
   743 					txa
   744 					jsr	_print
   745 					lda	a0+1
   746 					pha
   747 					lda	a0
   748 					pha
   749 					rts	
   750 				.endp
   751
   752 				;==========================================================================
   753 				.nowarn .proc _imprintf
   754 					pla
   755 					tax
   756 					pla
   757 					tay
   758 					inx
   759 					sne:iny
   760 					txa
   761 					jsr	_printf
   762 					lda	a0+1
   763 					pha
   764 					lda	a0
   765 					pha
   766 					rts	
   767 				.endp
   768
   769 				;==========================================================================
   770 				.nowarn .proc _print
   771 					sta	a0
   772 					sty	a0+1
   773 				charloop:
   774 					ldy	#0
   775 					lda	(a0),y
   776 					beq	done
   777 					inw	a0
   778 					jsr	_printf.putbyte
   779 					jmp	charloop
   780 				done:
   781 					rts
   782 				.endp
   783
   784 				;==========================================================================
   785 				.nowarn .proc _println
   786 					jsr		_imprint
   787 					dta		$9b,0
   788 					rts
   789 				.endp
   790 				;==========================================================================
   791 				.nowarn .proc _printf
   792 					sta	a0
   793 					sty	a0+1
   794 					ldy	#0
   795 					sty	d0
   796 				charloop:
   797 					lda	(a0),y
   798 					beq	done
   799 					inw	a0
   800 					cmp	#'%'
   801 					beq	special
   802 				escaped:
   803 					jsr	putbyte
   804 				nextchar:
   805 					ldy	#0
   806 					jmp	charloop
   807 				done:
   808 					rts
   809 				special:
   810 					inc	d0
   811 					ldx	d0
   812 					lda	(a0),y
   813 					inw	a0
   814 					cmp #'d'
   815 					bne	notdec
   816 					tya
   817 					sty	a1
   818 					ldy	#6
   819 					sei
   820 					sed
   821 				decloop1:
   822 					rol	d0,x
   823 					adc	a1
   824 					sta	a1
   825 					dey
   826 					bne	decloop1
   827 					sty	a1+1
   828 					ldy	#2
   829 				decloop2:
   830 					rol	d0,x
   831 					adc	a1
   832 					sta	a1
   833 					rol	a1+1
   834 					dey
   835 					bne	decloop2
   836 					cld
   837 					cli
   838 					lda	a1+1
   839 					beq	decdigit2
   840 					tax
   841 					lda	_hexdig,x
   842 					jsr	putbyte
   843 					lda	a1
   844 					jsr	puthex
   845 					jmp	nextchar
   846 				decdigit2:
   847 					lda	a1
   848 					cmp	#$10
   849 					bcc	decdigit1
   850 					jsr	puthex
   851 					jmp	nextchar
   852 				decdigit1:
   853 					tax
   854 					lda	_hexdig,x
   855 					jmp	escaped
   856
   857 				notdec:
   858 					cmp	#'x'
   859 					bne	nothex
   860 					lda	d0,x
   861 					jsr	puthex
   862 					jmp	nextchar
   863
   864 				nothex:
   865 					cmp	#'X'
   866 					bne	nothexword
   867 					inc	d0
   868 					lda	d1,x
   869 					jsr	puthex
   870 					ldx	d0
   871 					lda	d0-1,x
   872 					jsr	puthex
   873 					jmp	nextchar
   874
   875 				nothexword:
   876 					cmp #'D'
   877 					bne	notdecword
   878
   879 					ldy	#8
   880 					lda	#0
   881 					sta	a1
   882 					sta a1+1
   883 					sta	a2
   884 					sei
   885 					sed
   886 				decword1:
   887 					rol	d1,x
   888 					lda	a1
   889 					adc	a1
   890 					sta	a1
   891 					lda	a1+1
   892 					adc	a1+1
   893 					sta	a1+1
   894 					dey
   895 					bne	decword1
   896 					
   897 					ldy	#8
   898 				decword2:
   899 					rol	d0,x
   900 					lda	a1
   901 					adc	a1
   902 					sta	a1
   903 					lda	a1+1
   904 					adc	a1+1
   905 					sta	a1+1
   906 					lda	a2
   907 					adc	a2
   908 					sta	a2
   909 					dey
   910 					bne	decword2
   911 					cld
   912 					cli
   913 					
   914 					tax
   915 					beq	decword3
   916 					jsr	puthexcond
   917 					lda	a1+1
   918 					jsr	puthex
   919 					lda	a1
   920 					jsr	puthex
   921 					jmp	nextchar
   922
   923 				decword3:
   924 					lda	a1+1
   925 					beq	decword4
   926 					lda	a1
   927 					jsr	puthex
   928 					jmp	nextchar
   929 					
   930 				decword4:
   931 					lda	a1
   932 					jsr	puthex
   933 					jmp	nextchar
   934
   935 				notdecword:
   936 					cmp #'c'
   937 					bne	notchar
   938 					inc	d0
   939 					lda	d0,x
   940 					jsr	putbyte
   941 					jmp	nextchar
   942 					
   943 				notchar:
   944 					cmp #'s'
   945 					bne	notstr
   946 					
   947 					inc	d0
   948 					lda	d0,x
   949 					sta	a1
   950 					lda	d0+1,x
   951 					sta	a1+1
   952
   953 				strloop:
   954 					ldy	#0
   955 					lda	(a1),y
   956 					beq	strdone
   957 					jsr	putbyte2
   958 					inw	a1
   959 					jmp	strloop
   960
   961 				strdone:
   962 					jmp	nextchar
   963 					
   964 				notstr:
   965 					dec	d0
   966 					jmp	escaped
   967 					
   968 				puthexcond:
   969 					cmp	#$10
   970 					bcs	puthex
   971 					tax
   972 					lda	_hexdig,x
   973 					jmp	putbyte	
   974 				puthex:	
   975 					pha
   976 					lsr
   977 					lsr
   978 					lsr
   979 					lsr
   980 					tax
   981 					lda	_hexdig,x
   982 					jsr	putbyte
   983 					pla
   984 					and	#$0f
   985 					tax
   986 					lda	_hexdig,x
   987 					jmp	putbyte
   988
   989 				putbyte:
   990 					tax
   991 					jsr	putbyte2
   992 					txa
   993 					rts
   994 					
   995 				putbyte2:
   996 					jmp	(_vputchar)
   997 				.endp
   998
   999 				;==========================================================================
  1000 				.nowarn .proc	_jam
  1001 				loop:
  1002 					jmp	loop
  1003 				.endp
  1004
  1005 				;==========================================================================
  1006 				.nowarn .proc	_waitVCount
  1007 					cmp:rne	vcount
  1008 					rts
  1009 				.endp
  1010
  1011 				;=========================================================================
  1012 				.nowarn .proc	_imTestInit
  1013 					pla
  1014 					sta		a0
  1015 					tay
  1016 					pla
  1017 					sta		a0+1
  1018 					
  1019 					inw		a0
  1020
  1021 					mva		#0 a1
  1022 					mva		a0+1 a1+1	
  1023 				skiploop:
  1024 					lda		(a1),y
  1025 					beq		skipdone
  1026 					iny
  1027 					sne:inc a1+1
  1028 					jmp		skiploop
  1029 				skipdone:
  1030 					lda		a1+1
  1031 					pha
  1032 					tya
  1033 					pha
  1034 					lda		a0
  1035 					ldy		a0+1
  1036 					jmp		_testInit
  1037 				.endp
  1038
  1039 				;=========================================================================
  1040 				.nowarn .proc	_testInit
  1041 					.ifdef STANDALONE
  1042 					pha
  1043 					tya
  1044 					pha
  1045
  1046 				.ifdef SYS800
  1047 					;MaxFlash carts run executables with E: closed. Check for this and
  1048 					;reopen it if necessary.
  1049 					lda		ichid
  1050 					bpl		iocb0_open
  1051
  1052 					;reopen IOCB 0
  1053 					mva		#$03 iccmd
  1054 					mwa		#e_name icbal
  1055 					ldx		#0
  1056 					stx		icax1
  1057 					mva		#$0c icax2
  1058 					jsr		ciov
  1059 					
  1060 				iocb0_open:
  1061 				.endif
  1062
  1063 					jsr		_crt0init
  1064 					
  1065 					pla
  1066 					tay
  1067 					pla
  1068 					.endif
  1069 					
  1070 					jsr	_print
  1071 					jsr	_imprint
  1072 					dta	c"...",0
  1073 					
  1074 					.ifdef STANDALONE
  1075 					mwa	#_testEnd _exitTest
  1076 					.else
  1077 					:10 nop
  1078 					.endif
  1079 					
  1080 					rts
  1081 					
  1082 				msg:
  1083 					dta	c"...",0
  1084 				e_name:
  1085 					dta		'E',$9B
  1086 				.endp
  1087
  1088 				;=========================================================================
  1089 				.nowarn .proc	_testEnd
  1090 					.ifdef SYSSAP
  1091 						.ifdef STANDALONE
  1092 							jmp	_sap_testEnd
  1093 						.else
  1094 							jmp	_jam
  1095 						.endif
  1096 					.else
  1097 						.ifdef SYS5200
  1098 							jmp	_jam
  1099 						.else
  1100 							;wait for key
  1101 							sei
  1102 							lda		#0
  1103 							sta		nmien
  1104 							sta		irqen
  1105 							mva		#3 skctl
  1106 							mva		#$40 irqen
  1107 							bit:rne	irqst
  1108 							
  1109 							;initiate soft reset
  1110 							jmp		($fffc)
  1111 						.endif
  1112 					.endif
  1113 				.endp
  1114
  1115 				;=========================================================================
  1116 				.nowarn .proc	_testRestore
  1117 					cld
  1118 					php
  1119 					sei
  1120 					
  1121 					;check if the screen is off; if so, make sure we kill DLIs
  1122 					lda		_scrnOff
  1123 					beq		scrnOK
  1124 					
  1125 					lda		#0
  1126 					inc		wsync
  1127 					sta		nmien
  1128 					
  1129 				scrnOK:
  1130
  1131 					mva		sskctl skctl
  1132 						
  1133 					.ifdef SYSSAP
  1134 					;kill PIA port A interrupt
  1135 					mva		#$3c pactl
  1136 					
  1137 					;force kernel ROMs back _out_
  1138 					mva		#$38 pbctl
  1139 					mva		#$ff portb
  1140 					mva		#$3c pbctl
  1141 					mva		#$82 portb
  1142 					.endif
  1143 					
  1144 					.ifdef SYS5200
  1145 					mva		#$00 prior
  1146 					mva		#$f8 chbase
  1147 					mva		#$02 chactl
  1148 					mva		#$04 consol
  1149 					.endif
  1150 					
  1151 					.ifdef SYS800
  1152 					;kill PIA port A interrupt
  1153 					mva		#$3c pactl
  1154 					
  1155 					;force kernel ROMs back in	
  1156 					mva		#$38 pbctl
  1157 					mva		#$00 portb
  1158 					mva		#$3c pbctl
  1159 					mva		#$83 portb
  1160 					
  1161 					;kill OS timer 1
  1162 					ldx		#$ff
  1163 					stx		wsync
  1164 					stx		cdtmv1
  1165 					inx
  1166 					stx		cdtmv1
  1167 					stx		cdtmv1+1
  1168 					.endif
  1169
  1170 					plp
  1171 					jsr	_interruptsOn
  1172 					jsr	_screenOn
  1173 					jsr	_resetAV
  1174 					
  1175 					;unmask interrupts
  1176 					cli
  1177 					rts
  1178 				.endp
  1179
  1180 				;=========================================================================
  1181 				.nowarn .proc	_testPassed
  1182 					jsr	_testRestore
  1183
  1184 					jsr	_imprint
  1185 					dta	c"Pass",$9b,0
  1186 					
  1187 					ldx	_exitTestS
  1188 					txs
  1189 					ldy	#0
  1190 					jmp	(_exitTest)
  1191 				.endp
  1192
  1193 				;=========================================================================
  1194 				.nowarn .proc	_testFailed
  1195 					jsr	_testRestore
  1196
  1197 					jsr	_imprint
  1198 					dta	c"FAIL.",$9b,0
  1199
  1200 				nomsgentry:
  1201 					pla
  1202 					tax
  1203 					pla
  1204 					tay
  1205 					inx
  1206 					sne:iny
  1207 					txa
  1208 					jsr	_printf
  1209 					jsr	_println
  1210 					
  1211 					ldx	_exitTestS
  1212 					txs
  1213 					ldy	#$80
  1214 					jmp	(_exitTest)
  1215
  1216 				msg2:
  1217 					dta	$9b,0
  1218 				.endp
  1219
  1220 				;=========================================================================
  1221 				.nowarn .proc	_testFailed2
  1222 					jsr	_testRestore
  1223 					jmp	_testFailed.nomsgentry
  1224 				.endp
  1225
  1226 				;=========================================================================
  1227 				.nowarn .proc	_testSkipped
  1228 					jsr		_testRestore
  1229
  1230 					jsr		_imprint
  1231 					dta		c"Skipped",$9b,0
  1232 					
  1233 					pla
  1234 					tax
  1235 					pla
  1236 					tay
  1237 					inx
  1238 					sne:iny
  1239 					txa
  1240 					jsr		_printf
  1241 					
  1242 					jsr		_println
  1243 					
  1244 					ldx		_exitTestS
  1245 					txs
  1246 					ldy		#$40
  1247 					jmp		(_exitTest)
  1248 				.endp
  1249
  1250 				;==========================================================================
  1251 				; _loadSeg()
  1252 				;
  1253 				; Module loader.
  1254 				;
  1255 				;	X = index of module to load
  1256 				;
  1257 				.ifdef SEGS_MIN_MEM
  1258 				.nowarn .proc	_loadSeg
  1259 					;get starting sector
  1260 					mva		segaddrlo,x	daux1
  1261 					mva		segaddrhi,x	daux2
  1262 						
  1263 					;get ending sector
  1264 					lda		segaddrlo+1,x
  1265 					sub		daux1
  1266 					sta		d7
  1267
  1268 					;setup sector load command and relocation
  1269 					mva		#'R' dcomnd
  1270 					mva		#1 dunit
  1271 					lda		#$00
  1272 					sta		dbuflo
  1273 					sta		a0
  1274 					sta		runad+1
  1275 					lda		#$0b
  1276 					sta		dbufhi
  1277 					sta		a0+1
  1278 					
  1279 					;preload first two sectors
  1280 					jsr		step_sector
  1281 				relocloop:
  1282 					;load starting address
  1283 					mva		(a0),y a1
  1284 					iny:sne:jsr step_sector
  1285 					mva		(a0),y a1+1
  1286 					iny:sne:jsr step_sector
  1287 					
  1288 					;skip $ffff words
  1289 					lda		a1
  1290 					and		a1+1
  1291 					cmp		#$ff
  1292 					beq		relocloop
  1293 					
  1294 					;load ending address
  1295 					mva		(a0),y a2
  1296 					iny:sne:jsr step_sector
  1297 					mva		(a0),y a2+1
  1298 					iny:sne:jsr step_sector
  1299 					inw		a2
  1300
  1301 					mwa		#definit initad
  1302 					
  1303 					;copy data (slow, but oh well)
  1304 					ldx		#0
  1305 				copyloop:
  1306 					lda		(a0),y
  1307 					sta		(a1,x)
  1308 					iny:sne:jsr step_sector
  1309 					inw		a1
  1310 					lda		a1
  1311 					cmp		a2
  1312 					bne		copyloop
  1313 					lda		a1+1
  1314 					cmp		a2+1
  1315 					bne		copyloop
  1316 					
  1317 					;init a segment
  1318 					jsr		doinit
  1319 					
  1320 					;check if we're done
  1321 					lda		runad+1
  1322 					beq		relocloop
  1323 					rts
  1324
  1325 				doinit:
  1326 					jmp		(initad)
  1327 					
  1328 				step_sector:
  1329 					lda		d7
  1330 					beq		no_sectors_left
  1331 					jsr		dskinv
  1332 					dec		d7
  1333 					inw		daux1
  1334 					lda		dbuflo
  1335 					eor		#$80
  1336 					sta		dbuflo
  1337 					bne		step_sector
  1338 				no_sectors_left:
  1339 					ldy		#0
  1340 					ldx		#0
  1341 				definit:
  1342 					rts
  1343 				.endp
  1344 				.else
  1345 				.nowarn .proc	_loadSeg
  1346 				.ifdef SEGS_IN_ROM
  1347 					stx		_lastMod
  1348 					rts
  1349 				.else
  1350 					;get starting sector
  1351 					mva		segaddrlo,x	daux1
  1352 					mva		segaddrhi,x	daux2
  1353 						
  1354 					;get ending sector
  1355 					mva		segaddrlo+1,x	a0
  1356 					mva		segaddrhi+1,x	a0+1
  1357
  1358 					;load sectors starting at $4000
  1359 				sectorloop:
  1360 					mva		#'R' dcomnd
  1361 					mva		#1 dunit
  1362 					mwa		#$4000 dbuflo
  1363 						
  1364 					jsr		dskinv
  1365 					tya
  1366 					bmi		sectorloop
  1367 					
  1368 					lda		#$80
  1369 					eor		dbuflo
  1370 					sta		dbuflo
  1371 					sne:inc	dbufhi
  1372 					
  1373 					inc		daux1
  1374 					sne:inc	daux2
  1375 					
  1376 					lda		daux1
  1377 					cmp		a0
  1378 					bne		sectorloop
  1379 					lda		daux2
  1380 					cmp		a0+1
  1381 					bne		sectorloop
  1382 					rts
  1383 				.endif
  1384 				.endp
  1385 				.endif
  1386
  1387 				;==========================================================================
  1388 				; _runSeg()
  1389 				;
  1390 				; Module relocator and executor.
  1391 				;
  1392 				; The last segment loaded by _loadSeg() is relocated and executed.
  1393 				;
  1394
  1395 				.ifdef SEGS_MIN_MEM
  1396
  1397 				;-----------------------------------------------
  1398 				; Minimum memory implementation.
  1399 				.nowarn .proc _runSeg
  1400 					jmp		(runad)
  1401 				.endp
  1402
  1403 				.else
  1404
  1405 				;-----------------------------------------------
  1406 				.nowarn .proc _runSeg
  1407 					
  1408 					;begin relocation
  1409 					mwa		#relocloop runad
  1410
  1411 					.ifdef SEGS_IN_ROM
  1412 					ldx		_lastMod
  1413 					mva		segaddrlo,x a0
  1414 					mva		segaddrhi,x a0+1
  1415 					.else
  1416 					mwa		#$4000 a0
  1417 					.endif
  1418 					
  1419 					.ifndef SEGS_LZPACK
  1420 					
  1421 					;==== uncompressed version
  1422
  1423 					ldy		#0
  1424 				relocloop:
  1425 					;load starting address
  1426 					mva		(a0),y a1
  1427 					inw		a0
  1428 					mva		(a0),y a1+1
  1429 					inw		a0
  1430 					
  1431 					;skip $ffff words
  1432 					lda		a1
  1433 					and		a1+1
  1434 					cmp		#$ff
  1435 					beq		relocloop
  1436 					
  1437 					;load ending address
  1438 					mva		(a0),y a2
  1439 					inw		a0
  1440 					mva		(a0),y a2+1
  1441 					inw		a0
  1442 					inw		a2
  1443 					
  1444 					;copy data (slow, but oh well)
  1445 				copyloop:
  1446 					lda		(a0),y
  1447 					sta		(a1),y
  1448 					inw		a0
  1449 					inw		a1
  1450 					lda		a1
  1451 					cmp		a2
  1452 					bne		copyloop
  1453 					lda		a1+1
  1454 					cmp		a2+1
  1455 					bne		copyloop
  1456 					
  1457 					;init a segment
  1458 					mwa		#definit initad
  1459 					jsr		doinit
  1460 					jmp		(runad)
  1461
  1462 				doinit:
  1463 					jmp		(initad)
  1464 					
  1465 				definit:
  1466 					rts
  1467
  1468 					.else
  1469 					
  1470 					;==== compressed version
  1471 					;
  1472 					;loader:
  1473 					;	a3		destination
  1474 					;	d6/d7	segment end address
  1475 					;
  1476 					;decompressor:
  1477 					;	a0		raw source stream
  1478 					;	a1		run source pointer
  1479 					;	a2		window pointer ($1000-1fff)
  1480 					;	d0		literal/run flag bits
  1481 					;	d1		remaining flag bits shifter
  1482 					;	d2		run length counter
  1483 					;	d3		temporary
  1484 					;	d4		superflag bits
  1485 					;	d5		superflag shifter
  1486
  1487 					lda		#0
  1488 					sta		d0
  1489 					sta		d1
  1490 					sta		d2
  1491 					sta		d5
  1492 					sta		a2
  1493 					lda		#$10
  1494 					sta		a2+1
  1495 				relocloop:
  1496 					ldy		#0
  1497 					;load starting address
  1498 					jsr		getbyte
  1499 					sta		a3
  1500 					jsr		getbyte
  1501 					sta		a3+1
  1502 					
  1503 					;skip $ffff words
  1504 					and		a3
  1505 					cmp		#$ff
  1506 					beq		relocloop
  1507 					
  1508 					;load ending address
  1509 					jsr		getbyte
  1510 					sta		d6
  1511 					jsr		getbyte
  1512 					sta		d7
  1513 					inw		d6
  1514 					
  1515 					;copy data (slow, but oh well)
  1516 				copyloop:
  1517 					jsr		getbyte
  1518 					sta		(a3),y
  1519 					inw		a3
  1520 					lda		a3
  1521 					cmp		d6
  1522 					bne		copyloop
  1523 					lda		a3+1
  1524 					cmp		d7
  1525 					bne		copyloop
  1526 					
  1527 					;init a segment
  1528 					mwa		#definit initad
  1529 					jsr		doinit
  1530 					jmp		(runad)
  1531
  1532 				doinit:
  1533 					jmp		(initad)
  1534 					
  1535 				getbyte:
  1536 					;check if we have a run in progress
  1537 					lda		d2
  1538 					bne		getrunbyte
  1539
  1540 					;check if we need to reload flag bits
  1541 					asl		d1
  1542 					bne		havebits
  1543 					
  1544 					;check if we need to reload superflag bits
  1545 					asl		d5
  1546 					bne		havesuperbits
  1547 					
  1548 					;load next superflag byte
  1549 					jsr		getrawbyte
  1550 					sta		d4
  1551 					lda		#$7f
  1552 					sta		d5
  1553 					
  1554 				havesuperbits:
  1555 					;pull next superflag and check if it's all literals (0)
  1556 					asl		d4
  1557 					bcc		all_literals
  1558 					
  1559 					;nope... read next byte as flags byte
  1560 					jsr		getrawbyte
  1561 					sta		d0
  1562
  1563 				all_literals:
  1564 					lda		#$7f
  1565 					sta		d1
  1566 				havebits:
  1567 					asl		d0
  1568 					bcs		isrun
  1569 					
  1570 					;store byte into window
  1571 					jsr		getrawbyte
  1572 					jmp		putwinbyte
  1573
  1574 				isrun:
  1575 					;load offset/run bytes
  1576 					jsr		getrawbyte
  1577 					sta		d3
  1578 					jsr		getrawbyte
  1579 					sta		d2
  1580 					
  1581 					;compute run source from current position and offset
  1582 					lda		a2
  1583 					clc
  1584 					sbc		d3
  1585 					sta		a1
  1586 					lda		a2+1
  1587 					sbc		d2
  1588 					and		#$0f
  1589 					ora		#$10
  1590 					sta		a1+1
  1591 					
  1592 					;compute length and stash run length
  1593 					lda		d2
  1594 					lsr
  1595 					lsr
  1596 					lsr
  1597 					lsr
  1598 					add		#3
  1599 					sta		d2
  1600 				getrunbyte:
  1601 					dec		d2
  1602 					ldy		#0
  1603 					lda		(a1),y
  1604 					inc		a1
  1605 					bne		putwinbyte
  1606 					inc		a1+1
  1607 					pha
  1608 					lda		a1+1
  1609 					and		#$0f
  1610 					ora		#$10
  1611 					sta		a1+1
  1612 					pla
  1613 					jmp		putwinbyte
  1614 					
  1615 				getrawbyte:
  1616 					lda		(a0),y
  1617 					inw		a0
  1618 					rts
  1619 					
  1620 				putwinbyte:
  1621 					sta		(a2),y
  1622 					inc		a2
  1623 					seq:rts
  1624 					ldy		a2+1
  1625 					iny
  1626 					cpy		#$20
  1627 					sne:ldy	#$10
  1628 					sty		a2+1
  1629 					ldy		#0
  1630 				definit:
  1631 					rts	
  1632 					
  1633 					.endif
  1634 				.endp
  1635 				.endif
  1636
  1637 				;==========================================================================
  1638 				_hexdig	dta		c"0123456789ABCDEF"
  1639
  1640 				;==========================================================================
  1641 				; segment table
  1642 				;
  1643 				.ifndef SYS800
  1644 = BF00			segaddrlo	equ	$bf00
  1645 = BF80			segaddrhi	equ	$bf80
  1646 				.else
  1647 				segaddrlo	equ	$1900
  1648 				segaddrhi	equ	$1980
  1649 				.endif
  1650
  1651 = 0900			_veronicaLaunch = $0900
  1652
  1653 				;==========================================================================
  1654 				; platform-specific library
  1655 				;
  1656 				.ifdef SYS5200
  1657 					icl		'lib5200.s'
Source: lib5200.s
     1 				; Altirra Acid800 test suite
     2 				; Copyright (C) 2010 Avery Lee, All Rights Reserved.
     3 				;
     4 				; Permission is hereby granted, free of charge, to any person obtaining a copy
     5 				; of this software and associated documentation files (the "Software"), to deal
     6 				; in the Software without restriction, including without limitation the rights
     7 				; to use, copy, modify, merge, publish, distribute, sublicense, and/or sell
     8 				; copies of the Software, and to permit persons to whom the Software is
     9 				; furnished to do so, subject to the following conditions:
    10 				;
    11 				; The above copyright notice and this permission notice shall be included in
    12 				; all copies or substantial portions of the Software.
    13 				;
    14 				; THE SOFTWARE IS PROVIDED "AS IS", WITHOUT WARRANTY OF ANY KIND, EXPRESS OR
    15 				; IMPLIED, INCLUDING BUT NOT LIMITED TO THE WARRANTIES OF MERCHANTABILITY,
    16 				; FITNESS FOR A PARTICULAR PURPOSE AND NONINFRINGEMENT. IN NO EVENT SHALL THE
    17 				; AUTHORS OR COPYRIGHT HOLDERS BE LIABLE FOR ANY CLAIM, DAMAGES OR OTHER
    18 				; LIABILITY, WHETHER IN AN ACTION OF CONTRACT, TORT OR OTHERWISE, ARISING FROM,
    19 				; OUT OF OR IN CONNECTION WITH THE SOFTWARE OR THE USE OR OTHER DEALINGS IN THE
    20 				; SOFTWARE. 
    21
    22 				.proc _crt0init_5200
    23 					lda		#$02
    24 					sta		sskctl
    25 					sta		skctl
    26 					
    27 					mva		#$04 consol
    28 					mva		#$00 keydel
    29 					
    30 					php
    31 					sei
    32 					
    33 					lda		pokmsk
    34 					ora		#$c0
    35 					sta		pokmsk
    36 					sta		irqen
    37
    38 					mwa		#_kybd_handler vkybdf
    39 					mwa		#_vbd_handler vvblkd
    40 					
    41 					plp
    42 					rts
    43 				.endp
    44
    45 				;==========================================================================
    46 				.proc _kybd_handler
    47 					;The bass-ackward design of the 5200 keyboard causes an IRQ to occur
    48 					;every 32 scanlines while a key is held down. We require keys to be
    49 					;released for at least one full frame before we recognize another
    50 					;one.
    51 					ldx		keydel
    52 					sne:sta	ch
    53 					lda		#2
    54 					sta		keydel
    55 					pla
    56 					tay
    57 					pla
    58 					tax
    59 					pla
    60 					rti
    61 				.endp
    62
    63 				;==========================================================================
    64 				.proc _vbd_handler
    65 					lda		keydel
    66 					seq:dec	keydel
    67 					
    68 					plr
    69 					rti
    70 				.endp
    71
  1658 				.endif
  1659 				.ifdef SYSSAP
  1660 					icl		'libsap.s'
  1661 				.endif
  1662
  1663 				;==========================================================================
  1664 				.ifndef STANDALONE
  1665 				.ifdef SYS5200
  1666 					opt	o+
  1667 				.else
  1668 					opt	h+o+
  1669 				.endif
  1670 				.endif
    27
    28 				;GENLIBRARY = 0
    29 				;STANDALONE = 0
    30 = 0000			USEPLAYERS = 0
    31
    32 						org		$2000
    33
    34 				main:
    35 FFFF> 2000-275A> A0 27			ldy		#>testname
    36 2002 A9 38				lda		#<testname
    37 2004 20 19 A3				jsr		_testInit
    38 						
    39 2007 20 C5 A0				jsr		_screenOff
    40 200A 20 4B A0				jsr		_interruptsOff
    41
    42 200D 20 ED A0				jsr		_waitVBL
    43 						
    44 						;test standard gr.8 collisions
    45 2010 A9 00 8D 02 D4 A9 + 		mwa		#dlist dlistl
    46 201A A9 21 8D 00 D4			mva		#$21 dmactl
    47 201F A9 00 8D 1D C0			mva		#$00 gractl
    48 2024 A9 00 8D 1B C0			mva		#$00 prior
    49
    50 				.if USEPLAYERS
    51 						mva		#$00 sizep0
    52 						mva		#$00 sizep1
    53 						mva		#$00 sizep2
    54 						mva		#$00 sizep3
    55 						mva		#$c0 grafp0
    56 						mva		#$c0 grafp1
    57 						mva		#$c0 grafp2
    58 						mva		#$c0 grafp3
    59 						mva		#$70 hposp0
    60 						mva		#$7A hposp1
    61 						mva		#$84 hposp2
    62 						mva		#$8E hposp3
    63 				.else
    64 2029 A9 00 8D 0C C0			mva		#$00 sizem
    65 202E A9 FF 8D 11 C0			mva		#$ff grafm
    66 2033 A9 70 8D 04 C0			mva		#$70 hposm0
    67 2038 A9 7A 8D 05 C0			mva		#$7A hposm1
    68 203D A9 84 8D 06 C0			mva		#$84 hposm2
    69 2042 A9 8E 8D 07 C0			mva		#$8E hposm3
    70 				.endif
    71 2047 8D 1E C0				sta		hitclr
    72 						
    73 204A EE 0A D4				inc		wsync
    74 204D EE 0A D4				inc		wsync
    75 2050 20 ED A0				jsr		_waitVBL
    76 						
    77 						;do a second waitvbl to make sure we're not in bugged mode
    78 2053 EE 0A D4				inc		wsync
    79 2056 EE 0A D4				inc		wsync
    80 2059 20 ED A0				jsr		_waitVBL
    81 						
    82 				.if USEPLAYERS
    83 						_ASSERT1 p0pf, $00, c"Gr.8 %%00 collision incorrect: $%x"
    84 						_ASSERT1 p1pf, $04, c"Gr.8 %%01 collision incorrect: $%x"
    85 						_ASSERT1 p2pf, $04, c"Gr.8 %%10 collision incorrect: $%x"
    86 						_ASSERT1 p3pf, $04, c"Gr.8 %%11 collision incorrect: $%x"
    87 				.else
    88 205C					_ASSERT1 m0pf, $00, c"Gr.8 %%00 collision incorrect: $%x"
Macro: _ASSERT1 [Source: library.s]
     1 205C AD 00 C0			lda	m0pf
     2 205F C9 00			cmp	#$00
     3 2061 F0 28			beq	pass
     5 2063 85 C9			sta	d1
     6 2065 20 82 A3			jsr	_testFailed
     7 2068 47 72 2E 38 20 25 + 	dta	c"Gr.8 %%00 collision incorrect: $%x",0
     8 208B			pass:
Source: gtia_collision2.s
    89 208B					_ASSERT1 m1pf, $04, c"Gr.8 %%01 collision incorrect: $%x"
Macro: _ASSERT1 [Source: library.s]
     1 208B AD 01 C0			lda	m1pf
     2 208E C9 04			cmp	#$04
     3 2090 F0 28			beq	pass
     5 2092 85 C9			sta	d1
     6 2094 20 82 A3			jsr	_testFailed
     7 2097 47 72 2E 38 20 25 + 	dta	c"Gr.8 %%01 collision incorrect: $%x",0
     8 20BA			pass:
Source: gtia_collision2.s
    90 20BA					_ASSERT1 m2pf, $04, c"Gr.8 %%10 collision incorrect: $%x"
Macro: _ASSERT1 [Source: library.s]
     1 20BA AD 02 C0			lda	m2pf
     2 20BD C9 04			cmp	#$04
     3 20BF F0 28			beq	pass
     5 20C1 85 C9			sta	d1
     6 20C3 20 82 A3			jsr	_testFailed
     7 20C6 47 72 2E 38 20 25 + 	dta	c"Gr.8 %%10 collision incorrect: $%x",0
     8 20E9			pass:
Source: gtia_collision2.s
    91 20E9					_ASSERT1 m3pf, $04, c"Gr.8 %%11 collision incorrect: $%x"
Macro: _ASSERT1 [Source: library.s]
     1 20E9 AD 03 C0			lda	m3pf
     2 20EC C9 04			cmp	#$04
     3 20EE F0 28			beq	pass
     5 20F0 85 C9			sta	d1
     6 20F2 20 82 A3			jsr	_testFailed
     7 20F5 47 72 2E 38 20 25 + 	dta	c"Gr.8 %%11 collision incorrect: $%x",0
     8 2118			pass:
Source: gtia_collision2.s
    92 				.endif
    93 						
    94 						;test gr.9 collisions
    95 2118 A9 40 8D 1B C0			mva		#$40 prior
    96 211D 20 78 26				jsr		checkcoll911
    97 2120					_ASSERTA $00, c"Playfield collisions detected in Gr.9."		
Macro: _ASSERTA [Source: library.s]
     1 2120 C9 00			cmp	#$00
     2 2122 F0 2C			beq	pass
     4 2124 85 C9			sta	d1
     5 2126 20 82 A3			jsr	_testFailed
     6 2129 50 6C 61 79 66 69 + 	dta	c"Playfield collisions detected in Gr.9.",0
     7 2150			pass:
Source: gtia_collision2.s
    98 						
    99 						;test gr.10 collisions
   100 2150 A9 80 8D 1B C0			mva		#$80 prior
   101 2155 20 ED A0				jsr		_waitVBL
   102 				.if USEPLAYERS
   103 						mva		#$71 hposp0
   104 						mva		#$73 hposp1
   105 						mva		#$75 hposp2
   106 						mva		#$77 hposp3
   107 				.else
   108 2158 A9 71 8D 04 C0			mva		#$71 hposm0
   109 215D A9 73 8D 05 C0			mva		#$73 hposm1
   110 2162 A9 75 8D 06 C0			mva		#$75 hposm2
   111 2167 A9 77 8D 07 C0			mva		#$77 hposm3
   112 				.endif
   113
   114
   115
   116 216C 8D 1E C0				sta		hitclr
   117 						
   118 216F A9 07				lda		#7
   119 2171 CD 0B D4 D0 FB			cmp:rne	vcount
   120 						
   121 				.if USEPLAYERS
   122 						_ASSERT1 p0pf, $00, c"Gr.10 P0 bogus early collision: $%x"
   123 						_ASSERT1 p1pf, $00, c"Gr.10 P1 bogus early collision: $%x"
   124 						_ASSERT1 p2pf, $00, c"Gr.10 P2 bogus early collision: $%x"
   125 						_ASSERT1 p3pf, $00, c"Gr.10 P3 bogus early collision: $%x"
   126 				.else
   127 2176					_ASSERT1 m0pf, $00, c"Gr.10 M0 bogus early collision: $%x"
Macro: _ASSERT1 [Source: library.s]
     1 2176 AD 00 C0			lda	m0pf
     2 2179 C9 00			cmp	#$00
     3 217B F0 29			beq	pass
     5 217D 85 C9			sta	d1
     6 217F 20 82 A3			jsr	_testFailed
     7 2182 47 72 2E 31 30 20 + 	dta	c"Gr.10 M0 bogus early collision: $%x",0
     8 21A6			pass:
Source: gtia_collision2.s
   128 21A6					_ASSERT1 m1pf, $00, c"Gr.10 M1 bogus early collision: $%x"
Macro: _ASSERT1 [Source: library.s]
     1 21A6 AD 01 C0			lda	m1pf
     2 21A9 C9 00			cmp	#$00
     3 21AB F0 29			beq	pass
     5 21AD 85 C9			sta	d1
     6 21AF 20 82 A3			jsr	_testFailed
     7 21B2 47 72 2E 31 30 20 + 	dta	c"Gr.10 M1 bogus early collision: $%x",0
     8 21D6			pass:
Source: gtia_collision2.s
   129 21D6					_ASSERT1 m2pf, $00, c"Gr.10 M2 bogus early collision: $%x"
Macro: _ASSERT1 [Source: library.s]
     1 21D6 AD 02 C0			lda	m2pf
     2 21D9 C9 00			cmp	#$00
     3 21DB F0 29			beq	pass
     5 21DD 85 C9			sta	d1
     6 21DF 20 82 A3			jsr	_testFailed
     7 21E2 47 72 2E 31 30 20 + 	dta	c"Gr.10 M2 bogus early collision: $%x",0
     8 2206			pass:
Source: gtia_collision2.s
   130 2206					_ASSERT1 m3pf, $00, c"Gr.10 M3 bogus early collision: $%x"
Macro: _ASSERT1 [Source: library.s]
     1 2206 AD 03 C0			lda	m3pf
     2 2209 C9 00			cmp	#$00
     3 220B F0 29			beq	pass
     5 220D 85 C9			sta	d1
     6 220F 20 82 A3			jsr	_testFailed
     7 2212 47 72 2E 31 30 20 + 	dta	c"Gr.10 M3 bogus early collision: $%x",0
     8 2236			pass:
Source: gtia_collision2.s
   131 				.endif
   132
   133 2236 A9 11				lda		#17
   134 2238 CD 0B D4 D0 FB			cmp:rne	vcount
   135 						
   136 				;		lda		#$00
   137 				;		mva		m0pf d1
   138 				;		mva		m1pf d2
   139 				;		mva		m2pf d3
   140 				;		mva		m3pf d4
   141 				;		jsr		_imprintf
   142 				;		dta		$9B,c"MxPF: %x %x %x %x",$9B,0
   143 						
   144 				;		jsr		_testRestore
   145 				;		jsr		_jam
   146 						
   147 				.if USEPLAYERS
   148 						_ASSERT1 p0pf, $00, c"Gr.10 $0 collision incorrect: $%x"
   149 						_ASSERT1 p1pf, $00, c"Gr.10 $1 collision incorrect: $%x"
   150 						_ASSERT1 p2pf, $00, c"Gr.10 $2 collision incorrect: $%x"
   151 						_ASSERT1 p3pf, $00, c"Gr.10 $3 collision incorrect: $%x"
   152 				.else
   153 223D					_ASSERT1 m0pf, $00, c"Gr.10 $0 collision incorrect: $%x"
Macro: _ASSERT1 [Source: library.s]
     1 223D AD 00 C0			lda	m0pf
     2 2240 C9 00			cmp	#$00
     3 2242 F0 27			beq	pass
     5 2244 85 C9			sta	d1
     6 2246 20 82 A3			jsr	_testFailed
     7 2249 47 72 2E 31 30 20 + 	dta	c"Gr.10 $0 collision incorrect: $%x",0
     8 226B			pass:
Source: gtia_collision2.s
   154 226B					_ASSERT1 m1pf, $00, c"Gr.10 $1 collision incorrect: $%x"
Macro: _ASSERT1 [Source: library.s]
     1 226B AD 01 C0			lda	m1pf
     2 226E C9 00			cmp	#$00
     3 2270 F0 27			beq	pass
     5 2272 85 C9			sta	d1
     6 2274 20 82 A3			jsr	_testFailed
     7 2277 47 72 2E 31 30 20 + 	dta	c"Gr.10 $1 collision incorrect: $%x",0
     8 2299			pass:
Source: gtia_collision2.s
   155 2299					_ASSERT1 m2pf, $00, c"Gr.10 $2 collision incorrect: $%x"
Macro: _ASSERT1 [Source: library.s]
     1 2299 AD 02 C0			lda	m2pf
     2 229C C9 00			cmp	#$00
     3 229E F0 27			beq	pass
     5 22A0 85 C9			sta	d1
     6 22A2 20 82 A3			jsr	_testFailed
     7 22A5 47 72 2E 31 30 20 + 	dta	c"Gr.10 $2 collision incorrect: $%x",0
     8 22C7			pass:
Source: gtia_collision2.s
   156 22C7					_ASSERT1 m3pf, $00, c"Gr.10 $3 collision incorrect: $%x"
Macro: _ASSERT1 [Source: library.s]
     1 22C7 AD 03 C0			lda	m3pf
     2 22CA C9 00			cmp	#$00
     3 22CC F0 27			beq	pass
     5 22CE 85 C9			sta	d1
     6 22D0 20 82 A3			jsr	_testFailed
     7 22D3 47 72 2E 31 30 20 + 	dta	c"Gr.10 $3 collision incorrect: $%x",0
     8 22F5			pass:
Source: gtia_collision2.s
   157 				.endif
   158 						
   159 22F5 20 ED A0				jsr		_waitVBL
   160 						
   161 				.if USEPLAYERS
   162 						_ASSERT1 p0pf, $00, c"Gr.10 M0 bogus late collision: $%x"
   163 						_ASSERT1 p1pf, $00, c"Gr.10 M1 bogus late collision: $%x"
   164 						_ASSERT1 p2pf, $00, c"Gr.10 M2 bogus late collision: $%x"
   165 						_ASSERT1 p3pf, $00, c"Gr.10 M3 bogus late collision: $%x"
   166 						
   167 						mva		#$79 hposp0
   168 						mva		#$7b hposp1
   169 						mva		#$7d hposp2
   170 						mva		#$7f hposp3
   171 				.else
   172 22F8					_ASSERT1 m0pf, $00, c"Gr.10 M0 bogus late collision: $%x"
Macro: _ASSERT1 [Source: library.s]
     1 22F8 AD 00 C0			lda	m0pf
     2 22FB C9 00			cmp	#$00
     3 22FD F0 28			beq	pass
     5 22FF 85 C9			sta	d1
     6 2301 20 82 A3			jsr	_testFailed
     7 2304 47 72 2E 31 30 20 + 	dta	c"Gr.10 M0 bogus late collision: $%x",0
     8 2327			pass:
Source: gtia_collision2.s
   173 2327					_ASSERT1 m1pf, $00, c"Gr.10 M1 bogus late collision: $%x"
Macro: _ASSERT1 [Source: library.s]
     1 2327 AD 01 C0			lda	m1pf
     2 232A C9 00			cmp	#$00
     3 232C F0 28			beq	pass
     5 232E 85 C9			sta	d1
     6 2330 20 82 A3			jsr	_testFailed
     7 2333 47 72 2E 31 30 20 + 	dta	c"Gr.10 M1 bogus late collision: $%x",0
     8 2356			pass:
Source: gtia_collision2.s
   174 2356					_ASSERT1 m2pf, $00, c"Gr.10 M2 bogus late collision: $%x"
Macro: _ASSERT1 [Source: library.s]
     1 2356 AD 02 C0			lda	m2pf
     2 2359 C9 00			cmp	#$00
     3 235B F0 28			beq	pass
     5 235D 85 C9			sta	d1
     6 235F 20 82 A3			jsr	_testFailed
     7 2362 47 72 2E 31 30 20 + 	dta	c"Gr.10 M2 bogus late collision: $%x",0
     8 2385			pass:
Source: gtia_collision2.s
   175 2385					_ASSERT1 m3pf, $00, c"Gr.10 M3 bogus late collision: $%x"
Macro: _ASSERT1 [Source: library.s]
     1 2385 AD 03 C0			lda	m3pf
     2 2388 C9 00			cmp	#$00
     3 238A F0 28			beq	pass
     5 238C 85 C9			sta	d1
     6 238E 20 82 A3			jsr	_testFailed
     7 2391 47 72 2E 31 30 20 + 	dta	c"Gr.10 M3 bogus late collision: $%x",0
     8 23B4			pass:
Source: gtia_collision2.s
   176 						
   177 23B4 A9 79 8D 04 C0			mva		#$79 hposm0
   178 23B9 A9 7B 8D 05 C0			mva		#$7b hposm1
   179 23BE A9 7D 8D 06 C0			mva		#$7d hposm2
   180 23C3 A9 7F 8D 07 C0			mva		#$7f hposm3
   181 				.endif
   182
   183 23C8 8D 1E C0				sta		hitclr
   184 23CB EE 0A D4				inc		wsync
   185 23CE EE 0A D4				inc		wsync
   186 23D1 20 ED A0				jsr		_waitVBL
   187 				.if USEPLAYERS
   188 						_ASSERT1 p0pf, $01, c"Gr.10 $4 collision incorrect: $%x"
   189 						_ASSERT1 p1pf, $02, c"Gr.10 $5 collision incorrect: $%x"
   190 						_ASSERT1 p2pf, $04, c"Gr.10 $6 collision incorrect: $%x"
   191 						_ASSERT1 p3pf, $08, c"Gr.10 $7 collision incorrect: $%x"
   192 						mva		#$81 hposp0
   193 						mva		#$83 hposp1
   194 						mva		#$85 hposp2
   195 						mva		#$87 hposp3
   196 				.else
   197 23D4					_ASSERT1 m0pf, $01, c"Gr.10 $4 collision incorrect: $%x"
Macro: _ASSERT1 [Source: library.s]
     1 23D4 AD 00 C0			lda	m0pf
     2 23D7 C9 01			cmp	#$01
     3 23D9 F0 27			beq	pass
     5 23DB 85 C9			sta	d1
     6 23DD 20 82 A3			jsr	_testFailed
     7 23E0 47 72 2E 31 30 20 + 	dta	c"Gr.10 $4 collision incorrect: $%x",0
     8 2402			pass:
Source: gtia_collision2.s
   198 2402					_ASSERT1 m1pf, $02, c"Gr.10 $5 collision incorrect: $%x"
Macro: _ASSERT1 [Source: library.s]
     1 2402 AD 01 C0			lda	m1pf
     2 2405 C9 02			cmp	#$02
     3 2407 F0 27			beq	pass
     5 2409 85 C9			sta	d1
     6 240B 20 82 A3			jsr	_testFailed
     7 240E 47 72 2E 31 30 20 + 	dta	c"Gr.10 $5 collision incorrect: $%x",0
     8 2430			pass:
Source: gtia_collision2.s
   199 2430					_ASSERT1 m2pf, $04, c"Gr.10 $6 collision incorrect: $%x"
Macro: _ASSERT1 [Source: library.s]
     1 2430 AD 02 C0			lda	m2pf
     2 2433 C9 04			cmp	#$04
     3 2435 F0 27			beq	pass
     5 2437 85 C9			sta	d1
     6 2439 20 82 A3			jsr	_testFailed
     7 243C 47 72 2E 31 30 20 + 	dta	c"Gr.10 $6 collision incorrect: $%x",0
     8 245E			pass:
Source: gtia_collision2.s
   200 245E					_ASSERT1 m3pf, $08, c"Gr.10 $7 collision incorrect: $%x"
Macro: _ASSERT1 [Source: library.s]
     1 245E AD 03 C0			lda	m3pf
     2 2461 C9 08			cmp	#$08
     3 2463 F0 27			beq	pass
     5 2465 85 C9			sta	d1
     6 2467 20 82 A3			jsr	_testFailed
     7 246A 47 72 2E 31 30 20 + 	dta	c"Gr.10 $7 collision incorrect: $%x",0
     8 248C			pass:
Source: gtia_collision2.s
   201 248C A9 81 8D 04 C0			mva		#$81 hposm0
   202 2491 A9 83 8D 05 C0			mva		#$83 hposm1
   203 2496 A9 85 8D 06 C0			mva		#$85 hposm2
   204 249B A9 87 8D 07 C0			mva		#$87 hposm3
   205 				.endif
   206 24A0 8D 1E C0				sta		hitclr
   207 24A3 EE 0A D4				inc		wsync
   208 24A6 EE 0A D4				inc		wsync
   209 24A9 20 ED A0				jsr		_waitVBL
   210 				.if USEPLAYERS
   211 						_ASSERT1 p0pf, $00, c"Gr.10 $8 collision incorrect: $%x"
   212 						_ASSERT1 p1pf, $00, c"Gr.10 $9 collision incorrect: $%x"
   213 						_ASSERT1 p2pf, $00, c"Gr.10 $A collision incorrect: $%x"
   214 						_ASSERT1 p3pf, $00, c"Gr.10 $B collision incorrect: $%x"
   215 						mva		#$89 hposp0
   216 						mva		#$8b hposp1
   217 						mva		#$8d hposp2
   218 						mva		#$8f hposp3
   219 				.else
   220 24AC					_ASSERT1 m0pf, $00, c"Gr.10 $8 collision incorrect: $%x"
Macro: _ASSERT1 [Source: library.s]
     1 24AC AD 00 C0			lda	m0pf
     2 24AF C9 00			cmp	#$00
     3 24B1 F0 27			beq	pass
     5 24B3 85 C9			sta	d1
     6 24B5 20 82 A3			jsr	_testFailed
     7 24B8 47 72 2E 31 30 20 + 	dta	c"Gr.10 $8 collision incorrect: $%x",0
     8 24DA			pass:
Source: gtia_collision2.s
   221 24DA					_ASSERT1 m1pf, $00, c"Gr.10 $9 collision incorrect: $%x"
Macro: _ASSERT1 [Source: library.s]
     1 24DA AD 01 C0			lda	m1pf
     2 24DD C9 00			cmp	#$00
     3 24DF F0 27			beq	pass
     5 24E1 85 C9			sta	d1
     6 24E3 20 82 A3			jsr	_testFailed
     7 24E6 47 72 2E 31 30 20 + 	dta	c"Gr.10 $9 collision incorrect: $%x",0
     8 2508			pass:
Source: gtia_collision2.s
   222 2508					_ASSERT1 m2pf, $00, c"Gr.10 $A collision incorrect: $%x"
Macro: _ASSERT1 [Source: library.s]
     1 2508 AD 02 C0			lda	m2pf
     2 250B C9 00			cmp	#$00
     3 250D F0 27			beq	pass
     5 250F 85 C9			sta	d1
     6 2511 20 82 A3			jsr	_testFailed
     7 2514 47 72 2E 31 30 20 + 	dta	c"Gr.10 $A collision incorrect: $%x",0
     8 2536			pass:
Source: gtia_collision2.s
   223 2536					_ASSERT1 m3pf, $00, c"Gr.10 $B collision incorrect: $%x"
Macro: _ASSERT1 [Source: library.s]
     1 2536 AD 03 C0			lda	m3pf
     2 2539 C9 00			cmp	#$00
     3 253B F0 27			beq	pass
     5 253D 85 C9			sta	d1
     6 253F 20 82 A3			jsr	_testFailed
     7 2542 47 72 2E 31 30 20 + 	dta	c"Gr.10 $B collision incorrect: $%x",0
     8 2564			pass:
Source: gtia_collision2.s
   224 2564 A9 89 8D 04 C0			mva		#$89 hposm0
   225 2569 A9 8B 8D 05 C0			mva		#$8b hposm1
   226 256E A9 8D 8D 06 C0			mva		#$8d hposm2
   227 2573 A9 8F 8D 07 C0			mva		#$8f hposm3
   228 				.endif
   229 2578 8D 1E C0				sta		hitclr
   230 257B EE 0A D4				inc		wsync
   231 257E EE 0A D4				inc		wsync
   232 2581 20 ED A0				jsr		_waitVBL
   233 				.if USEPLAYERS
   234 						_ASSERT1 p0pf, $01, c"Gr.10 $C collision incorrect: $%x"
   235 						_ASSERT1 p1pf, $02, c"Gr.10 $D collision incorrect: $%x"
   236 						_ASSERT1 p2pf, $04, c"Gr.10 $E collision incorrect: $%x"
   237 						_ASSERT1 p3pf, $08, c"Gr.10 $F collision incorrect: $%x"
   238 				.else
   239 2584					_ASSERT1 m0pf, $01, c"Gr.10 $C collision incorrect: $%x"
Macro: _ASSERT1 [Source: library.s]
     1 2584 AD 00 C0			lda	m0pf
     2 2587 C9 01			cmp	#$01
     3 2589 F0 27			beq	pass
     5 258B 85 C9			sta	d1
     6 258D 20 82 A3			jsr	_testFailed
     7 2590 47 72 2E 31 30 20 + 	dta	c"Gr.10 $C collision incorrect: $%x",0
     8 25B2			pass:
Source: gtia_collision2.s
   240 25B2					_ASSERT1 m1pf, $02, c"Gr.10 $D collision incorrect: $%x"
Macro: _ASSERT1 [Source: library.s]
     1 25B2 AD 01 C0			lda	m1pf
     2 25B5 C9 02			cmp	#$02
     3 25B7 F0 27			beq	pass
     5 25B9 85 C9			sta	d1
     6 25BB 20 82 A3			jsr	_testFailed
     7 25BE 47 72 2E 31 30 20 + 	dta	c"Gr.10 $D collision incorrect: $%x",0
     8 25E0			pass:
Source: gtia_collision2.s
   241 25E0					_ASSERT1 m2pf, $04, c"Gr.10 $E collision incorrect: $%x"
Macro: _ASSERT1 [Source: library.s]
     1 25E0 AD 02 C0			lda	m2pf
     2 25E3 C9 04			cmp	#$04
     3 25E5 F0 27			beq	pass
     5 25E7 85 C9			sta	d1
     6 25E9 20 82 A3			jsr	_testFailed
     7 25EC 47 72 2E 31 30 20 + 	dta	c"Gr.10 $E collision incorrect: $%x",0
     8 260E			pass:
Source: gtia_collision2.s
   242 260E					_ASSERT1 m3pf, $08, c"Gr.10 $F collision incorrect: $%x"
Macro: _ASSERT1 [Source: library.s]
     1 260E AD 03 C0			lda	m3pf
     2 2611 C9 08			cmp	#$08
     3 2613 F0 27			beq	pass
     5 2615 85 C9			sta	d1
     6 2617 20 82 A3			jsr	_testFailed
     7 261A 47 72 2E 31 30 20 + 	dta	c"Gr.10 $F collision incorrect: $%x",0
     8 263C			pass:
Source: gtia_collision2.s
   243 				.endif
   244 						
   245 						;test gr.11 collisions
   246 263C A9 C0 8D 1B C0			mva		#$c0 prior
   247 2641 20 78 26				jsr		checkcoll911
   248 2644					_ASSERTA $00, c"Playfield collisions detected in Gr.11."	
Macro: _ASSERTA [Source: library.s]
     1 2644 C9 00			cmp	#$00
     2 2646 F0 2D			beq	pass
     4 2648 85 C9			sta	d1
     5 264A 20 82 A3			jsr	_testFailed
     6 264D 50 6C 61 79 66 69 + 	dta	c"Playfield collisions detected in Gr.11.",0
     7 2675			pass:
Source: gtia_collision2.s
   249
   250 2675 4C 6D A3				jmp		_testPassed
   251 						
   252 2678			checkcoll911:
   253 2678 20 ED A0				jsr		_waitVBL
   254 				.if USEPLAYERS
   255 						mva		#$70 hposp0
   256 						mva		#$72 hposp1
   257 						mva		#$74 hposp2
   258 						mva		#$76 hposp3
   259 				.else
   260 267B A9 70 8D 04 C0			mva		#$70 hposm0
   261 2680 A9 72 8D 05 C0			mva		#$72 hposm1
   262 2685 A9 74 8D 06 C0			mva		#$74 hposm2
   263 268A A9 76 8D 07 C0			mva		#$76 hposm3
   264 				.endif
   265 268F 8D 1E C0				sta		hitclr
   266 2692 EE 0A D4				inc		wsync
   267 2695 EE 0A D4				inc		wsync
   268 2698 20 ED A0				jsr		_waitVBL
   269 				.if USEPLAYERS
   270 						lda		p0pf
   271 						ora		p1pf
   272 						ora		p2pf
   273 						ora		p3pf
   274 				.else
   275 269B AD 00 C0				lda		m0pf
   276 269E 0D 01 C0				ora		m1pf
   277 26A1 0D 02 C0				ora		m2pf
   278 26A4 0D 03 C0				ora		m3pf
   279 				.endif
   280 26A7 85 C8				sta		d0
   281 				.if USEPLAYERS
   282 						mva		#$78 hposp0
   283 						mva		#$7a hposp1
   284 						mva		#$7c hposp2
   285 						mva		#$7e hposp3
   286 				.else
   287 26A9 A9 78 8D 04 C0			mva		#$78 hposm0
   288 26AE A9 7A 8D 05 C0			mva		#$7a hposm1
   289 26B3 A9 7C 8D 06 C0			mva		#$7c hposm2
   290 26B8 A9 7E 8D 07 C0			mva		#$7e hposm3
   291 				.endif
   292 26BD 8D 1E C0				sta		hitclr
   293 26C0 EE 0A D4				inc		wsync
   294 26C3 EE 0A D4				inc		wsync
   295 26C6 20 ED A0				jsr		_waitVBL
   296 26C9 A5 C8				lda		d0
   297 				.if USEPLAYERS
   298 						ora		p0pf
   299 						ora		p1pf
   300 						ora		p2pf
   301 						ora		p3pf
   302 				.else
   303 26CB 0D 00 C0				ora		m0pf
   304 26CE 0D 01 C0				ora		m1pf
   305 26D1 0D 02 C0				ora		m2pf
   306 26D4 0D 03 C0				ora		m3pf
   307 				.endif
   308 26D7 85 C8				sta		d0
   309 				.if USEPLAYERS
   310 						mva		#$80 hposp0
   311 						mva		#$82 hposp1
   312 						mva		#$84 hposp2
   313 						mva		#$86 hposp3
   314 				.else
   315 26D9 A9 80 8D 04 C0			mva		#$80 hposm0
   316 26DE A9 82 8D 05 C0			mva		#$82 hposm1
   317 26E3 A9 84 8D 06 C0			mva		#$84 hposm2
   318 26E8 A9 86 8D 07 C0			mva		#$86 hposm3
   319 				.endif
   320 26ED 8D 1E C0				sta		hitclr
   321 26F0 EE 0A D4				inc		wsync
   322 26F3 EE 0A D4				inc		wsync
   323 26F6 20 ED A0				jsr		_waitVBL
   324 26F9 A5 C8				lda		d0
   325 				.if USEPLAYERS
   326 						ora		p0pf
   327 						ora		p1pf
   328 						ora		p2pf
   329 						ora		p3pf
   330 				.else
   331 26FB 0D 00 C0				ora		m0pf
   332 26FE 0D 01 C0				ora		m1pf
   333 2701 0D 02 C0				ora		m2pf
   334 2704 0D 03 C0				ora		m3pf
   335 				.endif
   336 2707 85 C8				sta		d0
   337 				.if USEPLAYERS
   338 						mva		#$88 hposp0
   339 						mva		#$8a hposp1
   340 						mva		#$8c hposp2
   341 						mva		#$8e hposp3
   342 				.else
   343 2709 A9 88 8D 04 C0			mva		#$88 hposm0
   344 270E A9 8A 8D 05 C0			mva		#$8a hposm1
   345 2713 A9 8C 8D 06 C0			mva		#$8c hposm2
   346 2718 A9 8E 8D 07 C0			mva		#$8e hposm3
   347 				.endif
   348 271D 8D 1E C0				sta		hitclr
   349 2720 EE 0A D4				inc		wsync
   350 2723 EE 0A D4				inc		wsync
   351 2726 20 ED A0				jsr		_waitVBL
   352 2729 A5 C8				lda		d0
   353 				.if USEPLAYERS
   354 						ora		p0pf
   355 						ora		p1pf
   356 						ora		p2pf
   357 						ora		p3pf
   358 				.else
   359 272B 0D 00 C0				ora		m0pf
   360 272E 0D 01 C0				ora		m1pf
   361 2731 0D 02 C0				ora		m2pf
   362 2734 0D 03 C0				ora		m3pf
   363 				.endif
   364 2737 60					rts
   365
   366 2738			testname:
   367 2738 47 54 49 41 3A 20 + 		dta		c"GTIA: Special modes collision test",0
   368 						
   369 275B					org		$2800
   370 2800			dlist:
   371 2800-2828> 70				dta		$70
   372 2801 70					dta		$70
   373 2802 70					dta		$70
   374 2803 4F 09 28				dta		$4F,a(framebuf)
   375 2806 41 00 28				dta		$41,a(dlist)
   376 						
   377 2809			framebuf:
   378 2809 00 00 00 00 00 00 + 		:12 dta $00
   379 2815 01 23 45 67 89 AB + 		dta		$01,$23,$45,$67,$89,$AB,$CD,$EF
   380 281D 00 00 00 00 00 00 + 		:12 dta $00
   381 						
   382 02E0-02E1> 00 20				run		$2000
   383 						end
