Copyright 1986-2022 Xilinx, Inc. All Rights Reserved. Copyright 2022-2025 Advanced Micro Devices, Inc. All Rights Reserved.
---------------------------------------------------------------------------------------------------------------------------------------------
| Tool Version : Vivado v.2025.2 (lin64) Build 6299465 Fri Nov 14 12:34:56 MST 2025
| Date         : Wed Jul 22 14:00:56 2026
| Host         : valhalla.gornall.net running 64-bit Ubuntu 26.04 LTS
| Command      : report_timing_summary -file /home/simon/fpga-xt-build/build/post_route_timing.rpt
| Design       : fpga_xt_top
| Device       : 7z020-clg400
| Speed File   : -2  PRODUCTION 1.12 2019-11-22
| Design State : Routed
---------------------------------------------------------------------------------------------------------------------------------------------

Timing Summary Report

------------------------------------------------------------------------------------------------
| Timer Settings
| --------------
------------------------------------------------------------------------------------------------

  Enable Multi Corner Analysis               :  Yes
  Enable Pessimism Removal                   :  Yes
  Pessimism Removal Resolution               :  Nearest Common Node
  Enable Input Delay Default Clock           :  No
  Enable Preset / Clear Arcs                 :  No
  Disable Flight Delays                      :  No
  Ignore I/O Paths                           :  No
  Timing Early Launch at Borrowing Latches   :  No
  Borrow Time for Max Delay Exceptions       :  Yes
  Merge Timing Exceptions                    :  Yes
  Inter-SLR Compensation                     :  Conservative

  Corner  Analyze    Analyze    
  Name    Max Paths  Min Paths  
  ------  ---------  ---------  
  Slow    Yes        Yes        
  Fast    Yes        Yes        


------------------------------------------------------------------------------------------------
| Report Methodology
| ------------------
------------------------------------------------------------------------------------------------

No report available as report_methodology has not been run prior. Run report_methodology on the current design for the summary of methodology violations.



check_timing report

Table of Contents
-----------------
1. checking no_clock (0)
2. checking constant_clock (0)
3. checking pulse_width_clock (0)
4. checking unconstrained_internal_endpoints (0)
5. checking no_input_delay (0)
6. checking no_output_delay (23)
7. checking multiple_clock (0)
8. checking generated_clocks (0)
9. checking loops (24)
10. checking partial_input_delay (0)
11. checking partial_output_delay (0)
12. checking latch_loops (0)

1. checking no_clock (0)
------------------------
 There are 0 register/latch pins with no clock.


2. checking constant_clock (0)
------------------------------
 There are 0 register/latch pins with constant_clock.


3. checking pulse_width_clock (0)
---------------------------------
 There are 0 register/latch pins which need pulse_width check


4. checking unconstrained_internal_endpoints (0)
------------------------------------------------
 There are 0 pins that are not constrained for maximum delay.

 There are 0 pins that are not constrained for maximum delay due to constant clock.


5. checking no_input_delay (0)
------------------------------
 There are 0 input ports with no input delay specified.

 There are 0 input ports with no input delay but user has a false path constraint.


6. checking no_output_delay (23)
--------------------------------
 There are 23 ports with no output delay specified. (HIGH)

 There are 0 ports with no output delay but user has a false path constraint

 There are 0 ports with no output delay but with a timing clock defined on it or propagating through it


7. checking multiple_clock (0)
------------------------------
 There are 0 register/latch pins with multiple clocks.


8. checking generated_clocks (0)
--------------------------------
 There are 0 generated clocks that are not connected to a clock source.


9. checking loops (24)
----------------------
 There are 24 combinational loops in the design. (HIGH)


10. checking partial_input_delay (0)
------------------------------------
 There are 0 input ports with partial input delay specified.


11. checking partial_output_delay (0)
-------------------------------------
 There are 0 ports with partial output delay specified.


12. checking latch_loops (0)
----------------------------
 There are 0 combinational latch loops in the design through latch input



------------------------------------------------------------------------------------------------
| Design Timing Summary
| ---------------------
------------------------------------------------------------------------------------------------

    WNS(ns)      TNS(ns)  TNS Failing Endpoints  TNS Total Endpoints      WHS(ns)      THS(ns)  THS Failing Endpoints  THS Total Endpoints     WPWS(ns)     TPWS(ns)  TPWS Failing Endpoints  TPWS Total Endpoints  
    -------      -------  ---------------------  -------------------      -------      -------  ---------------------  -------------------     --------     --------  ----------------------  --------------------  
      0.000        0.000                      0                84272        0.027        0.000                      0                84272        2.514        0.000                       0                 33866  


All user specified timing constraints are met.


------------------------------------------------------------------------------------------------
| Clock Summary
| -------------
------------------------------------------------------------------------------------------------

Clock              Waveform(ns)         Period(ns)      Frequency(MHz)
-----              ------------         ----------      --------------
clk_50             {0.000 41.666}       83.333          12.000          
clk_fpga_0         {0.000 3.500}        7.000           142.857         
clk_fpga_1         {0.000 10.000}       20.000          50.000          
  clk_pix_unbuf    {0.000 3.368}        6.737           148.437         
  clk_sally_unbuf  {0.000 5.000}        10.000          100.000         
  clk_sys_unbuf    {0.000 3.750}        7.500           133.333         
  mmcm1_fb_out     {0.000 10.000}       20.000          50.000          
  mmcm2_fb_out     {0.000 10.000}       20.000          50.000          


------------------------------------------------------------------------------------------------
| Intra Clock Table
| -----------------
------------------------------------------------------------------------------------------------

Clock                  WNS(ns)      TNS(ns)  TNS Failing Endpoints  TNS Total Endpoints      WHS(ns)      THS(ns)  THS Failing Endpoints  THS Total Endpoints     WPWS(ns)     TPWS(ns)  TPWS Failing Endpoints  TPWS Total Endpoints  
-----                  -------      -------  ---------------------  -------------------      -------      -------  ---------------------  -------------------     --------     --------  ----------------------  --------------------  
clk_50                  81.197        0.000                      0                   25        0.252        0.000                      0                   25       41.166        0.000                       0                    26  
clk_fpga_1                                                                                                                                                           7.000        0.000                       0                     3  
  clk_pix_unbuf          0.142        0.000                      0                 3909        0.105        0.000                      0                 3909        2.514        0.000                       0                  1809  
  clk_sally_unbuf        0.079        0.000                      0                 5638        0.032        0.000                      0                 5638        3.870        0.000                       0                  2485  
  clk_sys_unbuf          0.000        0.000                      0                73777        0.027        0.000                      0                73777        2.620        0.000                       0                 29537  
  mmcm1_fb_out                                                                                                                                                      18.408        0.000                       0                     3  
  mmcm2_fb_out                                                                                                                                                      18.408        0.000                       0                     3  


------------------------------------------------------------------------------------------------
| Inter Clock Table
| -----------------
------------------------------------------------------------------------------------------------

From Clock    To Clock          WNS(ns)      TNS(ns)  TNS Failing Endpoints  TNS Total Endpoints      WHS(ns)      THS(ns)  THS Failing Endpoints  THS Total Endpoints  
----------    --------          -------      -------  ---------------------  -------------------      -------      -------  ---------------------  -------------------  


------------------------------------------------------------------------------------------------
| Other Path Groups Table
| -----------------------
------------------------------------------------------------------------------------------------

Path Group         From Clock         To Clock               WNS(ns)      TNS(ns)  TNS Failing Endpoints  TNS Total Endpoints      WHS(ns)      THS(ns)  THS Failing Endpoints  THS Total Endpoints  
----------         ----------         --------               -------      -------  ---------------------  -------------------      -------      -------  ---------------------  -------------------  
**async_default**  clk_pix_unbuf      clk_pix_unbuf            3.012        0.000                      0                   43        0.722        0.000                      0                   43  
**async_default**  clk_sally_unbuf    clk_sally_unbuf          4.388        0.000                      0                    7        0.974        0.000                      0                    7  
**async_default**  clk_sys_unbuf      clk_sys_unbuf            1.695        0.000                      0                  873        0.326        0.000                      0                  873  


------------------------------------------------------------------------------------------------
| Timing Details
| --------------
------------------------------------------------------------------------------------------------


---------------------------------------------------------------------------------------------------
From Clock:  clk_50
  To Clock:  clk_50

Setup :            0  Failing Endpoints,  Worst Slack       81.197ns,  Total Violation        0.000ns
Hold  :            0  Failing Endpoints,  Worst Slack        0.252ns,  Total Violation        0.000ns
PW    :            0  Failing Endpoints,  Worst Slack       41.166ns,  Total Violation        0.000ns
---------------------------------------------------------------------------------------------------


Max Delay Paths
--------------------------------------------------------------------------------------
Slack (MET) :             81.197ns  (required time - arrival time)
  Source:                 heartbeat_cnt_reg[1]/C
                            (rising edge-triggered cell FDRE clocked by clk_50  {rise@0.000ns fall@41.667ns period=83.333ns})
  Destination:            heartbeat_cnt_reg[24]/D
                            (rising edge-triggered cell FDRE clocked by clk_50  {rise@0.000ns fall@41.667ns period=83.333ns})
  Path Group:             clk_50
  Path Type:              Setup (Max at Slow Process Corner)
  Requirement:            83.333ns  (clk_50 rise@83.333ns - clk_50 rise@0.000ns)
  Data Path Delay:        2.181ns  (logic 1.660ns (76.096%)  route 0.521ns (23.904%))
  Logic Levels:           7  (CARRY4=7)
  Clock Path Skew:        -0.020ns (DCD - SCD + CPR)
    Destination Clock Delay (DCD):    4.644ns = ( 87.977 - 83.333 ) 
    Source Clock Delay      (SCD):    5.044ns
    Clock Pessimism Removal (CPR):    0.380ns
  Clock Uncertainty:      0.035ns  ((TSJ^2 + TIJ^2)^1/2 + DJ) / 2 + PE
    Total System Jitter     (TSJ):    0.071ns
    Total Input Jitter      (TIJ):    0.000ns
    Discrete Jitter          (DJ):    0.000ns
    Phase Error              (PE):    0.000ns

    Location             Delay type                Incr(ns)  Path(ns)    Netlist Resource(s)
  -------------------------------------------------------------------    -------------------
                         (clock clk_50 rise edge)     0.000     0.000 r  
    U14                                               0.000     0.000 r  clk_50 (IN)
                         net (fo=0)                   0.000     0.000    clk_50
    U14                  IBUF (Prop_ibuf_I_O)         1.521     1.521 r  clk_50_IBUF_inst/O
                         net (fo=1, routed)           1.873     3.394    clk_50_IBUF
    BUFGCTRL_X0Y16       BUFG (Prop_bufg_I_O)         0.085     3.479 r  clk_50_IBUF_BUFG_inst/O
                         net (fo=25, routed)          1.565     5.044    clk_50_IBUF_BUFG
    SLICE_X112Y81        FDRE                                         r  heartbeat_cnt_reg[1]/C
  -------------------------------------------------------------------    -------------------
    SLICE_X112Y81        FDRE (Prop_fdre_C_Q)         0.433     5.477 r  heartbeat_cnt_reg[1]/Q
                         net (fo=1, routed)           0.521     5.998    heartbeat_cnt_reg_n_0_[1]
    SLICE_X112Y81        CARRY4 (Prop_carry4_S[1]_CO[3])
                                                      0.549     6.547 r  heartbeat_cnt_reg[0]_i_1/CO[3]
                         net (fo=1, routed)           0.000     6.547    heartbeat_cnt_reg[0]_i_1_n_0
    SLICE_X112Y82        CARRY4 (Prop_carry4_CI_CO[3])
                                                      0.100     6.647 r  heartbeat_cnt_reg[4]_i_1/CO[3]
                         net (fo=1, routed)           0.000     6.647    heartbeat_cnt_reg[4]_i_1_n_0
    SLICE_X112Y83        CARRY4 (Prop_carry4_CI_CO[3])
                                                      0.100     6.747 r  heartbeat_cnt_reg[8]_i_1/CO[3]
                         net (fo=1, routed)           0.000     6.747    heartbeat_cnt_reg[8]_i_1_n_0
    SLICE_X112Y84        CARRY4 (Prop_carry4_CI_CO[3])
                                                      0.100     6.847 r  heartbeat_cnt_reg[12]_i_1/CO[3]
                         net (fo=1, routed)           0.000     6.847    heartbeat_cnt_reg[12]_i_1_n_0
    SLICE_X112Y85        CARRY4 (Prop_carry4_CI_CO[3])
                                                      0.100     6.947 r  heartbeat_cnt_reg[16]_i_1/CO[3]
                         net (fo=1, routed)           0.000     6.947    heartbeat_cnt_reg[16]_i_1_n_0
    SLICE_X112Y86        CARRY4 (Prop_carry4_CI_CO[3])
                                                      0.100     7.047 r  heartbeat_cnt_reg[20]_i_1/CO[3]
                         net (fo=1, routed)           0.000     7.047    heartbeat_cnt_reg[20]_i_1_n_0
    SLICE_X112Y87        CARRY4 (Prop_carry4_CI_O[0])
                                                      0.178     7.225 r  heartbeat_cnt_reg[24]_i_1/O[0]
                         net (fo=1, routed)           0.000     7.225    heartbeat_cnt_reg[24]_i_1_n_7
    SLICE_X112Y87        FDRE                                         r  heartbeat_cnt_reg[24]/D
  -------------------------------------------------------------------    -------------------

                         (clock clk_50 rise edge)    83.333    83.333 r  
    U14                                               0.000    83.333 r  clk_50 (IN)
                         net (fo=0)                   0.000    83.333    clk_50
    U14                  IBUF (Prop_ibuf_I_O)         1.454    84.787 r  clk_50_IBUF_inst/O
                         net (fo=1, routed)           1.701    86.488    clk_50_IBUF
    BUFGCTRL_X0Y16       BUFG (Prop_bufg_I_O)         0.077    86.565 r  clk_50_IBUF_BUFG_inst/O
                         net (fo=25, routed)          1.412    87.977    clk_50_IBUF_BUFG
    SLICE_X112Y87        FDRE                                         r  heartbeat_cnt_reg[24]/C
                         clock pessimism              0.380    88.357    
                         clock uncertainty           -0.035    88.321    
    SLICE_X112Y87        FDRE (Setup_fdre_C_D)        0.101    88.422    heartbeat_cnt_reg[24]
  -------------------------------------------------------------------
                         required time                         88.422    
                         arrival time                          -7.225    
  -------------------------------------------------------------------
                         slack                                 81.197    





Min Delay Paths
--------------------------------------------------------------------------------------
Slack (MET) :             0.252ns  (arrival time - required time)
  Source:                 heartbeat_cnt_reg[14]/C
                            (rising edge-triggered cell FDRE clocked by clk_50  {rise@0.000ns fall@41.667ns period=83.333ns})
  Destination:            heartbeat_cnt_reg[14]/D
                            (rising edge-triggered cell FDRE clocked by clk_50  {rise@0.000ns fall@41.667ns period=83.333ns})
  Path Group:             clk_50
  Path Type:              Hold (Min at Fast Process Corner)
  Requirement:            0.000ns  (clk_50 rise@0.000ns - clk_50 rise@0.000ns)
  Data Path Delay:        0.386ns  (logic 0.274ns (70.967%)  route 0.112ns (29.033%))
  Logic Levels:           1  (CARRY4=1)
  Clock Path Skew:        0.000ns (DCD - SCD - CPR)
    Destination Clock Delay (DCD):    2.207ns
    Source Clock Delay      (SCD):    1.688ns
    Clock Pessimism Removal (CPR):    0.519ns

    Location             Delay type                Incr(ns)  Path(ns)    Netlist Resource(s)
  -------------------------------------------------------------------    -------------------
                         (clock clk_50 rise edge)     0.000     0.000 r  
    U14                                               0.000     0.000 r  clk_50 (IN)
                         net (fo=0)                   0.000     0.000    clk_50
    U14                  IBUF (Prop_ibuf_I_O)         0.356     0.356 r  clk_50_IBUF_inst/O
                         net (fo=1, routed)           0.674     1.030    clk_50_IBUF
    BUFGCTRL_X0Y16       BUFG (Prop_bufg_I_O)         0.026     1.056 r  clk_50_IBUF_BUFG_inst/O
                         net (fo=25, routed)          0.632     1.688    clk_50_IBUF_BUFG
    SLICE_X112Y84        FDRE                                         r  heartbeat_cnt_reg[14]/C
  -------------------------------------------------------------------    -------------------
    SLICE_X112Y84        FDRE (Prop_fdre_C_Q)         0.164     1.852 r  heartbeat_cnt_reg[14]/Q
                         net (fo=1, routed)           0.112     1.964    heartbeat_cnt_reg_n_0_[14]
    SLICE_X112Y84        CARRY4 (Prop_carry4_S[2]_O[2])
                                                      0.110     2.074 r  heartbeat_cnt_reg[12]_i_1/O[2]
                         net (fo=1, routed)           0.000     2.074    heartbeat_cnt_reg[12]_i_1_n_5
    SLICE_X112Y84        FDRE                                         r  heartbeat_cnt_reg[14]/D
  -------------------------------------------------------------------    -------------------

                         (clock clk_50 rise edge)     0.000     0.000 r  
    U14                                               0.000     0.000 r  clk_50 (IN)
                         net (fo=0)                   0.000     0.000    clk_50
    U14                  IBUF (Prop_ibuf_I_O)         0.545     0.545 r  clk_50_IBUF_inst/O
                         net (fo=1, routed)           0.731     1.276    clk_50_IBUF
    BUFGCTRL_X0Y16       BUFG (Prop_bufg_I_O)         0.029     1.305 r  clk_50_IBUF_BUFG_inst/O
                         net (fo=25, routed)          0.902     2.207    clk_50_IBUF_BUFG
    SLICE_X112Y84        FDRE                                         r  heartbeat_cnt_reg[14]/C
                         clock pessimism             -0.519     1.688    
    SLICE_X112Y84        FDRE (Hold_fdre_C_D)         0.134     1.822    heartbeat_cnt_reg[14]
  -------------------------------------------------------------------
                         required time                         -1.822    
                         arrival time                           2.074    
  -------------------------------------------------------------------
                         slack                                  0.252    





Pulse Width Checks
--------------------------------------------------------------------------------------
Clock Name:         clk_50
Waveform(ns):       { 0.000 41.667 }
Period(ns):         83.333
Sources:            { clk_50 }

Check Type        Corner  Lib Pin  Reference Pin  Required(ns)  Actual(ns)  Slack(ns)  Location        Pin
Min Period        n/a     BUFG/I   n/a            1.592         83.333      81.741     BUFGCTRL_X0Y16  clk_50_IBUF_BUFG_inst/I
Low Pulse Width   Slow    FDRE/C   n/a            0.500         41.667      41.167     SLICE_X112Y81   heartbeat_cnt_reg[0]/C
High Pulse Width  Slow    FDRE/C   n/a            0.500         41.666      41.167     SLICE_X112Y81   heartbeat_cnt_reg[0]/C



---------------------------------------------------------------------------------------------------
From Clock:  clk_fpga_1
  To Clock:  clk_fpga_1

Setup :           NA  Failing Endpoints,  Worst Slack           NA  ,  Total Violation           NA
Hold  :           NA  Failing Endpoints,  Worst Slack           NA  ,  Total Violation           NA
PW    :            0  Failing Endpoints,  Worst Slack        7.000ns,  Total Violation        0.000ns
---------------------------------------------------------------------------------------------------


Pulse Width Checks
--------------------------------------------------------------------------------------
Clock Name:         clk_fpga_1
Waveform(ns):       { 0.000 10.000 }
Period(ns):         20.000
Sources:            { u_ps_bd/zynq_ps/inst/PS7_i/FCLKCLK[1] }

Check Type        Corner  Lib Pin            Reference Pin  Required(ns)  Actual(ns)  Slack(ns)  Location         Pin
Min Period        n/a     BUFG/I             n/a            1.592         20.000      18.408     BUFGCTRL_X0Y17   u_ps_bd/zynq_ps/inst/buffer_fclk_clk_1.FCLK_CLK_1_BUFG/I
Max Period        n/a     MMCME2_ADV/CLKIN1  n/a            100.000       20.000      80.000     MMCME2_ADV_X0Y0  u_mmcm1/CLKIN1
Low Pulse Width   Slow    MMCME2_ADV/CLKIN1  n/a            3.000         10.000      7.000      MMCME2_ADV_X0Y0  u_mmcm1/CLKIN1
High Pulse Width  Slow    MMCME2_ADV/CLKIN1  n/a            3.000         10.000      7.000      MMCME2_ADV_X0Y0  u_mmcm1/CLKIN1



---------------------------------------------------------------------------------------------------
From Clock:  clk_pix_unbuf
  To Clock:  clk_pix_unbuf

Setup :            0  Failing Endpoints,  Worst Slack        0.142ns,  Total Violation        0.000ns
Hold  :            0  Failing Endpoints,  Worst Slack        0.105ns,  Total Violation        0.000ns
PW    :            0  Failing Endpoints,  Worst Slack        2.514ns,  Total Violation        0.000ns
---------------------------------------------------------------------------------------------------


Max Delay Paths
--------------------------------------------------------------------------------------
Slack (MET) :             0.142ns  (required time - arrival time)
  Source:                 ov_y_d_reg[4]/C
                            (rising edge-triggered cell FDRE clocked by clk_pix_unbuf  {rise@0.000ns fall@3.368ns period=6.737ns})
  Destination:            u_compositor/has_runner_q_reg/D
                            (rising edge-triggered cell FDCE clocked by clk_pix_unbuf  {rise@0.000ns fall@3.368ns period=6.737ns})
  Path Group:             clk_pix_unbuf
  Path Type:              Setup (Max at Slow Process Corner)
  Requirement:            6.737ns  (clk_pix_unbuf rise@6.737ns - clk_pix_unbuf rise@0.000ns)
  Data Path Delay:        6.405ns  (logic 2.577ns (40.233%)  route 3.828ns (59.767%))
  Logic Levels:           10  (CARRY4=3 LUT2=1 LUT4=2 LUT6=4)
  Clock Path Skew:        -0.128ns (DCD - SCD + CPR)
    Destination Clock Delay (DCD):    2.229ns = ( 8.966 - 6.737 ) 
    Source Clock Delay      (SCD):    2.550ns
    Clock Pessimism Removal (CPR):    0.193ns
  Clock Uncertainty:      0.092ns  ((TSJ^2 + DJ^2)^1/2) / 2 + PE
    Total System Jitter     (TSJ):    0.071ns
    Discrete Jitter          (DJ):    0.169ns
    Phase Error              (PE):    0.000ns

    Location             Delay type                Incr(ns)  Path(ns)    Netlist Resource(s)
  -------------------------------------------------------------------    -------------------
                         (clock clk_pix_unbuf rise edge)
                                                      0.000     0.000 r  
    PS7_X0Y0             PS7                          0.000     0.000 r  u_ps_bd/zynq_ps/inst/PS7_i/FCLKCLK[1]
                         net (fo=1, routed)           0.994     0.994    u_ps_bd/zynq_ps/inst/FCLK_CLK_unbuffered[1]
    BUFGCTRL_X0Y17       BUFG (Prop_bufg_I_O)         0.085     1.079 r  u_ps_bd/zynq_ps/inst/buffer_fclk_clk_1.FCLK_CLK_1_BUFG/O
                         net (fo=2, routed)           1.552     2.631    fclk_50
    MMCME2_ADV_X1Y0      MMCME2_ADV (Prop_mmcme2_adv_CLKIN1_CLKOUT0)
                                                     -3.232    -0.601 r  u_mmcm2/CLKOUT0
                         net (fo=1, routed)           1.597     0.996    clk_pix_unbuf
    BUFGCTRL_X0Y2        BUFGCTRL (Prop_bufgctrl_I0_O)
                                                      0.085     1.081 r  u_bufg_pix/O
                         net (fo=1807, routed)        1.469     2.550    clk_pix
    SLICE_X22Y31         FDRE                                         r  ov_y_d_reg[4]/C
  -------------------------------------------------------------------    -------------------
    SLICE_X22Y31         FDRE (Prop_fdre_C_Q)         0.398     2.948 r  ov_y_d_reg[4]/Q
                         net (fo=8, routed)           0.571     3.519    u_plane_fetch_overlay/fetch_row_pix_reg[11]_i_36_0[4]
    SLICE_X23Y32         LUT2 (Prop_lut2_I0_O)        0.235     3.754 r  u_plane_fetch_overlay/fetch_row_pix[11]_i_46/O
                         net (fo=1, routed)           0.000     3.754    u_plane_fetch_overlay/fetch_row_pix[11]_i_46_n_0
    SLICE_X23Y32         CARRY4 (Prop_carry4_S[0]_CO[3])
                                                      0.440     4.194 r  u_plane_fetch_overlay/fetch_row_pix_reg[11]_i_37/CO[3]
                         net (fo=1, routed)           0.000     4.194    u_plane_fetch_overlay/fetch_row_pix_reg[11]_i_37_n_0
    SLICE_X23Y33         CARRY4 (Prop_carry4_CI_O[0])
                                                      0.180     4.374 r  u_plane_fetch_overlay/fetch_row_pix_reg[11]_i_36/O[0]
                         net (fo=4, routed)           0.730     5.103    u_vbeam/ov_y1_d[8]
    SLICE_X24Y33         LUT4 (Prop_lut4_I2_O)        0.249     5.352 r  u_vbeam/g_accum[1].src_row[1][0]_i_15/O
                         net (fo=1, routed)           0.000     5.352    u_vbeam/g_accum[1].src_row[1][0]_i_15_n_0
    SLICE_X24Y33         CARRY4 (Prop_carry4_S[0]_CO[1])
                                                      0.380     5.732 f  u_vbeam/g_accum[1].src_row_reg[1][0]_i_3/CO[1]
                         net (fo=2, routed)           0.825     6.558    u_vbeam/u_compositor/any_c2
    SLICE_X37Y33         LUT6 (Prop_lut6_I0_O)        0.275     6.833 f  u_vbeam/runner_q[0]_i_2/O
                         net (fo=9, routed)           0.511     7.343    u_vbeam/u_compositor/any_c19_out
    SLICE_X39Y34         LUT6 (Prop_lut6_I0_O)        0.105     7.448 r  u_vbeam/blend_q_i_2/O
                         net (fo=9, routed)           0.394     7.842    u_vbeam/blend_q_i_2_n_0
    SLICE_X39Y33         LUT4 (Prop_lut4_I1_O)        0.105     7.947 f  u_vbeam/blend_q_i_10/O
                         net (fo=2, routed)           0.521     8.468    u_vbeam/blend_q_i_10_n_0
    SLICE_X39Y33         LUT6 (Prop_lut6_I4_O)        0.105     8.573 r  u_vbeam/runner_q[1]_i_2/O
                         net (fo=3, routed)           0.278     8.850    u_vbeam/u_compositor/any_c14_out
    SLICE_X39Y32         LUT6 (Prop_lut6_I3_O)        0.105     8.955 r  u_vbeam/has_runner_q_i_1/O
                         net (fo=1, routed)           0.000     8.955    u_compositor/has_runner_c
    SLICE_X39Y32         FDCE                                         r  u_compositor/has_runner_q_reg/D
  -------------------------------------------------------------------    -------------------

                         (clock clk_pix_unbuf rise edge)
                                                      6.737     6.737 r  
    PS7_X0Y0             PS7                          0.000     6.737 r  u_ps_bd/zynq_ps/inst/PS7_i/FCLKCLK[1]
                         net (fo=1, routed)           0.905     7.642    u_ps_bd/zynq_ps/inst/FCLK_CLK_unbuffered[1]
    BUFGCTRL_X0Y17       BUFG (Prop_bufg_I_O)         0.077     7.719 r  u_ps_bd/zynq_ps/inst/buffer_fclk_clk_1.FCLK_CLK_1_BUFG/O
                         net (fo=2, routed)           1.386     9.105    fclk_50
    MMCME2_ADV_X1Y0      MMCME2_ADV (Prop_mmcme2_adv_CLKIN1_CLKOUT0)
                                                     -2.915     6.190 r  u_mmcm2/CLKOUT0
                         net (fo=1, routed)           1.454     7.644    clk_pix_unbuf
    BUFGCTRL_X0Y2        BUFGCTRL (Prop_bufgctrl_I0_O)
                                                      0.077     7.721 r  u_bufg_pix/O
                         net (fo=1807, routed)        1.245     8.966    u_compositor/clk_pix
    SLICE_X39Y32         FDCE                                         r  u_compositor/has_runner_q_reg/C
                         clock pessimism              0.193     9.159    
                         clock uncertainty           -0.092     9.067    
    SLICE_X39Y32         FDCE (Setup_fdce_C_D)        0.030     9.097    u_compositor/has_runner_q_reg
  -------------------------------------------------------------------
                         required time                          9.097    
                         arrival time                          -8.955    
  -------------------------------------------------------------------
                         slack                                  0.142    





Min Delay Paths
--------------------------------------------------------------------------------------
Slack (MET) :             0.105ns  (arrival time - required time)
  Source:                 u_sprite_engine/mid_pixel_q_reg[3][11]/C
                            (rising edge-triggered cell FDRE clocked by clk_pix_unbuf  {rise@0.000ns fall@3.368ns period=6.737ns})
  Destination:            u_sprite_engine/b_mul_sp_q_reg__3/D
                            (rising edge-triggered cell FDRE clocked by clk_pix_unbuf  {rise@0.000ns fall@3.368ns period=6.737ns})
  Path Group:             clk_pix_unbuf
  Path Type:              Hold (Min at Fast Process Corner)
  Requirement:            0.000ns  (clk_pix_unbuf rise@0.000ns - clk_pix_unbuf rise@0.000ns)
  Data Path Delay:        0.456ns  (logic 0.186ns (40.833%)  route 0.270ns (59.167%))
  Logic Levels:           1  (LUT6=1)
  Clock Path Skew:        0.259ns (DCD - SCD - CPR)
    Destination Clock Delay (DCD):    1.187ns
    Source Clock Delay      (SCD):    0.893ns
    Clock Pessimism Removal (CPR):    0.035ns

    Location             Delay type                Incr(ns)  Path(ns)    Netlist Resource(s)
  -------------------------------------------------------------------    -------------------
                         (clock clk_pix_unbuf rise edge)
                                                      0.000     0.000 r  
    PS7_X0Y0             PS7                          0.000     0.000 r  u_ps_bd/zynq_ps/inst/PS7_i/FCLKCLK[1]
                         net (fo=1, routed)           0.310     0.310    u_ps_bd/zynq_ps/inst/FCLK_CLK_unbuffered[1]
    BUFGCTRL_X0Y17       BUFG (Prop_bufg_I_O)         0.026     0.336 r  u_ps_bd/zynq_ps/inst/buffer_fclk_clk_1.FCLK_CLK_1_BUFG/O
                         net (fo=2, routed)           0.597     0.933    fclk_50
    MMCME2_ADV_X1Y0      MMCME2_ADV (Prop_mmcme2_adv_CLKIN1_CLKOUT0)
                                                     -1.150    -0.217 r  u_mmcm2/CLKOUT0
                         net (fo=1, routed)           0.529     0.312    clk_pix_unbuf
    BUFGCTRL_X0Y2        BUFGCTRL (Prop_bufgctrl_I0_O)
                                                      0.026     0.338 r  u_bufg_pix/O
                         net (fo=1807, routed)        0.555     0.893    u_sprite_engine/clk_pix
    SLICE_X48Y13         FDRE                                         r  u_sprite_engine/mid_pixel_q_reg[3][11]/C
  -------------------------------------------------------------------    -------------------
    SLICE_X48Y13         FDRE (Prop_fdre_C_Q)         0.141     1.034 r  u_sprite_engine/mid_pixel_q_reg[3][11]/Q
                         net (fo=1, routed)           0.270     1.303    u_sprite_engine/mid_pixel_q_reg[3]_197[11]
    SLICE_X52Y12         LUT6 (Prop_lut6_I0_O)        0.045     1.348 r  u_sprite_engine/b_mul_sp_q__3_i_1/O
                         net (fo=1, routed)           0.000     1.348    u_sprite_engine/b_mul_sp_q__3_i_1_n_0
    SLICE_X52Y12         FDRE                                         r  u_sprite_engine/b_mul_sp_q_reg__3/D
  -------------------------------------------------------------------    -------------------

                         (clock clk_pix_unbuf rise edge)
                                                      0.000     0.000 r  
    PS7_X0Y0             PS7                          0.000     0.000 r  u_ps_bd/zynq_ps/inst/PS7_i/FCLKCLK[1]
                         net (fo=1, routed)           0.337     0.337    u_ps_bd/zynq_ps/inst/FCLK_CLK_unbuffered[1]
    BUFGCTRL_X0Y17       BUFG (Prop_bufg_I_O)         0.029     0.366 r  u_ps_bd/zynq_ps/inst/buffer_fclk_clk_1.FCLK_CLK_1_BUFG/O
                         net (fo=2, routed)           0.864     1.230    fclk_50
    MMCME2_ADV_X1Y0      MMCME2_ADV (Prop_mmcme2_adv_CLKIN1_CLKOUT0)
                                                     -1.467    -0.237 r  u_mmcm2/CLKOUT0
                         net (fo=1, routed)           0.576     0.339    clk_pix_unbuf
    BUFGCTRL_X0Y2        BUFGCTRL (Prop_bufgctrl_I0_O)
                                                      0.029     0.368 r  u_bufg_pix/O
                         net (fo=1807, routed)        0.819     1.187    u_sprite_engine/clk_pix
    SLICE_X52Y12         FDRE                                         r  u_sprite_engine/b_mul_sp_q_reg__3/C
                         clock pessimism             -0.035     1.152    
    SLICE_X52Y12         FDRE (Hold_fdre_C_D)         0.091     1.243    u_sprite_engine/b_mul_sp_q_reg__3
  -------------------------------------------------------------------
                         required time                         -1.243    
                         arrival time                           1.348    
  -------------------------------------------------------------------
                         slack                                  0.105    





Pulse Width Checks
--------------------------------------------------------------------------------------
Clock Name:         clk_pix_unbuf
Waveform(ns):       { 0.000 3.368 }
Period(ns):         6.737
Sources:            { u_mmcm2/CLKOUT0 }

Check Type        Corner  Lib Pin             Reference Pin  Required(ns)  Actual(ns)  Slack(ns)  Location         Pin
Min Period        n/a     RAMB36E1/CLKBWRCLK  n/a            2.170         6.737       4.567      RAMB36_X3Y13     u_plane_fetch0/line_buf_reg_0/CLKBWRCLK
Max Period        n/a     MMCME2_ADV/CLKOUT0  n/a            213.360       6.737       206.623    MMCME2_ADV_X1Y0  u_mmcm2/CLKOUT0
Low Pulse Width   Slow    SRL16E/CLK          n/a            0.854         3.368       2.514      SLICE_X36Y29     u_compositor/hs_q2_reg_srl2_u_compositor_hs_q2_reg_c/CLK
High Pulse Width  Slow    SRL16E/CLK          n/a            0.854         3.368       2.514      SLICE_X36Y29     u_compositor/hs_q2_reg_srl2_u_compositor_hs_q2_reg_c/CLK



---------------------------------------------------------------------------------------------------
From Clock:  clk_sally_unbuf
  To Clock:  clk_sally_unbuf

Setup :            0  Failing Endpoints,  Worst Slack        0.079ns,  Total Violation        0.000ns
Hold  :            0  Failing Endpoints,  Worst Slack        0.032ns,  Total Violation        0.000ns
PW    :            0  Failing Endpoints,  Worst Slack        3.870ns,  Total Violation        0.000ns
---------------------------------------------------------------------------------------------------


Max Delay Paths
--------------------------------------------------------------------------------------
Slack (MET) :             0.079ns  (required time - arrival time)
  Source:                 u_sally_mem/mem_reg_0_6/CLKARDCLK
                            (rising edge-triggered cell RAMB36E1 clocked by clk_sally_unbuf  {rise@0.000ns fall@5.000ns period=10.000ns})
  Destination:            u_sally_mem/mem_reg_0_4/WEA[0]
                            (rising edge-triggered cell RAMB36E1 clocked by clk_sally_unbuf  {rise@0.000ns fall@5.000ns period=10.000ns})
  Path Group:             clk_sally_unbuf
  Path Type:              Setup (Max at Slow Process Corner)
  Requirement:            10.000ns  (clk_sally_unbuf rise@10.000ns - clk_sally_unbuf rise@0.000ns)
  Data Path Delay:        9.152ns  (logic 3.070ns (33.543%)  route 6.082ns (66.457%))
  Logic Levels:           9  (LUT3=2 LUT4=1 LUT6=6)
  Clock Path Skew:        -0.196ns (DCD - SCD + CPR)
    Destination Clock Delay (DCD):    2.272ns = ( 12.272 - 10.000 ) 
    Source Clock Delay      (SCD):    2.577ns
    Clock Pessimism Removal (CPR):    0.108ns
  Clock Uncertainty:      0.096ns  ((TSJ^2 + DJ^2)^1/2) / 2 + PE
    Total System Jitter     (TSJ):    0.071ns
    Discrete Jitter          (DJ):    0.179ns
    Phase Error              (PE):    0.000ns

    Location             Delay type                Incr(ns)  Path(ns)    PBlock               Netlist Resource(s)
  -------------------------------------------------------------------    ----------------------------------------
                         (clock clk_sally_unbuf rise edge)
                                                      0.000     0.000 r                       
    PS7_X0Y0             PS7                          0.000     0.000 r                       u_ps_bd/zynq_ps/inst/PS7_i/FCLKCLK[1]
                         net (fo=1, routed)           0.994     0.994                         u_ps_bd/zynq_ps/inst/FCLK_CLK_unbuffered[1]
    BUFGCTRL_X0Y17       BUFG (Prop_bufg_I_O)         0.085     1.079 r                       u_ps_bd/zynq_ps/inst/buffer_fclk_clk_1.FCLK_CLK_1_BUFG/O
                         net (fo=2, routed)           1.515     2.594                         fclk_50
    MMCME2_ADV_X0Y0      MMCME2_ADV (Prop_mmcme2_adv_CLKIN1_CLKOUT0)
                                                     -3.165    -0.571 r                       u_mmcm1/CLKOUT0
                         net (fo=1, routed)           1.567     0.996                         clk_sally_unbuf
    BUFGCTRL_X0Y1        BUFG (Prop_bufg_I_O)         0.085     1.081 r                       u_bufg_sally/O
                         net (fo=2484, routed)        1.496     2.577                         u_sally_mem/CLK
    RAMB36_X3Y9          RAMB36E1                                     r  pb_sally             u_sally_mem/mem_reg_0_6/CLKARDCLK
  -------------------------------------------------------------------    ----------------------------------------
    RAMB36_X3Y9          RAMB36E1 (Prop_ramb36e1_CLKARDCLK_DOADO[0])
                                                      2.125     4.702 r  pb_sally             u_sally_mem/mem_reg_0_6/DOADO[0]
                         net (fo=1, routed)           1.011     5.712                         u_sally_mem/mem_reg_0_6_n_35
    SLICE_X35Y47         LUT3 (Prop_lut3_I2_O)        0.105     5.817 r  pb_sally             u_sally_mem/IR[6]_i_6/O
                         net (fo=2, routed)           0.324     6.142                         u_sally_mem/mem_reg_1_6_0
    SLICE_X35Y47         LUT6 (Prop_lut6_I4_O)        0.105     6.247 r  pb_sally             u_sally_mem/IR[6]_i_3/O
                         net (fo=8, routed)           0.577     6.823                         u_sally_mem/IR[6]_i_3_n_0
    SLICE_X36Y54         LUT6 (Prop_lut6_I5_O)        0.105     6.928 r  pb_sally             u_sally_mem/X[4]_i_2__0/O
                         net (fo=22, routed)          0.603     7.531                         u_sally_core/adl_reg[6]_0
    SLICE_X34Y59         LUT6 (Prop_lut6_I3_O)        0.105     7.636 f  pb_sally             u_sally_core/bus_addr_d[14]_i_2/O
                         net (fo=1, routed)           0.250     7.886                         u_sally_core/bus_addr_d[14]_i_2_n_0
    SLICE_X33Y60         LUT4 (Prop_lut4_I3_O)        0.105     7.991 r  pb_sally             u_sally_core/bus_addr_d[14]_i_1/O
                         net (fo=2, routed)           0.236     8.227                         u_fid_core/D[14]
    SLICE_X33Y61         LUT6 (Prop_lut6_I4_O)        0.105     8.332 r                       u_fid_core/rd_addr_q[14]_i_1/O
                         net (fo=27, routed)          0.614     8.946                         u_fid_core/p_1_in[3]
    SLICE_X34Y56         LUT3 (Prop_lut3_I2_O)        0.105     9.051 f                       u_fid_core/was_rom_override_q_i_2_comp/O
                         net (fo=1, routed)           0.560     9.611                         u_fid_core/was_rom_override_q_i_2_n_0
    SLICE_X34Y56         LUT6 (Prop_lut6_I4_O)        0.105     9.716 f                       u_fid_core/was_rom_override_q_i_1_comp/O
                         net (fo=16, routed)          0.846    10.562                         u_sally_core/rom_override
    SLICE_X31Y52         LUT6 (Prop_lut6_I3_O)        0.105    10.667 r  pb_sally             u_sally_core/mem_reg_0_3_i_2/O
                         net (fo=3, routed)           1.062    11.729                         u_sally_mem/mem_reg_0_7_1[0]
    RAMB36_X2Y7          RAMB36E1                                     r  pb_sally             u_sally_mem/mem_reg_0_4/WEA[0]
  -------------------------------------------------------------------    ----------------------------------------

                         (clock clk_sally_unbuf rise edge)
                                                     10.000    10.000 r                       
    PS7_X0Y0             PS7                          0.000    10.000 r                       u_ps_bd/zynq_ps/inst/PS7_i/FCLKCLK[1]
                         net (fo=1, routed)           0.905    10.906                         u_ps_bd/zynq_ps/inst/FCLK_CLK_unbuffered[1]
    BUFGCTRL_X0Y17       BUFG (Prop_bufg_I_O)         0.077    10.983 r                       u_ps_bd/zynq_ps/inst/buffer_fclk_clk_1.FCLK_CLK_1_BUFG/O
                         net (fo=2, routed)           1.350    12.332                         fclk_50
    MMCME2_ADV_X0Y0      MMCME2_ADV (Prop_mmcme2_adv_CLKIN1_CLKOUT0)
                                                     -2.851     9.481 r                       u_mmcm1/CLKOUT0
                         net (fo=1, routed)           1.426    10.908                         clk_sally_unbuf
    BUFGCTRL_X0Y1        BUFG (Prop_bufg_I_O)         0.077    10.985 r                       u_bufg_sally/O
                         net (fo=2484, routed)        1.287    12.272                         u_sally_mem/CLK
    RAMB36_X2Y7          RAMB36E1                                     r  pb_sally             u_sally_mem/mem_reg_0_4/CLKARDCLK
                         clock pessimism              0.108    12.380                           
                         clock uncertainty           -0.096    12.284                           
    RAMB36_X2Y7          RAMB36E1 (Setup_ramb36e1_CLKARDCLK_WEA[0])
                                                     -0.476    11.808    pb_sally               u_sally_mem/mem_reg_0_4
  -------------------------------------------------------------------
                         required time                         11.808                           
                         arrival time                         -11.729                           
  -------------------------------------------------------------------
                         slack                                  0.079                           





Min Delay Paths
--------------------------------------------------------------------------------------
Slack (MET) :             0.032ns  (arrival time - required time)
  Source:                 u_hwreg_rd_cdc/u_data_sync/sync_ff0_reg[3]/C
                            (rising edge-triggered cell FDRE clocked by clk_sally_unbuf  {rise@0.000ns fall@5.000ns period=10.000ns})
  Destination:            u_hwreg_rd_cdc/u_data_sync/sync_ff1_reg[3]/D
                            (rising edge-triggered cell FDRE clocked by clk_sally_unbuf  {rise@0.000ns fall@5.000ns period=10.000ns})
  Path Group:             clk_sally_unbuf
  Path Type:              Hold (Min at Fast Process Corner)
  Requirement:            0.000ns  (clk_sally_unbuf rise@0.000ns - clk_sally_unbuf rise@0.000ns)
  Data Path Delay:        0.436ns  (logic 0.141ns (32.352%)  route 0.295ns (67.648%))
  Logic Levels:           0  
  Clock Path Skew:        0.345ns (DCD - SCD - CPR)
    Destination Clock Delay (DCD):    1.304ns
    Source Clock Delay      (SCD):    0.924ns
    Clock Pessimism Removal (CPR):    0.035ns

    Location             Delay type                Incr(ns)  Path(ns)    Netlist Resource(s)
  -------------------------------------------------------------------    -------------------
                         (clock clk_sally_unbuf rise edge)
                                                      0.000     0.000 r  
    PS7_X0Y0             PS7                          0.000     0.000 r  u_ps_bd/zynq_ps/inst/PS7_i/FCLKCLK[1]
                         net (fo=1, routed)           0.310     0.310    u_ps_bd/zynq_ps/inst/FCLK_CLK_unbuffered[1]
    BUFGCTRL_X0Y17       BUFG (Prop_bufg_I_O)         0.026     0.336 r  u_ps_bd/zynq_ps/inst/buffer_fclk_clk_1.FCLK_CLK_1_BUFG/O
                         net (fo=2, routed)           0.580     0.916    fclk_50
    MMCME2_ADV_X0Y0      MMCME2_ADV (Prop_mmcme2_adv_CLKIN1_CLKOUT0)
                                                     -1.122    -0.206 r  u_mmcm1/CLKOUT0
                         net (fo=1, routed)           0.518     0.312    clk_sally_unbuf
    BUFGCTRL_X0Y1        BUFG (Prop_bufg_I_O)         0.026     0.338 r  u_bufg_sally/O
                         net (fo=2484, routed)        0.586     0.924    u_hwreg_rd_cdc/u_data_sync/CLK
    SLICE_X80Y99         FDRE                                         r  u_hwreg_rd_cdc/u_data_sync/sync_ff0_reg[3]/C
  -------------------------------------------------------------------    -------------------
    SLICE_X80Y99         FDRE (Prop_fdre_C_Q)         0.141     1.065 r  u_hwreg_rd_cdc/u_data_sync/sync_ff0_reg[3]/Q
                         net (fo=1, routed)           0.295     1.359    u_hwreg_rd_cdc/u_data_sync/sync_ff0_reg_n_0_[3]
    SLICE_X66Y103        FDRE                                         r  u_hwreg_rd_cdc/u_data_sync/sync_ff1_reg[3]/D
  -------------------------------------------------------------------    -------------------

                         (clock clk_sally_unbuf rise edge)
                                                      0.000     0.000 r  
    PS7_X0Y0             PS7                          0.000     0.000 r  u_ps_bd/zynq_ps/inst/PS7_i/FCLKCLK[1]
                         net (fo=1, routed)           0.337     0.337    u_ps_bd/zynq_ps/inst/FCLK_CLK_unbuffered[1]
    BUFGCTRL_X0Y17       BUFG (Prop_bufg_I_O)         0.029     0.366 r  u_ps_bd/zynq_ps/inst/buffer_fclk_clk_1.FCLK_CLK_1_BUFG/O
                         net (fo=2, routed)           0.846     1.212    fclk_50
    MMCME2_ADV_X0Y0      MMCME2_ADV (Prop_mmcme2_adv_CLKIN1_CLKOUT0)
                                                     -1.437    -0.225 r  u_mmcm1/CLKOUT0
                         net (fo=1, routed)           0.564     0.339    clk_sally_unbuf
    BUFGCTRL_X0Y1        BUFG (Prop_bufg_I_O)         0.029     0.368 r  u_bufg_sally/O
                         net (fo=2484, routed)        0.936     1.304    u_hwreg_rd_cdc/u_data_sync/CLK
    SLICE_X66Y103        FDRE                                         r  u_hwreg_rd_cdc/u_data_sync/sync_ff1_reg[3]/C
                         clock pessimism             -0.035     1.269    
    SLICE_X66Y103        FDRE (Hold_fdre_C_D)         0.059     1.328    u_hwreg_rd_cdc/u_data_sync/sync_ff1_reg[3]
  -------------------------------------------------------------------
                         required time                         -1.328    
                         arrival time                           1.359    
  -------------------------------------------------------------------
                         slack                                  0.032    





Pulse Width Checks
--------------------------------------------------------------------------------------
Clock Name:         clk_sally_unbuf
Waveform(ns):       { 0.000 5.000 }
Period(ns):         10.000
Sources:            { u_mmcm1/CLKOUT0 }

Check Type        Corner  Lib Pin             Reference Pin  Required(ns)  Actual(ns)  Slack(ns)  Location         Pin
Min Period        n/a     RAMB36E1/CLKARDCLK  n/a            2.472         10.000      7.528      RAMB36_X4Y15     u_fid_dbg/s_bram_reg_0/CLKARDCLK
Max Period        n/a     MMCME2_ADV/CLKOUT0  n/a            213.360       10.000      203.360    MMCME2_ADV_X0Y0  u_mmcm1/CLKOUT0
Low Pulse Width   Slow    RAMD32/CLK          n/a            1.130         5.000       3.870      SLICE_X82Y87     u_fid_dbg/t_ad_reg_0_15_0_5/RAMA/CLK
High Pulse Width  Slow    RAMD32/CLK          n/a            1.130         5.000       3.870      SLICE_X82Y87     u_fid_dbg/t_ad_reg_0_15_0_5/RAMA/CLK



---------------------------------------------------------------------------------------------------
From Clock:  clk_sys_unbuf
  To Clock:  clk_sys_unbuf

Setup :            0  Failing Endpoints,  Worst Slack        0.000ns,  Total Violation        0.000ns
Hold  :            0  Failing Endpoints,  Worst Slack        0.027ns,  Total Violation        0.000ns
PW    :            0  Failing Endpoints,  Worst Slack        2.620ns,  Total Violation        0.000ns
---------------------------------------------------------------------------------------------------


Max Delay Paths
--------------------------------------------------------------------------------------
Slack (MET) :             0.000ns  (required time - arrival time)
  Source:                 u_xt_blitter/src_cov_q_reg/C
                            (rising edge-triggered cell FDRE clocked by clk_sys_unbuf  {rise@0.000ns fall@3.750ns period=7.500ns})
  Destination:            u_xt_blitter/state_reg[0]_rep__0/D
                            (rising edge-triggered cell FDRE clocked by clk_sys_unbuf  {rise@0.000ns fall@3.750ns period=7.500ns})
  Path Group:             clk_sys_unbuf
  Path Type:              Setup (Max at Slow Process Corner)
  Requirement:            7.500ns  (clk_sys_unbuf rise@7.500ns - clk_sys_unbuf rise@0.000ns)
  Data Path Delay:        7.347ns  (logic 2.022ns (27.520%)  route 5.325ns (72.480%))
  Logic Levels:           8  (CARRY4=1 LUT3=2 LUT6=5)
  Clock Path Skew:        -0.056ns (DCD - SCD + CPR)
    Destination Clock Delay (DCD):    2.288ns = ( 9.788 - 7.500 ) 
    Source Clock Delay      (SCD):    2.537ns
    Clock Pessimism Removal (CPR):    0.193ns
  Clock Uncertainty:      0.092ns  ((TSJ^2 + DJ^2)^1/2) / 2 + PE
    Total System Jitter     (TSJ):    0.071ns
    Discrete Jitter          (DJ):    0.171ns
    Phase Error              (PE):    0.000ns

    Location             Delay type                Incr(ns)  Path(ns)    PBlock               Netlist Resource(s)
  -------------------------------------------------------------------    ----------------------------------------
                         (clock clk_sys_unbuf rise edge)
                                                      0.000     0.000 r                       
    PS7_X0Y0             PS7                          0.000     0.000 r                       u_ps_bd/zynq_ps/inst/PS7_i/FCLKCLK[1]
                         net (fo=1, routed)           0.994     0.994                         u_ps_bd/zynq_ps/inst/FCLK_CLK_unbuffered[1]
    BUFGCTRL_X0Y17       BUFG (Prop_bufg_I_O)         0.085     1.079 r                       u_ps_bd/zynq_ps/inst/buffer_fclk_clk_1.FCLK_CLK_1_BUFG/O
                         net (fo=2, routed)           1.515     2.594                         fclk_50
    MMCME2_ADV_X0Y0      MMCME2_ADV (Prop_mmcme2_adv_CLKIN1_CLKOUT1)
                                                     -3.165    -0.571 r                       u_mmcm1/CLKOUT1
                         net (fo=1, routed)           1.567     0.996                         clk_sys_unbuf
    BUFGCTRL_X0Y0        BUFG (Prop_bufg_I_O)         0.085     1.081 r                       u_bufg_sys/O
                         net (fo=29547, routed)       1.456     2.537                         u_xt_blitter/clk_sys
    SLICE_X61Y12         FDRE                                         r  pb_blitter           u_xt_blitter/src_cov_q_reg/C
  -------------------------------------------------------------------    ----------------------------------------
    SLICE_X61Y12         FDRE (Prop_fdre_C_Q)         0.348     2.885 r  pb_blitter           u_xt_blitter/src_cov_q_reg/Q
                         net (fo=63, routed)          0.805     3.690                         u_xt_blitter/src_cov_q
    SLICE_X63Y17         LUT3 (Prop_lut3_I2_O)        0.242     3.932 r  pb_blitter           u_xt_blitter/sb_pix_q[31]_i_9/O
                         net (fo=1, routed)           0.000     3.932                         u_xt_blitter/sb_pix_q[31]_i_9_n_0
    SLICE_X63Y17         CARRY4 (Prop_carry4_S[1]_O[2])
                                                      0.481     4.413 r  pb_blitter           u_xt_blitter/sb_pix_q_reg[31]_i_4/O[2]
                         net (fo=58, routed)          0.942     5.355                         u_xt_blitter/sb_src_addr[2]
    SLICE_X68Y32         LUT3 (Prop_lut3_I1_O)        0.256     5.611 f  pb_blitter           u_xt_blitter/sb_pix_q[31]_i_14/O
                         net (fo=2, routed)           0.688     6.299                         u_xt_blitter/sb_pix_q[31]_i_14_n_0
    SLICE_X67Y32         LUT6 (Prop_lut6_I2_O)        0.275     6.574 f  pb_blitter           u_xt_blitter/state[0]_i_33/O
                         net (fo=1, routed)           0.426     7.000                         u_xt_blitter/state[0]_i_33_n_0
    SLICE_X67Y31         LUT6 (Prop_lut6_I5_O)        0.105     7.105 f  pb_blitter           u_xt_blitter/state[0]_i_20/O
                         net (fo=2, routed)           0.516     7.621                         u_xt_blitter/state[0]_i_20_n_0
    SLICE_X67Y31         LUT6 (Prop_lut6_I4_O)        0.105     7.726 r  pb_blitter           u_xt_blitter/state[0]_i_7/O
                         net (fo=2, routed)           0.761     8.487                         u_xt_blitter/state[0]_i_7_n_0
    SLICE_X67Y17         LUT6 (Prop_lut6_I3_O)        0.105     8.592 r  pb_blitter           u_xt_blitter/state[0]_i_2/O
                         net (fo=4, routed)           0.782     9.374                         u_xt_blitter/state[0]_i_2_n_0
    SLICE_X65Y7          LUT6 (Prop_lut6_I0_O)        0.105     9.479 r  pb_blitter           u_xt_blitter/state[0]_rep__0_i_1/O
                         net (fo=1, routed)           0.405     9.884                         u_xt_blitter/state[0]_rep__0_i_1_n_0
    SLICE_X66Y8          FDRE                                         r  pb_blitter           u_xt_blitter/state_reg[0]_rep__0/D
  -------------------------------------------------------------------    ----------------------------------------

                         (clock clk_sys_unbuf rise edge)
                                                      7.500     7.500 r                       
    PS7_X0Y0             PS7                          0.000     7.500 r                       u_ps_bd/zynq_ps/inst/PS7_i/FCLKCLK[1]
                         net (fo=1, routed)           0.905     8.405                         u_ps_bd/zynq_ps/inst/FCLK_CLK_unbuffered[1]
    BUFGCTRL_X0Y17       BUFG (Prop_bufg_I_O)         0.077     8.482 r                       u_ps_bd/zynq_ps/inst/buffer_fclk_clk_1.FCLK_CLK_1_BUFG/O
                         net (fo=2, routed)           1.350     9.832                         fclk_50
    MMCME2_ADV_X0Y0      MMCME2_ADV (Prop_mmcme2_adv_CLKIN1_CLKOUT1)
                                                     -2.851     6.981 r                       u_mmcm1/CLKOUT1
                         net (fo=1, routed)           1.426     8.408                         clk_sys_unbuf
    BUFGCTRL_X0Y0        BUFG (Prop_bufg_I_O)         0.077     8.484 r                       u_bufg_sys/O
                         net (fo=29547, routed)       1.304     9.788                         u_xt_blitter/clk_sys
    SLICE_X66Y8          FDRE                                         r  pb_blitter           u_xt_blitter/state_reg[0]_rep__0/C
                         clock pessimism              0.193     9.981                           
                         clock uncertainty           -0.092     9.889                           
    SLICE_X66Y8          FDRE (Setup_fdre_C_D)       -0.004     9.885    pb_blitter             u_xt_blitter/state_reg[0]_rep__0
  -------------------------------------------------------------------
                         required time                          9.885                           
                         arrival time                          -9.884                           
  -------------------------------------------------------------------
                         slack                                  0.000                           





Min Delay Paths
--------------------------------------------------------------------------------------
Slack (MET) :             0.027ns  (arrival time - required time)
  Source:                 u_axi_bridge/dbg_tb_cfg_reg[5]/C
                            (rising edge-triggered cell FDCE clocked by clk_sys_unbuf  {rise@0.000ns fall@3.750ns period=7.500ns})
  Destination:            u_antic_top/u_tb_cfg_sync/sync_ff0_reg[5]/D
                            (rising edge-triggered cell FDRE clocked by clk_sys_unbuf  {rise@0.000ns fall@3.750ns period=7.500ns})
  Path Group:             clk_sys_unbuf
  Path Type:              Hold (Min at Fast Process Corner)
  Requirement:            0.000ns  (clk_sys_unbuf rise@0.000ns - clk_sys_unbuf rise@0.000ns)
  Data Path Delay:        0.419ns  (logic 0.141ns (33.630%)  route 0.278ns (66.370%))
  Logic Levels:           0  
  Clock Path Skew:        0.345ns (DCD - SCD - CPR)
    Destination Clock Delay (DCD):    1.304ns
    Source Clock Delay      (SCD):    0.924ns
    Clock Pessimism Removal (CPR):    0.035ns

    Location             Delay type                Incr(ns)  Path(ns)    Netlist Resource(s)
  -------------------------------------------------------------------    -------------------
                         (clock clk_sys_unbuf rise edge)
                                                      0.000     0.000 r  
    PS7_X0Y0             PS7                          0.000     0.000 r  u_ps_bd/zynq_ps/inst/PS7_i/FCLKCLK[1]
                         net (fo=1, routed)           0.310     0.310    u_ps_bd/zynq_ps/inst/FCLK_CLK_unbuffered[1]
    BUFGCTRL_X0Y17       BUFG (Prop_bufg_I_O)         0.026     0.336 r  u_ps_bd/zynq_ps/inst/buffer_fclk_clk_1.FCLK_CLK_1_BUFG/O
                         net (fo=2, routed)           0.580     0.916    fclk_50
    MMCME2_ADV_X0Y0      MMCME2_ADV (Prop_mmcme2_adv_CLKIN1_CLKOUT1)
                                                     -1.122    -0.206 r  u_mmcm1/CLKOUT1
                         net (fo=1, routed)           0.518     0.312    clk_sys_unbuf
    BUFGCTRL_X0Y0        BUFG (Prop_bufg_I_O)         0.026     0.338 r  u_bufg_sys/O
                         net (fo=29547, routed)       0.586     0.924    u_axi_bridge/clk_sys
    SLICE_X80Y98         FDCE                                         r  u_axi_bridge/dbg_tb_cfg_reg[5]/C
  -------------------------------------------------------------------    -------------------
    SLICE_X80Y98         FDCE (Prop_fdce_C_Q)         0.141     1.065 r  u_axi_bridge/dbg_tb_cfg_reg[5]/Q
                         net (fo=2, routed)           0.278     1.343    u_antic_top/u_tb_cfg_sync/sync_ff0_reg[25]_0[5]
    SLICE_X67Y106        FDRE                                         r  u_antic_top/u_tb_cfg_sync/sync_ff0_reg[5]/D
  -------------------------------------------------------------------    -------------------

                         (clock clk_sys_unbuf rise edge)
                                                      0.000     0.000 r  
    PS7_X0Y0             PS7                          0.000     0.000 r  u_ps_bd/zynq_ps/inst/PS7_i/FCLKCLK[1]
                         net (fo=1, routed)           0.337     0.337    u_ps_bd/zynq_ps/inst/FCLK_CLK_unbuffered[1]
    BUFGCTRL_X0Y17       BUFG (Prop_bufg_I_O)         0.029     0.366 r  u_ps_bd/zynq_ps/inst/buffer_fclk_clk_1.FCLK_CLK_1_BUFG/O
                         net (fo=2, routed)           0.846     1.212    fclk_50
    MMCME2_ADV_X0Y0      MMCME2_ADV (Prop_mmcme2_adv_CLKIN1_CLKOUT1)
                                                     -1.437    -0.225 r  u_mmcm1/CLKOUT1
                         net (fo=1, routed)           0.564     0.339    clk_sys_unbuf
    BUFGCTRL_X0Y0        BUFG (Prop_bufg_I_O)         0.029     0.368 r  u_bufg_sys/O
                         net (fo=29547, routed)       0.936     1.304    u_antic_top/u_tb_cfg_sync/clk_sys
    SLICE_X67Y106        FDRE                                         r  u_antic_top/u_tb_cfg_sync/sync_ff0_reg[5]/C
                         clock pessimism             -0.035     1.269    
    SLICE_X67Y106        FDRE (Hold_fdre_C_D)         0.047     1.316    u_antic_top/u_tb_cfg_sync/sync_ff0_reg[5]
  -------------------------------------------------------------------
                         required time                         -1.316    
                         arrival time                           1.343    
  -------------------------------------------------------------------
                         slack                                  0.027    





Pulse Width Checks
--------------------------------------------------------------------------------------
Clock Name:         clk_sys_unbuf
Waveform(ns):       { 0.000 3.750 }
Period(ns):         7.500
Sources:            { u_mmcm1/CLKOUT1 }

Check Type        Corner  Lib Pin             Reference Pin  Required(ns)  Actual(ns)  Slack(ns)  Location         Pin
Min Period        n/a     RAMB18E1/CLKARDCLK  n/a            2.472         7.500       5.028      RAMB18_X4Y28     u_antic_writeback/u_pal/mem_reg/CLKARDCLK
Max Period        n/a     MMCME2_ADV/CLKOUT1  n/a            213.360       7.500       205.860    MMCME2_ADV_X0Y0  u_mmcm1/CLKOUT1
Low Pulse Width   Slow    RAMD64E/CLK         n/a            1.130         3.750       2.620      SLICE_X50Y55     u_antic_writeback/u_writer/row_buf_reg_r1_0_63_12_14/RAMA/CLK
High Pulse Width  Slow    RAMD64E/CLK         n/a            1.130         3.750       2.620      SLICE_X50Y55     u_antic_writeback/u_writer/row_buf_reg_r1_0_63_12_14/RAMA/CLK



---------------------------------------------------------------------------------------------------
From Clock:  mmcm1_fb_out
  To Clock:  mmcm1_fb_out

Setup :           NA  Failing Endpoints,  Worst Slack           NA  ,  Total Violation           NA
Hold  :           NA  Failing Endpoints,  Worst Slack           NA  ,  Total Violation           NA
PW    :            0  Failing Endpoints,  Worst Slack       18.408ns,  Total Violation        0.000ns
---------------------------------------------------------------------------------------------------


Pulse Width Checks
--------------------------------------------------------------------------------------
Clock Name:         mmcm1_fb_out
Waveform(ns):       { 0.000 10.000 }
Period(ns):         20.000
Sources:            { u_mmcm1/CLKFBOUT }

Check Type  Corner  Lib Pin             Reference Pin  Required(ns)  Actual(ns)  Slack(ns)  Location         Pin
Min Period  n/a     BUFG/I              n/a            1.592         20.000      18.408     BUFGCTRL_X0Y3    u_bufg_fb1/I
Max Period  n/a     MMCME2_ADV/CLKFBIN  n/a            100.000       20.000      80.000     MMCME2_ADV_X0Y0  u_mmcm1/CLKFBIN



---------------------------------------------------------------------------------------------------
From Clock:  mmcm2_fb_out
  To Clock:  mmcm2_fb_out

Setup :           NA  Failing Endpoints,  Worst Slack           NA  ,  Total Violation           NA
Hold  :           NA  Failing Endpoints,  Worst Slack           NA  ,  Total Violation           NA
PW    :            0  Failing Endpoints,  Worst Slack       18.408ns,  Total Violation        0.000ns
---------------------------------------------------------------------------------------------------


Pulse Width Checks
--------------------------------------------------------------------------------------
Clock Name:         mmcm2_fb_out
Waveform(ns):       { 0.000 10.000 }
Period(ns):         20.000
Sources:            { u_mmcm2/CLKFBOUT }

Check Type  Corner  Lib Pin             Reference Pin  Required(ns)  Actual(ns)  Slack(ns)  Location         Pin
Min Period  n/a     BUFG/I              n/a            1.592         20.000      18.408     BUFGCTRL_X0Y4    u_bufg_fb2/I
Max Period  n/a     MMCME2_ADV/CLKFBIN  n/a            100.000       20.000      80.000     MMCME2_ADV_X1Y0  u_mmcm2/CLKFBIN



---------------------------------------------------------------------------------------------------
Path Group:  **async_default**
From Clock:  clk_pix_unbuf
  To Clock:  clk_pix_unbuf

Setup :            0  Failing Endpoints,  Worst Slack        3.012ns,  Total Violation        0.000ns
Hold  :            0  Failing Endpoints,  Worst Slack        0.722ns,  Total Violation        0.000ns
---------------------------------------------------------------------------------------------------


Max Delay Paths
--------------------------------------------------------------------------------------
Slack (MET) :             3.012ns  (required time - arrival time)
  Source:                 pf_armed_reg/C
                            (rising edge-triggered cell FDCE clocked by clk_pix_unbuf  {rise@0.000ns fall@3.368ns period=6.737ns})
  Destination:            u_plane_fetch0/fetch_row_pix_reg[2]/CLR
                            (recovery check against rising-edge clock clk_pix_unbuf  {rise@0.000ns fall@3.368ns period=6.737ns})
  Path Group:             **async_default**
  Path Type:              Recovery (Max at Slow Process Corner)
  Requirement:            6.737ns  (clk_pix_unbuf rise@6.737ns - clk_pix_unbuf rise@0.000ns)
  Data Path Delay:        3.240ns  (logic 0.484ns (14.940%)  route 2.756ns (85.060%))
  Logic Levels:           1  (LUT2=1)
  Clock Path Skew:        -0.136ns (DCD - SCD + CPR)
    Destination Clock Delay (DCD):    2.235ns = ( 8.972 - 6.737 ) 
    Source Clock Delay      (SCD):    2.564ns
    Clock Pessimism Removal (CPR):    0.193ns
  Clock Uncertainty:      0.092ns  ((TSJ^2 + DJ^2)^1/2) / 2 + PE
    Total System Jitter     (TSJ):    0.071ns
    Discrete Jitter          (DJ):    0.169ns
    Phase Error              (PE):    0.000ns

    Location             Delay type                Incr(ns)  Path(ns)    Netlist Resource(s)
  -------------------------------------------------------------------    -------------------
                         (clock clk_pix_unbuf rise edge)
                                                      0.000     0.000 r  
    PS7_X0Y0             PS7                          0.000     0.000 r  u_ps_bd/zynq_ps/inst/PS7_i/FCLKCLK[1]
                         net (fo=1, routed)           0.994     0.994    u_ps_bd/zynq_ps/inst/FCLK_CLK_unbuffered[1]
    BUFGCTRL_X0Y17       BUFG (Prop_bufg_I_O)         0.085     1.079 r  u_ps_bd/zynq_ps/inst/buffer_fclk_clk_1.FCLK_CLK_1_BUFG/O
                         net (fo=2, routed)           1.552     2.631    fclk_50
    MMCME2_ADV_X1Y0      MMCME2_ADV (Prop_mmcme2_adv_CLKIN1_CLKOUT0)
                                                     -3.232    -0.601 r  u_mmcm2/CLKOUT0
                         net (fo=1, routed)           1.597     0.996    clk_pix_unbuf
    BUFGCTRL_X0Y2        BUFGCTRL (Prop_bufgctrl_I0_O)
                                                      0.085     1.081 r  u_bufg_pix/O
                         net (fo=1807, routed)        1.483     2.564    clk_pix
    SLICE_X15Y44         FDCE                                         r  pf_armed_reg/C
  -------------------------------------------------------------------    -------------------
    SLICE_X15Y44         FDCE (Prop_fdce_C_Q)         0.379     2.943 r  pf_armed_reg/Q
                         net (fo=3, routed)           0.514     3.457    u_plane_fetch_overlay/pf_armed
    SLICE_X16Y44         LUT2 (Prop_lut2_I1_O)        0.105     3.562 f  u_plane_fetch_overlay/ls_toggle_pix_i_2/O
                         net (fo=43, routed)          2.241     5.804    u_plane_fetch0/pf_rst_pix
    SLICE_X36Y41         FDCE                                         f  u_plane_fetch0/fetch_row_pix_reg[2]/CLR
  -------------------------------------------------------------------    -------------------

                         (clock clk_pix_unbuf rise edge)
                                                      6.737     6.737 r  
    PS7_X0Y0             PS7                          0.000     6.737 r  u_ps_bd/zynq_ps/inst/PS7_i/FCLKCLK[1]
                         net (fo=1, routed)           0.905     7.642    u_ps_bd/zynq_ps/inst/FCLK_CLK_unbuffered[1]
    BUFGCTRL_X0Y17       BUFG (Prop_bufg_I_O)         0.077     7.719 r  u_ps_bd/zynq_ps/inst/buffer_fclk_clk_1.FCLK_CLK_1_BUFG/O
                         net (fo=2, routed)           1.386     9.105    fclk_50
    MMCME2_ADV_X1Y0      MMCME2_ADV (Prop_mmcme2_adv_CLKIN1_CLKOUT0)
                                                     -2.915     6.190 r  u_mmcm2/CLKOUT0
                         net (fo=1, routed)           1.454     7.644    clk_pix_unbuf
    BUFGCTRL_X0Y2        BUFGCTRL (Prop_bufgctrl_I0_O)
                                                      0.077     7.721 r  u_bufg_pix/O
                         net (fo=1807, routed)        1.251     8.972    u_plane_fetch0/clk_pix
    SLICE_X36Y41         FDCE                                         r  u_plane_fetch0/fetch_row_pix_reg[2]/C
                         clock pessimism              0.193     9.165    
                         clock uncertainty           -0.092     9.073    
    SLICE_X36Y41         FDCE (Recov_fdce_C_CLR)     -0.258     8.815    u_plane_fetch0/fetch_row_pix_reg[2]
  -------------------------------------------------------------------
                         required time                          8.815    
                         arrival time                          -5.804    
  -------------------------------------------------------------------
                         slack                                  3.012    





Min Delay Paths
--------------------------------------------------------------------------------------
Slack (MET) :             0.722ns  (arrival time - required time)
  Source:                 pf_armed_reg/C
                            (rising edge-triggered cell FDCE clocked by clk_pix_unbuf  {rise@0.000ns fall@3.368ns period=6.737ns})
  Destination:            u_plane_fetch_overlay/ls_toggle_pix_reg/CLR
                            (removal check against rising-edge clock clk_pix_unbuf  {rise@0.000ns fall@3.368ns period=6.737ns})
  Path Group:             **async_default**
  Path Type:              Removal (Min at Fast Process Corner)
  Requirement:            0.000ns  (clk_pix_unbuf rise@0.000ns - clk_pix_unbuf rise@0.000ns)
  Data Path Delay:        0.692ns  (logic 0.186ns (26.888%)  route 0.506ns (73.112%))
  Logic Levels:           1  (LUT2=1)
  Clock Path Skew:        0.037ns (DCD - SCD - CPR)
    Destination Clock Delay (DCD):    1.232ns
    Source Clock Delay      (SCD):    0.932ns
    Clock Pessimism Removal (CPR):    0.263ns

    Location             Delay type                Incr(ns)  Path(ns)    Netlist Resource(s)
  -------------------------------------------------------------------    -------------------
                         (clock clk_pix_unbuf rise edge)
                                                      0.000     0.000 r  
    PS7_X0Y0             PS7                          0.000     0.000 r  u_ps_bd/zynq_ps/inst/PS7_i/FCLKCLK[1]
                         net (fo=1, routed)           0.310     0.310    u_ps_bd/zynq_ps/inst/FCLK_CLK_unbuffered[1]
    BUFGCTRL_X0Y17       BUFG (Prop_bufg_I_O)         0.026     0.336 r  u_ps_bd/zynq_ps/inst/buffer_fclk_clk_1.FCLK_CLK_1_BUFG/O
                         net (fo=2, routed)           0.597     0.933    fclk_50
    MMCME2_ADV_X1Y0      MMCME2_ADV (Prop_mmcme2_adv_CLKIN1_CLKOUT0)
                                                     -1.150    -0.217 r  u_mmcm2/CLKOUT0
                         net (fo=1, routed)           0.529     0.312    clk_pix_unbuf
    BUFGCTRL_X0Y2        BUFGCTRL (Prop_bufgctrl_I0_O)
                                                      0.026     0.338 r  u_bufg_pix/O
                         net (fo=1807, routed)        0.594     0.931    clk_pix
    SLICE_X15Y44         FDCE                                         r  pf_armed_reg/C
  -------------------------------------------------------------------    -------------------
    SLICE_X15Y44         FDCE (Prop_fdce_C_Q)         0.141     1.072 r  pf_armed_reg/Q
                         net (fo=3, routed)           0.225     1.298    u_plane_fetch_overlay/pf_armed
    SLICE_X16Y44         LUT2 (Prop_lut2_I1_O)        0.045     1.343 f  u_plane_fetch_overlay/ls_toggle_pix_i_2/O
                         net (fo=43, routed)          0.280     1.623    u_plane_fetch_overlay/pf_rst_pix
    SLICE_X16Y49         FDCE                                         f  u_plane_fetch_overlay/ls_toggle_pix_reg/CLR
  -------------------------------------------------------------------    -------------------

                         (clock clk_pix_unbuf rise edge)
                                                      0.000     0.000 r  
    PS7_X0Y0             PS7                          0.000     0.000 r  u_ps_bd/zynq_ps/inst/PS7_i/FCLKCLK[1]
                         net (fo=1, routed)           0.337     0.337    u_ps_bd/zynq_ps/inst/FCLK_CLK_unbuffered[1]
    BUFGCTRL_X0Y17       BUFG (Prop_bufg_I_O)         0.029     0.366 r  u_ps_bd/zynq_ps/inst/buffer_fclk_clk_1.FCLK_CLK_1_BUFG/O
                         net (fo=2, routed)           0.864     1.230    fclk_50
    MMCME2_ADV_X1Y0      MMCME2_ADV (Prop_mmcme2_adv_CLKIN1_CLKOUT0)
                                                     -1.467    -0.237 r  u_mmcm2/CLKOUT0
                         net (fo=1, routed)           0.576     0.339    clk_pix_unbuf
    BUFGCTRL_X0Y2        BUFGCTRL (Prop_bufgctrl_I0_O)
                                                      0.029     0.368 r  u_bufg_pix/O
                         net (fo=1807, routed)        0.864     1.232    u_plane_fetch_overlay/clk_pix
    SLICE_X16Y49         FDCE                                         r  u_plane_fetch_overlay/ls_toggle_pix_reg/C
                         clock pessimism             -0.263     0.968    
    SLICE_X16Y49         FDCE (Remov_fdce_C_CLR)     -0.067     0.901    u_plane_fetch_overlay/ls_toggle_pix_reg
  -------------------------------------------------------------------
                         required time                         -0.902    
                         arrival time                           1.623    
  -------------------------------------------------------------------
                         slack                                  0.722    





---------------------------------------------------------------------------------------------------
Path Group:  **async_default**
From Clock:  clk_sally_unbuf
  To Clock:  clk_sally_unbuf

Setup :            0  Failing Endpoints,  Worst Slack        4.388ns,  Total Violation        0.000ns
Hold  :            0  Failing Endpoints,  Worst Slack        0.974ns,  Total Violation        0.000ns
---------------------------------------------------------------------------------------------------


Max Delay Paths
--------------------------------------------------------------------------------------
Slack (MET) :             4.388ns  (required time - arrival time)
  Source:                 sallyrst_sync_reg[1]/C
                            (rising edge-triggered cell FDRE clocked by clk_sally_unbuf  {rise@0.000ns fall@5.000ns period=10.000ns})
  Destination:            u_sally_clock/busy_n_q_reg/PRE
                            (recovery check against rising-edge clock clk_sally_unbuf  {rise@0.000ns fall@5.000ns period=10.000ns})
  Path Group:             **async_default**
  Path Type:              Recovery (Max at Slow Process Corner)
  Requirement:            10.000ns  (clk_sally_unbuf rise@10.000ns - clk_sally_unbuf rise@0.000ns)
  Data Path Delay:        4.855ns  (logic 0.590ns (12.154%)  route 4.265ns (87.846%))
  Logic Levels:           1  (LUT2=1)
  Clock Path Skew:        -0.369ns (DCD - SCD + CPR)
    Destination Clock Delay (DCD):    2.221ns = ( 12.221 - 10.000 ) 
    Source Clock Delay      (SCD):    2.698ns
    Clock Pessimism Removal (CPR):    0.108ns
  Clock Uncertainty:      0.096ns  ((TSJ^2 + DJ^2)^1/2) / 2 + PE
    Total System Jitter     (TSJ):    0.071ns
    Discrete Jitter          (DJ):    0.179ns
    Phase Error              (PE):    0.000ns

    Location             Delay type                Incr(ns)  Path(ns)    Netlist Resource(s)
  -------------------------------------------------------------------    -------------------
                         (clock clk_sally_unbuf rise edge)
                                                      0.000     0.000 r  
    PS7_X0Y0             PS7                          0.000     0.000 r  u_ps_bd/zynq_ps/inst/PS7_i/FCLKCLK[1]
                         net (fo=1, routed)           0.994     0.994    u_ps_bd/zynq_ps/inst/FCLK_CLK_unbuffered[1]
    BUFGCTRL_X0Y17       BUFG (Prop_bufg_I_O)         0.085     1.079 r  u_ps_bd/zynq_ps/inst/buffer_fclk_clk_1.FCLK_CLK_1_BUFG/O
                         net (fo=2, routed)           1.515     2.594    fclk_50
    MMCME2_ADV_X0Y0      MMCME2_ADV (Prop_mmcme2_adv_CLKIN1_CLKOUT0)
                                                     -3.165    -0.571 r  u_mmcm1/CLKOUT0
                         net (fo=1, routed)           1.567     0.996    clk_sally_unbuf
    BUFGCTRL_X0Y1        BUFG (Prop_bufg_I_O)         0.085     1.081 r  u_bufg_sally/O
                         net (fo=2484, routed)        1.617     2.698    clk_sally
    SLICE_X65Y103        FDRE                                         r  sallyrst_sync_reg[1]/C
  -------------------------------------------------------------------    -------------------
    SLICE_X65Y103        FDRE (Prop_fdre_C_Q)         0.348     3.046 f  sallyrst_sync_reg[1]/Q
                         net (fo=1, routed)           0.573     3.619    u_fid_core/state_reg[0]_1[0]
    SLICE_X65Y100        LUT2 (Prop_lut2_I1_O)        0.242     3.861 f  u_fid_core/state[6]_i_1__0/O
                         net (fo=353, routed)         3.692     7.553    u_sally_clock/rst_sally_core
    SLICE_X32Y60         FDPE                                         f  u_sally_clock/busy_n_q_reg/PRE
  -------------------------------------------------------------------    -------------------

                         (clock clk_sally_unbuf rise edge)
                                                     10.000    10.000 r  
    PS7_X0Y0             PS7                          0.000    10.000 r  u_ps_bd/zynq_ps/inst/PS7_i/FCLKCLK[1]
                         net (fo=1, routed)           0.905    10.906    u_ps_bd/zynq_ps/inst/FCLK_CLK_unbuffered[1]
    BUFGCTRL_X0Y17       BUFG (Prop_bufg_I_O)         0.077    10.983 r  u_ps_bd/zynq_ps/inst/buffer_fclk_clk_1.FCLK_CLK_1_BUFG/O
                         net (fo=2, routed)           1.350    12.332    fclk_50
    MMCME2_ADV_X0Y0      MMCME2_ADV (Prop_mmcme2_adv_CLKIN1_CLKOUT0)
                                                     -2.851     9.481 r  u_mmcm1/CLKOUT0
                         net (fo=1, routed)           1.426    10.908    clk_sally_unbuf
    BUFGCTRL_X0Y1        BUFG (Prop_bufg_I_O)         0.077    10.985 r  u_bufg_sally/O
                         net (fo=2484, routed)        1.236    12.221    u_sally_clock/CLK
    SLICE_X32Y60         FDPE                                         r  u_sally_clock/busy_n_q_reg/C
                         clock pessimism              0.108    12.329    
                         clock uncertainty           -0.096    12.233    
    SLICE_X32Y60         FDPE (Recov_fdpe_C_PRE)     -0.292    11.941    u_sally_clock/busy_n_q_reg
  -------------------------------------------------------------------
                         required time                         11.941    
                         arrival time                          -7.553    
  -------------------------------------------------------------------
                         slack                                  4.388    





Min Delay Paths
--------------------------------------------------------------------------------------
Slack (MET) :             0.974ns  (arrival time - required time)
  Source:                 sallyrst_sync_reg[1]/C
                            (rising edge-triggered cell FDRE clocked by clk_sally_unbuf  {rise@0.000ns fall@5.000ns period=10.000ns})
  Destination:            u_sally_clock/sub_counter_q_reg[1]/CLR
                            (removal check against rising-edge clock clk_sally_unbuf  {rise@0.000ns fall@5.000ns period=10.000ns})
  Path Group:             **async_default**
  Path Type:              Removal (Min at Fast Process Corner)
  Requirement:            0.000ns  (clk_sally_unbuf rise@0.000ns - clk_sally_unbuf rise@0.000ns)
  Data Path Delay:        1.035ns  (logic 0.227ns (21.936%)  route 0.808ns (78.064%))
  Logic Levels:           1  (LUT2=1)
  Clock Path Skew:        0.153ns (DCD - SCD - CPR)
    Destination Clock Delay (DCD):    1.189ns
    Source Clock Delay      (SCD):    1.001ns
    Clock Pessimism Removal (CPR):    0.035ns

    Location             Delay type                Incr(ns)  Path(ns)    Netlist Resource(s)
  -------------------------------------------------------------------    -------------------
                         (clock clk_sally_unbuf rise edge)
                                                      0.000     0.000 r  
    PS7_X0Y0             PS7                          0.000     0.000 r  u_ps_bd/zynq_ps/inst/PS7_i/FCLKCLK[1]
                         net (fo=1, routed)           0.310     0.310    u_ps_bd/zynq_ps/inst/FCLK_CLK_unbuffered[1]
    BUFGCTRL_X0Y17       BUFG (Prop_bufg_I_O)         0.026     0.336 r  u_ps_bd/zynq_ps/inst/buffer_fclk_clk_1.FCLK_CLK_1_BUFG/O
                         net (fo=2, routed)           0.580     0.916    fclk_50
    MMCME2_ADV_X0Y0      MMCME2_ADV (Prop_mmcme2_adv_CLKIN1_CLKOUT0)
                                                     -1.122    -0.206 r  u_mmcm1/CLKOUT0
                         net (fo=1, routed)           0.518     0.312    clk_sally_unbuf
    BUFGCTRL_X0Y1        BUFG (Prop_bufg_I_O)         0.026     0.338 r  u_bufg_sally/O
                         net (fo=2484, routed)        0.663     1.001    clk_sally
    SLICE_X65Y103        FDRE                                         r  sallyrst_sync_reg[1]/C
  -------------------------------------------------------------------    -------------------
    SLICE_X65Y103        FDRE (Prop_fdre_C_Q)         0.128     1.129 f  sallyrst_sync_reg[1]/Q
                         net (fo=1, routed)           0.249     1.378    u_fid_core/state_reg[0]_1[0]
    SLICE_X65Y100        LUT2 (Prop_lut2_I1_O)        0.099     1.477 f  u_fid_core/state[6]_i_1__0/O
                         net (fo=353, routed)         0.559     2.036    u_sally_clock/rst_sally_core
    SLICE_X52Y91         FDCE                                         f  u_sally_clock/sub_counter_q_reg[1]/CLR
  -------------------------------------------------------------------    -------------------

                         (clock clk_sally_unbuf rise edge)
                                                      0.000     0.000 r  
    PS7_X0Y0             PS7                          0.000     0.000 r  u_ps_bd/zynq_ps/inst/PS7_i/FCLKCLK[1]
                         net (fo=1, routed)           0.337     0.337    u_ps_bd/zynq_ps/inst/FCLK_CLK_unbuffered[1]
    BUFGCTRL_X0Y17       BUFG (Prop_bufg_I_O)         0.029     0.366 r  u_ps_bd/zynq_ps/inst/buffer_fclk_clk_1.FCLK_CLK_1_BUFG/O
                         net (fo=2, routed)           0.846     1.212    fclk_50
    MMCME2_ADV_X0Y0      MMCME2_ADV (Prop_mmcme2_adv_CLKIN1_CLKOUT0)
                                                     -1.437    -0.225 r  u_mmcm1/CLKOUT0
                         net (fo=1, routed)           0.564     0.339    clk_sally_unbuf
    BUFGCTRL_X0Y1        BUFG (Prop_bufg_I_O)         0.029     0.368 r  u_bufg_sally/O
                         net (fo=2484, routed)        0.821     1.189    u_sally_clock/CLK
    SLICE_X52Y91         FDCE                                         r  u_sally_clock/sub_counter_q_reg[1]/C
                         clock pessimism             -0.035     1.154    
    SLICE_X52Y91         FDCE (Remov_fdce_C_CLR)     -0.092     1.062    u_sally_clock/sub_counter_q_reg[1]
  -------------------------------------------------------------------
                         required time                         -1.062    
                         arrival time                           2.036    
  -------------------------------------------------------------------
                         slack                                  0.974    





---------------------------------------------------------------------------------------------------
Path Group:  **async_default**
From Clock:  clk_sys_unbuf
  To Clock:  clk_sys_unbuf

Setup :            0  Failing Endpoints,  Worst Slack        1.695ns,  Total Violation        0.000ns
Hold  :            0  Failing Endpoints,  Worst Slack        0.326ns,  Total Violation        0.000ns
---------------------------------------------------------------------------------------------------


Max Delay Paths
--------------------------------------------------------------------------------------
Slack (MET) :             1.695ns  (required time - arrival time)
  Source:                 rst_sys_pipe_reg[2]_replica_13/C
                            (rising edge-triggered cell FDPE clocked by clk_sys_unbuf  {rise@0.000ns fall@3.750ns period=7.500ns})
  Destination:            u_trng/s1_reg[13]/CLR
                            (recovery check against rising-edge clock clk_sys_unbuf  {rise@0.000ns fall@3.750ns period=7.500ns})
  Path Group:             **async_default**
  Path Type:              Recovery (Max at Slow Process Corner)
  Requirement:            7.500ns  (clk_sys_unbuf rise@7.500ns - clk_sys_unbuf rise@0.000ns)
  Data Path Delay:        5.450ns  (logic 0.379ns (6.954%)  route 5.071ns (93.046%))
  Logic Levels:           0  
  Clock Path Skew:        0.069ns (DCD - SCD + CPR)
    Destination Clock Delay (DCD):    2.489ns = ( 9.989 - 7.500 ) 
    Source Clock Delay      (SCD):    2.529ns
    Clock Pessimism Removal (CPR):    0.108ns
  Clock Uncertainty:      0.092ns  ((TSJ^2 + DJ^2)^1/2) / 2 + PE
    Total System Jitter     (TSJ):    0.071ns
    Discrete Jitter          (DJ):    0.171ns
    Phase Error              (PE):    0.000ns

    Location             Delay type                Incr(ns)  Path(ns)    Netlist Resource(s)
  -------------------------------------------------------------------    -------------------
                         (clock clk_sys_unbuf rise edge)
                                                      0.000     0.000 r  
    PS7_X0Y0             PS7                          0.000     0.000 r  u_ps_bd/zynq_ps/inst/PS7_i/FCLKCLK[1]
                         net (fo=1, routed)           0.994     0.994    u_ps_bd/zynq_ps/inst/FCLK_CLK_unbuffered[1]
    BUFGCTRL_X0Y17       BUFG (Prop_bufg_I_O)         0.085     1.079 r  u_ps_bd/zynq_ps/inst/buffer_fclk_clk_1.FCLK_CLK_1_BUFG/O
                         net (fo=2, routed)           1.515     2.594    fclk_50
    MMCME2_ADV_X0Y0      MMCME2_ADV (Prop_mmcme2_adv_CLKIN1_CLKOUT1)
                                                     -3.165    -0.571 r  u_mmcm1/CLKOUT1
                         net (fo=1, routed)           1.567     0.996    clk_sys_unbuf
    BUFGCTRL_X0Y0        BUFG (Prop_bufg_I_O)         0.085     1.081 r  u_bufg_sys/O
                         net (fo=29547, routed)       1.448     2.529    clk_sys
    SLICE_X84Y86         FDPE                                         r  rst_sys_pipe_reg[2]_replica_13/C
  -------------------------------------------------------------------    -------------------
    SLICE_X84Y86         FDPE (Prop_fdpe_C_Q)         0.379     2.908 f  rst_sys_pipe_reg[2]_replica_13/Q
                         net (fo=123, routed)         5.071     7.979    u_trng/rst_sys_repN_13_alias
    SLICE_X103Y148       FDCE                                         f  u_trng/s1_reg[13]/CLR
  -------------------------------------------------------------------    -------------------

                         (clock clk_sys_unbuf rise edge)
                                                      7.500     7.500 r  
    PS7_X0Y0             PS7                          0.000     7.500 r  u_ps_bd/zynq_ps/inst/PS7_i/FCLKCLK[1]
                         net (fo=1, routed)           0.905     8.405    u_ps_bd/zynq_ps/inst/FCLK_CLK_unbuffered[1]
    BUFGCTRL_X0Y17       BUFG (Prop_bufg_I_O)         0.077     8.482 r  u_ps_bd/zynq_ps/inst/buffer_fclk_clk_1.FCLK_CLK_1_BUFG/O
                         net (fo=2, routed)           1.350     9.832    fclk_50
    MMCME2_ADV_X0Y0      MMCME2_ADV (Prop_mmcme2_adv_CLKIN1_CLKOUT1)
                                                     -2.851     6.981 r  u_mmcm1/CLKOUT1
                         net (fo=1, routed)           1.426     8.408    clk_sys_unbuf
    BUFGCTRL_X0Y0        BUFG (Prop_bufg_I_O)         0.077     8.484 r  u_bufg_sys/O
                         net (fo=29547, routed)       1.505     9.989    u_trng/clk_sys
    SLICE_X103Y148       FDCE                                         r  u_trng/s1_reg[13]/C
                         clock pessimism              0.108    10.098    
                         clock uncertainty           -0.092    10.006    
    SLICE_X103Y148       FDCE (Recov_fdce_C_CLR)     -0.331     9.675    u_trng/s1_reg[13]
  -------------------------------------------------------------------
                         required time                          9.675    
                         arrival time                          -7.979    
  -------------------------------------------------------------------
                         slack                                  1.695    





Min Delay Paths
--------------------------------------------------------------------------------------
Slack (MET) :             0.326ns  (arrival time - required time)
  Source:                 rst_sys_pipe_reg[2]_replica_9/C
                            (rising edge-triggered cell FDPE clocked by clk_sys_unbuf  {rise@0.000ns fall@3.750ns period=7.500ns})
  Destination:            u_antic_writeback/row_capt_reg[0]/CLR
                            (removal check against rising-edge clock clk_sys_unbuf  {rise@0.000ns fall@3.750ns period=7.500ns})
  Path Group:             **async_default**
  Path Type:              Removal (Min at Fast Process Corner)
  Requirement:            0.000ns  (clk_sys_unbuf rise@0.000ns - clk_sys_unbuf rise@0.000ns)
  Data Path Delay:        0.497ns  (logic 0.141ns (28.376%)  route 0.356ns (71.624%))
  Logic Levels:           0  
  Clock Path Skew:        0.263ns (DCD - SCD - CPR)
    Destination Clock Delay (DCD):    1.186ns
    Source Clock Delay      (SCD):    0.888ns
    Clock Pessimism Removal (CPR):    0.035ns

    Location             Delay type                Incr(ns)  Path(ns)    Netlist Resource(s)
  -------------------------------------------------------------------    -------------------
                         (clock clk_sys_unbuf rise edge)
                                                      0.000     0.000 r  
    PS7_X0Y0             PS7                          0.000     0.000 r  u_ps_bd/zynq_ps/inst/PS7_i/FCLKCLK[1]
                         net (fo=1, routed)           0.310     0.310    u_ps_bd/zynq_ps/inst/FCLK_CLK_unbuffered[1]
    BUFGCTRL_X0Y17       BUFG (Prop_bufg_I_O)         0.026     0.336 r  u_ps_bd/zynq_ps/inst/buffer_fclk_clk_1.FCLK_CLK_1_BUFG/O
                         net (fo=2, routed)           0.580     0.916    fclk_50
    MMCME2_ADV_X0Y0      MMCME2_ADV (Prop_mmcme2_adv_CLKIN1_CLKOUT1)
                                                     -1.122    -0.206 r  u_mmcm1/CLKOUT1
                         net (fo=1, routed)           0.518     0.312    clk_sys_unbuf
    BUFGCTRL_X0Y0        BUFG (Prop_bufg_I_O)         0.026     0.338 r  u_bufg_sys/O
                         net (fo=29547, routed)       0.550     0.888    clk_sys
    SLICE_X53Y84         FDPE                                         r  rst_sys_pipe_reg[2]_replica_9/C
  -------------------------------------------------------------------    -------------------
    SLICE_X53Y84         FDPE (Prop_fdpe_C_Q)         0.141     1.029 f  rst_sys_pipe_reg[2]_replica_9/Q
                         net (fo=191, routed)         0.356     1.384    u_antic_writeback/rst_sys_repN_9_alias
    SLICE_X44Y82         FDCE                                         f  u_antic_writeback/row_capt_reg[0]/CLR
  -------------------------------------------------------------------    -------------------

                         (clock clk_sys_unbuf rise edge)
                                                      0.000     0.000 r  
    PS7_X0Y0             PS7                          0.000     0.000 r  u_ps_bd/zynq_ps/inst/PS7_i/FCLKCLK[1]
                         net (fo=1, routed)           0.337     0.337    u_ps_bd/zynq_ps/inst/FCLK_CLK_unbuffered[1]
    BUFGCTRL_X0Y17       BUFG (Prop_bufg_I_O)         0.029     0.366 r  u_ps_bd/zynq_ps/inst/buffer_fclk_clk_1.FCLK_CLK_1_BUFG/O
                         net (fo=2, routed)           0.846     1.212    fclk_50
    MMCME2_ADV_X0Y0      MMCME2_ADV (Prop_mmcme2_adv_CLKIN1_CLKOUT1)
                                                     -1.437    -0.225 r  u_mmcm1/CLKOUT1
                         net (fo=1, routed)           0.564     0.339    clk_sys_unbuf
    BUFGCTRL_X0Y0        BUFG (Prop_bufg_I_O)         0.029     0.368 r  u_bufg_sys/O
                         net (fo=29547, routed)       0.818     1.186    u_antic_writeback/clk_sys
    SLICE_X44Y82         FDCE                                         r  u_antic_writeback/row_capt_reg[0]/C
                         clock pessimism             -0.035     1.151    
    SLICE_X44Y82         FDCE (Remov_fdce_C_CLR)     -0.092     1.059    u_antic_writeback/row_capt_reg[0]
  -------------------------------------------------------------------
                         required time                         -1.059    
                         arrival time                           1.384    
  -------------------------------------------------------------------
                         slack                                  0.326    





