mads 2.1.0 build 8 (23 Dec 19)
Source: cartridge.s
     1 				; Altirra Acid800 test suite
     2 				; Copyright (C) 2010 Avery Lee, All Rights Reserved.
     3 				;
     4 				; Permission is hereby granted, free of charge, to any person obtaining a copy
     5 				; of this software and associated documentation files (the "Software"), to deal
     6 				; in the Software without restriction, including without limitation the rights
     7 				; to use, copy, modify, merge, publish, distribute, sublicense, and/or sell
     8 				; copies of the Software, and to permit persons to whom the Software is
     9 				; furnished to do so, subject to the following conditions:
    10 				;
    11 				; The above copyright notice and this permission notice shall be included in
    12 				; all copies or substantial portions of the Software.
    13 				;
    14 				; THE SOFTWARE IS PROVIDED "AS IS", WITHOUT WARRANTY OF ANY KIND, EXPRESS OR
    15 				; IMPLIED, INCLUDING BUT NOT LIMITED TO THE WARRANTIES OF MERCHANTABILITY,
    16 				; FITNESS FOR A PARTICULAR PURPOSE AND NONINFRINGEMENT. IN NO EVENT SHALL THE
    17 				; AUTHORS OR COPYRIGHT HOLDERS BE LIABLE FOR ANY CLAIM, DAMAGES OR OTHER
    18 				; LIABILITY, WHETHER IN AN ACTION OF CONTRACT, TORT OR OTHERWISE, ARISING FROM,
    19 				; OUT OF OR IN CONNECTION WITH THE SOFTWARE OR THE USE OR OTHER DEALINGS IN THE
    20 				; SOFTWARE. 
    21
    22 					opt		h-o+f+
    23 					org		$4000
    24
    25 = 0001				GENLIBRARY = 1
    26
    27 					icl		'library.s'
Source: library.s
     1 				; Altirra Acid800 test suite
     2 				; Copyright (C) 2010 Avery Lee, All Rights Reserved.
     3 				;
     4 				; Permission is hereby granted, free of charge, to any person obtaining a copy
     5 				; of this software and associated documentation files (the "Software"), to deal
     6 				; in the Software without restriction, including without limitation the rights
     7 				; to use, copy, modify, merge, publish, distribute, sublicense, and/or sell
     8 				; copies of the Software, and to permit persons to whom the Software is
     9 				; furnished to do so, subject to the following conditions:
    10 				;
    11 				; The above copyright notice and this permission notice shall be included in
    12 				; all copies or substantial portions of the Software.
    13 				;
    14 				; THE SOFTWARE IS PROVIDED "AS IS", WITHOUT WARRANTY OF ANY KIND, EXPRESS OR
    15 				; IMPLIED, INCLUDING BUT NOT LIMITED TO THE WARRANTIES OF MERCHANTABILITY,
    16 				; FITNESS FOR A PARTICULAR PURPOSE AND NONINFRINGEMENT. IN NO EVENT SHALL THE
    17 				; AUTHORS OR COPYRIGHT HOLDERS BE LIABLE FOR ANY CLAIM, DAMAGES OR OTHER
    18 				; LIABILITY, WHETHER IN AN ACTION OF CONTRACT, TORT OR OTHERWISE, ARISING FROM,
    19 				; OUT OF OR IN CONNECTION WITH THE SOFTWARE OR THE USE OR OTHER DEALINGS IN THE
    20 				; SOFTWARE. 
    21
    22 				;==========================================================================
    23 				; MEMORY MAP (800)
    24 				;
    25 				;	$0000-007F		OS zero page
    26 				;	$0080-00BF		Module zero page
    27 				;	$00C0-00DF		Library zero page
    28 				;	$00E0-00EF		80-column zero page
    29 				;	$0100-01FF		6502 stack
    30 				;	$0200-03FF		OS database
    31 				;	$0400-09FF		Boot loader / unused
    32 				;	$0A00-0AFF		Boot loader / Veronica support resident page
    33 				;	$0B00-0BFF		Boot loader / sector load buffer
    34 				;	$0C00-0FFF		Boot loader / 16K display
    35 				;	$1000-18FF		Resident test driver (full suite only)
    36 				;	$1900-19FF		Segment tables (full suite only)
    37 				;	$1A00-1FFF		Library code
    38 				;	$2000-3FFF		Module run area
    39 				;	$4000-5FFF		Segment load area / Extended memory window
    40 				;	$6000-7FFF		80-column screen A / Extended memory window
    41 				;	$9000-9BFF		80-column driver
    42 				;	$9C00-9FFF		Unused (display list if cart)
    43 				;	$A000-BFFF		80-column screen B
    44 				;
    45 				; MEMORY MAP (5200)
    46 				;
    47 				;	$0000-001F		OS zero page
    48 				;	$0020-003F		Display zero page
    49 				;	$0080-00BF		Module zero page
    50 				;	$00C0-00DF		Library zero page
    51 				;	$0100-01FF		6502 stack
    52 				;	$0200-021F		OS database
    53 				;	$0220-027F		Unused
    54 				;	$0280-02FF		Library database
    55 				;	$0300-07FF		Display memory
    56 				;	$0800-0FFF		Unused
    57 				;	$1000-1FFF		LZ decompression history window
    58 				;	$2000-3FFF		Module run area
    59 				;	$4000-BFFF		Cartridge library code and module store
    60 				;
    61 				; MEMORY MAP (SAP)
    62 				;
    63 				;	$0080-00BF		Module zero page
    64 				;	$00C0-00DF		Library zero page
    65 				;	$0280-02FF		Library database
    66 				;	$0300-07FF		Display memory
    67 				;	$2000-3FFF		Module run area
    68 				;	$4000-BFFF		Module store
    69
    70 				;==========================================================================
    71 				; CONFIGURATION
    72 				;
    73 						.ifndef SYS800
    74 = 0001					SEGS_IN_ROM = 1
    75 						.else
    76 						SEGS_MIN_MEM = 1
    77 						.endif
    78 						
    79 						.ifdef SYS5200
    80 = 0001					SEGS_LZPACK = 1
    81 						.endif
    82
    83 				;==========================================================================
    84 				; HARDWARE INCLUDES
    85 				;
    86 				.ifdef SYS5200
    87 				;GTIA
    88 = C000			gtia = $c000
    89 = C000			m0pf	equ	$c000
    90 = C001			m1pf	equ	$c001
    91 = C002			m2pf	equ	$c002
    92 = C003			m3pf	equ	$c003
    93 = C004			p0pf	equ	$c004
    94 = C005			p1pf	equ	$c005
    95 = C006			p2pf	equ	$c006
    96 = C007			p3pf	equ	$c007
    97 = C008			m0pl	equ	$c008
    98 = C009			m1pl	equ	$c009
    99 = C00A			m2pl	equ	$c00a
   100 = C00B			m3pl	equ	$c00b
   101 = C00C			p0pl	equ	$c00c
   102 = C00D			p1pl	equ	$c00d
   103 = C00E			p2pl	equ	$c00e
   104 = C00F			p3pl	equ	$c00f
   105 = C000			hposp0	equ	$c000
   106 = C001			hposp1	equ	$c001
   107 = C002			hposp2	equ	$c002
   108 = C003			hposp3	equ	$c003
   109 = C004			hposm0	equ	$c004
   110 = C005			hposm1	equ	$c005
   111 = C006			hposm2	equ	$c006
   112 = C007			hposm3	equ	$c007
   113 = C008			sizep0	equ	$c008
   114 = C009			sizep1	equ	$c009
   115 = C00A			sizep2	equ	$c00a
   116 = C00B			sizep3	equ	$c00b
   117 = C00C			sizem	equ	$c00c
   118 = C00D			grafp0	equ	$c00d
   119 = C00E			grafp1	equ	$c00e
   120 = C00F			grafp2	equ	$c00f
   121 = C010			grafp3	equ	$c010
   122 = C010			trig0	equ	$c010
   123 = C011			grafm	equ	$c011
   124 = C012			colpm0	equ	$c012
   125 = C013			colpm1	equ	$c013
   126 = C014			colpm2	equ	$c014
   127 = C014			pal		equ	$c014
   128 = C015			colpm3	equ	$c015
   129 = C016			colpf0	equ	$c016
   130 = C017			colpf1	equ	$c017
   131 = C018			colpf2	equ	$c018
   132 = C019			colpf3	equ	$c019
   133 = C01A			colbk	equ	$c01a
   134 = C01B			prior	equ	$c01b
   135 = C01C			vdelay	equ	$c01c
   136 = C01D			gractl	equ	$c01d
   137 = C01E			hitclr	equ	$c01e
   138 = C01F			consol	equ	$c01f
   139
   140 				;POKEY
   141 = E800			pokey = $e800
   142 = E800			audf1	equ	$e800
   143 = E801			audc1	equ	$e801
   144 = E802			audf2	equ	$e802
   145 = E803			audc2	equ	$e803
   146 = E804			audf3	equ	$e804
   147 = E805			audc3	equ	$e805
   148 = E806			audf4	equ	$e806
   149 = E807			audc4	equ	$e807
   150 = E808			audctl	equ	$e808
   151 = E809			stimer	equ	$e809
   152 = E80A			random	equ	$e80a
   153 = E80A			skres	equ	$e80a
   154 = E80D			serin	equ	$e80d
   155 = E80D			serout	equ	$e80d
   156 = E80E			irqen	equ	$e80e
   157 = E80E			irqst	equ	$e80e
   158 = E80F			skctl	equ	$e80f
   159 = E80F			skstat	equ	$e80f
   160 				.else
   161 				;GTIA
   162 				gtia = $d000
   163 				m0pf	equ	$d000
   164 				m1pf	equ	$d001
   165 				m2pf	equ	$d002
   166 				m3pf	equ	$d003
   167 				p0pf	equ	$d004
   168 				p1pf	equ	$d005
   169 				p2pf	equ	$d006
   170 				p3pf	equ	$d007
   171 				m0pl	equ	$d008
   172 				m1pl	equ	$d009
   173 				m2pl	equ	$d00a
   174 				m3pl	equ	$d00b
   175 				p0pl	equ	$d00c
   176 				p1pl	equ	$d00d
   177 				p2pl	equ	$d00e
   178 				p3pl	equ	$d00f
   179 				hposp0	equ	$d000
   180 				hposp1	equ	$d001
   181 				hposp2	equ	$d002
   182 				hposp3	equ	$d003
   183 				hposm0	equ	$d004
   184 				hposm1	equ	$d005
   185 				hposm2	equ	$d006
   186 				hposm3	equ	$d007
   187 				sizep0	equ	$d008
   188 				sizep1	equ	$d009
   189 				sizep2	equ	$d00a
   190 				sizep3	equ	$d00b
   191 				sizem	equ	$d00c
   192 				grafp0	equ	$d00d
   193 				grafp1	equ	$d00e
   194 				grafp2	equ	$d00f
   195 				grafp3	equ	$d010
   196 				trig0	equ	$d010
   197 				grafm	equ	$d011
   198 				colpm0	equ	$d012
   199 				colpm1	equ	$d013
   200 				colpm2	equ	$d014
   201 				pal		equ	$d014
   202 				colpm3	equ	$d015
   203 				colpf0	equ	$d016
   204 				colpf1	equ	$d017
   205 				colpf2	equ	$d018
   206 				colpf3	equ	$d019
   207 				colbk	equ	$d01a
   208 				prior	equ	$d01b
   209 				vdelay	equ	$d01c
   210 				gractl	equ	$d01d
   211 				hitclr	equ	$d01e
   212 				consol	equ	$d01f
   213
   214 				;POKEY
   215 				pokey = $d200
   216 				audf1	equ	$d200
   217 				audc1	equ	$d201
   218 				audf2	equ	$d202
   219 				audc2	equ	$d203
   220 				audf3	equ	$d204
   221 				audc3	equ	$d205
   222 				audf4	equ	$d206
   223 				audc4	equ	$d207
   224 				audctl	equ	$d208
   225 				stimer	equ	$d209
   226 				kbcode	equ	$d209
   227 				random	equ	$d20a
   228 				skres	equ	$d20a
   229 				serin	equ	$d20d
   230 				serout	equ	$d20d
   231 				irqen	equ	$d20e
   232 				irqst	equ	$d20e
   233 				skctl	equ	$d20f
   234 				skstat	equ	$d20f
   235
   236 				;PIA
   237 				porta	equ	$d300
   238 				portb	equ	$d301
   239 				pactl	equ	$d302
   240 				pbctl	equ	$d303
   241 				.endif
   242
   243 				;ANTIC
   244 = D400			dmactl	equ	$d400
   245 = D401			chactl	equ	$d401
   246 = D402			dlistl	equ	$d402
   247 = D403			dlisth	equ	$d403
   248 = D404			hscrol	equ	$d404
   249 = D405			vscrol	equ	$d405
   250 = D407			pmbase	equ	$d407
   251 = D409			chbase	equ	$d409
   252 = D40A			wsync	equ	$d40a
   253 = D40B			vcount	equ	$d40b
   254 = D40E			nmien	equ	$d40e
   255 = D40F			nmires	equ	$d40f
   256 = D40F			nmist	equ	$d40f
   257
   258 				;==========================================================================
   259 				; OS INCLUDES (5200)
   260 				;
   261 				.ifdef SYS5200
   262 = 0000			pokmsk	equ		$00
   263 = 0001			rtclok	equ		$01
   264 				;		equ		$02
   265 = 0003			critic	equ		$03
   266 = 0004			atract	equ		$04
   267 = 0005			sdlstl	equ		$05
   268 = 0006			sdlsth	equ		$06
   269 = 0007			sdmctl	equ		$07
   270 = 0008			pcolr0	equ		$08
   271 = 0009			pcolr1	equ		$09
   272 = 000A			pcolr2	equ		$0a
   273 = 000B			pcolr3	equ		$0b
   274 = 000C			color0	equ		$0c
   275 = 000D			color1	equ		$0d
   276 = 000E			color2	equ		$0e
   277 = 000F			color3	equ		$0f
   278 = 0010			color4	equ		$10
   279
   280 = 0200			vimirq	equ		$0200		;IRQ immediate vector
   281 = 0202			vvblki	equ		$0202		;VBI immediate vector
   282 = 0204			vvblkd	equ		$0204		;VBI deferred vector
   283 = 0206			vdslst	equ		$0206		;display list vector
   284 = 0208			vkybdi	equ		$0208		;keyboard immediate vector
   285 = 020A			vkybdf	equ		$020a		;keyboard deferred vector
   286 				.endif
   287
   288 				;==========================================================================
   289 				; OS INCLUDES (800)
   290 				;
   291 				.ifndef SYS5200
   292 				pokmsk	equ	$10
   293 				rtclok	equ	$12
   294 				savmsc	equ	$58
   295 				ramtop	equ	$6a
   296
   297 				vdslst	equ	$0200
   298 				vkeybd	equ	$0208
   299 				vimirq	equ	$0216
   300 				cdtmv1	equ	$0218
   301 				vvblki	equ	$0222
   302 				vvblkd	equ	$0224
   303 				cdtma1	equ	$0226
   304 				sdmctl	equ	$022f
   305 				sdlstl	equ	$0230
   306 				sdlsth	equ	$0231
   307 				sskctl	equ	$0232
   308 				runad	equ	$02e0
   309 				initad	equ	$02e2
   310 				memtop	equ	$02e5
   311 				ch1		equ	$02f2
   312 				ch		equ	$02fc
   313
   314 				ddevic	equ	$0300
   315 				dunit	equ	$0301
   316 				dcomnd	equ	$0302
   317 				dstats	equ	$0303
   318 				dbuflo	equ	$0304
   319 				dbufhi	equ	$0305
   320 				dtimlo	equ	$0306
   321 				dbytlo	equ	$0308
   322 				dbythi	equ	$0309
   323 				daux1	equ	$030a
   324 				daux2	equ	$030b
   325
   326 				ichid	equ	$0340
   327 				iccmd	equ	$0342
   328 				icbal	equ	$0344
   329 				icbah	equ	$0345
   330 				icptl	equ	$0346
   331 				icpth	equ	$0347
   332 				icbll	equ	$0348
   333 				icblh	equ	$0349
   334 				icax1	equ	$034a
   335 				icax2	equ	$034b
   336
   337 				basicf	equ	$03f8
   338
   339 				dskinv	equ	$e453
   340 				ciov	equ	$e456
   341 				siov	equ	$e459
   342 				xitvbv	equ	$e462
   343 				.endif
   344
   345 				;==========================================================================
   346 				; LIBRARY ZP
   347 				;
   348 = 00C0			a0		equ	$c0
   349 = 00C2			a1		equ	$c2
   350 = 00C4			a2		equ	$c4
   351 = 00C6			a3		equ	$c6
   352 = 00C8			d0		equ	$c8
   353 = 00C9			d1		equ	$c9
   354 = 00CA			d2		equ	$ca
   355 = 00CB			d3		equ	$cb
   356 = 00CC			d4		equ	$cc
   357 = 00CD			d5		equ	$cd
   358 = 00CE			d6		equ	$ce
   359 = 00CF			d7		equ	$cf
   360
   361 				;==========================================================================
   362 				; LIBRARY VARS
   363 				;
   364 						opt o-
   365
   366 				.ifdef SYS5200
   367 						opt f-
   368 				.else
   369 				.ifdef STANDALONE
   370 						opt o+
   371 				.endif
   372 				.ifdef GENLIBRARY
   373 						opt o+
   374 				.endif
   375 				.endif
   376
   377 						.ifdef SYSSAP
   378 						org	$0280
   379 						.endif
   380 						
   381 						.ifdef SYS5200
   382 						org	$0280
   383 						.endif
   384 						
   385 						.ifdef SYS800
   386 						org	$1a20
   387 						.endif		
   388 				_intsOff	dta		0
   389 				_scrnOff	dta		0
   390 				_prevIRQ	dta		a(0)
   391 				_prevVBI	dta		a(0)
   392 				_exitTest	dta		a(0)
   393 				_exitTestS	dta		$ff
   394 				_vputchar	dta		a(0)
   395
   396 						.ifdef SYS800
   397 				_vputunhook	dta		a(0)
   398 						.endif
   399
   400 = 0000				CPUMODE_6502 = 0
   401 = 0001				CPUMODE_65C02 = 1
   402 = 0080				CPUMODE_65C816_16 = 0x80
   403 = 0081				CPUMODE_65C816_24 = 0x81
   404 				_cpuMode	dta		0
   405
   406 				_veronica	dta		0
   407
   408 						.ifdef SYS5200
   409 				sskctl		dta		0
   410 				ch			dta		0
   411 				keydel		dta		0
   412
   413 							org		$02e0
   414 				runad		dta		a(0)
   415 				initad		dta		a(0)
   416 						.endif
   417
   418 						.ifdef SEGS_IN_ROM
   419 				_lastMod	dta		0
   420 						.endif
   421 						.ifdef SEGS_MIN_MEM
   422 				_lastMod	dta		0
   423 						.endif
   424
   425 						.ifdef SYS5200
   426 						.ifdef STANDALONE
   427 						opt o+f+
   428 						.endif
   429 						.ifdef GENLIBRARY
   430 						opt o+f+
   431 						.endif
   432
   433 						.ifdef LIBBASE
   434 						org	LIBBASE
   435 						.else
   436 						org	$4000
   437 						.endif
   438 						.endif
   439 						
   440 						.ifdef SYSSAP
   441 						org		$4000
   442 						.endif
   443
   444 				;==========================================================================
   445 				; MACROS
   446 				;
   447 				.macro _INITTEST
   448 					jsr		_imTestInit
   449 					dta		:1,0
   450 				.endm
   451
   452 				.macro _ASSERT1
   453 					lda	:1
   454 					cmp	#:2
   455 					beq	pass
   456 					
   457 					sta	d1
   458 					jsr	_testFailed
   459 					dta	:3,0
   460 				pass:
   461 				.endm
   462
   463 				.macro _ASSERT1_DUAL
   464 					lda	:1
   465 					cmp	#:2
   466 					beq	pass
   467 					cmp	#:3
   468 					beq	pass
   469 					
   470 					sta	d1
   471 					jsr	_testFailed
   472 					dta	:4,0
   473 				pass:
   474 				.endm
   475
   476 				.macro _ASSERTA
   477 					cmp	#:1
   478 					beq	pass
   479 					
   480 					sta	d1
   481 					jsr	_testFailed
   482 					dta	:2,0
   483 				pass:
   484 				.endm
   485
   486 				.macro _ASSERTX
   487 					cpx	#:1
   488 					beq	pass
   489 					
   490 					stx	d1
   491 					jsr	_testFailed
   492 					dta	:2,0
   493 				pass:
   494 				.endm
   495
   496 				.macro _ASSERTY
   497 					cpy	#:1
   498 					beq	pass
   499 					
   500 					sty	d1
   501 					jsr	_testFailed
   502 					dta	:2,0
   503 				pass:
   504 				.endm
   505
   506 				.macro _FAIL
   507 					jsr		_testFailed
   508 					dta		:1,0
   509 				.endm
   510
   511 				.macro _SKIP
   512 					jsr		_testSkipped
   513 					dta		:1,0
   514 				.endm
   515
   516 				.macro _SAP_HEADER
   517 					.ifdef GENSAP
   518 						opt		o+h-f-
   519 						org		$0700
   520 						dta		c"SAP",$0d,$0a
   521 						dta		c"AUTHOR ",$22,c"Avery Lee",$22,$0d,$0a
   522 						dta		c"NAME ",$22,c":1",$22,$0d,$0a
   523 						dta		c"TYPE D",$0d,$0a
   524 						dta		c"INIT 2000",$0d,$0a
   525 						dta		c"TIME 00:",c"05",$0d,$0a
   526 						dta		a($ffff)
   527 					.endif
   528 				.endm
   529
   530 				;==========================================================================
   531 				.nowarn .proc	_crt0init
   532 				.ifdef SYSSAP
   533 					jsr		_crt0init_sap
   534 				.endif
   535
   536 					;clear zero page and database
   537 				.ifdef SYS5200
   538 4000 A2 20			ldx		#$20
   539 4002 A9 00			lda		#0
   540 4004			zploop:
   541 4004 95 00			sta		0,x
   542 4006 E8				inx
   543 4007 D0 FB			bne		zploop
   544 4009 A2 80			ldx		#$80
   545 400B			dbloop:
   546 400B 9D 00 02			sta		$0200,x
   547 400E E8				inx
   548 400F D0 FA			bne		dbloop
   549 				.endif
   550
   551 					;clear options (keep in sync with options.s)
   552 4011 A2 06			ldx		#6
   553 4013 A9 00			lda		#0
   554 					.ifdef SYS5200
   555 4015 9D F0 02 CA 10 FA		sta:rpl	$02f0,x-
   556 					.else
   557 					sta:rpl	$1a00,x-
   558 					.endif
   559 					
   560 					;detect CPU
   561 401B A0 00			ldy		#CPUMODE_6502
   562 401D F8				sed
   563 401E A9 99			lda		#$99
   564 4020 18				clc
   565 4021 69 01			adc		#$01
   566 4023 D8				cld
   567 4024 D0 1E			bne		detdone
   568 					
   569 					;we have at least a 65C02... check for 65C816
   570 4026 A0 01			ldy		#CPUMODE_65C02
   571
   572 4028 38				sec
   573 					opt		c+
   574 4029 C2 01			rep		#$01
   575 402B B0 17			bcs		detdone
   576 402D E2 01			sep		#$01
   577 402F 90 13			bcc		detdone
   578 					
   579 4031 A0 80			ldy		#CPUMODE_65C816_16
   580 					
   581 					;check for 24-bit addressing
   582 4033 AF CB 00 01			lda		d3+$10000
   583 4037 AA				tax
   584 4038 49 F5			eor		#$f5
   585 403A 85 CB			sta		d3
   586 403C 8A				txa
   587 403D CF CB 00 01			cmp		d3+$10000
   588 4041 D0 01			sne
   589 4043 C8				iny
   590 					
   591 					opt		c-
   592 					
   593 4044			detdone:
   594 4044 8C 8B 02			sty		_cpuMode
   595
   596 				.ifdef SYS5200
   597 4047 20 E6 44			jsr		_crt0init_5200
   598 				.endif
   599
   600 				.ifdef SYS800
   601 					;init putchar handler
   602 					mwa		icptl _vputchar
   603 					inw		_vputchar
   604 				.endif
   605
   606 404A 60				rts
   607 				.endp
   608
   609 				;==========================================================================
   610 404B			.nowarn .proc	_interruptsOff
   611 404B AD 80 02			lda	_intsOff
   612 404E 30 12			bmi	xit
   613 4050 78				sei
   614 4051 AD 00 02 8D 82 02 + 	mwa	vimirq _prevIRQ
   615 405D A9 FF 8D 80 02		mva	#$ff _intsOff
   616 4062			xit:
   617 4062 60				rts
   618 				.endp
   619
   620 				;==========================================================================
   621 4063			.nowarn .proc	_interruptsOn
   622 4063 AD 80 02			lda	_intsOff
   623 4066 10 18			bpl	xit
   624 4068 78				sei
   625 4069 AD 82 02 8D 00 02 + 	mwa	_prevIRQ vimirq
   626 4075 A5 00 8D 0E E8		mva	pokmsk irqen
   627 407A A9 00 8D 80 02		mva	#$00 _intsOff
   628 407F 58				cli
   629 4080			xit:
   630 4080 60				rts
   631 				.endp
   632
   633 				;==========================================================================
   634 4081			.nowarn .proc _screenOn
   635 					.ifndef SYSSAP
   636 4081 AD 81 02			lda	_scrnOff
   637 4084 10 3E			bpl	xit
   638 					
   639 4086 20 ED 40			jsr	_waitVBL
   640 					
   641 4089 78				sei
   642 408A A9 00			lda	#0
   643 408C 8D 0A D4			sta	wsync
   644 408F 8D 0E D4			sta	nmien
   645 4092 A9 22 8D 00 D4		mva	#$22 dmactl
   646 4097 A5 05 8D 02 D4 A5 + 	mwa	sdlstl dlistl
   647 40A1 AD 84 02 8D 02 02 + 	mwa	_prevVBI vvblki
   648 40AD A9 40			lda	#$40
   649 40AF 8D 0E D4			sta	nmien
   650 40B2 58				cli
   651 					
   652 40B3 20 ED 40			jsr	_waitVBL
   653 40B6 8D 0A D4			sta	wsync
   654 40B9 8D 0A D4			sta	wsync
   655 40BC 20 ED 40			jsr	_waitVBL
   656 					.endif
   657
   658 40BF A9 00 8D 81 02		mva	#$00 _scrnOff
   659 40C4			xit:
   660 40C4 60				rts
   661 				.endp
   662
   663 				;==========================================================================
   664 40C5			.nowarn .proc _screenOff
   665 					.ifndef SYSSAP
   666 40C5 AD 81 02			lda	_scrnOff
   667 40C8 30 22			bmi	xit
   668 					
   669 40CA 20 ED 40			jsr	_waitVBL
   670 						
   671 40CD 08				php
   672 40CE 78				sei
   673 40CF A9 00			lda	#0
   674 40D1 8D 0A D4			sta	wsync
   675 40D4 8D 0E D4			sta	nmien
   676 40D7 8D 00 D4			sta	dmactl
   677 40DA AD 02 02 8D 84 02 + 	mwa	vvblki _prevVBI
   678 40E6 28				plp
   679 					.endif
   680
   681 40E7 A9 FF 8D 81 02		mva	#$ff _scrnOff
   682 40EC			xit:
   683 40EC 60				rts
   684 				.endp
   685
   686 				;==========================================================================
   687 40ED			.nowarn .proc _waitVBL
   688 40ED A9 7B			lda	#123
   689 40EF CD 0B D4 D0 FB		cmp:rne vcount
   690 40F4 CD 0B D4 F0 FB		cmp:req vcount
   691 40F9 60				rts
   692 				.endp
   693
   694 				;==========================================================================
   695 40FA			.nowarn .proc _waitFrame
   696 40FA EE 0A D4			inc	wsync
   697 40FD EE 0A D4			inc	wsync
   698 4100 4C ED 40			jmp	_waitVBL
   699 				.endp
   700
   701 				;==========================================================================
   702 4103			.nowarn .proc _waitKeyPrompt
   703 4103 20 46 41			jsr		_imprint
   704 4106 50 72 65 73 73 20 + 	dta		c"Press a key...",0
   705 					.ifdef SYS5200
   706 4115 A9 FF 8D 8E 02		mva		#$ff ch
   707 411A AD 8E 02 30 FB		lda:rmi	ch
   708 					.else
   709 					lda		#0
   710 					sta		ch
   711 					sta		ch1
   712 					lda:req	ch
   713 					.endif
   714 411F 20 46 41			jsr		_imprint
   715 4122 9C 00			dta		$9c,0
   716 4124 60				rts
   717 				.endp
   718
   719 				;==========================================================================
   720 4125			.nowarn .proc _resetAV
   721 4125 A9 00			lda	#0
   722 4127 8D 1D C0			sta	gractl
   723 412A 8D 0D C0			sta	grafp0
   724 412D 8D 0E C0			sta	grafp1
   725 4130 8D 0F C0			sta	grafp2
   726 4133 8D 10 C0			sta	grafp3
   727 4136 8D 11 C0			sta	grafm
   728 4139 8D 01 E8			sta	audc1
   729 413C 8D 03 E8			sta	audc2
   730 413F 8D 05 E8			sta	audc3
   731 4142 8D 07 E8			sta	audc4
   732 4145 60				rts
   733 				.endp
   734
   735 				;==========================================================================
   736 4146			.nowarn .proc _imprint
   737 4146 68				pla
   738 4147 AA				tax
   739 4148 68				pla
   740 4149 A8				tay
   741 414A E8				inx
   742 414B D0 01 C8			sne:iny
   743 414E 8A				txa
   744 414F 20 6C 41			jsr	_print
   745 4152 A5 C1			lda	a0+1
   746 4154 48				pha
   747 4155 A5 C0			lda	a0
   748 4157 48				pha
   749 4158 60				rts	
   750 				.endp
   751
   752 				;==========================================================================
   753 4159			.nowarn .proc _imprintf
   754 4159 68				pla
   755 415A AA				tax
   756 415B 68				pla
   757 415C A8				tay
   758 415D E8				inx
   759 415E D0 01 C8			sne:iny
   760 4161 8A				txa
   761 4162 20 89 41			jsr	_printf
   762 4165 A5 C1			lda	a0+1
   763 4167 48				pha
   764 4168 A5 C0			lda	a0
   765 416A 48				pha
   766 416B 60				rts	
   767 				.endp
   768
   769 				;==========================================================================
   770 416C			.nowarn .proc _print
   771 416C 85 C0			sta	a0
   772 416E 84 C1			sty	a0+1
   773 4170			charloop:
   774 4170 A0 00			ldy	#0
   775 4172 B1 C0			lda	(a0),y
   776 4174 F0 0C			beq	done
   777 4176 E6 C0 D0 02 E6 C1		inw	a0
   778 417C 20 DA 42			jsr	_printf.putbyte
   779 417F 4C 70 41			jmp	charloop
   780 4182			done:
   781 4182 60				rts
   782 				.endp
   783
   784 				;==========================================================================
   785 4183			.nowarn .proc _println
   786 4183 20 46 41			jsr		_imprint
   787 4186 9B 00			dta		$9b,0
   788 4188 60				rts
   789 				.endp
   790 				;==========================================================================
   791 4189			.nowarn .proc _printf
   792 4189 85 C0			sta	a0
   793 418B 84 C1			sty	a0+1
   794 418D A0 00			ldy	#0
   795 418F 84 C8			sty	d0
   796 4191			charloop:
   797 4191 B1 C0			lda	(a0),y
   798 4193 F0 12			beq	done
   799 4195 E6 C0 D0 02 E6 C1		inw	a0
   800 419B C9 25			cmp	#'%'
   801 419D F0 09			beq	special
   802 419F			escaped:
   803 419F 20 DA 42			jsr	putbyte
   804 41A2			nextchar:
   805 41A2 A0 00			ldy	#0
   806 41A4 4C 91 41			jmp	charloop
   807 41A7			done:
   808 41A7 60				rts
   809 41A8			special:
   810 41A8 E6 C8			inc	d0
   811 41AA A6 C8			ldx	d0
   812 41AC B1 C0			lda	(a0),y
   813 41AE E6 C0 D0 02 E6 C1		inw	a0
   814 41B4 C9 64			cmp #'d'
   815 41B6 D0 47			bne	notdec
   816 41B8 98				tya
   817 41B9 84 C2			sty	a1
   818 41BB A0 06			ldy	#6
   819 41BD 78				sei
   820 41BE F8				sed
   821 41BF			decloop1:
   822 41BF 36 C8			rol	d0,x
   823 41C1 65 C2			adc	a1
   824 41C3 85 C2			sta	a1
   825 41C5 88				dey
   826 41C6 D0 F7			bne	decloop1
   827 41C8 84 C3			sty	a1+1
   828 41CA A0 02			ldy	#2
   829 41CC			decloop2:
   830 41CC 36 C8			rol	d0,x
   831 41CE 65 C2			adc	a1
   832 41D0 85 C2			sta	a1
   833 41D2 26 C3			rol	a1+1
   834 41D4 88				dey
   835 41D5 D0 F5			bne	decloop2
   836 41D7 D8				cld
   837 41D8 58				cli
   838 41D9 A5 C3			lda	a1+1
   839 41DB F0 0F			beq	decdigit2
   840 41DD AA				tax
   841 41DE BD D6 44			lda	_hexdig,x
   842 41E1 20 DA 42			jsr	putbyte
   843 41E4 A5 C2			lda	a1
   844 41E6 20 C4 42			jsr	puthex
   845 41E9 4C A2 41			jmp	nextchar
   846 41EC			decdigit2:
   847 41EC A5 C2			lda	a1
   848 41EE C9 10			cmp	#$10
   849 41F0 90 06			bcc	decdigit1
   850 41F2 20 C4 42			jsr	puthex
   851 41F5 4C A2 41			jmp	nextchar
   852 41F8			decdigit1:
   853 41F8 AA				tax
   854 41F9 BD D6 44			lda	_hexdig,x
   855 41FC 4C 9F 41			jmp	escaped
   856
   857 41FF			notdec:
   858 41FF C9 78			cmp	#'x'
   859 4201 D0 08			bne	nothex
   860 4203 B5 C8			lda	d0,x
   861 4205 20 C4 42			jsr	puthex
   862 4208 4C A2 41			jmp	nextchar
   863
   864 420B			nothex:
   865 420B C9 58			cmp	#'X'
   866 420D D0 11			bne	nothexword
   867 420F E6 C8			inc	d0
   868 4211 B5 C9			lda	d1,x
   869 4213 20 C4 42			jsr	puthex
   870 4216 A6 C8			ldx	d0
   871 4218 B5 C7			lda	d0-1,x
   872 421A 20 C4 42			jsr	puthex
   873 421D 4C A2 41			jmp	nextchar
   874
   875 4220			nothexword:
   876 4220 C9 44			cmp #'D'
   877 4222 D0 5F			bne	notdecword
   878
   879 4224 A0 08			ldy	#8
   880 4226 A9 00			lda	#0
   881 4228 85 C2			sta	a1
   882 422A 85 C3			sta a1+1
   883 422C 85 C4			sta	a2
   884 422E 78				sei
   885 422F F8				sed
   886 4230			decword1:
   887 4230 36 C9			rol	d1,x
   888 4232 A5 C2			lda	a1
   889 4234 65 C2			adc	a1
   890 4236 85 C2			sta	a1
   891 4238 A5 C3			lda	a1+1
   892 423A 65 C3			adc	a1+1
   893 423C 85 C3			sta	a1+1
   894 423E 88				dey
   895 423F D0 EF			bne	decword1
   896 					
   897 4241 A0 08			ldy	#8
   898 4243			decword2:
   899 4243 36 C8			rol	d0,x
   900 4245 A5 C2			lda	a1
   901 4247 65 C2			adc	a1
   902 4249 85 C2			sta	a1
   903 424B A5 C3			lda	a1+1
   904 424D 65 C3			adc	a1+1
   905 424F 85 C3			sta	a1+1
   906 4251 A5 C4			lda	a2
   907 4253 65 C4			adc	a2
   908 4255 85 C4			sta	a2
   909 4257 88				dey
   910 4258 D0 E9			bne	decword2
   911 425A D8				cld
   912 425B 58				cli
   913 					
   914 425C AA				tax
   915 425D F0 10			beq	decword3
   916 425F 20 B9 42			jsr	puthexcond
   917 4262 A5 C3			lda	a1+1
   918 4264 20 C4 42			jsr	puthex
   919 4267 A5 C2			lda	a1
   920 4269 20 C4 42			jsr	puthex
   921 426C 4C A2 41			jmp	nextchar
   922
   923 426F			decword3:
   924 426F A5 C3			lda	a1+1
   925 4271 F0 08			beq	decword4
   926 4273 A5 C2			lda	a1
   927 4275 20 C4 42			jsr	puthex
   928 4278 4C A2 41			jmp	nextchar
   929 					
   930 427B			decword4:
   931 427B A5 C2			lda	a1
   932 427D 20 C4 42			jsr	puthex
   933 4280 4C A2 41			jmp	nextchar
   934
   935 4283			notdecword:
   936 4283 C9 63			cmp #'c'
   937 4285 D0 0A			bne	notchar
   938 4287 E6 C8			inc	d0
   939 4289 B5 C8			lda	d0,x
   940 428B 20 DA 42			jsr	putbyte
   941 428E 4C A2 41			jmp	nextchar
   942 					
   943 4291			notchar:
   944 4291 C9 73			cmp #'s'
   945 4293 D0 1F			bne	notstr
   946 					
   947 4295 E6 C8			inc	d0
   948 4297 B5 C8			lda	d0,x
   949 4299 85 C2			sta	a1
   950 429B B5 C9			lda	d0+1,x
   951 429D 85 C3			sta	a1+1
   952
   953 429F			strloop:
   954 429F A0 00			ldy	#0
   955 42A1 B1 C2			lda	(a1),y
   956 42A3 F0 0C			beq	strdone
   957 42A5 20 E0 42			jsr	putbyte2
   958 42A8 E6 C2 D0 02 E6 C3		inw	a1
   959 42AE 4C 9F 42			jmp	strloop
   960
   961 42B1			strdone:
   962 42B1 4C A2 41			jmp	nextchar
   963 					
   964 42B4			notstr:
   965 42B4 C6 C8			dec	d0
   966 42B6 4C 9F 41			jmp	escaped
   967 					
   968 42B9			puthexcond:
   969 42B9 C9 10			cmp	#$10
   970 42BB B0 07			bcs	puthex
   971 42BD AA				tax
   972 42BE BD D6 44			lda	_hexdig,x
   973 42C1 4C DA 42			jmp	putbyte	
   974 42C4			puthex:	
   975 42C4 48				pha
   976 42C5 4A				lsr
   977 42C6 4A				lsr
   978 42C7 4A				lsr
   979 42C8 4A				lsr
   980 42C9 AA				tax
   981 42CA BD D6 44			lda	_hexdig,x
   982 42CD 20 DA 42			jsr	putbyte
   983 42D0 68				pla
   984 42D1 29 0F			and	#$0f
   985 42D3 AA				tax
   986 42D4 BD D6 44			lda	_hexdig,x
   987 42D7 4C DA 42			jmp	putbyte
   988
   989 42DA			putbyte:
   990 42DA AA				tax
   991 42DB 20 E0 42			jsr	putbyte2
   992 42DE 8A				txa
   993 42DF 60				rts
   994 					
   995 42E0			putbyte2:
   996 42E0 6C 89 02			jmp	(_vputchar)
   997 				.endp
   998
   999 				;==========================================================================
  1000 42E3			.nowarn .proc	_jam
  1001 42E3			loop:
  1002 42E3 4C E3 42			jmp	loop
  1003 				.endp
  1004
  1005 				;==========================================================================
  1006 42E6			.nowarn .proc	_waitVCount
  1007 42E6 CD 0B D4 D0 FB		cmp:rne	vcount
  1008 42EB 60				rts
  1009 				.endp
  1010
  1011 				;=========================================================================
  1012 42EC			.nowarn .proc	_imTestInit
  1013 42EC 68				pla
  1014 42ED 85 C0			sta		a0
  1015 42EF A8				tay
  1016 42F0 68				pla
  1017 42F1 85 C1			sta		a0+1
  1018 					
  1019 42F3 E6 C0 D0 02 E6 C1		inw		a0
  1020
  1021 42F9 A9 00 85 C2			mva		#0 a1
  1022 42FD A5 C1 85 C3			mva		a0+1 a1+1	
  1023 4301			skiploop:
  1024 4301 B1 C2			lda		(a1),y
  1025 4303 F0 08			beq		skipdone
  1026 4305 C8				iny
  1027 4306 D0 02 E6 C3			sne:inc a1+1
  1028 430A 4C 01 43			jmp		skiploop
  1029 430D			skipdone:
  1030 430D A5 C3			lda		a1+1
  1031 430F 48				pha
  1032 4310 98				tya
  1033 4311 48				pha
  1034 4312 A5 C0			lda		a0
  1035 4314 A4 C1			ldy		a0+1
  1036 4316 4C 19 43			jmp		_testInit
  1037 				.endp
  1038
  1039 				;=========================================================================
  1040 4319			.nowarn .proc	_testInit
  1041 					.ifdef STANDALONE
  1042 					pha
  1043 					tya
  1044 					pha
  1045
  1046 				.ifdef SYS800
  1047 					;MaxFlash carts run executables with E: closed. Check for this and
  1048 					;reopen it if necessary.
  1049 					lda		ichid
  1050 					bpl		iocb0_open
  1051
  1052 					;reopen IOCB 0
  1053 					mva		#$03 iccmd
  1054 					mwa		#e_name icbal
  1055 					ldx		#0
  1056 					stx		icax1
  1057 					mva		#$0c icax2
  1058 					jsr		ciov
  1059 					
  1060 				iocb0_open:
  1061 				.endif
  1062
  1063 					jsr		_crt0init
  1064 					
  1065 					pla
  1066 					tay
  1067 					pla
  1068 					.endif
  1069 					
  1070 4319 20 6C 41			jsr	_print
  1071 431C 20 46 41			jsr	_imprint
  1072 431F 2E 2E 2E 00			dta	c"...",0
  1073 					
  1074 					.ifdef STANDALONE
  1075 					mwa	#_testEnd _exitTest
  1076 					.else
  1077 4323 EA EA EA EA EA EA + 	:10 nop
  1078 					.endif
  1079 					
  1080 432D 60				rts
  1081 					
  1082 432E			msg:
  1083 432E 2E 2E 2E 00			dta	c"...",0
  1084 4332			e_name:
  1085 4332 45 9B			dta		'E',$9B
  1086 				.endp
  1087
  1088 				;=========================================================================
  1089 4334			.nowarn .proc	_testEnd
  1090 					.ifdef SYSSAP
  1091 						.ifdef STANDALONE
  1092 							jmp	_sap_testEnd
  1093 						.else
  1094 							jmp	_jam
  1095 						.endif
  1096 					.else
  1097 						.ifdef SYS5200
  1098 4334 4C E3 42					jmp	_jam
  1099 						.else
  1100 							;wait for key
  1101 							sei
  1102 							lda		#0
  1103 							sta		nmien
  1104 							sta		irqen
  1105 							mva		#3 skctl
  1106 							mva		#$40 irqen
  1107 							bit:rne	irqst
  1108 							
  1109 							;initiate soft reset
  1110 							jmp		($fffc)
  1111 						.endif
  1112 					.endif
  1113 				.endp
  1114
  1115 				;=========================================================================
  1116 4337			.nowarn .proc	_testRestore
  1117 4337 D8				cld
  1118 4338 08				php
  1119 4339 78				sei
  1120 					
  1121 					;check if the screen is off; if so, make sure we kill DLIs
  1122 433A AD 81 02			lda		_scrnOff
  1123 433D F0 08			beq		scrnOK
  1124 					
  1125 433F A9 00			lda		#0
  1126 4341 EE 0A D4			inc		wsync
  1127 4344 8D 0E D4			sta		nmien
  1128 					
  1129 4347			scrnOK:
  1130
  1131 4347 AD 8D 02 8D 0F E8		mva		sskctl skctl
  1132 						
  1133 					.ifdef SYSSAP
  1134 					;kill PIA port A interrupt
  1135 					mva		#$3c pactl
  1136 					
  1137 					;force kernel ROMs back _out_
  1138 					mva		#$38 pbctl
  1139 					mva		#$ff portb
  1140 					mva		#$3c pbctl
  1141 					mva		#$82 portb
  1142 					.endif
  1143 					
  1144 					.ifdef SYS5200
  1145 434D A9 00 8D 1B C0		mva		#$00 prior
  1146 4352 A9 F8 8D 09 D4		mva		#$f8 chbase
  1147 4357 A9 02 8D 01 D4		mva		#$02 chactl
  1148 435C A9 04 8D 1F C0		mva		#$04 consol
  1149 					.endif
  1150 					
  1151 					.ifdef SYS800
  1152 					;kill PIA port A interrupt
  1153 					mva		#$3c pactl
  1154 					
  1155 					;force kernel ROMs back in	
  1156 					mva		#$38 pbctl
  1157 					mva		#$00 portb
  1158 					mva		#$3c pbctl
  1159 					mva		#$83 portb
  1160 					
  1161 					;kill OS timer 1
  1162 					ldx		#$ff
  1163 					stx		wsync
  1164 					stx		cdtmv1
  1165 					inx
  1166 					stx		cdtmv1
  1167 					stx		cdtmv1+1
  1168 					.endif
  1169
  1170 4361 28				plp
  1171 4362 20 63 40			jsr	_interruptsOn
  1172 4365 20 81 40			jsr	_screenOn
  1173 4368 20 25 41			jsr	_resetAV
  1174 					
  1175 					;unmask interrupts
  1176 436B 58				cli
  1177 436C 60				rts
  1178 				.endp
  1179
  1180 				;=========================================================================
  1181 436D			.nowarn .proc	_testPassed
  1182 436D 20 37 43			jsr	_testRestore
  1183
  1184 4370 20 46 41			jsr	_imprint
  1185 4373 50 61 73 73 9B 00		dta	c"Pass",$9b,0
  1186 					
  1187 4379 AE 88 02			ldx	_exitTestS
  1188 437C 9A				txs
  1189 437D A0 00			ldy	#0
  1190 437F 6C 86 02			jmp	(_exitTest)
  1191 				.endp
  1192
  1193 				;=========================================================================
  1194 4382			.nowarn .proc	_testFailed
  1195 4382 20 37 43			jsr	_testRestore
  1196
  1197 4385 20 46 41			jsr	_imprint
  1198 4388 46 41 49 4C 2E 9B + 	dta	c"FAIL.",$9b,0
  1199
  1200 438F			nomsgentry:
  1201 438F 68				pla
  1202 4390 AA				tax
  1203 4391 68				pla
  1204 4392 A8				tay
  1205 4393 E8				inx
  1206 4394 D0 01 C8			sne:iny
  1207 4397 8A				txa
  1208 4398 20 89 41			jsr	_printf
  1209 439B 20 83 41			jsr	_println
  1210 					
  1211 439E AE 88 02			ldx	_exitTestS
  1212 43A1 9A				txs
  1213 43A2 A0 80			ldy	#$80
  1214 43A4 6C 86 02			jmp	(_exitTest)
  1215
  1216 43A7			msg2:
  1217 43A7 9B 00			dta	$9b,0
  1218 				.endp
  1219
  1220 				;=========================================================================
  1221 43A9			.nowarn .proc	_testFailed2
  1222 43A9 20 37 43			jsr	_testRestore
  1223 43AC 4C 8F 43			jmp	_testFailed.nomsgentry
  1224 				.endp
  1225
  1226 				;=========================================================================
  1227 43AF			.nowarn .proc	_testSkipped
  1228 43AF 20 37 43			jsr		_testRestore
  1229
  1230 43B2 20 46 41			jsr		_imprint
  1231 43B5 53 6B 69 70 70 65 + 	dta		c"Skipped",$9b,0
  1232 					
  1233 43BE 68				pla
  1234 43BF AA				tax
  1235 43C0 68				pla
  1236 43C1 A8				tay
  1237 43C2 E8				inx
  1238 43C3 D0 01 C8			sne:iny
  1239 43C6 8A				txa
  1240 43C7 20 89 41			jsr		_printf
  1241 					
  1242 43CA 20 83 41			jsr		_println
  1243 					
  1244 43CD AE 88 02			ldx		_exitTestS
  1245 43D0 9A				txs
  1246 43D1 A0 40			ldy		#$40
  1247 43D3 6C 86 02			jmp		(_exitTest)
  1248 				.endp
  1249
  1250 				;==========================================================================
  1251 				; _loadSeg()
  1252 				;
  1253 				; Module loader.
  1254 				;
  1255 				;	X = index of module to load
  1256 				;
  1257 				.ifdef SEGS_MIN_MEM
  1258 				.nowarn .proc	_loadSeg
  1259 					;get starting sector
  1260 					mva		segaddrlo,x	daux1
  1261 					mva		segaddrhi,x	daux2
  1262 						
  1263 					;get ending sector
  1264 					lda		segaddrlo+1,x
  1265 					sub		daux1
  1266 					sta		d7
  1267
  1268 					;setup sector load command and relocation
  1269 					mva		#'R' dcomnd
  1270 					mva		#1 dunit
  1271 					lda		#$00
  1272 					sta		dbuflo
  1273 					sta		a0
  1274 					sta		runad+1
  1275 					lda		#$0b
  1276 					sta		dbufhi
  1277 					sta		a0+1
  1278 					
  1279 					;preload first two sectors
  1280 					jsr		step_sector
  1281 				relocloop:
  1282 					;load starting address
  1283 					mva		(a0),y a1
  1284 					iny:sne:jsr step_sector
  1285 					mva		(a0),y a1+1
  1286 					iny:sne:jsr step_sector
  1287 					
  1288 					;skip $ffff words
  1289 					lda		a1
  1290 					and		a1+1
  1291 					cmp		#$ff
  1292 					beq		relocloop
  1293 					
  1294 					;load ending address
  1295 					mva		(a0),y a2
  1296 					iny:sne:jsr step_sector
  1297 					mva		(a0),y a2+1
  1298 					iny:sne:jsr step_sector
  1299 					inw		a2
  1300
  1301 					mwa		#definit initad
  1302 					
  1303 					;copy data (slow, but oh well)
  1304 					ldx		#0
  1305 				copyloop:
  1306 					lda		(a0),y
  1307 					sta		(a1,x)
  1308 					iny:sne:jsr step_sector
  1309 					inw		a1
  1310 					lda		a1
  1311 					cmp		a2
  1312 					bne		copyloop
  1313 					lda		a1+1
  1314 					cmp		a2+1
  1315 					bne		copyloop
  1316 					
  1317 					;init a segment
  1318 					jsr		doinit
  1319 					
  1320 					;check if we're done
  1321 					lda		runad+1
  1322 					beq		relocloop
  1323 					rts
  1324
  1325 				doinit:
  1326 					jmp		(initad)
  1327 					
  1328 				step_sector:
  1329 					lda		d7
  1330 					beq		no_sectors_left
  1331 					jsr		dskinv
  1332 					dec		d7
  1333 					inw		daux1
  1334 					lda		dbuflo
  1335 					eor		#$80
  1336 					sta		dbuflo
  1337 					bne		step_sector
  1338 				no_sectors_left:
  1339 					ldy		#0
  1340 					ldx		#0
  1341 				definit:
  1342 					rts
  1343 				.endp
  1344 				.else
  1345 43D6			.nowarn .proc	_loadSeg
  1346 				.ifdef SEGS_IN_ROM
  1347 43D6 8E E4 02			stx		_lastMod
  1348 43D9 60				rts
  1349 				.else
  1350 					;get starting sector
  1351 					mva		segaddrlo,x	daux1
  1352 					mva		segaddrhi,x	daux2
  1353 						
  1354 					;get ending sector
  1355 					mva		segaddrlo+1,x	a0
  1356 					mva		segaddrhi+1,x	a0+1
  1357
  1358 					;load sectors starting at $4000
  1359 				sectorloop:
  1360 					mva		#'R' dcomnd
  1361 					mva		#1 dunit
  1362 					mwa		#$4000 dbuflo
  1363 						
  1364 					jsr		dskinv
  1365 					tya
  1366 					bmi		sectorloop
  1367 					
  1368 					lda		#$80
  1369 					eor		dbuflo
  1370 					sta		dbuflo
  1371 					sne:inc	dbufhi
  1372 					
  1373 					inc		daux1
  1374 					sne:inc	daux2
  1375 					
  1376 					lda		daux1
  1377 					cmp		a0
  1378 					bne		sectorloop
  1379 					lda		daux2
  1380 					cmp		a0+1
  1381 					bne		sectorloop
  1382 					rts
  1383 				.endif
  1384 				.endp
  1385 				.endif
  1386
  1387 				;==========================================================================
  1388 				; _runSeg()
  1389 				;
  1390 				; Module relocator and executor.
  1391 				;
  1392 				; The last segment loaded by _loadSeg() is relocated and executed.
  1393 				;
  1394
  1395 				.ifdef SEGS_MIN_MEM
  1396
  1397 				;-----------------------------------------------
  1398 				; Minimum memory implementation.
  1399 				.nowarn .proc _runSeg
  1400 					jmp		(runad)
  1401 				.endp
  1402
  1403 				.else
  1404
  1405 				;-----------------------------------------------
  1406 43DA			.nowarn .proc _runSeg
  1407 					
  1408 					;begin relocation
  1409 43DA A9 01 8D E0 02 A9 + 	mwa		#relocloop runad
  1410
  1411 					.ifdef SEGS_IN_ROM
  1412 43E4 AE E4 02			ldx		_lastMod
  1413 43E7 BD 00 BF 85 C0		mva		segaddrlo,x a0
  1414 43EC BD 80 BF 85 C1		mva		segaddrhi,x a0+1
  1415 					.else
  1416 					mwa		#$4000 a0
  1417 					.endif
  1418 					
  1419 					.ifndef SEGS_LZPACK
  1420 					
  1421 					;==== uncompressed version
  1422
  1423 					ldy		#0
  1424 				relocloop:
  1425 					;load starting address
  1426 					mva		(a0),y a1
  1427 					inw		a0
  1428 					mva		(a0),y a1+1
  1429 					inw		a0
  1430 					
  1431 					;skip $ffff words
  1432 					lda		a1
  1433 					and		a1+1
  1434 					cmp		#$ff
  1435 					beq		relocloop
  1436 					
  1437 					;load ending address
  1438 					mva		(a0),y a2
  1439 					inw		a0
  1440 					mva		(a0),y a2+1
  1441 					inw		a0
  1442 					inw		a2
  1443 					
  1444 					;copy data (slow, but oh well)
  1445 				copyloop:
  1446 					lda		(a0),y
  1447 					sta		(a1),y
  1448 					inw		a0
  1449 					inw		a1
  1450 					lda		a1
  1451 					cmp		a2
  1452 					bne		copyloop
  1453 					lda		a1+1
  1454 					cmp		a2+1
  1455 					bne		copyloop
  1456 					
  1457 					;init a segment
  1458 					mwa		#definit initad
  1459 					jsr		doinit
  1460 					jmp		(runad)
  1461
  1462 				doinit:
  1463 					jmp		(initad)
  1464 					
  1465 				definit:
  1466 					rts
  1467
  1468 					.else
  1469 					
  1470 					;==== compressed version
  1471 					;
  1472 					;loader:
  1473 					;	a3		destination
  1474 					;	d6/d7	segment end address
  1475 					;
  1476 					;decompressor:
  1477 					;	a0		raw source stream
  1478 					;	a1		run source pointer
  1479 					;	a2		window pointer ($1000-1fff)
  1480 					;	d0		literal/run flag bits
  1481 					;	d1		remaining flag bits shifter
  1482 					;	d2		run length counter
  1483 					;	d3		temporary
  1484 					;	d4		superflag bits
  1485 					;	d5		superflag shifter
  1486
  1487 43F1 A9 00			lda		#0
  1488 43F3 85 C8			sta		d0
  1489 43F5 85 C9			sta		d1
  1490 43F7 85 CA			sta		d2
  1491 43F9 85 CD			sta		d5
  1492 43FB 85 C4			sta		a2
  1493 43FD A9 10			lda		#$10
  1494 43FF 85 C5			sta		a2+1
  1495 4401			relocloop:
  1496 4401 A0 00			ldy		#0
  1497 					;load starting address
  1498 4403 20 4D 44			jsr		getbyte
  1499 4406 85 C6			sta		a3
  1500 4408 20 4D 44			jsr		getbyte
  1501 440B 85 C7			sta		a3+1
  1502 					
  1503 					;skip $ffff words
  1504 440D 25 C6			and		a3
  1505 440F C9 FF			cmp		#$ff
  1506 4411 F0 EE			beq		relocloop
  1507 					
  1508 					;load ending address
  1509 4413 20 4D 44			jsr		getbyte
  1510 4416 85 CE			sta		d6
  1511 4418 20 4D 44			jsr		getbyte
  1512 441B 85 CF			sta		d7
  1513 441D E6 CE D0 02 E6 CF		inw		d6
  1514 					
  1515 					;copy data (slow, but oh well)
  1516 4423			copyloop:
  1517 4423 20 4D 44			jsr		getbyte
  1518 4426 91 C6			sta		(a3),y
  1519 4428 E6 C6 D0 02 E6 C7		inw		a3
  1520 442E A5 C6			lda		a3
  1521 4430 C5 CE			cmp		d6
  1522 4432 D0 EF			bne		copyloop
  1523 4434 A5 C7			lda		a3+1
  1524 4436 C5 CF			cmp		d7
  1525 4438 D0 E9			bne		copyloop
  1526 					
  1527 					;init a segment
  1528 443A A9 D5 8D E2 02 A9 + 	mwa		#definit initad
  1529 4444 20 4A 44			jsr		doinit
  1530 4447 6C E0 02			jmp		(runad)
  1531
  1532 444A			doinit:
  1533 444A 6C E2 02			jmp		(initad)
  1534 					
  1535 444D			getbyte:
  1536 					;check if we have a run in progress
  1537 444D A5 CA			lda		d2
  1538 444F D0 4E			bne		getrunbyte
  1539
  1540 					;check if we need to reload flag bits
  1541 4451 06 C9			asl		d1
  1542 4453 D0 1A			bne		havebits
  1543 					
  1544 					;check if we need to reload superflag bits
  1545 4455 06 CD			asl		d5
  1546 4457 D0 09			bne		havesuperbits
  1547 					
  1548 					;load next superflag byte
  1549 4459 20 B8 44			jsr		getrawbyte
  1550 445C 85 CC			sta		d4
  1551 445E A9 7F			lda		#$7f
  1552 4460 85 CD			sta		d5
  1553 					
  1554 4462			havesuperbits:
  1555 					;pull next superflag and check if it's all literals (0)
  1556 4462 06 CC			asl		d4
  1557 4464 90 05			bcc		all_literals
  1558 					
  1559 					;nope... read next byte as flags byte
  1560 4466 20 B8 44			jsr		getrawbyte
  1561 4469 85 C8			sta		d0
  1562
  1563 446B			all_literals:
  1564 446B A9 7F			lda		#$7f
  1565 446D 85 C9			sta		d1
  1566 446F			havebits:
  1567 446F 06 C8			asl		d0
  1568 4471 B0 06			bcs		isrun
  1569 					
  1570 					;store byte into window
  1571 4473 20 B8 44			jsr		getrawbyte
  1572 4476 4C C1 44			jmp		putwinbyte
  1573
  1574 4479			isrun:
  1575 					;load offset/run bytes
  1576 4479 20 B8 44			jsr		getrawbyte
  1577 447C 85 CB			sta		d3
  1578 447E 20 B8 44			jsr		getrawbyte
  1579 4481 85 CA			sta		d2
  1580 					
  1581 					;compute run source from current position and offset
  1582 4483 A5 C4			lda		a2
  1583 4485 18				clc
  1584 4486 E5 CB			sbc		d3
  1585 4488 85 C2			sta		a1
  1586 448A A5 C5			lda		a2+1
  1587 448C E5 CA			sbc		d2
  1588 448E 29 0F			and		#$0f
  1589 4490 09 10			ora		#$10
  1590 4492 85 C3			sta		a1+1
  1591 					
  1592 					;compute length and stash run length
  1593 4494 A5 CA			lda		d2
  1594 4496 4A				lsr
  1595 4497 4A				lsr
  1596 4498 4A				lsr
  1597 4499 4A				lsr
  1598 449A 18 69 03			add		#3
  1599 449D 85 CA			sta		d2
  1600 449F			getrunbyte:
  1601 449F C6 CA			dec		d2
  1602 44A1 A0 00			ldy		#0
  1603 44A3 B1 C2			lda		(a1),y
  1604 44A5 E6 C2			inc		a1
  1605 44A7 D0 18			bne		putwinbyte
  1606 44A9 E6 C3			inc		a1+1
  1607 44AB 48				pha
  1608 44AC A5 C3			lda		a1+1
  1609 44AE 29 0F			and		#$0f
  1610 44B0 09 10			ora		#$10
  1611 44B2 85 C3			sta		a1+1
  1612 44B4 68				pla
  1613 44B5 4C C1 44			jmp		putwinbyte
  1614 					
  1615 44B8			getrawbyte:
  1616 44B8 B1 C0			lda		(a0),y
  1617 44BA E6 C0 D0 02 E6 C1		inw		a0
  1618 44C0 60				rts
  1619 					
  1620 44C1			putwinbyte:
  1621 44C1 91 C4			sta		(a2),y
  1622 44C3 E6 C4			inc		a2
  1623 44C5 F0 01 60			seq:rts
  1624 44C8 A4 C5			ldy		a2+1
  1625 44CA C8				iny
  1626 44CB C0 20			cpy		#$20
  1627 44CD D0 02 A0 10			sne:ldy	#$10
  1628 44D1 84 C5			sty		a2+1
  1629 44D3 A0 00			ldy		#0
  1630 44D5			definit:
  1631 44D5 60				rts	
  1632 					
  1633 					.endif
  1634 				.endp
  1635 				.endif
  1636
  1637 				;==========================================================================
  1638 44D6 30 31 32 33 34 35 + _hexdig	dta		c"0123456789ABCDEF"
  1639
  1640 				;==========================================================================
  1641 				; segment table
  1642 				;
  1643 				.ifndef SYS800
  1644 = BF00			segaddrlo	equ	$bf00
  1645 = BF80			segaddrhi	equ	$bf80
  1646 				.else
  1647 				segaddrlo	equ	$1900
  1648 				segaddrhi	equ	$1980
  1649 				.endif
  1650
  1651 = 0900			_veronicaLaunch = $0900
  1652
  1653 				;==========================================================================
  1654 				; platform-specific library
  1655 				;
  1656 				.ifdef SYS5200
  1657 44E6				icl		'lib5200.s'
Source: lib5200.s
     1 				; Altirra Acid800 test suite
     2 				; Copyright (C) 2010 Avery Lee, All Rights Reserved.
     3 				;
     4 				; Permission is hereby granted, free of charge, to any person obtaining a copy
     5 				; of this software and associated documentation files (the "Software"), to deal
     6 				; in the Software without restriction, including without limitation the rights
     7 				; to use, copy, modify, merge, publish, distribute, sublicense, and/or sell
     8 				; copies of the Software, and to permit persons to whom the Software is
     9 				; furnished to do so, subject to the following conditions:
    10 				;
    11 				; The above copyright notice and this permission notice shall be included in
    12 				; all copies or substantial portions of the Software.
    13 				;
    14 				; THE SOFTWARE IS PROVIDED "AS IS", WITHOUT WARRANTY OF ANY KIND, EXPRESS OR
    15 				; IMPLIED, INCLUDING BUT NOT LIMITED TO THE WARRANTIES OF MERCHANTABILITY,
    16 				; FITNESS FOR A PARTICULAR PURPOSE AND NONINFRINGEMENT. IN NO EVENT SHALL THE
    17 				; AUTHORS OR COPYRIGHT HOLDERS BE LIABLE FOR ANY CLAIM, DAMAGES OR OTHER
    18 				; LIABILITY, WHETHER IN AN ACTION OF CONTRACT, TORT OR OTHERWISE, ARISING FROM,
    19 				; OUT OF OR IN CONNECTION WITH THE SOFTWARE OR THE USE OR OTHER DEALINGS IN THE
    20 				; SOFTWARE. 
    21
    22 44E6			.proc _crt0init_5200
    23 44E6 A9 02			lda		#$02
    24 44E8 8D 8D 02			sta		sskctl
    25 44EB 8D 0F E8			sta		skctl
    26 					
    27 44EE A9 04 8D 1F C0		mva		#$04 consol
    28 44F3 A9 00 8D 8F 02		mva		#$00 keydel
    29 					
    30 44F8 08				php
    31 44F9 78				sei
    32 					
    33 44FA A5 00			lda		pokmsk
    34 44FC 09 C0			ora		#$c0
    35 44FE 85 00			sta		pokmsk
    36 4500 8D 0E E8			sta		irqen
    37
    38 4503 A9 19 8D 0A 02 A9 + 	mwa		#_kybd_handler vkybdf
    39 450D A9 2C 8D 04 02 A9 + 	mwa		#_vbd_handler vvblkd
    40 					
    41 4517 28				plp
    42 4518 60				rts
    43 				.endp
    44
    45 				;==========================================================================
    46 4519			.proc _kybd_handler
    47 					;The bass-ackward design of the 5200 keyboard causes an IRQ to occur
    48 					;every 32 scanlines while a key is held down. We require keys to be
    49 					;released for at least one full frame before we recognize another
    50 					;one.
    51 4519 AE 8F 02			ldx		keydel
    52 451C D0 03 8D 8E 02		sne:sta	ch
    53 4521 A9 02			lda		#2
    54 4523 8D 8F 02			sta		keydel
    55 4526 68				pla
    56 4527 A8				tay
    57 4528 68				pla
    58 4529 AA				tax
    59 452A 68				pla
    60 452B 40				rti
    61 				.endp
    62
    63 				;==========================================================================
    64 452C			.proc _vbd_handler
    65 452C AD 8F 02			lda		keydel
    66 452F F0 03 CE 8F 02		seq:dec	keydel
    67 					
    68 4534 68 A8 68 AA 68		plr
    69 4539 40				rti
    70 				.endp
    71
  1658 				.endif
  1659 				.ifdef SYSSAP
  1660 					icl		'libsap.s'
  1661 				.endif
  1662
  1663 				;==========================================================================
  1664 				.ifndef STANDALONE
  1665 				.ifdef SYS5200
  1666 					opt	o+
  1667 				.else
  1668 					opt	h+o+
  1669 				.endif
  1670 				.endif
    28
    29 				.macro _MODULEADDRHI
    30 					dta >(mod_:1)
    31 				.endm	
    32
    33 				.macro _MODULEADDRLO
    34 					dta <(mod_:1)
    35 				.endm	
    36 					
    37 = 0000			.def ?module_count = 0
    38
    39 				.macro _MODULELABEL1
    40 					.def mod_:1 = *
    41 				.endm
    42
    43 				.macro _MODULELABEL
    44 					;workaround for annoying MADS bug where MACRO and REPT parameters don't nest properly
    45 					.rept :1+1
    46 					.if # == :1
    47 						_MODULELABEL1 #
    48 					.endif
    49 					.endr
    50 				.endm
    51
    52 				.macro _MODULE
    53 					_MODULELABEL ?module_count
    54 				
    55 					ins	:1
    56 					.def :?module_count = :?module_count + 1
    57 				.endm
    58
    59 453A				_MODULE 'mod_options.lzobx'
Macro: _MODULE [Source: cartridge.s]
     1 = 453A				.def mod_0 = *
     3 453A 01 FF FF 00 38 AD + 	ins	'mod_options.lzobx'
     4 = 0001				.def :?module_count = :?module_count + 1
Source: cartridge.s
    60 4699				_MODULE 'cpu_insn.lzobx'
Macro: _MODULE [Source: cartridge.s]
     1 = 4699				.def mod_1 = *
     3 4699 40 FF FF 80 00 96 + 	ins	'cpu_insn.lzobx'
     4 = 0002				.def :?module_count = :?module_count + 1
Source: cartridge.s
    61 582B				_MODULE 'cpu_flags.lzobx'
Macro: _MODULE [Source: cartridge.s]
     1 = 582B				.def mod_2 = *
     3 582B 01 FF FF 00 20 C2 + 	ins	'cpu_flags.lzobx'
     4 = 0003				.def :?module_count = :?module_count + 1
Source: cartridge.s
    62 58BB				_MODULE 'cpu_decimal.lzobx'
Macro: _MODULE [Source: cartridge.s]
     1 = 58BB				.def mod_3 = *
     3 58BB 00 FF FF 00 20 FE + 	ins	'cpu_decimal.lzobx'
     4 = 0004				.def :?module_count = :?module_count + 1
Source: cartridge.s
    63 5971				_MODULE 'cpu_timing.lzobx'
Macro: _MODULE [Source: cartridge.s]
     1 = 5971				.def mod_4 = *
     3 5971 00 FF FF 00 20 54 + 	ins	'cpu_timing.lzobx'
     4 = 0005				.def :?module_count = :?module_count + 1
Source: cartridge.s
    64 5AFD				_MODULE 'cpu_bugs.lzobx'
Macro: _MODULE [Source: cartridge.s]
     1 = 5AFD				.def mod_5 = *
     3 5AFD 10 FF FF 00 20 2E + 	ins	'cpu_bugs.lzobx'
     4 = 0006				.def :?module_count = :?module_count + 1
Source: cartridge.s
    65 5C61				_MODULE 'cpu_clisei.lzobx'
Macro: _MODULE [Source: cartridge.s]
     1 = 5C61				.def mod_6 = *
     3 5C61 00 FF FF 00 20 D0 + 	ins	'cpu_clisei.lzobx'
     4 = 0007				.def :?module_count = :?module_count + 1
Source: cartridge.s
    66 5DBC				_MODULE 'cpu_illegal.lzobx'
Macro: _MODULE [Source: cartridge.s]
     1 = 5DBC				.def mod_7 = *
     3 5DBC 06 FF FF 00 20 4D + 	ins	'cpu_illegal.lzobx'
     4 = 0008				.def :?module_count = :?module_count + 1
Source: cartridge.s
    67 6612				_MODULE 'antic_default.lzobx'
Macro: _MODULE [Source: cartridge.s]
     1 = 6612				.def mod_8 = *
     3 6612 01 FF FF 00 20 4D + 	ins	'antic_default.lzobx'
     4 = 0009				.def :?module_count = :?module_count + 1
Source: cartridge.s
    68 6662				_MODULE 'antic_nmist.lzobx'
Macro: _MODULE [Source: cartridge.s]
     1 = 6662				.def mod_9 = *
     3 6662 10 FF FF 00 20 94 + 	ins	'antic_nmist.lzobx'
     4 = 000A				.def :?module_count = :?module_count + 1
Source: cartridge.s
    69 69CB				_MODULE 'antic_hiresbug.lzobx'
Macro: _MODULE [Source: cartridge.s]
     1 = 69CB				.def mod_10 = *
     3 69CB 1B FF FF 00 20 11 + 	ins	'antic_hiresbug.lzobx'
     4 = 000B				.def :?module_count = :?module_count + 1
Source: cartridge.s
    70 6ABD				_MODULE 'antic_vcount.lzobx'
Macro: _MODULE [Source: cartridge.s]
     1 = 6ABD				.def mod_11 = *
     3 6ABD 3C FF FF 00 20 F2 + 	ins	'antic_vcount.lzobx'
     4 = 000C				.def :?module_count = :?module_count + 1
Source: cartridge.s
    71 6BBB				_MODULE 'antic_wsync.lzobx'
Macro: _MODULE [Source: cartridge.s]
     1 = 6BBB				.def mod_12 = *
     3 6BBB 0F FF FF 00 20 96 + 	ins	'antic_wsync.lzobx'
     4 = 000D				.def :?module_count = :?module_count + 1
Source: cartridge.s
    72 6CCF				_MODULE 'antic_addresswrap.lzobx'
Macro: _MODULE [Source: cartridge.s]
     1 = 6CCF				.def mod_13 = *
     3 6CCF 87 01 FF FF 00 20 + 	ins	'antic_addresswrap.lzobx'
     4 = 000E				.def :?module_count = :?module_count + 1
Source: cartridge.s
    73 6DF2				_MODULE 'antic_dlistwrap.lzobx'
Macro: _MODULE [Source: cartridge.s]
     1 = 6DF2				.def mod_14 = *
     3 6DF2 0B FF FF 00 20 77 + 	ins	'antic_dlistwrap.lzobx'
     4 = 000F				.def :?module_count = :?module_count + 1
Source: cartridge.s
    74 6F26				_MODULE 'antic_dlitiming.lzobx'
Macro: _MODULE [Source: cartridge.s]
     1 = 6F26				.def mod_15 = *
     3 6F26 01 FF FF 00 20 E5 + 	ins	'antic_dlitiming.lzobx'
     4 = 0010				.def :?module_count = :?module_count + 1
Source: cartridge.s
    75 70C9				_MODULE 'antic_addrmirror.lzobx'
Macro: _MODULE [Source: cartridge.s]
     1 = 70C9				.def mod_16 = *
     3 70C9 02 FF FF 00 20 3B + 	ins	'antic_addrmirror.lzobx'
     4 = 0011				.def :?module_count = :?module_count + 1
Source: cartridge.s
    76 71A4				_MODULE 'antic_pmdma.lzobx'
Macro: _MODULE [Source: cartridge.s]
     1 = 71A4				.def mod_17 = *
     3 71A4 06 FF FF 00 20 06 + 	ins	'antic_pmdma.lzobx'
     4 = 0012				.def :?module_count = :?module_count + 1
Source: cartridge.s
    77 7404				_MODULE 'antic_charcontrol.lzobx'
Macro: _MODULE [Source: cartridge.s]
     1 = 7404				.def mod_18 = *
     3 7404 00 FF FF 00 20 D1 + 	ins	'antic_charcontrol.lzobx'
     4 = 0013				.def :?module_count = :?module_count + 1
Source: cartridge.s
    78 7742				_MODULE 'antic_dmapattern.lzobx'
Macro: _MODULE [Source: cartridge.s]
     1 = 7742				.def mod_19 = *
     3 7742 81 03 FF FF 80 00 + 	ins	'antic_dmapattern.lzobx'
     4 = 0014				.def :?module_count = :?module_count + 1
Source: cartridge.s
    79 7B8F				_MODULE 'antic_blockednmi.lzobx'
Macro: _MODULE [Source: cartridge.s]
     1 = 7B8F				.def mod_20 = *
     3 7B8F 11 FF FF 00 20 5D + 	ins	'antic_blockednmi.lzobx'
     4 = 0015				.def :?module_count = :?module_count + 1
Source: cartridge.s
    80 7C95				_MODULE 'antic_hscrolbug.lzobx'
Macro: _MODULE [Source: cartridge.s]
     1 = 7C95				.def mod_21 = *
     3 7C95 04 FF FF 00 20 A4 + 	ins	'antic_hscrolbug.lzobx'
     4 = 0016				.def :?module_count = :?module_count + 1
Source: cartridge.s
    81 7E21				_MODULE 'antic_virtdma.lzobx'
Macro: _MODULE [Source: cartridge.s]
     1 = 7E21				.def mod_22 = *
     3 7E21 01 FF FF 00 20 B7 + 	ins	'antic_virtdma.lzobx'
     4 = 0017				.def :?module_count = :?module_count + 1
Source: cartridge.s
    82 7F6C				_MODULE 'antic_vscroll.lzobx'
Macro: _MODULE [Source: cartridge.s]
     1 = 7F6C				.def mod_23 = *
     3 7F6C 00 FF FF 00 20 D2 + 	ins	'antic_vscroll.lzobx'
     4 = 0018				.def :?module_count = :?module_count + 1
Source: cartridge.s
    83 805E				_MODULE 'antic_vscroldli.lzobx'
Macro: _MODULE [Source: cartridge.s]
     1 = 805E				.def mod_24 = *
     3 805E 04 FF FF 00 20 E5 + 	ins	'antic_vscroldli.lzobx'
     4 = 0019				.def :?module_count = :?module_count + 1
Source: cartridge.s
    84 8124				_MODULE 'antic_pfstarttiming.lzobx'
Macro: _MODULE [Source: cartridge.s]
     1 = 8124				.def mod_25 = *
     3 8124 00 FF FF 00 20 9C + 	ins	'antic_pfstarttiming.lzobx'
     4 = 001A				.def :?module_count = :?module_count + 1
Source: cartridge.s
    85 8326				_MODULE 'antic_pfstoptiming.lzobx'
Macro: _MODULE [Source: cartridge.s]
     1 = 8326				.def mod_26 = *
     3 8326 00 FF FF 00 20 FD + 	ins	'antic_pfstoptiming.lzobx'
     4 = 001B				.def :?module_count = :?module_count + 1
Source: cartridge.s
    86 853C				_MODULE 'antic_linebuffering.lzobx'
Macro: _MODULE [Source: cartridge.s]
     1 = 853C				.def mod_27 = *
     3 853C 03 FF FF 00 20 F9 + 	ins	'antic_linebuffering.lzobx'
     4 = 001C				.def :?module_count = :?module_count + 1
Source: cartridge.s
    87 8794				_MODULE 'pokey_default.lzobx'
Macro: _MODULE [Source: cartridge.s]
     1 = 8794				.def mod_28 = *
     3 8794 01 FF FF 00 20 4D + 	ins	'pokey_default.lzobx'
     4 = 001D				.def :?module_count = :?module_count + 1
Source: cartridge.s
    88 87E4				_MODULE 'pokey_noise.lzobx'
Macro: _MODULE [Source: cartridge.s]
     1 = 87E4				.def mod_29 = *
     3 87E4 11 FF FF 00 20 9C + 	ins	'pokey_noise.lzobx'
     4 = 001E				.def :?module_count = :?module_count + 1
Source: cartridge.s
    89 88DF				_MODULE 'pokey_irqtiming.lzobx'
Macro: _MODULE [Source: cartridge.s]
     1 = 88DF				.def mod_30 = *
     3 88DF 11 FF FF 00 20 04 + 	ins	'pokey_irqtiming.lzobx'
     4 = 001F				.def :?module_count = :?module_count + 1
Source: cartridge.s
    90 8A07				_MODULE 'pokey_timergranularity.lzobx'
Macro: _MODULE [Source: cartridge.s]
     1 = 8A07				.def mod_31 = *
     3 8A07 01 FF FF 00 20 B1 + 	ins	'pokey_timergranularity.lzobx'
     4 = 0020				.def :?module_count = :?module_count + 1
Source: cartridge.s
    91 8AC2				_MODULE 'pokey_twotone.lzobx'
Macro: _MODULE [Source: cartridge.s]
     1 = 8AC2				.def mod_32 = *
     3 8AC2 0F FF FF 00 20 6F + 	ins	'pokey_twotone.lzobx'
     4 = 0021				.def :?module_count = :?module_count + 1
Source: cartridge.s
    92 8BC4				_MODULE 'pokey_seroc.lzobx'
Macro: _MODULE [Source: cartridge.s]
     1 = 8BC4				.def mod_33 = *
     3 8BC4 00 FF FF 00 20 E9 + 	ins	'pokey_seroc.lzobx'
     4 = 0022				.def :?module_count = :?module_count + 1
Source: cartridge.s
    93 8C81				_MODULE 'pokey_timerirq.lzobx'
Macro: _MODULE [Source: cartridge.s]
     1 = 8C81				.def mod_34 = *
     3 8C81 1C FF FF 00 20 0B + 	ins	'pokey_timerirq.lzobx'
     4 = 0023				.def :?module_count = :?module_count + 1
Source: cartridge.s
    94 8D4F				_MODULE 'pokey_asyncrecv.lzobx'
Macro: _MODULE [Source: cartridge.s]
     1 = 8D4F				.def mod_35 = *
     3 8D4F 0C FF FF 00 20 E6 + 	ins	'pokey_asyncrecv.lzobx'
     4 = 0024				.def :?module_count = :?module_count + 1
Source: cartridge.s
    95 8EB2				_MODULE 'pokey_addrmirror.lzobx'
Macro: _MODULE [Source: cartridge.s]
     1 = 8EB2				.def mod_36 = *
     3 8EB2 1C FF FF 00 20 1E + 	ins	'pokey_addrmirror.lzobx'
     4 = 0025				.def :?module_count = :?module_count + 1
Source: cartridge.s
    96 8F83				_MODULE 'pokey_inittiming.lzobx'
Macro: _MODULE [Source: cartridge.s]
     1 = 8F83				.def mod_37 = *
     3 8F83 02 FF FF 00 20 4D + 	ins	'pokey_inittiming.lzobx'
     4 = 0026				.def :?module_count = :?module_count + 1
Source: cartridge.s
    97 9137				_MODULE 'gtia_default.lzobx'
Macro: _MODULE [Source: cartridge.s]
     1 = 9137				.def mod_38 = *
     3 9137 01 FF FF 00 20 47 + 	ins	'gtia_default.lzobx'
     4 = 0027				.def :?module_count = :?module_count + 1
Source: cartridge.s
    98 9181				_MODULE 'gtia_phantomdma.lzobx'
Macro: _MODULE [Source: cartridge.s]
     1 = 9181				.def mod_39 = *
     3 9181 0B FF FF 00 20 16 + 	ins	'gtia_phantomdma.lzobx'
     4 = 0028				.def :?module_count = :?module_count + 1
Source: cartridge.s
    99 92B8				_MODULE 'gtia_consol.lzobx'
Macro: _MODULE [Source: cartridge.s]
     1 = 92B8				.def mod_40 = *
     3 92B8 0C FF FF 00 20 D8 + 	ins	'gtia_consol.lzobx'
     4 = 0029				.def :?module_count = :?module_count + 1
Source: cartridge.s
   100 9350				_MODULE 'gtia_collision.lzobx'
Macro: _MODULE [Source: cartridge.s]
     1 = 9350				.def mod_41 = *
     3 9350 09 FF FF 00 20 96 + 	ins	'gtia_collision.lzobx'
     4 = 002A				.def :?module_count = :?module_count + 1
Source: cartridge.s
   101 95C5				_MODULE 'gtia_collision2.lzobx'
Macro: _MODULE [Source: cartridge.s]
     1 = 95C5				.def mod_42 = *
     3 95C5 0C FF FF 00 20 5A + 	ins	'gtia_collision2.lzobx'
     4 = 002B				.def :?module_count = :?module_count + 1
Source: cartridge.s
   102 984E				_MODULE 'gtia_pmretrigger.lzobx'
Macro: _MODULE [Source: cartridge.s]
     1 = 984E				.def mod_43 = *
     3 984E 1F FF FF 00 20 F2 + 	ins	'gtia_pmretrigger.lzobx'
     4 = 002C				.def :?module_count = :?module_count + 1
Source: cartridge.s
   103 997C				_MODULE 'gtia_pmresize.lzobx'
Macro: _MODULE [Source: cartridge.s]
     1 = 997C				.def mod_44 = *
     3 997C 10 FF FF 00 20 1C + 	ins	'gtia_pmresize.lzobx'
     4 = 002D				.def :?module_count = :?module_count + 1
Source: cartridge.s
   104 9BA5				_MODULE 'gtia_pmoverlap.lzobx'
Macro: _MODULE [Source: cartridge.s]
     1 = 9BA5				.def mod_45 = *
     3 9BA5 02 FF FF 00 20 CB + 	ins	'gtia_pmoverlap.lzobx'
     4 = 002E				.def :?module_count = :?module_count + 1
Source: cartridge.s
   105 9DFE				_MODULE 'gtia_psuedomodee.lzobx'
Macro: _MODULE [Source: cartridge.s]
     1 = 9DFE				.def mod_46 = *
     3 9DFE 06 FF FF 00 20 00 + 	ins	'gtia_psuedomodee.lzobx'
     4 = 002F				.def :?module_count = :?module_count + 1
Source: cartridge.s
   106 9EEF				_MODULE 'gtia_addrmirror.lzobx'
Macro: _MODULE [Source: cartridge.s]
     1 = 9EEF				.def mod_47 = *
     3 9EEF 01 FF FF 00 20 3E + 	ins	'gtia_addrmirror.lzobx'
     4 = 0030				.def :?module_count = :?module_count + 1
Source: cartridge.s
   107 9FC6			modules_end:
   108
   109 9FC6				icl		'menu.s'
Source: menu.s
     1 				; Altirra Acid800 test suite
     2 				; Copyright (C) 2010 Avery Lee, All Rights Reserved.
     3 				;
     4 				; Permission is hereby granted, free of charge, to any person obtaining a copy
     5 				; of this software and associated documentation files (the "Software"), to deal
     6 				; in the Software without restriction, including without limitation the rights
     7 				; to use, copy, modify, merge, publish, distribute, sublicense, and/or sell
     8 				; copies of the Software, and to permit persons to whom the Software is
     9 				; furnished to do so, subject to the following conditions:
    10 				;
    11 				; The above copyright notice and this permission notice shall be included in
    12 				; all copies or substantial portions of the Software.
    13 				;
    14 				; THE SOFTWARE IS PROVIDED "AS IS", WITHOUT WARRANTY OF ANY KIND, EXPRESS OR
    15 				; IMPLIED, INCLUDING BUT NOT LIMITED TO THE WARRANTIES OF MERCHANTABILITY,
    16 				; FITNESS FOR A PARTICULAR PURPOSE AND NONINFRINGEMENT. IN NO EVENT SHALL THE
    17 				; AUTHORS OR COPYRIGHT HOLDERS BE LIABLE FOR ANY CLAIM, DAMAGES OR OTHER
    18 				; LIABILITY, WHETHER IN AN ACTION OF CONTRACT, TORT OR OTHERWISE, ARISING FROM,
    19 				; OUT OF OR IN CONNECTION WITH THE SOFTWARE OR THE USE OR OTHER DEALINGS IN THE
    20 				; SOFTWARE. 
    21
    22 						.ifndef SYS5200
    23 						;in Acid5200, we are invoked from cartridge.s instead.
    24 						opt		h+o+
    25 						GENLIBRARY = 1
    26 						.endif
    27
    28 = 0000					MOD_OPTIONS = 0
    29 = 0001					MOD_DISPMIN = 1
    30
    31 				;==========================================================================
    32 				; options (also resets org. to $1800 for A8)
    33 				;
    34 9FC6					icl		'options.s'
Source: options.s
     1 				; Altirra Acid800 test suite
     2 				; Copyright (C) 2010-2011 Avery Lee, All Rights Reserved.
     3 				;
     4 				; Permission is hereby granted, free of charge, to any person obtaining a copy
     5 				; of this software and associated documentation files (the "Software"), to deal
     6 				; in the Software without restriction, including without limitation the rights
     7 				; to use, copy, modify, merge, publish, distribute, sublicense, and/or sell
     8 				; copies of the Software, and to permit persons to whom the Software is
     9 				; furnished to do so, subject to the following conditions:
    10 				;
    11 				; The above copyright notice and this permission notice shall be included in
    12 				; all copies or substantial portions of the Software.
    13 				;
    14 				; THE SOFTWARE IS PROVIDED "AS IS", WITHOUT WARRANTY OF ANY KIND, EXPRESS OR
    15 				; IMPLIED, INCLUDING BUT NOT LIMITED TO THE WARRANTIES OF MERCHANTABILITY,
    16 				; FITNESS FOR A PARTICULAR PURPOSE AND NONINFRINGEMENT. IN NO EVENT SHALL THE
    17 				; AUTHORS OR COPYRIGHT HOLDERS BE LIABLE FOR ANY CLAIM, DAMAGES OR OTHER
    18 				; LIABILITY, WHETHER IN AN ACTION OF CONTRACT, TORT OR OTHERWISE, ARISING FROM,
    19 				; OUT OF OR IN CONNECTION WITH THE SOFTWARE OR THE USE OR OTHER DEALINGS IN THE
    20 				; SOFTWARE. 
    21
    22
    23 				.ifndef SYS800
    24 = 9FC6				_savepc = *
    25 				.endif
    26
    27 				;note: library.s also has this address
    28 				.ifdef SYS5200
    29 						opt		o-f-
    30 9FC6					org		$02f0
    31 				.else
    32 						org		$1a00
    33 				.endif
    34
    35 02F0			testidx			dta		0
    36 02F1			passed			dta		0
    37 02F2			failed			dta		0
    38 02F3			skipped			dta		0
    39 02F4			opt_wait		dta		0
    40 02F5			opt_waitfail	dta		0
    41 02F6			opt_noillinsn	dta		0
    42
    43 				.ifndef SYS800
    44 02F7					org		_savepc
    45 				.endif
    46 						
    47 				.ifdef SYS5200
    48 				.ifdef GENLIBRARY
    49 						opt		o+f+
    50 				.else
    51 						opt		o+
    52 				.endif
    53 				.endif
    35
    36 				;==========================================================================
    37 				; main library
    38 				;
    39 						.ifdef SYS5200
    40 = 0001					TEST_FIRST = 1
    41 						.else
    42 						TEST_FIRST = 6
    43 						icl		'library.s'
    44 						.endif
    45
    46 				;==========================================================================
    47 				; 16K boot support (A8 only)
    48 						.ifdef SYS800
    49 						org		$2000
    50 				.proc _main
    51 						;initialize library
    52 						jsr		_crt0init
    53
    54 						;check if we have 16K of memory
    55 						lda		memtop+1
    56 						cmp		#$40
    57 						scc:jmp	main
    58 						
    59 						;OS-B has a dumb bug where its screen editor clears up to one page
    60 						;more than it should, so we install our own mini display module
    61 						;that doesn't have such bugs.
    62 						ldx		#MOD_DISPMIN
    63 						jsr		_loadSeg
    64 						jsr		_runSeg
    65
    66 						jmp		main
    67 				.endp
    68 						.endif
    69
    70 				;==========================================================================
    71 						.ifndef SYS5200
    72 						org		$1000
    73 						.endif
    74
    75 9FC6			.proc main
    76 9FC6			restart:
    77 9FC6 A9 00				lda		#0
    78 9FC8 8D F1 02				sta		passed
    79 9FCB 8D F2 02				sta		failed
    80 9FCE 8D F3 02				sta		skipped
    81 9FD1 A9 01				lda		#TEST_FIRST
    82 9FD3 8D F0 02				sta		testidx
    83
    84 						;print banner
    85 9FD6 20 EC A0				jsr		printBanner
    86 						
    87 						;do countdown
    88 9FD9 A9 00 8D 8E 02			mva		#0 ch
    89 						.ifndef SYS5200
    90 						mva		#0 ch1
    91 						.endif
    92 9FDE A9 05				lda		#5
    93 9FE0			waitloop:
    94 9FE0 48					pha
    95 9FE1 85 C9				sta		d1
    96 9FE3 20 59 41				jsr		_imprintf
    97 9FE6 50 72 65 73 73 20 + 		dta		c"Press key for options... %d",0
    98
    99 						;wait for a key for one second
   100 A002 A9 32				lda		#50
   101 A004 AE 14 C0				ldx		pal
   102 A007 E0 0F				cpx		#$0f
   103 A009 D0 02 A9 3C				sne:lda	#60
   104 A00D 18					clc
   105 						.ifdef SYS5200
   106 A00E 65 02				adc		rtclok+1
   107 						.else
   108 						adc		rtclok+2
   109 						.endif
   110 A010			waitloop2:
   111 A010 AE 8E 02				ldx		ch
   112 A013 F0 33				beq		nokey
   113 						
   114 A015 A9 00 8D 8E 02			mva		#0 ch
   115 						
   116 A01A 20 46 41				jsr		_imprint
   117 A01D 9C 4C 6F 61 64 69 + 		dta		$9c,c"Loading option module...",$9b,0
   118 						
   119 A038 A2 00				ldx		#MOD_OPTIONS
   120 A03A 20 D6 43				jsr		_loadSeg
   121 						
   122 A03D 20 46 41				jsr		_imprint
   123 A040 9C 00				dta		$9c,0
   124 						
   125 A042 20 DA 43				jsr		_runSeg
   126 A045 4C 57 A0				jmp		starttests
   127 						
   128 A048			nokey:
   129 						.ifdef SYS5200
   130 A048 C5 02				cmp		rtclok+1
   131 						.else
   132 						cmp		rtclok+2
   133 						.endif
   134 A04A D0 C4				bne		waitloop2
   135
   136 A04C 20 46 41				jsr		_imprint
   137 A04F 9C 00				dta		$9c,0
   138 					
   139 						;next second
   140 A051 68					pla
   141 A052 38					sec
   142 A053 E9 01				sbc		#1
   143 A055 D0 89				bne		waitloop
   144 						
   145 A057			starttests:
   146 						.ifndef SYS5200
   147 						;check if a button is down
   148 						lda		consol
   149 						and		#7
   150 						cmp		#7
   151 						beq		buttonsup
   152 						
   153 						jsr		_imprint
   154 						dta		c"Waiting for console buttons to release.",$9b,$9b,0
   155
   156 				waitbtns:
   157 						lda		consol
   158 						and		#7
   159 						cmp		#7
   160 						bne		waitbtns
   161 						
   162 				buttonsup:
   163 						.endif
   164
   165 A057			testloop:
   166 A057 AE F0 02				ldx		testidx
   167 A05A EE F0 02				inc		testidx
   168 A05D A9 BB 8D 86 02 A9 + 		mwa		#testnext _exitTest
   169 A067 20 E2 A1				jsr		runtest
   170 A06A AD F1 02 85 C9			mva		passed d1
   171 A06F AD F2 02 85 CA			mva		failed d2
   172 A074 AD F3 02 85 CB			mva		skipped d3
   173 A079 20 59 41				jsr		_imprintf
   174 A07C 41 6C 6C 20 74 65 + 		dta		c"All tests complete.",$9B
   175 A090 50 61 73 73 65 64 + 		dta		c"Passed: %d  Failed: %d  Skipped: %d",$9B,0
   176 						
   177 A0B5 20 03 41				jsr		_waitKeyPrompt
   178 A0B8 4C C6 9F				jmp		restart
   179
   180 A0BB			testnext:
   181 A0BB 10 11				bpl		notfail
   182 						
   183 						;test was failed
   184 A0BD AD F4 02				lda		opt_wait
   185 A0C0 0D F5 02				ora		opt_waitfail
   186 A0C3 10 03 20 03 41			spl:jsr	_waitKeyPrompt
   187
   188 A0C8 EE F2 02				inc		failed
   189 A0CB 4C 57 A0				jmp		testloop
   190 A0CE			notfail:
   191 A0CE F0 0E				beq		waspass
   192 						
   193 						;test was skipped
   194 A0D0 AD F4 02				lda		opt_wait
   195 A0D3 10 03 20 03 41			spl:jsr	_waitKeyPrompt
   196 						
   197 A0D8 EE F3 02				inc		skipped
   198 A0DB 4C 57 A0				jmp		testloop
   199 						
   200 A0DE			waspass:
   201 						;test was passed
   202 A0DE AD F4 02				lda		opt_wait
   203 A0E1 10 03 20 03 41			spl:jsr	_waitKeyPrompt
   204 						
   205 A0E6 EE F1 02				inc		passed
   206 A0E9 4C 57 A0				jmp		testloop
   207 				.endp
   208
   209 A0EC			.proc	printBanner
   210 A0EC 20 46 41				jsr		_imprint
   211 A0EF 7D					dta		$7d
   212 						.ifdef SYS5200
   213 A0F0 41 6C 74 69 72 72 + 		dta		c"Altirra Acid5200 test, V1.2",$9B
   214 						.else
   215 						dta		c"Altirra Acid800 test, V1.2",$9B
   216 						.endif
   217 A10C 43 6F 70 79 72 69 + 		dta		c"Copyright (C) 2010-2022 Avery Lee.",$9B
   218 A12F 41 6C 6C 20 52 69 + 		dta		c"All Rights Reserved.",$9B,$9B,0
   219
   220 						.ifdef SYS5200
   221 A146 A9 FF 85 C9 A9 3F + 		mwa		#$3FFF d1
   222 						.else
   223 						mwa		memtop d1
   224 						.endif
   225 						
   226 A14E AD 8B 02				lda		_cpuMode
   227 A151 0A					asl
   228 A152 AD 8B 02				lda		_cpuMode
   229 A155 2A					rol
   230
   231 A156 AA					tax
   232 A157 BD B9 A1 85 CB			mva		cpu_lo_tab,x d3
   233 A15C BD BD A1 85 CC			mva		cpu_hi_tab,x d3+1
   234 						
   235 A161 20 59 41				jsr		_imprintf
   236 A164 48 49 4D 45 4D 3A + 		dta		c"HIMEM: $%X  CPU: %s",$9B,0
   237 						
   238 						;checksum the ROM and report it
   239 				.ifdef SYS5200
   240 A179 A9 F0 85 C1 A9 00 + 		mwa		#$f0 a0+1
   241 				.else
   242 						mwa		#$d8 a0+1
   243 				.endif
   244 A181 A0 00				ldy		#0
   245 A183 84 C0				sty		a0
   246 A185 84 C9				sty		d1
   247 A187 84 CA				sty		d2
   248 A189 18					clc
   249 A18A			chk_loop:
   250 A18A A5 C9				lda		d1
   251 A18C 71 C0				adc		(a0),y
   252 A18E 85 C9				sta		d1
   253 A190 C8					iny
   254 A191 A5 CA				lda		d2
   255 A193 71 C0				adc		(a0),y
   256 A195 85 CA				sta		d2
   257 A197 C8					iny
   258 A198 D0 F0				bne		chk_loop
   259 A19A E6 C1				inc		a0+1
   260 A19C D0 EC				bne		chk_loop
   261 						
   262 A19E 20 59 41				jsr		_imprintf
   263 A1A1 4F 53 20 72 6F 6D + 		dta		c"OS rom checksum: $%X",$9B,$9B,0
   264 						
   265 A1B8 60					rts
   266 						
   267 A1B9			cpu_lo_tab:
   268 A1B9 C1					dta		<(str6502)
   269 A1BA CC					dta		<(str65C816_16)
   270 A1BB C6					dta		<(str65C02)
   271 A1BC D7					dta		<(str65C816_24)
   272
   273 A1BD			cpu_hi_tab:
   274 A1BD A1					dta		>(str6502)
   275 A1BE A1					dta		>(str65C816_16)
   276 A1BF A1					dta		>(str65C02)
   277 A1C0 A1					dta		>(str65C816_24)
   278
   279 A1C1			str6502:
   280 A1C1 36 35 30 32 00			dta		c"6502",0
   281 A1C6			str65C02:
   282 A1C6 36 35 43 30 32 00			dta		c"65C02",0
   283 A1CC			str65C816_16:
   284 A1CC 36 35 43 38 31 36 + 		dta		c"65C816[16]",0
   285 A1D7			str65C816_24:
   286 A1D7 36 35 43 38 31 36 + 		dta		c"65C816[24]",0
   287 				.endp
   288
   289 				;==========================================================================
   290 				; Run a test.
   291
   292 				; X = test index
   293 A1E2			.proc	runtest
   294 						;check if this test exists
   295 A1E2 BD 01 BF				lda		segaddrlo+1,x
   296 A1E5 1D 81 BF				ora		segaddrhi+1,x
   297 A1E8 D0 01				bne		testOK
   298 A1EA 60					rts	
   299 A1EB			testOK:
   300 A1EB 8A					txa
   301 A1EC 48					pha
   302 A1ED 38 E9 00				sub		#TEST_FIRST-1
   303 A1F0 85 C9				sta		d1
   304 A1F2 A5 C0				lda		a0
   305 A1F4 48					pha
   306 A1F5 A5 C1				lda		a0+1
   307 A1F7 48					pha
   308 A1F8 20 59 41				jsr		_imprintf
   309 A1FB 4C 6F 61 64 69 6E + 		dta		c"Loading test %d",0
   310 A20B 68					pla
   311 A20C 85 C1				sta		a0+1
   312 A20E 68					pla
   313 A20F 85 C0				sta		a0
   314 								
   315 						;store return stack ptr
   316 A211 BA					tsx
   317 A212 E8					inx
   318 A213 E8					inx
   319 A214 8D 88 02				sta		_exitTestS
   320 						
   321 						;load segment
   322 A217 68					pla
   323 A218 AA					tax
   324 A219 20 D6 43				jsr		_loadSeg
   325 						
   326 						;clear loading message
   327 A21C 20 46 41				jsr		_imprint
   328 A21F 9C 00				dta		$9c,0
   329 						
   330 						;run segment
   331 A221 4C DA 43				jmp		_runSeg
   332 				.endp
   333
   334 						.ifndef SYS5200
   335 						run		_main
   336 						.endif
   110 A224				icl		'display5200.s'
Source: display5200.s
     1 				; Altirra Acid800 test suite
     2 				; Copyright (C) 2010 Avery Lee, All Rights Reserved.
     3 				;
     4 				; Permission is hereby granted, free of charge, to any person obtaining a copy
     5 				; of this software and associated documentation files (the "Software"), to deal
     6 				; in the Software without restriction, including without limitation the rights
     7 				; to use, copy, modify, merge, publish, distribute, sublicense, and/or sell
     8 				; copies of the Software, and to permit persons to whom the Software is
     9 				; furnished to do so, subject to the following conditions:
    10 				;
    11 				; The above copyright notice and this permission notice shall be included in
    12 				; all copies or substantial portions of the Software.
    13 				;
    14 				; THE SOFTWARE IS PROVIDED "AS IS", WITHOUT WARRANTY OF ANY KIND, EXPRESS OR
    15 				; IMPLIED, INCLUDING BUT NOT LIMITED TO THE WARRANTIES OF MERCHANTABILITY,
    16 				; FITNESS FOR A PARTICULAR PURPOSE AND NONINFRINGEMENT. IN NO EVENT SHALL THE
    17 				; AUTHORS OR COPYRIGHT HOLDERS BE LIABLE FOR ANY CLAIM, DAMAGES OR OTHER
    18 				; LIABILITY, WHETHER IN AN ACTION OF CONTRACT, TORT OR OTHERWISE, ARISING FROM,
    19 				; OUT OF OR IN CONNECTION WITH THE SOFTWARE OR THE USE OR OTHER DEALINGS IN THE
    20 				; SOFTWARE. 
    21
    22 = A224			disp_savepc = *
    23
    24 						opt		o-f-
    25 A224					org		$20
    26 0020			_disp_row		dta		0
    27 0021			_disp_col		dta		0
    28 0022			_disp_rowptr	dta		a(0)
    29 0024			_disp_cha		dta		0
    30 						
    31 = 0300			_disp_dlist		equ		$0300
    32 = 0380			_disp_rowaddrlo	equ		$0380
    33 = 0398			_disp_rowaddrhi	equ		$0398
    34 						
    35 0025					org		disp_savepc
    36 						opt		o+f+
    37
    38 				;==========================================================================
    39 A224			.nowarn .proc _disp_init
    40 						;copy down initial rows to low memory
    41 A224 A2 2F				ldx		#47
    42 A226			copyloop1:
    43 A226 BD 97 A3 9D 80 03			mva		_disp_rowaddrinit,x _disp_rowaddrlo,x
    44 A22C CA					dex
    45 A22D 10 F7				bpl		copyloop1
    46
    47 						;clear screen memory
    48 A22F 20 80 A3				jsr		_disp_clearScreen
    49 						
    50 						;set up new display list
    51 A232 20 44 A3				jsr		_disp_rewriteDisplayList
    52 						
    53 						;setup colors
    54 A235 A9 CA 85 0D				mva		#$ca color1
    55 A239 A9 94 85 0E				mva		#$94 color2
    56 A23D A9 F8 8D 09 D4			mva		#$f8 chbase
    57 A242 A9 02 8D 01 D4			mva		#$02 chactl
    58 A247 A9 22 85 07				mva		#$22 sdmctl
    59 						
    60 						;swap in new display list and vector handlers
    61 A24B 78					sei
    62 A24C A9 00 85 05 A9 03 + 		mwa		#_disp_dlist sdlstl
    63 A254 58					cli
    64 						
    65 						;turn on NMIs
    66 A255 A9 40 8D 0E D4			mva		#$40 nmien
    67 						
    68 						;wait for vertical blank
    69 A25A 20 ED 40				jsr		_waitVBL
    70 						
    71 						;init params
    72 A25D A9 00 85 20				mva		#0 _disp_row
    73 A261 A9 02 85 21				mva		#2 _disp_col
    74 A265 20 19 A3				jsr		_disp_recompRowAddr
    75 						
    76 						;replace putchar vector
    77 A268 A9 73 8D 89 02 A9 + 		mwa		#_disp_putchar _vputchar
    78 A272 60					rts
    79 				.endp
    80
    81 				;==========================================================================
    82 A273			.proc	_disp_putchar
    83 A273 85 24				sta		_disp_cha
    84 A275 98					tya
    85 A276 48					pha
    86 						
    87 A277 20 3B A3				jsr		_disp_toggleCursor
    88 						
    89 A27A A5 24				lda		_disp_cha
    90 						
    91 						;check for newline
    92 A27C C9 9B				cmp		#$9b
    93 A27E F0 30				beq		newline
    94 						
    95 						;check for clear line
    96 A280 C9 9C				cmp		#$9c
    97 A282 F0 26				beq		isclearline
    98 						
    99 						;check for clear screen
   100 A284 C9 7D				cmp		#$7d
   101 A286 F0 11				beq		isclearscrn
   102
   103 						;draw raw character
   104 A288 20 26 A3				jsr		_disp_putraw
   105 						
   106 						;update position and exit
   107 A28B E6 21				inc		_disp_col
   108 A28D A5 21				lda		_disp_col
   109 A28F C9 27				cmp		#39
   110 A291 B0 1D				bcs		newline
   111 A293			alldone:
   112 A293 20 3B A3				jsr		_disp_toggleCursor
   113
   114 A296 68					pla
   115 A297 A8					tay
   116 A298 60					rts
   117 						
   118 A299			isclearscrn:
   119 A299 20 80 A3				jsr		_disp_clearScreen
   120 A29C A9 00 85 20				mva		#0 _disp_row
   121 A2A0 A9 02 85 21				mva		#2 _disp_col
   122 A2A4 20 19 A3				jsr		_disp_recompRowAddr
   123 A2A7 4C 93 A2				jmp		alldone
   124 				 
   125 A2AA			isclearline:
   126 A2AA 20 C9 A2				jsr		_disp_clearLine
   127 A2AD 4C 93 A2				jmp		alldone
   128 						
   129 A2B0			newline:
   130 						;reset X position
   131 A2B0 A9 02 85 21				mva		#2 _disp_col
   132 						
   133 						;increment Y position
   134 A2B4 E6 20				inc		_disp_row
   135 						
   136 						;check if we've gone over
   137 A2B6 A5 20				lda		_disp_row
   138 A2B8 C9 18				cmp		#24
   139 A2BA 90 07				bcc		noscroll
   140 						
   141 						;whoops... looks like we'll have to scroll
   142 A2BC A9 17 85 20				mva		#23 _disp_row
   143 A2C0 20 D9 A2				jsr		_disp_scroll
   144
   145 A2C3			noscroll:
   146 A2C3 20 19 A3				jsr		_disp_recompRowAddr
   147 A2C6 4C 93 A2				jmp		alldone
   148 				.endp
   149
   150 				;==========================================================================
   151 A2C9			.proc	_disp_clearLine
   152 A2C9 A9 00				lda		#0
   153 A2CB A0 28				ldy		#40
   154 A2CD			yloop:
   155 A2CD 91 22				sta		(_disp_rowptr),y
   156 A2CF 88					dey
   157 A2D0 10 FB				bpl		yloop
   158 						
   159 A2D2 A9 02 85 21				mva		#2 _disp_col
   160 						
   161 A2D6 4C 19 A3				jmp		_disp_recompRowAddr
   162 				.endp
   163
   164 				;==========================================================================
   165 A2D9			.proc	_disp_scroll
   166 						;rotate row lines
   167 A2D9 AD 80 03				lda		_disp_rowaddrlo
   168 A2DC 48					pha
   169 A2DD AD 98 03				lda		_disp_rowaddrhi
   170 A2E0 48					pha
   171 						
   172 A2E1 A2 E9				ldx		#$e9
   173 A2E3			shiftloop:
   174 A2E3 BD 98 02				lda		_disp_rowaddrlo-$e8,x
   175 A2E6 9D 97 02				sta		_disp_rowaddrlo-$e9,x
   176 A2E9 BD B0 02				lda		_disp_rowaddrhi-$e8,x
   177 A2EC 9D AF 02				sta		_disp_rowaddrhi-$e9,x
   178 A2EF E8					inx
   179 A2F0 D0 F1				bne		shiftloop
   180 						
   181 A2F2 68					pla
   182 A2F3 8D AF 03				sta		_disp_rowaddrhi+23
   183 A2F6 68					pla
   184 A2F7 8D 97 03				sta		_disp_rowaddrlo+23
   185 						
   186 						;remake display list
   187 A2FA 20 44 A3				jsr		_disp_rewriteDisplayList
   188 						
   189 						;clear row 23
   190 A2FD AD AF 03 85 23			mva		_disp_rowaddrhi+23 _disp_rowptr+1
   191 A302 AD 97 03 85 22			mva		_disp_rowaddrlo+23 _disp_rowptr
   192 						
   193 A307 A9 00				lda		#0
   194 A309 A0 27				ldy		#39
   195 A30B			xloop:
   196 A30B 91 22				sta		(_disp_rowptr),y
   197 A30D 88					dey
   198 A30E 10 FB				bpl		xloop
   199 A310 E6 23				inc		_disp_rowptr+1
   200 						
   201 A312 A9 17 85 20				mva		#23 _disp_row
   202 A316 4C 19 A3				jmp		_disp_recompRowAddr
   203 				.endp
   204
   205 				;==========================================================================
   206 A319			.proc	_disp_recompRowAddr
   207 A319 A6 20				ldx		_disp_row
   208 A31B BD 80 03 85 22			mva		_disp_rowaddrlo,x _disp_rowptr
   209 A320 BD 98 03 85 23			mva		_disp_rowaddrhi,x _disp_rowptr+1
   210 A325 60					rts
   211 				.endp
   212
   213 				;==========================================================================
   214 A326			.proc	_disp_putraw
   215 						;convert to internal encoding
   216 A326 48					pha
   217 A327 2A					rol
   218 A328 2A					rol
   219 A329 2A					rol
   220 A32A 2A					rol
   221 A32B 29 03				and		#3
   222 A32D AA					tax
   223 A32E 68					pla
   224 A32F 5D 37 A3				eor		convtab,x
   225 						
   226 						;store character
   227 A332 A4 21				ldy		_disp_col
   228 A334 91 22				sta		(_disp_rowptr),y
   229
   230 						;all done
   231 A336 60					rts
   232 						
   233 A337			convtab:
   234 A337 40					dta		$40
   235 A338 20					dta		$20
   236 A339 60					dta		$60
   237 A33A 00					dta		$00
   238
   239 				.endp
   240 						
   241 				;==========================================================================
   242 A33B			.proc	_disp_toggleCursor
   243 A33B A4 21				ldy		_disp_col
   244 A33D B1 22				lda		(_disp_rowptr),y
   245 A33F 49 80				eor		#$80
   246 A341 91 22				sta		(_disp_rowptr),y
   247 A343 60					rts
   248 				.endp
   249
   250 				;=========================================================================
   251 A344			.proc	_disp_rewriteDisplayList
   252 A344 A9 00 85 22 A9 03 + 		mwa		#$0300 _disp_rowptr
   253 A34C A0 00				ldy		#0
   254 						
   255 						;24 blank lines
   256 A34E A9 70				lda		#$70
   257 A350 91 22 C8				sta:iny	(_disp_rowptr),y
   258 A353 91 22 C8				sta:iny	(_disp_rowptr),y
   259 A356 91 22 C8				sta:iny	(_disp_rowptr),y
   260 						
   261 						;24 LMS lines
   262 A359 A2 00				ldx		#0
   263 A35B			lineloop:
   264 A35B A9 42 91 22 C8			mva:iny	#$42				(_disp_rowptr),y
   265 A360 BD 80 03 91 22 C8			mva:iny	_disp_rowaddrlo,x	(_disp_rowptr),y
   266 A366 BD 98 03 91 22 C8			mva:iny	_disp_rowaddrhi,x	(_disp_rowptr),y
   267 A36C E8					inx
   268 A36D E0 18				cpx		#24
   269 A36F D0 EA				bne		lineloop
   270 						
   271 						;add wait for VBL insn
   272 A371 A9 41 91 22 C8			mva:iny	#$41		(_disp_rowptr),y
   273 A376 A9 00 91 22 C8			mva:iny	#<$0300		(_disp_rowptr),y
   274 A37B A9 03 91 22				mva		#>$0300		(_disp_rowptr),y
   275 A37F 60					rts		
   276 				.endp
   277
   278 				;=========================================================================
   279 A380			.proc	_disp_clearScreen
   280 A380 A9 04 85 23				mva		#$04 _disp_rowptr+1
   281 A384 A9 00 85 22				mva		#$00 _disp_rowptr
   282 A388 A2 04				ldx		#$04
   283 A38A			xloop:
   284 A38A A0 00				ldy		#0
   285 A38C			yloop:
   286 A38C 91 22				sta		(_disp_rowptr),y
   287 A38E C8					iny
   288 A38F D0 FB				bne		yloop
   289 A391 E6 23				inc		_disp_rowptr+1
   290 A393 CA					dex
   291 A394 D0 F4				bne		xloop
   292 A396 60					rts
   293 				.endp
   294
   295 				;=========================================================================	
   296 A397			_disp_rowaddrinit:
   297 A397 00 28 50 78 A0 C8 + 		:24 dta <($0400 + 40*#)
   298 A3AF 04 04 04 04 04 04 + 		:24 dta >($0400 + 40*#)
   111
   112 A3C7			.proc _boot
   113 A3C7 20 00 40			jsr		_crt0init
   114 A3CA 20 24 A2			jsr		_disp_init
   115 A3CD 58				cli
   116 A3CE 4C C6 9F			jmp		main
   117 				.endp
   118
   119 A3D1				org		segaddrlo
   120 BF00 3A 99 2B BB 71 FD + 	:?module_count _MODULEADDRLO #
   121 BF30 C6				dta		<modules_end
   122 BF31 00				dta		$00
   123
   124 BF32				org		segaddrhi
   125 BF80 45 46 58 58 59 5A + 	:?module_count _MODULEADDRHI #
   126 BFB0 9F				dta		>modules_end
   127 BFB1 00				dta		$00
   128
   129 BFB2				org		$bfe8
   130 BFE8 00 00 00 00 00 00 + 	dta		d"                    "
   131 BFFC 00 00 C7 A3			dta		$00,$00,a(_boot)
